Archive member included because of file (symbol)

/home/joaquin/Documentos/Embebidos/Repositorio/WSN-LSE/CMSISv2p00_LPC17xx/Debug/libCMSISv2p00_LPC17xx.a(lpc17xx_gpio.o)
                              ./src/main.o (GPIO_SetDir)
/home/joaquin/Documentos/Embebidos/Repositorio/WSN-LSE/CMSISv2p00_LPC17xx/Debug/libCMSISv2p00_LPC17xx.a(lpc17xx_pinsel.o)
                              ./src/cc2520.o (PINSEL_ConfigPin)
/home/joaquin/Documentos/Embebidos/Repositorio/WSN-LSE/CMSISv2p00_LPC17xx/Debug/libCMSISv2p00_LPC17xx.a(lpc17xx_ssp.o)
                              ./src/cc2520.o (SSP_Init)
/home/joaquin/Documentos/Embebidos/Repositorio/WSN-LSE/CMSISv2p00_LPC17xx/Debug/libCMSISv2p00_LPC17xx.a(system_LPC17xx.o)
                              ./src/cr_startup_lpc176x.o (SystemInit)
/home/joaquin/Documentos/Embebidos/Repositorio/WSN-LSE/CMSISv2p00_LPC17xx/Debug/libCMSISv2p00_LPC17xx.a(lpc17xx_clkpwr.o)
                              /home/joaquin/Documentos/Embebidos/Repositorio/WSN-LSE/CMSISv2p00_LPC17xx/Debug/libCMSISv2p00_LPC17xx.a(lpc17xx_ssp.o) (CLKPWR_GetPCLK)
/home/joaquin/Documentos/Embebidos/Repositorio/WSN-LSE/CMSISv2p00_LPC17xx/Debug/libCMSISv2p00_LPC17xx.a(lpc17xx_libcfg_default.o)
                              /home/joaquin/Documentos/Embebidos/Repositorio/WSN-LSE/CMSISv2p00_LPC17xx/Debug/libCMSISv2p00_LPC17xx.a(lpc17xx_ssp.o) (check_failed)
/home/joaquin/Documentos/Embebidos/Repositorio/WSN-LSE/CMSISv2p10_DSPLIB_CM3/lib/libCMSISv2p10_DSPLIB_CM3.a(arm_mat_inverse_f32.o)
                              ./src/movil.o (arm_mat_inverse_f32)
/home/joaquin/Documentos/Embebidos/Repositorio/WSN-LSE/CMSISv2p10_DSPLIB_CM3/lib/libCMSISv2p10_DSPLIB_CM3.a(arm_mat_mult_f32.o)
                              ./src/movil.o (arm_mat_mult_f32)
/home/joaquin/Documentos/Embebidos/Repositorio/WSN-LSE/CMSISv2p10_DSPLIB_CM3/lib/libCMSISv2p10_DSPLIB_CM3.a(arm_mat_trans_f32.o)
                              ./src/movil.o (arm_mat_trans_f32)
/usr/local/lpcxpresso_4.2.3_255/lpcxpresso/tools/bin/../lib/gcc/arm-none-eabi/4.5.1/thumb2/libgcc.a(_arm_addsubdf3.o)
                              ./src/rssi.o (__aeabi_dadd)
/usr/local/lpcxpresso_4.2.3_255/lpcxpresso/tools/bin/../lib/gcc/arm-none-eabi/4.5.1/thumb2/libgcc.a(_arm_muldivdf3.o)
                              ./src/rssi.o (__aeabi_dmul)
/usr/local/lpcxpresso_4.2.3_255/lpcxpresso/tools/bin/../lib/gcc/arm-none-eabi/4.5.1/thumb2/libgcc.a(_arm_truncdfsf2.o)
                              ./src/movil.o (__aeabi_d2f)
/usr/local/lpcxpresso_4.2.3_255/lpcxpresso/tools/bin/../lib/gcc/arm-none-eabi/4.5.1/thumb2/libgcc.a(_arm_addsubsf3.o)
                              ./src/movil.o (__aeabi_fsub)
/usr/local/lpcxpresso_4.2.3_255/lpcxpresso/tools/bin/../lib/gcc/arm-none-eabi/4.5.1/thumb2/libgcc.a(_arm_muldivsf3.o)
                              ./src/movil.o (__aeabi_fmul)
/usr/local/lpcxpresso_4.2.3_255/lpcxpresso/tools/bin/../lib/gcc/arm-none-eabi/4.5.1/thumb2/libgcc.a(_arm_cmpsf2.o)
                              /home/joaquin/Documentos/Embebidos/Repositorio/WSN-LSE/CMSISv2p10_DSPLIB_CM3/lib/libCMSISv2p10_DSPLIB_CM3.a(arm_mat_inverse_f32.o) (__aeabi_fcmpeq)
/usr/local/lpcxpresso_4.2.3_255/lpcxpresso/tools/bin/../lib/gcc/arm-none-eabi/4.5.1/thumb2/libgcc.a(_aeabi_uldivmod.o)
                              /home/joaquin/Documentos/Embebidos/Repositorio/WSN-LSE/CMSISv2p00_LPC17xx/Debug/libCMSISv2p00_LPC17xx.a(system_LPC17xx.o) (__aeabi_uldivmod)
/usr/local/lpcxpresso_4.2.3_255/lpcxpresso/tools/bin/../lib/gcc/arm-none-eabi/4.5.1/thumb2/libgcc.a(bpabi.o)
                              /usr/local/lpcxpresso_4.2.3_255/lpcxpresso/tools/bin/../lib/gcc/arm-none-eabi/4.5.1/thumb2/libgcc.a(_aeabi_uldivmod.o) (__gnu_uldivmod_helper)
/usr/local/lpcxpresso_4.2.3_255/lpcxpresso/tools/bin/../lib/gcc/arm-none-eabi/4.5.1/thumb2/libgcc.a(_dvmd_tls.o)
                              /usr/local/lpcxpresso_4.2.3_255/lpcxpresso/tools/bin/../lib/gcc/arm-none-eabi/4.5.1/thumb2/libgcc.a(_aeabi_uldivmod.o) (__aeabi_ldiv0)
/usr/local/lpcxpresso_4.2.3_255/lpcxpresso/tools/bin/../lib/gcc/arm-none-eabi/4.5.1/thumb2/libgcc.a(_divdi3.o)
                              /usr/local/lpcxpresso_4.2.3_255/lpcxpresso/tools/bin/../lib/gcc/arm-none-eabi/4.5.1/thumb2/libgcc.a(bpabi.o) (__divdi3)
/usr/local/lpcxpresso_4.2.3_255/lpcxpresso/tools/bin/../lib/gcc/arm-none-eabi/4.5.1/thumb2/libgcc.a(_udivdi3.o)
                              /usr/local/lpcxpresso_4.2.3_255/lpcxpresso/tools/bin/../lib/gcc/arm-none-eabi/4.5.1/thumb2/libgcc.a(bpabi.o) (__udivdi3)
/usr/local/lpcxpresso_4.2.3_255/lpcxpresso/tools/bin/../lib/gcc/arm-none-eabi/4.5.1/thumb2/libgcc.a(_udivsi3.o)
                              /usr/local/lpcxpresso_4.2.3_255/lpcxpresso/tools/bin/../lib/gcc/arm-none-eabi/4.5.1/thumb2/libgcc.a(_divdi3.o) (__aeabi_uidiv)
/usr/local/lpcxpresso_4.2.3_255/lpcxpresso/tools/bin/../lib/gcc/arm-none-eabi/4.5.1/../../../../arm-none-eabi/lib/thumb2/libc.a(lib_a-memcpy.o)
                              ./src/cc2520-mac.o (memcpy)
[...]
Memory Configuration

Name             Origin             Length             Attributes
MFlash512        0x00000000         0x00080000         xr
RamLoc32         0x10000000         0x00008000         xrw
RamAHB32         0x2007c000         0x00008000         xrw
*default*        0x00000000         0xffffffff

Linker script and memory map

LOAD ./src/cc2520-mac.o
LOAD ./src/cc2520.o
LOAD ./src/cr_startup_lpc176x.o
LOAD ./src/fijo.o
LOAD ./src/main.o
LOAD ./src/movil.o
LOAD ./src/rssi.o
LOAD /home/joaquin/Documentos/Embebidos/Repositorio/WSN-LSE/CMSISv2p00_LPC17xx/Debug/libCMSISv2p00_LPC17xx.a
LOAD /home/joaquin/Documentos/Embebidos/Repositorio/WSN-LSE/CMSISv2p10_DSPLIB_CM3/lib/libCMSISv2p10_DSPLIB_CM3.a
START GROUP
LOAD /usr/local/lpcxpresso_4.2.3_255/lpcxpresso/tools/bin/../lib/gcc/arm-none-eabi/4.5.1/thumb2/libgcc.a
LOAD /usr/local/lpcxpresso_4.2.3_255/lpcxpresso/tools/bin/../lib/gcc/arm-none-eabi/4.5.1/../../../../arm-none-eabi/lib/thumb2/libc.a
LOAD /usr/local/lpcxpresso_4.2.3_255/lpcxpresso/tools/bin/../lib/gcc/arm-none-eabi/4.5.1/../../../../arm-none-eabi/lib/thumb2/libm.a
LOAD /usr/local/lpcxpresso_4.2.3_255/lpcxpresso/tools/bin/../lib/gcc/arm-none-eabi/4.5.1/../../../../arm-none-eabi/lib/thumb2/libcr_newlib_semihost.a
END GROUP
                0x00080000                __top_MFlash512 = 0x80000
                0x10008000                __top_RamLoc32 = 0x10008000
                0x20084000                __top_RamAHB32 = 0x20084000

.text           0x00000000     0xc27c
 FILL mask 0xff
 *(.isr_vector)
 .isr_vector    0x00000000       0xcc ./src/cr_startup_lpc176x.o
                0x00000000                g_pfnVectors
                0x000000cc                . = ALIGN (0x4)
                0x000000cc                __section_table_start = .
                0x000000cc                __data_section_table = .
                0x000000cc        0x4 LONG 0xc284 LOADADDR (.data)
                0x000000d0        0x4 LONG 0x10000000 ADDR (.data)
                0x000000d4        0x4 LONG 0x58c SIZEOF (.data)
                0x000000d8        0x4 LONG 0xc284 LOADADDR (.data_RAM2)
                0x000000dc        0x4 LONG 0x2007c000 ADDR (.data_RAM2)
                0x000000e0        0x4 LONG 0x0 SIZEOF (.data_RAM2)
                0x000000e4                __data_section_table_end = .
                0x000000e4                __bss_section_table = .
                0x000000e4        0x4 LONG 0x1000058c ADDR (.bss)
                0x000000e8        0x4 LONG 0x7c SIZEOF (.bss)
                0x000000ec        0x4 LONG 0x2007c000 ADDR (.bss_RAM2)
                0x000000f0        0x4 LONG 0x0 SIZEOF (.bss_RAM2)
                0x000000f4                __bss_section_table_end = .
                0x000000f4                __section_table_end = .
 *(.after_vectors*)
 .after_vectors
                0x000000f4       0x78 ./src/cr_startup_lpc176x.o
                0x000000f4                NMI_Handler
                0x000000f6                HardFault_Handler
                0x000000f8                MemManage_Handler
                0x000000fa                BusFault_Handler
                0x000000fc                UsageFault_Handler
                0x000000fe                SVC_Handler
                0x00000100                DebugMon_Handler
                0x00000102                PendSV_Handler
                0x00000106                data_init
                0x00000118                bss_init
                0x00000128                ResetISR
                0x00000168                TIMER2_IRQHandler
                0x00000168                RIT_IRQHandler
                0x00000168                I2C0_IRQHandler
                0x00000168                USBActivity_IRQHandler
                0x00000168                PWM1_IRQHandler
                0x00000168                I2C1_IRQHandler
                0x00000168                EINT2_IRQHandler
                0x00000168                UART1_IRQHandler
                0x00000168                EINT3_IRQHandler
                0x00000168                CANActivity_IRQHandler
                0x00000168                TIMER3_IRQHandler
                0x00000168                UART0_IRQHandler
                0x00000168                IntDefaultHandler
                0x00000168                PLL0_IRQHandler
                0x00000168                CAN_IRQHandler
                0x00000168                PLL1_IRQHandler
                0x00000168                SSP0_IRQHandler
                0x00000168                I2S_IRQHandler
                0x00000168                I2C2_IRQHandler
                0x00000168                RTC_IRQHandler
                0x00000168                TIMER0_IRQHandler
                0x00000168                SPI_IRQHandler
                0x00000168                EINT1_IRQHandler
                0x00000168                TIMER1_IRQHandler
                0x00000168                UART2_IRQHandler
                0x00000168                ADC_IRQHandler
                0x00000168                SSP1_IRQHandler
                0x00000168                USB_IRQHandler
                0x00000168                BOD_IRQHandler
                0x00000168                WDT_IRQHandler
                0x00000168                QEI_IRQHandler
                0x00000168                EINT0_IRQHandler
                0x00000168                DMA_IRQHandler
                0x00000168                UART3_IRQHandler
                0x00000168                MCPWM_IRQHandler
                0x00000168                ENET_IRQHandler
 *(.text*)
 .text.memorycpy
                0x0000016c       0x40 ./src/cc2520-mac.o
                0x0000016c                memorycpy
 .text.ccSetLocalShortAddr
                0x000001ac       0x2c ./src/cc2520-mac.o
                0x000001ac                ccSetLocalShortAddr
 .text.ccSetLocalPANID
                0x000001d8       0x2c ./src/cc2520-mac.o
                0x000001d8                ccSetLocalPANID
 .text.ccSetLocalExtAddr
                0x00000204       0x28 ./src/cc2520-mac.o
                0x00000204                ccSetLocalExtAddr
 .text.ccFrameRx
                0x0000022c      0x364 ./src/cc2520-mac.o
                0x0000022c                ccFrameRx
 .text.ccCmd    0x00000590      0x478 ./src/cc2520.o
                0x00000590                ccCmd
 .text.ccRegRd  0x00000a08       0x50 ./src/cc2520.o
                0x00000a08                ccRegRd
 .text.ccRegWr  0x00000a58       0x50 ./src/cc2520.o
                0x00000a58                ccRegWr
 .text.ccConfig
                0x00000aa8      0x144 ./src/cc2520.o
                0x00000aa8                ccConfig
 .text.ccInit   0x00000bec      0x194 ./src/cc2520.o
                0x00000bec                ccInit
 .text.NVIC_SetPriority
                0x00000d80       0x5c ./src/main.o
 .text.SysTick_Config
                0x00000ddc       0x64 ./src/main.o
 .text.SysTick_Handler
                0x00000e40       0x6c ./src/main.o
                0x00000e40                SysTick_Handler
 .text.pausems  0x00000eac       0x30 ./src/main.o
                0x00000eac                pausems
 .text.main     0x00000edc       0x90 ./src/main.o
                0x00000edc                main
 .text.arm_sqrt_f32
                0x00000f6c       0x58 ./src/movil.o
 .text.rutina_movil
                0x00000fc4      0x384 ./src/movil.o
                0x00000fc4                rutina_movil
 .text.trilateracion
                0x00001348      0x500 ./src/movil.o
                0x00001348                trilateracion
 .text.dist2d   0x00001848       0x80 ./src/movil.o
                0x00001848                dist2d
 .text.RSSI_to_dist_2
                0x000018c8       0x80 ./src/rssi.o
                0x000018c8                RSSI_to_dist_2
 .text.promediar
                0x00001948       0x7c ./src/rssi.o
                0x00001948                promediar
 .text.GPIO_GetPointer
                0x000019c4       0x14 /home/joaquin/Documentos/Embebidos/Repositorio/WSN-LSE/CMSISv2p00_LPC17xx/Debug/libCMSISv2p00_LPC17xx.a(lpc17xx_gpio.o)
 .text.GPIO_SetDir
                0x000019d8       0x20 /home/joaquin/Documentos/Embebidos/Repositorio/WSN-LSE/CMSISv2p00_LPC17xx/Debug/libCMSISv2p00_LPC17xx.a(lpc17xx_gpio.o)
                0x000019d8                GPIO_SetDir
 .text.GPIO_SetValue
                0x000019f8        0xe /home/joaquin/Documentos/Embebidos/Repositorio/WSN-LSE/CMSISv2p00_LPC17xx/Debug/libCMSISv2p00_LPC17xx.a(lpc17xx_gpio.o)
                0x000019f8                GPIO_SetValue
 .text.GPIO_ClearValue
                0x00001a06        0xe /home/joaquin/Documentos/Embebidos/Repositorio/WSN-LSE/CMSISv2p00_LPC17xx/Debug/libCMSISv2p00_LPC17xx.a(lpc17xx_gpio.o)
                0x00001a06                GPIO_ClearValue
 .text.PINSEL_ConfigPin
                0x00001a14       0x94 /home/joaquin/Documentos/Embebidos/Repositorio/WSN-LSE/CMSISv2p00_LPC17xx/Debug/libCMSISv2p00_LPC17xx.a(lpc17xx_pinsel.o)
                0x00001a14                PINSEL_ConfigPin
 .text.SSP_Init
                0x00001aa8       0xcc /home/joaquin/Documentos/Embebidos/Repositorio/WSN-LSE/CMSISv2p00_LPC17xx/Debug/libCMSISv2p00_LPC17xx.a(lpc17xx_ssp.o)
                0x00001aa8                SSP_Init
 .text.SSP_GetDataSize
                0x00001b74       0x2c /home/joaquin/Documentos/Embebidos/Repositorio/WSN-LSE/CMSISv2p00_LPC17xx/Debug/libCMSISv2p00_LPC17xx.a(lpc17xx_ssp.o)
                0x00001b74                SSP_GetDataSize
 .text.SSP_Cmd  0x00001ba0       0x48 /home/joaquin/Documentos/Embebidos/Repositorio/WSN-LSE/CMSISv2p00_LPC17xx/Debug/libCMSISv2p00_LPC17xx.a(lpc17xx_ssp.o)
                0x00001ba0                SSP_Cmd
 .text.SSP_SendData
                0x00001be8       0x2c /home/joaquin/Documentos/Embebidos/Repositorio/WSN-LSE/CMSISv2p00_LPC17xx/Debug/libCMSISv2p00_LPC17xx.a(lpc17xx_ssp.o)
                0x00001be8                SSP_SendData
 .text.SSP_ReceiveData
                0x00001c14       0x2c /home/joaquin/Documentos/Embebidos/Repositorio/WSN-LSE/CMSISv2p00_LPC17xx/Debug/libCMSISv2p00_LPC17xx.a(lpc17xx_ssp.o)
                0x00001c14                SSP_ReceiveData
 .text.SSP_ReadWrite
                0x00001c40      0x1b2 /home/joaquin/Documentos/Embebidos/Repositorio/WSN-LSE/CMSISv2p00_LPC17xx/Debug/libCMSISv2p00_LPC17xx.a(lpc17xx_ssp.o)
                0x00001c40                SSP_ReadWrite
 *fill*         0x00001df2        0x2 00
 .text.SystemInit
                0x00001df4       0xe4 /home/joaquin/Documentos/Embebidos/Repositorio/WSN-LSE/CMSISv2p00_LPC17xx/Debug/libCMSISv2p00_LPC17xx.a(system_LPC17xx.o)
                0x00001df4                SystemInit
 .text.CLKPWR_GetPCLKSEL
                0x00001ed8       0x20 /home/joaquin/Documentos/Embebidos/Repositorio/WSN-LSE/CMSISv2p00_LPC17xx/Debug/libCMSISv2p00_LPC17xx.a(lpc17xx_clkpwr.o)
                0x00001ed8                CLKPWR_GetPCLKSEL
 .text.CLKPWR_GetPCLK
                0x00001ef8       0x20 /home/joaquin/Documentos/Embebidos/Repositorio/WSN-LSE/CMSISv2p00_LPC17xx/Debug/libCMSISv2p00_LPC17xx.a(lpc17xx_clkpwr.o)
                0x00001ef8                CLKPWR_GetPCLK
 .text.CLKPWR_ConfigPPWR
                0x00001f18       0x38 /home/joaquin/Documentos/Embebidos/Repositorio/WSN-LSE/CMSISv2p00_LPC17xx/Debug/libCMSISv2p00_LPC17xx.a(lpc17xx_clkpwr.o)
                0x00001f18                CLKPWR_ConfigPPWR
 .text.check_failed
                0x00001f50        0x2 /home/joaquin/Documentos/Embebidos/Repositorio/WSN-LSE/CMSISv2p00_LPC17xx/Debug/libCMSISv2p00_LPC17xx.a(lpc17xx_libcfg_default.o)
                0x00001f50                check_failed
 *fill*         0x00001f52        0x2 00
 .text.arm_mat_inverse_f32
                0x00001f54      0x658 /home/joaquin/Documentos/Embebidos/Repositorio/WSN-LSE/CMSISv2p10_DSPLIB_CM3/lib/libCMSISv2p10_DSPLIB_CM3.a(arm_mat_inverse_f32.o)
                0x00001f54                arm_mat_inverse_f32
 .text.arm_mat_mult_f32
                0x000025ac      0x318 /home/joaquin/Documentos/Embebidos/Repositorio/WSN-LSE/CMSISv2p10_DSPLIB_CM3/lib/libCMSISv2p10_DSPLIB_CM3.a(arm_mat_mult_f32.o)
                0x000025ac                arm_mat_mult_f32
 .text.arm_mat_trans_f32
                0x000028c4      0x254 /home/joaquin/Documentos/Embebidos/Repositorio/WSN-LSE/CMSISv2p10_DSPLIB_CM3/lib/libCMSISv2p10_DSPLIB_CM3.a(arm_mat_trans_f32.o)
                0x000028c4                arm_mat_trans_f32
 .text          0x00002b18      0x370 /usr/local/lpcxpresso_4.2.3_255/lpcxpresso/tools/bin/../lib/gcc/arm-none-eabi/4.5.1/thumb2/libgcc.a(_arm_addsubdf3.o)
                0x00002b18                __aeabi_drsub
                0x00002b20                __aeabi_dsub
                0x00002b20                __subdf3
                0x00002b24                __adddf3
                0x00002b24                __aeabi_dadd
                0x00002d9c                __aeabi_ui2d
                0x00002d9c                __floatunsidf
                0x00002dbc                __floatsidf
                0x00002dbc                __aeabi_i2d
                0x00002de0                __extendsfdf2
                0x00002de0                __aeabi_f2d
                0x00002e1c                __aeabi_ul2d
                0x00002e1c                __floatundidf
                0x00002e2c                __floatdidf
                0x00002e2c                __aeabi_l2d
 .text          0x00002e88      0x424 /usr/local/lpcxpresso_4.2.3_255/lpcxpresso/tools/bin/../lib/gcc/arm-none-eabi/4.5.1/thumb2/libgcc.a(_arm_muldivdf3.o)
                0x00002e88                __aeabi_dmul
                0x00002e88                __muldf3
                0x000030dc                __aeabi_ddiv
                0x000030dc                __divdf3
 .text          0x000032ac       0xa0 /usr/local/lpcxpresso_4.2.3_255/lpcxpresso/tools/bin/../lib/gcc/arm-none-eabi/4.5.1/thumb2/libgcc.a(_arm_truncdfsf2.o)
                0x000032ac                __aeabi_d2f
                0x000032ac                __truncdfsf2
 .text          0x0000334c      0x21c /usr/local/lpcxpresso_4.2.3_255/lpcxpresso/tools/bin/../lib/gcc/arm-none-eabi/4.5.1/thumb2/libgcc.a(_arm_addsubsf3.o)
                0x0000334c                __aeabi_frsub
                0x00003354                __subsf3
                0x00003354                __aeabi_fsub
                0x00003358                __aeabi_fadd
                0x00003358                __addsf3
                0x000034b8                __aeabi_ui2f
                0x000034b8                __floatunsisf
                0x000034c0                __aeabi_i2f
                0x000034c0                __floatsisf
                0x000034dc                __floatundisf
                0x000034dc                __aeabi_ul2f
                0x000034ec                __floatdisf
                0x000034ec                __aeabi_l2f
 .text          0x00003568      0x2a0 /usr/local/lpcxpresso_4.2.3_255/lpcxpresso/tools/bin/../lib/gcc/arm-none-eabi/4.5.1/thumb2/libgcc.a(_arm_muldivsf3.o)
                0x00003568                __mulsf3
                0x00003568                __aeabi_fmul
                0x000036d0                __divsf3
                0x000036d0                __aeabi_fdiv
 .text          0x00003808       0xec /usr/local/lpcxpresso_4.2.3_255/lpcxpresso/tools/bin/../lib/gcc/arm-none-eabi/4.5.1/thumb2/libgcc.a(_arm_cmpsf2.o)
                0x00003808                __gtsf2
                0x00003808                __gesf2
                0x00003810                __lesf2
                0x00003810                __ltsf2
                0x00003818                __nesf2
                0x00003818                __eqsf2
                0x00003818                __cmpsf2
                0x00003878                __aeabi_cfrcmple
                0x00003880                __aeabi_cfcmple
                0x00003880                __aeabi_cfcmpeq
                0x00003890                __aeabi_fcmpeq
                0x000038a4                __aeabi_fcmplt
                0x000038b8                __aeabi_fcmple
                0x000038cc                __aeabi_fcmpge
                0x000038e0                __aeabi_fcmpgt
 .text          0x000038f4       0x2c /usr/local/lpcxpresso_4.2.3_255/lpcxpresso/tools/bin/../lib/gcc/arm-none-eabi/4.5.1/thumb2/libgcc.a(_aeabi_uldivmod.o)
                0x000038f4                __aeabi_uldivmod
 .text          0x00003920       0x60 /usr/local/lpcxpresso_4.2.3_255/lpcxpresso/tools/bin/../lib/gcc/arm-none-eabi/4.5.1/thumb2/libgcc.a(bpabi.o)
                0x00003920                __gnu_ldivmod_helper
                0x00003950                __gnu_uldivmod_helper
 .text          0x00003980        0x4 /usr/local/lpcxpresso_4.2.3_255/lpcxpresso/tools/bin/../lib/gcc/arm-none-eabi/4.5.1/thumb2/libgcc.a(_dvmd_tls.o)
                0x00003980                __aeabi_ldiv0
                0x00003980                __aeabi_idiv0
 .text          0x00003984      0x364 /usr/local/lpcxpresso_4.2.3_255/lpcxpresso/tools/bin/../lib/gcc/arm-none-eabi/4.5.1/thumb2/libgcc.a(_divdi3.o)
                0x00003984                __divdi3
 .text          0x00003ce8      0x314 /usr/local/lpcxpresso_4.2.3_255/lpcxpresso/tools/bin/../lib/gcc/arm-none-eabi/4.5.1/thumb2/libgcc.a(_udivdi3.o)
                0x00003ce8                __udivdi3
 *fill*         0x00003ffc        0x4 00
 .text          0x00004000      0x278 /usr/local/lpcxpresso_4.2.3_255/lpcxpresso/tools/bin/../lib/gcc/arm-none-eabi/4.5.1/thumb2/libgcc.a(_udivsi3.o)
                0x00004000                __udivsi3
                0x00004000                __aeabi_uidiv
                0x0000425c                __aeabi_uidivmod
 .text          0x00004278      0x150 /usr/local/lpcxpresso_4.2.3_255/lpcxpresso/tools/bin/../lib/gcc/arm-none-eabi/4.5.1/../../../../arm-none-eabi/lib/thumb2/libc.a(lib_a-memcpy.o)
                0x00004278                memcpy
 .text          0x000043c8       0x64 /usr/local/lpcxpresso_4.2.3_255/lpcxpresso/tools/bin/../lib/gcc/arm-none-eabi/4.5.1/../../../../arm-none-eabi/lib/thumb2/libc.a(lib_a-printf.o)
                0x000043c8                _printf_r
                0x000043f4                printf
 .text          0x0000442c     0x1998 /usr/local/lpcxpresso_4.2.3_255/lpcxpresso/tools/bin/../lib/gcc/arm-none-eabi/4.5.1/../../../../arm-none-eabi/lib/thumb2/libc.a(lib_a-vfprintf.o)
                0x0000442c                _vfprintf_r
                0x00005da8                vfprintf
 .text          0x00005dc4      0x104 /usr/local/lpcxpresso_4.2.3_255/lpcxpresso/tools/bin/../lib/gcc/arm-none-eabi/4.5.1/../../../../arm-none-eabi/lib/thumb2/libc.a(lib_a-wsetup.o)
                0x00005dc4                __swsetup_r
 .text          0x00005ec8     0x1000 /usr/local/lpcxpresso_4.2.3_255/lpcxpresso/tools/bin/../lib/gcc/arm-none-eabi/4.5.1/../../../../arm-none-eabi/lib/thumb2/libc.a(lib_a-dtoa.o)
                0x00005ff4                _dtoa_r
 .text          0x00006ec8      0x1f4 /usr/local/lpcxpresso_4.2.3_255/lpcxpresso/tools/bin/../lib/gcc/arm-none-eabi/4.5.1/../../../../arm-none-eabi/lib/thumb2/libc.a(lib_a-fflush.o)
                0x00006ec8                _fflush_r
                0x00007094                fflush
 .text          0x000070bc      0x220 /usr/local/lpcxpresso_4.2.3_255/lpcxpresso/tools/bin/../lib/gcc/arm-none-eabi/4.5.1/../../../../arm-none-eabi/lib/thumb2/libc.a(lib_a-findfp.o)
                0x000070c4                _cleanup_r
                0x000070d0                __sfmoreglue
                0x00007100                _cleanup
                0x0000710c                __sinit
                0x00007214                __sfp
                0x0000729c                __sfp_lock_acquire
                0x000072a0                __sfp_lock_release
                0x000072a4                __sinit_lock_acquire
                0x000072a8                __sinit_lock_release
                0x000072ac                __fp_lock_all
                0x000072c4                __fp_unlock_all
 .text          0x000072dc      0x240 /usr/local/lpcxpresso_4.2.3_255/lpcxpresso/tools/bin/../lib/gcc/arm-none-eabi/4.5.1/../../../../arm-none-eabi/lib/thumb2/libc.a(lib_a-freer.o)
                0x000072dc                _malloc_trim_r
                0x00007384                _free_r
 .text          0x0000751c       0xa0 /usr/local/lpcxpresso_4.2.3_255/lpcxpresso/tools/bin/../lib/gcc/arm-none-eabi/4.5.1/../../../../arm-none-eabi/lib/thumb2/libc.a(lib_a-fwalk.o)
                0x0000751c                _fwalk
                0x00007568                _fwalk_reent
 .text          0x000075bc       0xa0 /usr/local/lpcxpresso_4.2.3_255/lpcxpresso/tools/bin/../lib/gcc/arm-none-eabi/4.5.1/../../../../arm-none-eabi/lib/thumb2/libc.a(lib_a-locale.o)
                0x000075bc                _setlocale_r
                0x00007618                __locale_charset
                0x00007624                __locale_mb_cur_max
                0x00007630                __locale_msgcharset
                0x00007638                __locale_cjk_lang
                0x0000763c                _localeconv_r
                0x00007644                setlocale
                0x00007654                localeconv
 .text          0x0000765c       0xec /usr/local/lpcxpresso_4.2.3_255/lpcxpresso/tools/bin/../lib/gcc/arm-none-eabi/4.5.1/../../../../arm-none-eabi/lib/thumb2/libc.a(lib_a-makebuf.o)
                0x0000765c                __smakebuf_r
 .text          0x00007748       0x20 /usr/local/lpcxpresso_4.2.3_255/lpcxpresso/tools/bin/../lib/gcc/arm-none-eabi/4.5.1/../../../../arm-none-eabi/lib/thumb2/libc.a(lib_a-malloc.o)
                0x00007748                malloc
                0x00007758                free
 .text          0x00007768      0x57c /usr/local/lpcxpresso_4.2.3_255/lpcxpresso/tools/bin/../lib/gcc/arm-none-eabi/4.5.1/../../../../arm-none-eabi/lib/thumb2/libc.a(lib_a-mallocr.o)
                0x00007768                _malloc_r
 .text          0x00007ce4       0x88 /usr/local/lpcxpresso_4.2.3_255/lpcxpresso/tools/bin/../lib/gcc/arm-none-eabi/4.5.1/../../../../arm-none-eabi/lib/thumb2/libc.a(lib_a-memchr.o)
                0x00007ce4                memchr
 .text          0x00007d6c       0xb4 /usr/local/lpcxpresso_4.2.3_255/lpcxpresso/tools/bin/../lib/gcc/arm-none-eabi/4.5.1/../../../../arm-none-eabi/lib/thumb2/libc.a(lib_a-memset.o)
                0x00007d6c                memset
 .text          0x00007e20        0x8 /usr/local/lpcxpresso_4.2.3_255/lpcxpresso/tools/bin/../lib/gcc/arm-none-eabi/4.5.1/../../../../arm-none-eabi/lib/thumb2/libc.a(lib_a-mlock.o)
                0x00007e20                __malloc_lock
                0x00007e24                __malloc_unlock
 .text          0x00007e28      0x920 /usr/local/lpcxpresso_4.2.3_255/lpcxpresso/tools/bin/../lib/gcc/arm-none-eabi/4.5.1/../../../../arm-none-eabi/lib/thumb2/libc.a(lib_a-mprec.o)
                0x00007e28                _Balloc
                0x00007e90                _Bfree
                0x00007ec8                __multadd
                0x00007f4c                __s2b
                0x00007fe0                __hi0bits
                0x00008020                __lo0bits
                0x00008084                __i2b
                0x00008098                __multiply
                0x000081c0                __pow5mult
                0x00008264                __lshift
                0x00008310                __mcmp
                0x0000834c                __mdiff
                0x00008444                __ulp
                0x0000848c                __b2d
                0x00008538                __d2b
                0x00008600                __ratio
                0x00008670                _mprec_log10
                0x000086a4                __copybits
                0x000086ec                __any_on
 .text          0x00008748       0x90 /usr/local/lpcxpresso_4.2.3_255/lpcxpresso/tools/bin/../lib/gcc/arm-none-eabi/4.5.1/../../../../arm-none-eabi/lib/thumb2/libc.a(lib_a-s_fpclassify.o)
                0x00008748                __fpclassifyd
 .text          0x000087d8       0x28 /usr/local/lpcxpresso_4.2.3_255/lpcxpresso/tools/bin/../lib/gcc/arm-none-eabi/4.5.1/../../../../arm-none-eabi/lib/thumb2/libc.a(lib_a-sbrkr.o)
                0x000087d8                _sbrk_r
 .text          0x00008800       0x94 /usr/local/lpcxpresso_4.2.3_255/lpcxpresso/tools/bin/../lib/gcc/arm-none-eabi/4.5.1/../../../../arm-none-eabi/lib/thumb2/libc.a(lib_a-stdio.o)
                0x00008800                __sread
                0x00008824                __seofread
                0x00008828                __swrite
                0x00008864                __sseek
                0x0000888c                __sclose
 .text          0x00008894      0x1dc /usr/local/lpcxpresso_4.2.3_255/lpcxpresso/tools/bin/../lib/gcc/arm-none-eabi/4.5.1/../../../../arm-none-eabi/lib/thumb2/libc.a(lib_a-strcmp.o)
                0x00008894                strcmp
 .text          0x00008a70       0x60 /usr/local/lpcxpresso_4.2.3_255/lpcxpresso/tools/bin/../lib/gcc/arm-none-eabi/4.5.1/../../../../arm-none-eabi/lib/thumb2/libc.a(lib_a-strlen.o)
                0x00008a70                strlen
 .text          0x00008ad0      0xdc0 /usr/local/lpcxpresso_4.2.3_255/lpcxpresso/tools/bin/../lib/gcc/arm-none-eabi/4.5.1/../../../../arm-none-eabi/lib/thumb2/libc.a(lib_a-vfiprintf.o)
                0x00008ad0                __sprint_r
                0x00008b54                _vfiprintf_r
                0x00009874                vfiprintf
 .text          0x00009890       0x2c /usr/local/lpcxpresso_4.2.3_255/lpcxpresso/tools/bin/../lib/gcc/arm-none-eabi/4.5.1/../../../../arm-none-eabi/lib/thumb2/libc.a(lib_a-writer.o)
                0x00009890                _write_r
 .text          0x000098bc       0x5c /usr/local/lpcxpresso_4.2.3_255/lpcxpresso/tools/bin/../lib/gcc/arm-none-eabi/4.5.1/../../../../arm-none-eabi/lib/thumb2/libc.a(lib_a-callocr.o)
                0x000098bc                _calloc_r
 .text          0x00009918       0x28 /usr/local/lpcxpresso_4.2.3_255/lpcxpresso/tools/bin/../lib/gcc/arm-none-eabi/4.5.1/../../../../arm-none-eabi/lib/thumb2/libc.a(lib_a-closer.o)
                0x00009918                _close_r
 .text          0x00009940       0xc4 /usr/local/lpcxpresso_4.2.3_255/lpcxpresso/tools/bin/../lib/gcc/arm-none-eabi/4.5.1/../../../../arm-none-eabi/lib/thumb2/libc.a(lib_a-fclose.o)
                0x00009940                _fclose_r
                0x000099f4                fclose
 .text          0x00009a04      0x140 /usr/local/lpcxpresso_4.2.3_255/lpcxpresso/tools/bin/../lib/gcc/arm-none-eabi/4.5.1/../../../../arm-none-eabi/lib/thumb2/libc.a(lib_a-fputwc.o)
                0x00009a04                _fputwc_r
                0x00009aec                fputwc
 .text          0x00009b44       0x2c /usr/local/lpcxpresso_4.2.3_255/lpcxpresso/tools/bin/../lib/gcc/arm-none-eabi/4.5.1/../../../../arm-none-eabi/lib/thumb2/libc.a(lib_a-fstatr.o)
                0x00009b44                _fstat_r
 .text          0x00009b70      0x338 /usr/local/lpcxpresso_4.2.3_255/lpcxpresso/tools/bin/../lib/gcc/arm-none-eabi/4.5.1/../../../../arm-none-eabi/lib/thumb2/libc.a(lib_a-fvwrite.o)
                0x00009b70                __sfvwrite_r
 .text          0x00009ea8       0x28 /usr/local/lpcxpresso_4.2.3_255/lpcxpresso/tools/bin/../lib/gcc/arm-none-eabi/4.5.1/../../../../arm-none-eabi/lib/thumb2/libc.a(lib_a-isattyr.o)
                0x00009ea8                _isatty_r
 .text          0x00009ed0       0x2c /usr/local/lpcxpresso_4.2.3_255/lpcxpresso/tools/bin/../lib/gcc/arm-none-eabi/4.5.1/../../../../arm-none-eabi/lib/thumb2/libc.a(lib_a-lseekr.o)
                0x00009ed0                _lseek_r
 .text          0x00009efc       0xa0 /usr/local/lpcxpresso_4.2.3_255/lpcxpresso/tools/bin/../lib/gcc/arm-none-eabi/4.5.1/../../../../arm-none-eabi/lib/thumb2/libc.a(lib_a-memmove.o)
                0x00009efc                memmove
 .text          0x00009f9c       0x2c /usr/local/lpcxpresso_4.2.3_255/lpcxpresso/tools/bin/../lib/gcc/arm-none-eabi/4.5.1/../../../../arm-none-eabi/lib/thumb2/libc.a(lib_a-readr.o)
                0x00009f9c                _read_r
 .text          0x00009fc8      0x41c /usr/local/lpcxpresso_4.2.3_255/lpcxpresso/tools/bin/../lib/gcc/arm-none-eabi/4.5.1/../../../../arm-none-eabi/lib/thumb2/libc.a(lib_a-reallocr.o)
                0x00009fc8                _realloc_r
 .text          0x0000a3e4       0xfc /usr/local/lpcxpresso_4.2.3_255/lpcxpresso/tools/bin/../lib/gcc/arm-none-eabi/4.5.1/../../../../arm-none-eabi/lib/thumb2/libc.a(lib_a-wbuf.o)
                0x0000a3e4                __swbuf_r
                0x0000a4d0                __swbuf
 .text          0x0000a4e0       0xd0 /usr/local/lpcxpresso_4.2.3_255/lpcxpresso/tools/bin/../lib/gcc/arm-none-eabi/4.5.1/../../../../arm-none-eabi/lib/thumb2/libc.a(lib_a-wcrtomb.o)
                0x0000a4e0                _wcrtomb_r
                0x0000a53c                wcrtomb
 .text          0x0000a5b0       0x4c /usr/local/lpcxpresso_4.2.3_255/lpcxpresso/tools/bin/../lib/gcc/arm-none-eabi/4.5.1/../../../../arm-none-eabi/lib/thumb2/libc.a(lib_a-wctomb_r.o)
                0x0000a5b0                __ascii_wctomb
                0x0000a5cc                _wctomb_r
 .text          0x0000a5fc      0x348 /usr/local/lpcxpresso_4.2.3_255/lpcxpresso/tools/bin/../lib/gcc/arm-none-eabi/4.5.1/../../../../arm-none-eabi/lib/thumb2/libm.a(lib_a-w_pow.o)
                0x0000a5fc                pow
 .text          0x0000a944       0xa4 /usr/local/lpcxpresso_4.2.3_255/lpcxpresso/tools/bin/../lib/gcc/arm-none-eabi/4.5.1/../../../../arm-none-eabi/lib/thumb2/libm.a(lib_a-wf_sqrt.o)
                0x0000a944                sqrtf
 .text          0x0000a9e8      0xb48 /usr/local/lpcxpresso_4.2.3_255/lpcxpresso/tools/bin/../lib/gcc/arm-none-eabi/4.5.1/../../../../arm-none-eabi/lib/thumb2/libm.a(lib_a-e_pow.o)
                0x0000a9e8                __ieee754_pow
 .text          0x0000b530      0x1c0 /usr/local/lpcxpresso_4.2.3_255/lpcxpresso/tools/bin/../lib/gcc/arm-none-eabi/4.5.1/../../../../arm-none-eabi/lib/thumb2/libm.a(lib_a-e_sqrt.o)
                0x0000b530                __ieee754_sqrt
 .text          0x0000b6f0       0xb0 /usr/local/lpcxpresso_4.2.3_255/lpcxpresso/tools/bin/../lib/gcc/arm-none-eabi/4.5.1/../../../../arm-none-eabi/lib/thumb2/libm.a(lib_a-ef_sqrt.o)
                0x0000b6f0                __ieee754_sqrtf
 .text          0x0000b7a0        0x8 /usr/local/lpcxpresso_4.2.3_255/lpcxpresso/tools/bin/../lib/gcc/arm-none-eabi/4.5.1/../../../../arm-none-eabi/lib/thumb2/libm.a(lib_a-s_fabs.o)
                0x0000b7a0                fabs
 .text          0x0000b7a8       0x10 /usr/local/lpcxpresso_4.2.3_255/lpcxpresso/tools/bin/../lib/gcc/arm-none-eabi/4.5.1/../../../../arm-none-eabi/lib/thumb2/libm.a(lib_a-s_finite.o)
                0x0000b7a8                finite
 .text          0x0000b7b8        0x4 /usr/local/lpcxpresso_4.2.3_255/lpcxpresso/tools/bin/../lib/gcc/arm-none-eabi/4.5.1/../../../../arm-none-eabi/lib/thumb2/libm.a(lib_a-s_matherr.o)
                0x0000b7b8                matherr
 .text          0x0000b7bc        0xc /usr/local/lpcxpresso_4.2.3_255/lpcxpresso/tools/bin/../lib/gcc/arm-none-eabi/4.5.1/../../../../arm-none-eabi/lib/thumb2/libm.a(lib_a-s_nan.o)
                0x0000b7bc                nan
 .text          0x0000b7c8      0x140 /usr/local/lpcxpresso_4.2.3_255/lpcxpresso/tools/bin/../lib/gcc/arm-none-eabi/4.5.1/../../../../arm-none-eabi/lib/thumb2/libm.a(lib_a-s_rint.o)
                0x0000b7c8                rint
 .text          0x0000b908      0x108 /usr/local/lpcxpresso_4.2.3_255/lpcxpresso/tools/bin/../lib/gcc/arm-none-eabi/4.5.1/../../../../arm-none-eabi/lib/thumb2/libm.a(lib_a-s_scalbn.o)
                0x0000b908                scalbn
 .text          0x0000ba10       0x7c /usr/local/lpcxpresso_4.2.3_255/lpcxpresso/tools/bin/../lib/gcc/arm-none-eabi/4.5.1/../../../../arm-none-eabi/lib/thumb2/libm.a(lib_a-sf_fpclassify.o)
                0x0000ba10                __fpclassifyf
 .text          0x0000ba8c       0x14 /usr/local/lpcxpresso_4.2.3_255/lpcxpresso/tools/bin/../lib/gcc/arm-none-eabi/4.5.1/../../../../arm-none-eabi/lib/thumb2/libm.a(lib_a-s_copysign.o)
                0x0000ba8c                copysign
 .text._sbrk    0x0000baa0       0x3c /usr/local/lpcxpresso_4.2.3_255/lpcxpresso/tools/bin/../lib/gcc/arm-none-eabi/4.5.1/../../../../arm-none-eabi/lib/thumb2/libcr_newlib_semihost.a(_cr_sbrk.o)
                0x0000baa0                _sbrk
 .text.do_AngelSWI
                0x0000badc       0x12 /usr/local/lpcxpresso_4.2.3_255/lpcxpresso/tools/bin/../lib/gcc/arm-none-eabi/4.5.1/../../../../arm-none-eabi/lib/thumb2/libcr_newlib_semihost.a(syscalls.o)
 *fill*         0x0000baee        0x2 00
 .text.initialise_monitor_handles
                0x0000baf0       0x9c /usr/local/lpcxpresso_4.2.3_255/lpcxpresso/tools/bin/../lib/gcc/arm-none-eabi/4.5.1/../../../../arm-none-eabi/lib/thumb2/libcr_newlib_semihost.a(syscalls.o)
 .text.findslot
                0x0000bb8c       0x2c /usr/local/lpcxpresso_4.2.3_255/lpcxpresso/tools/bin/../lib/gcc/arm-none-eabi/4.5.1/../../../../arm-none-eabi/lib/thumb2/libcr_newlib_semihost.a(syscalls.o)
 .text.error    0x0000bbb8       0x18 /usr/local/lpcxpresso_4.2.3_255/lpcxpresso/tools/bin/../lib/gcc/arm-none-eabi/4.5.1/../../../../arm-none-eabi/lib/thumb2/libcr_newlib_semihost.a(syscalls.o)
 .text.checkerror
                0x0000bbd0        0xc /usr/local/lpcxpresso_4.2.3_255/lpcxpresso/tools/bin/../lib/gcc/arm-none-eabi/4.5.1/../../../../arm-none-eabi/lib/thumb2/libcr_newlib_semihost.a(syscalls.o)
 .text._swiread
                0x0000bbdc       0x18 /usr/local/lpcxpresso_4.2.3_255/lpcxpresso/tools/bin/../lib/gcc/arm-none-eabi/4.5.1/../../../../arm-none-eabi/lib/thumb2/libcr_newlib_semihost.a(syscalls.o)
                0x0000bbdc                _swiread
 .text._read    0x0000bbf4       0x36 /usr/local/lpcxpresso_4.2.3_255/lpcxpresso/tools/bin/../lib/gcc/arm-none-eabi/4.5.1/../../../../arm-none-eabi/lib/thumb2/libcr_newlib_semihost.a(syscalls.o)
                0x0000bbf4                _read
 .text._swilseek
                0x0000bc2a       0x76 /usr/local/lpcxpresso_4.2.3_255/lpcxpresso/tools/bin/../lib/gcc/arm-none-eabi/4.5.1/../../../../arm-none-eabi/lib/thumb2/libcr_newlib_semihost.a(syscalls.o)
                0x0000bc2a                _swilseek
 .text._lseek   0x0000bca0        0x4 /usr/local/lpcxpresso_4.2.3_255/lpcxpresso/tools/bin/../lib/gcc/arm-none-eabi/4.5.1/../../../../arm-none-eabi/lib/thumb2/libcr_newlib_semihost.a(syscalls.o)
                0x0000bca0                _lseek
 .text._swiwrite
                0x0000bca4       0x18 /usr/local/lpcxpresso_4.2.3_255/lpcxpresso/tools/bin/../lib/gcc/arm-none-eabi/4.5.1/../../../../arm-none-eabi/lib/thumb2/libcr_newlib_semihost.a(syscalls.o)
                0x0000bca4                _swiwrite
 .text._write   0x0000bcbc       0x46 /usr/local/lpcxpresso_4.2.3_255/lpcxpresso/tools/bin/../lib/gcc/arm-none-eabi/4.5.1/../../../../arm-none-eabi/lib/thumb2/libcr_newlib_semihost.a(syscalls.o)
                0x0000bcbc                _write
 .text._swiclose
                0x0000bd02       0x14 /usr/local/lpcxpresso_4.2.3_255/lpcxpresso/tools/bin/../lib/gcc/arm-none-eabi/4.5.1/../../../../arm-none-eabi/lib/thumb2/libcr_newlib_semihost.a(syscalls.o)
                0x0000bd02                _swiclose
 *fill*         0x0000bd16        0x2 00
 .text._close   0x0000bd18       0x48 /usr/local/lpcxpresso_4.2.3_255/lpcxpresso/tools/bin/../lib/gcc/arm-none-eabi/4.5.1/../../../../arm-none-eabi/lib/thumb2/libcr_newlib_semihost.a(syscalls.o)
                0x0000bd18                _close
 .text._swistat
                0x0000bd60       0x3e /usr/local/lpcxpresso_4.2.3_255/lpcxpresso/tools/bin/../lib/gcc/arm-none-eabi/4.5.1/../../../../arm-none-eabi/lib/thumb2/libcr_newlib_semihost.a(syscalls.o)
                0x0000bd60                _swistat
 .text._fstat   0x0000bd9e       0x1c /usr/local/lpcxpresso_4.2.3_255/lpcxpresso/tools/bin/../lib/gcc/arm-none-eabi/4.5.1/../../../../arm-none-eabi/lib/thumb2/libcr_newlib_semihost.a(syscalls.o)
                0x0000bd9e                _fstat
 .text._isatty  0x0000bdba       0x26 /usr/local/lpcxpresso_4.2.3_255/lpcxpresso/tools/bin/../lib/gcc/arm-none-eabi/4.5.1/../../../../arm-none-eabi/lib/thumb2/libcr_newlib_semihost.a(syscalls.o)
                0x0000bdba                _isatty
 .text.__check_heap_overflow
                0x0000bde0       0x2c /usr/local/lpcxpresso_4.2.3_255/lpcxpresso/tools/bin/../lib/gcc/arm-none-eabi/4.5.1/../../../../arm-none-eabi/lib/thumb2/libcr_newlib_semihost.a(_cr_check_heap.o)
                0x0000bde0                __check_heap_overflow
 .text          0x0000be0c      0x110 /usr/local/lpcxpresso_4.2.3_255/lpcxpresso/tools/bin/../lib/gcc/arm-none-eabi/4.5.1/thumb2/libgcc.a(_arm_cmpdf2.o)
                0x0000be0c                __gtdf2
                0x0000be0c                __gedf2
                0x0000be14                __ltdf2
                0x0000be14                __ledf2
                0x0000be1c                __cmpdf2
                0x0000be1c                __eqdf2
                0x0000be1c                __nedf2
                0x0000be98                __aeabi_cdrcmple
                0x0000bea8                __aeabi_cdcmple
                0x0000bea8                __aeabi_cdcmpeq
                0x0000beb8                __aeabi_dcmpeq
                0x0000becc                __aeabi_dcmplt
                0x0000bee0                __aeabi_dcmple
                0x0000bef4                __aeabi_dcmpge
                0x0000bf08                __aeabi_dcmpgt
 .text          0x0000bf1c       0x50 /usr/local/lpcxpresso_4.2.3_255/lpcxpresso/tools/bin/../lib/gcc/arm-none-eabi/4.5.1/thumb2/libgcc.a(_arm_fixdfsi.o)
                0x0000bf1c                __fixdfsi
                0x0000bf1c                __aeabi_d2iz
 .text          0x0000bf6c        0xc /usr/local/lpcxpresso_4.2.3_255/lpcxpresso/tools/bin/../lib/gcc/arm-none-eabi/4.5.1/../../../../arm-none-eabi/lib/thumb2/libc.a(lib_a-errno.o)
                0x0000bf6c                __errno
 *(.rodata .rodata.*)
 .rodata        0x0000bf78       0x54 ./src/movil.o
 .rodata.CSWTCH.6
                0x0000bfcc       0x14 /home/joaquin/Documentos/Embebidos/Repositorio/WSN-LSE/CMSISv2p00_LPC17xx/Debug/libCMSISv2p00_LPC17xx.a(lpc17xx_gpio.o)
 .rodata.str1.1
                0x0000bfe0       0x15 /home/joaquin/Documentos/Embebidos/Repositorio/WSN-LSE/CMSISv2p00_LPC17xx/Debug/libCMSISv2p00_LPC17xx.a(lpc17xx_ssp.o)
 *fill*         0x0000bff5        0x3 00
 .rodata        0x0000bff8       0x20 /usr/local/lpcxpresso_4.2.3_255/lpcxpresso/tools/bin/../lib/gcc/arm-none-eabi/4.5.1/../../../../arm-none-eabi/lib/thumb2/libc.a(lib_a-vfprintf.o)
 .rodata.str1.4
                0x0000c018       0x42 /usr/local/lpcxpresso_4.2.3_255/lpcxpresso/tools/bin/../lib/gcc/arm-none-eabi/4.5.1/../../../../arm-none-eabi/lib/thumb2/libc.a(lib_a-vfprintf.o)
                                 0x44 (size before relaxing)
 *fill*         0x0000c05a        0x2 00
 .rodata.str1.4
                0x0000c05c       0x10 /usr/local/lpcxpresso_4.2.3_255/lpcxpresso/tools/bin/../lib/gcc/arm-none-eabi/4.5.1/../../../../arm-none-eabi/lib/thumb2/libc.a(lib_a-dtoa.o)
                                 0x14 (size before relaxing)
 .rodata        0x0000c06c       0x60 /usr/local/lpcxpresso_4.2.3_255/lpcxpresso/tools/bin/../lib/gcc/arm-none-eabi/4.5.1/../../../../arm-none-eabi/lib/thumb2/libc.a(lib_a-findfp.o)
                0x0000c06c                __sf_fake_stdin
                0x0000c08c                __sf_fake_stdout
                0x0000c0ac                __sf_fake_stderr
 .rodata        0x0000c0cc        0x4 /usr/local/lpcxpresso_4.2.3_255/lpcxpresso/tools/bin/../lib/gcc/arm-none-eabi/4.5.1/../../../../arm-none-eabi/lib/thumb2/libc.a(lib_a-impure.o)
                0x0000c0cc                _global_impure_ptr
 .rodata.str1.4
                0x0000c0d0        0x2 /usr/local/lpcxpresso_4.2.3_255/lpcxpresso/tools/bin/../lib/gcc/arm-none-eabi/4.5.1/../../../../arm-none-eabi/lib/thumb2/libc.a(lib_a-impure.o)
                                  0x4 (size before relaxing)
 *fill*         0x0000c0d2        0x2 00
 .rodata.str1.4
                0x0000c0d4        0xa /usr/local/lpcxpresso_4.2.3_255/lpcxpresso/tools/bin/../lib/gcc/arm-none-eabi/4.5.1/../../../../arm-none-eabi/lib/thumb2/libc.a(lib_a-locale.o)
                                 0x14 (size before relaxing)
 *fill*         0x0000c0de        0x2 00
 .rodata        0x0000c0e0      0x128 /usr/local/lpcxpresso_4.2.3_255/lpcxpresso/tools/bin/../lib/gcc/arm-none-eabi/4.5.1/../../../../arm-none-eabi/lib/thumb2/libc.a(lib_a-mprec.o)
                0x0000c0f0                __mprec_tens
                0x0000c1b8                __mprec_bigtens
                0x0000c1e0                __mprec_tinytens
 .rodata        0x0000c208       0x20 /usr/local/lpcxpresso_4.2.3_255/lpcxpresso/tools/bin/../lib/gcc/arm-none-eabi/4.5.1/../../../../arm-none-eabi/lib/thumb2/libc.a(lib_a-vfiprintf.o)
 .rodata.str1.4
                0x00000000       0x30 /usr/local/lpcxpresso_4.2.3_255/lpcxpresso/tools/bin/../lib/gcc/arm-none-eabi/4.5.1/../../../../arm-none-eabi/lib/thumb2/libc.a(lib_a-vfiprintf.o)
 .rodata.str1.4
                0x0000c228        0x4 /usr/local/lpcxpresso_4.2.3_255/lpcxpresso/tools/bin/../lib/gcc/arm-none-eabi/4.5.1/../../../../arm-none-eabi/lib/thumb2/libm.a(lib_a-w_pow.o)
 .rodata.str1.4
                0x0000c22c        0x8 /usr/local/lpcxpresso_4.2.3_255/lpcxpresso/tools/bin/../lib/gcc/arm-none-eabi/4.5.1/../../../../arm-none-eabi/lib/thumb2/libm.a(lib_a-wf_sqrt.o)
 *fill*         0x0000c234        0x4 00
 .rodata        0x0000c238       0x30 /usr/local/lpcxpresso_4.2.3_255/lpcxpresso/tools/bin/../lib/gcc/arm-none-eabi/4.5.1/../../../../arm-none-eabi/lib/thumb2/libm.a(lib_a-e_pow.o)
 .rodata.str1.4
                0x00000000        0x4 /usr/local/lpcxpresso_4.2.3_255/lpcxpresso/tools/bin/../lib/gcc/arm-none-eabi/4.5.1/../../../../arm-none-eabi/lib/thumb2/libm.a(lib_a-e_pow.o)
 .rodata        0x0000c268       0x10 /usr/local/lpcxpresso_4.2.3_255/lpcxpresso/tools/bin/../lib/gcc/arm-none-eabi/4.5.1/../../../../arm-none-eabi/lib/thumb2/libm.a(lib_a-s_rint.o)
 .rodata.str1.1
                0x0000c278        0x4 /usr/local/lpcxpresso_4.2.3_255/lpcxpresso/tools/bin/../lib/gcc/arm-none-eabi/4.5.1/../../../../arm-none-eabi/lib/thumb2/libcr_newlib_semihost.a(syscalls.o)
                0x0000c27c                . = ALIGN (0x4)

.glue_7         0x0000c27c        0x0
 .glue_7        0x00000000        0x0 linker stubs

.glue_7t        0x0000c27c        0x0
 .glue_7t       0x00000000        0x0 linker stubs

.vfp11_veneer   0x0000c27c        0x0
 .vfp11_veneer  0x00000000        0x0 linker stubs

.v4_bx          0x0000c27c        0x0
 .v4_bx         0x00000000        0x0 linker stubs

.ARM.extab
 *(.ARM.extab* .gnu.linkonce.armextab.*)
                0x0000c27c                __exidx_start = .

.ARM.exidx      0x0000c27c        0x8
 *(.ARM.exidx* .gnu.linkonce.armexidx.*)
 .ARM.exidx     0x0000c27c        0x8 /usr/local/lpcxpresso_4.2.3_255/lpcxpresso/tools/bin/../lib/gcc/arm-none-eabi/4.5.1/thumb2/libgcc.a(_divdi3.o)
 .ARM.exidx     0x0000c284        0x0 /usr/local/lpcxpresso_4.2.3_255/lpcxpresso/tools/bin/../lib/gcc/arm-none-eabi/4.5.1/thumb2/libgcc.a(_udivdi3.o)
                                  0x8 (size before relaxing)
                0x0000c284                __exidx_end = .
                0x0000c284                _etext = .

.data_RAM2      0x2007c000        0x0 load address 0x0000c284
 FILL mask 0xff
 *(.data.$RAM2*)
 *(.data.$RamAHB32*)
                0x2007c000                . = ALIGN (0x4)

.uninit_RESERVED
 *(.bss.$RESERVED*)

.data           0x10000000      0x58c load address 0x0000c284
 FILL mask 0xff
                0x10000000                _data = .
 *(vtable)
 *(.data*)
 .data.SystemCoreClock
                0x10000000        0x4 /home/joaquin/Documentos/Embebidos/Repositorio/WSN-LSE/CMSISv2p00_LPC17xx/Debug/libCMSISv2p00_LPC17xx.a(system_LPC17xx.o)
                0x10000000                SystemCoreClock
 .data          0x10000004       0xf4 /usr/local/lpcxpresso_4.2.3_255/lpcxpresso/tools/bin/../lib/gcc/arm-none-eabi/4.5.1/../../../../arm-none-eabi/lib/thumb2/libc.a(lib_a-impure.o)
                0x10000004                _impure_ptr
 .data          0x100000f8       0x7c /usr/local/lpcxpresso_4.2.3_255/lpcxpresso/tools/bin/../lib/gcc/arm-none-eabi/4.5.1/../../../../arm-none-eabi/lib/thumb2/libc.a(lib_a-locale.o)
                0x10000118                __mb_cur_max
 .data          0x10000174      0x410 /usr/local/lpcxpresso_4.2.3_255/lpcxpresso/tools/bin/../lib/gcc/arm-none-eabi/4.5.1/../../../../arm-none-eabi/lib/thumb2/libc.a(lib_a-mallocr.o)
                0x10000174                __malloc_av_
                0x1000057c                __malloc_sbrk_base
                0x10000580                __malloc_trim_threshold
 .data          0x10000584        0x4 /usr/local/lpcxpresso_4.2.3_255/lpcxpresso/tools/bin/../lib/gcc/arm-none-eabi/4.5.1/../../../../arm-none-eabi/lib/thumb2/libc.a(lib_a-wctomb_r.o)
                0x10000584                __wctomb
 .data          0x10000588        0x1 /usr/local/lpcxpresso_4.2.3_255/lpcxpresso/tools/bin/../lib/gcc/arm-none-eabi/4.5.1/../../../../arm-none-eabi/lib/thumb2/libm.a(lib_a-s_lib_ver.o)
                0x10000588                __fdlib_version
                0x1000058c                . = ALIGN (0x4)
 *fill*         0x10000589        0x3 ff
                0x1000058c                _edata = .

.bss_RAM2       0x2007c000        0x0
 *(.bss.$RAM2*)
 *(.bss.$RamAHB32*)
                0x2007c000                . = ALIGN (0x4)

.bss            0x1000058c       0x7c
                0x1000058c                _bss = .
 *(.bss*)
 .bss           0x1000058c       0x34 /usr/local/lpcxpresso_4.2.3_255/lpcxpresso/tools/bin/../lib/gcc/arm-none-eabi/4.5.1/../../../../arm-none-eabi/lib/thumb2/libc.a(lib_a-mallocr.o)
                0x1000058c                __malloc_top_pad
                0x10000590                __malloc_current_mallinfo
                0x100005b8                __malloc_max_sbrked_mem
                0x100005bc                __malloc_max_total_mem
 .bss.monitor_stdout
                0x100005c0        0x4 /usr/local/lpcxpresso_4.2.3_255/lpcxpresso/tools/bin/../lib/gcc/arm-none-eabi/4.5.1/../../../../arm-none-eabi/lib/thumb2/libcr_newlib_semihost.a(syscalls.o)
 .bss.monitor_stdin
                0x100005c4        0x4 /usr/local/lpcxpresso_4.2.3_255/lpcxpresso/tools/bin/../lib/gcc/arm-none-eabi/4.5.1/../../../../arm-none-eabi/lib/thumb2/libcr_newlib_semihost.a(syscalls.o)
 .bss.initialized.2429
                0x100005c8        0x4 /usr/local/lpcxpresso_4.2.3_255/lpcxpresso/tools/bin/../lib/gcc/arm-none-eabi/4.5.1/../../../../arm-none-eabi/lib/thumb2/libcr_newlib_semihost.a(syscalls.o)
 .bss.monitor_stderr
                0x100005cc        0x4 /usr/local/lpcxpresso_4.2.3_255/lpcxpresso/tools/bin/../lib/gcc/arm-none-eabi/4.5.1/../../../../arm-none-eabi/lib/thumb2/libcr_newlib_semihost.a(syscalls.o)
 .bss.openfiles
                0x100005d0       0x28 /usr/local/lpcxpresso_4.2.3_255/lpcxpresso/tools/bin/../lib/gcc/arm-none-eabi/4.5.1/../../../../arm-none-eabi/lib/thumb2/libcr_newlib_semihost.a(syscalls.o)
 *(COMMON)
 COMMON         0x100005f8        0x8 ./src/main.o
                0x100005f8                pausecont
                0x100005fc                ledcont
 COMMON         0x10000600        0x4 /usr/local/lpcxpresso_4.2.3_255/lpcxpresso/tools/bin/../lib/gcc/arm-none-eabi/4.5.1/../../../../arm-none-eabi/lib/thumb2/libc.a(lib_a-reent.o)
                0x10000600                errno
 COMMON         0x10000604        0x4 /usr/local/lpcxpresso_4.2.3_255/lpcxpresso/tools/bin/../lib/gcc/arm-none-eabi/4.5.1/../../../../arm-none-eabi/lib/thumb2/libcr_newlib_semihost.a(_cr_sbrk.o)
                0x10000604                __end_of_heap
                0x10000608                . = ALIGN (0x4)
                0x10000608                _ebss = .
                0x10000608                PROVIDE (end, .)
                0x10000608                PROVIDE (_pvHeapStart, .)
                0x10008000                PROVIDE (_vStackTop, (__top_RamLoc32 - 0x0))
OUTPUT(WSN-Embebidos.axf elf32-littlearm)

.debug_abbrev   0x00000000     0x19c0
 .debug_abbrev  0x00000000      0x176 ./src/cc2520-mac.o
 .debug_abbrev  0x00000176      0x1b0 ./src/cc2520.o
 .debug_abbrev  0x00000326      0x10f ./src/cr_startup_lpc176x.o
 .debug_abbrev  0x00000435      0x157 ./src/fijo.o
 .debug_abbrev  0x0000058c      0x1bd ./src/main.o
 .debug_abbrev  0x00000749      0x206 ./src/movil.o
 .debug_abbrev  0x0000094f      0x112 ./src/rssi.o
 .debug_abbrev  0x00000a61      0x237 /home/joaquin/Documentos/Embebidos/Repositorio/WSN-LSE/CMSISv2p00_LPC17xx/Debug/libCMSISv2p00_LPC17xx.a(lpc17xx_gpio.o)
 .debug_abbrev  0x00000c98      0x1a0 /home/joaquin/Documentos/Embebidos/Repositorio/WSN-LSE/CMSISv2p00_LPC17xx/Debug/libCMSISv2p00_LPC17xx.a(lpc17xx_pinsel.o)
 .debug_abbrev  0x00000e38      0x201 /home/joaquin/Documentos/Embebidos/Repositorio/WSN-LSE/CMSISv2p00_LPC17xx/Debug/libCMSISv2p00_LPC17xx.a(lpc17xx_ssp.o)
 .debug_abbrev  0x00001039       0xe3 /home/joaquin/Documentos/Embebidos/Repositorio/WSN-LSE/CMSISv2p00_LPC17xx/Debug/libCMSISv2p00_LPC17xx.a(system_LPC17xx.o)
 .debug_abbrev  0x0000111c      0x1b0 /home/joaquin/Documentos/Embebidos/Repositorio/WSN-LSE/CMSISv2p00_LPC17xx/Debug/libCMSISv2p00_LPC17xx.a(lpc17xx_clkpwr.o)
 .debug_abbrev  0x000012cc       0x6a /home/joaquin/Documentos/Embebidos/Repositorio/WSN-LSE/CMSISv2p00_LPC17xx/Debug/libCMSISv2p00_LPC17xx.a(lpc17xx_libcfg_default.o)
 .debug_abbrev  0x00001336       0xdd /home/joaquin/Documentos/Embebidos/Repositorio/WSN-LSE/CMSISv2p10_DSPLIB_CM3/lib/libCMSISv2p10_DSPLIB_CM3.a(arm_mat_inverse_f32.o)
 .debug_abbrev  0x00001413      0x117 /home/joaquin/Documentos/Embebidos/Repositorio/WSN-LSE/CMSISv2p10_DSPLIB_CM3/lib/libCMSISv2p10_DSPLIB_CM3.a(arm_mat_mult_f32.o)
 .debug_abbrev  0x0000152a       0xfd /home/joaquin/Documentos/Embebidos/Repositorio/WSN-LSE/CMSISv2p10_DSPLIB_CM3/lib/libCMSISv2p10_DSPLIB_CM3.a(arm_mat_trans_f32.o)
 .debug_abbrev  0x00001627       0xa8 /usr/local/lpcxpresso_4.2.3_255/lpcxpresso/tools/bin/../lib/gcc/arm-none-eabi/4.5.1/../../../../arm-none-eabi/lib/thumb2/libcr_newlib_semihost.a(_cr_sbrk.o)
 .debug_abbrev  0x000016cf      0x27f /usr/local/lpcxpresso_4.2.3_255/lpcxpresso/tools/bin/../lib/gcc/arm-none-eabi/4.5.1/../../../../arm-none-eabi/lib/thumb2/libcr_newlib_semihost.a(syscalls.o)
 .debug_abbrev  0x0000194e       0x72 /usr/local/lpcxpresso_4.2.3_255/lpcxpresso/tools/bin/../lib/gcc/arm-none-eabi/4.5.1/../../../../arm-none-eabi/lib/thumb2/libcr_newlib_semihost.a(_cr_check_heap.o)

.debug_info     0x00000000     0x615e
 .debug_info    0x00000000      0x6a1 ./src/cc2520-mac.o
 .debug_info    0x000006a1      0x866 ./src/cc2520.o
 .debug_info    0x00000f07      0x2e3 ./src/cr_startup_lpc176x.o
 .debug_info    0x000011ea      0x344 ./src/fijo.o
 .debug_info    0x0000152e      0x6b6 ./src/main.o
 .debug_info    0x00001be4      0x6cc ./src/movil.o
 .debug_info    0x000022b0      0x3b6 ./src/rssi.o
 .debug_info    0x00002666      0xe30 /home/joaquin/Documentos/Embebidos/Repositorio/WSN-LSE/CMSISv2p00_LPC17xx/Debug/libCMSISv2p00_LPC17xx.a(lpc17xx_gpio.o)
 .debug_info    0x00003496      0x544 /home/joaquin/Documentos/Embebidos/Repositorio/WSN-LSE/CMSISv2p00_LPC17xx/Debug/libCMSISv2p00_LPC17xx.a(lpc17xx_pinsel.o)
 .debug_info    0x000039da      0x7d7 /home/joaquin/Documentos/Embebidos/Repositorio/WSN-LSE/CMSISv2p00_LPC17xx/Debug/libCMSISv2p00_LPC17xx.a(lpc17xx_ssp.o)
 .debug_info    0x000041b1      0x38f /home/joaquin/Documentos/Embebidos/Repositorio/WSN-LSE/CMSISv2p00_LPC17xx/Debug/libCMSISv2p00_LPC17xx.a(system_LPC17xx.o)
 .debug_info    0x00004540      0x6dc /home/joaquin/Documentos/Embebidos/Repositorio/WSN-LSE/CMSISv2p00_LPC17xx/Debug/libCMSISv2p00_LPC17xx.a(lpc17xx_clkpwr.o)
 .debug_info    0x00004c1c       0xca /home/joaquin/Documentos/Embebidos/Repositorio/WSN-LSE/CMSISv2p00_LPC17xx/Debug/libCMSISv2p00_LPC17xx.a(lpc17xx_libcfg_default.o)
 .debug_info    0x00004ce6      0x2ab /home/joaquin/Documentos/Embebidos/Repositorio/WSN-LSE/CMSISv2p10_DSPLIB_CM3/lib/libCMSISv2p10_DSPLIB_CM3.a(arm_mat_inverse_f32.o)
 .debug_info    0x00004f91      0x242 /home/joaquin/Documentos/Embebidos/Repositorio/WSN-LSE/CMSISv2p10_DSPLIB_CM3/lib/libCMSISv2p10_DSPLIB_CM3.a(arm_mat_mult_f32.o)
 .debug_info    0x000051d3      0x1e4 /home/joaquin/Documentos/Embebidos/Repositorio/WSN-LSE/CMSISv2p10_DSPLIB_CM3/lib/libCMSISv2p10_DSPLIB_CM3.a(arm_mat_trans_f32.o)
 .debug_info    0x000053b7      0x106 /usr/local/lpcxpresso_4.2.3_255/lpcxpresso/tools/bin/../lib/gcc/arm-none-eabi/4.5.1/../../../../arm-none-eabi/lib/thumb2/libcr_newlib_semihost.a(_cr_sbrk.o)
 .debug_info    0x000054bd      0xbec /usr/local/lpcxpresso_4.2.3_255/lpcxpresso/tools/bin/../lib/gcc/arm-none-eabi/4.5.1/../../../../arm-none-eabi/lib/thumb2/libcr_newlib_semihost.a(syscalls.o)
 .debug_info    0x000060a9       0xb5 /usr/local/lpcxpresso_4.2.3_255/lpcxpresso/tools/bin/../lib/gcc/arm-none-eabi/4.5.1/../../../../arm-none-eabi/lib/thumb2/libcr_newlib_semihost.a(_cr_check_heap.o)

.debug_line     0x00000000     0x6fa3
 .debug_line    0x00000000      0xa4f ./src/cc2520-mac.o
 .debug_line    0x00000a4f      0x9ec ./src/cc2520.o
 .debug_line    0x0000143b      0x2fa ./src/cr_startup_lpc176x.o
 .debug_line    0x00001735      0x8db ./src/fijo.o
 .debug_line    0x00002010      0x926 ./src/main.o
 .debug_line    0x00002936      0x999 ./src/movil.o
 .debug_line    0x000032cf      0x982 ./src/rssi.o
 .debug_line    0x00003c51      0x61f /home/joaquin/Documentos/Embebidos/Repositorio/WSN-LSE/CMSISv2p00_LPC17xx/Debug/libCMSISv2p00_LPC17xx.a(lpc17xx_gpio.o)
 .debug_line    0x00004270      0x3f9 /home/joaquin/Documentos/Embebidos/Repositorio/WSN-LSE/CMSISv2p00_LPC17xx/Debug/libCMSISv2p00_LPC17xx.a(lpc17xx_pinsel.o)
 .debug_line    0x00004669      0x740 /home/joaquin/Documentos/Embebidos/Repositorio/WSN-LSE/CMSISv2p00_LPC17xx/Debug/libCMSISv2p00_LPC17xx.a(lpc17xx_ssp.o)
 .debug_line    0x00004da9      0x3e7 /home/joaquin/Documentos/Embebidos/Repositorio/WSN-LSE/CMSISv2p00_LPC17xx/Debug/libCMSISv2p00_LPC17xx.a(system_LPC17xx.o)
 .debug_line    0x00005190      0x493 /home/joaquin/Documentos/Embebidos/Repositorio/WSN-LSE/CMSISv2p00_LPC17xx/Debug/libCMSISv2p00_LPC17xx.a(lpc17xx_clkpwr.o)
 .debug_line    0x00005623      0x35b /home/joaquin/Documentos/Embebidos/Repositorio/WSN-LSE/CMSISv2p00_LPC17xx/Debug/libCMSISv2p00_LPC17xx.a(lpc17xx_libcfg_default.o)
 .debug_line    0x0000597e      0x65c /home/joaquin/Documentos/Embebidos/Repositorio/WSN-LSE/CMSISv2p10_DSPLIB_CM3/lib/libCMSISv2p10_DSPLIB_CM3.a(arm_mat_inverse_f32.o)
 .debug_line    0x00005fda      0x531 /home/joaquin/Documentos/Embebidos/Repositorio/WSN-LSE/CMSISv2p10_DSPLIB_CM3/lib/libCMSISv2p10_DSPLIB_CM3.a(arm_mat_mult_f32.o)
 .debug_line    0x0000650b      0x535 /home/joaquin/Documentos/Embebidos/Repositorio/WSN-LSE/CMSISv2p10_DSPLIB_CM3/lib/libCMSISv2p10_DSPLIB_CM3.a(arm_mat_trans_f32.o)
 .debug_line    0x00006a40       0xc0 /usr/local/lpcxpresso_4.2.3_255/lpcxpresso/tools/bin/../lib/gcc/arm-none-eabi/4.5.1/../../../../arm-none-eabi/lib/thumb2/libcr_newlib_semihost.a(_cr_sbrk.o)
 .debug_line    0x00006b00      0x44f /usr/local/lpcxpresso_4.2.3_255/lpcxpresso/tools/bin/../lib/gcc/arm-none-eabi/4.5.1/../../../../arm-none-eabi/lib/thumb2/libcr_newlib_semihost.a(syscalls.o)
 .debug_line    0x00006f4f       0x54 /usr/local/lpcxpresso_4.2.3_255/lpcxpresso/tools/bin/../lib/gcc/arm-none-eabi/4.5.1/../../../../arm-none-eabi/lib/thumb2/libcr_newlib_semihost.a(_cr_check_heap.o)

.debug_macinfo  0x00000000    0x85fc2
 .debug_macinfo
                0x00000000     0xca78 ./src/cc2520-mac.o
 .debug_macinfo
                0x0000ca78     0xca78 ./src/cc2520.o
 .debug_macinfo
                0x000194f0     0x204f ./src/cr_startup_lpc176x.o
 .debug_macinfo
                0x0001b53f     0xca80 ./src/fijo.o
 .debug_macinfo
                0x00027fbf     0xca78 ./src/main.o
 .debug_macinfo
                0x00034a37     0xca7c ./src/movil.o
 .debug_macinfo
                0x000414b3     0xcb1d ./src/rssi.o
 .debug_macinfo
                0x0004dfd0     0x7be6 /home/joaquin/Documentos/Embebidos/Repositorio/WSN-LSE/CMSISv2p00_LPC17xx/Debug/libCMSISv2p00_LPC17xx.a(lpc17xx_gpio.o)
 .debug_macinfo
                0x00055bb6     0x7d04 /home/joaquin/Documentos/Embebidos/Repositorio/WSN-LSE/CMSISv2p00_LPC17xx/Debug/libCMSISv2p00_LPC17xx.a(lpc17xx_pinsel.o)
 .debug_macinfo
                0x0005d8ba     0x9df1 /home/joaquin/Documentos/Embebidos/Repositorio/WSN-LSE/CMSISv2p00_LPC17xx/Debug/libCMSISv2p00_LPC17xx.a(lpc17xx_ssp.o)
 .debug_macinfo
                0x000676ab     0x792b /home/joaquin/Documentos/Embebidos/Repositorio/WSN-LSE/CMSISv2p00_LPC17xx/Debug/libCMSISv2p00_LPC17xx.a(system_LPC17xx.o)
 .debug_macinfo
                0x0006efd6     0x8b29 /home/joaquin/Documentos/Embebidos/Repositorio/WSN-LSE/CMSISv2p00_LPC17xx/Debug/libCMSISv2p00_LPC17xx.a(lpc17xx_clkpwr.o)
 .debug_macinfo
                0x00077aff     0x3417 /home/joaquin/Documentos/Embebidos/Repositorio/WSN-LSE/CMSISv2p00_LPC17xx/Debug/libCMSISv2p00_LPC17xx.a(lpc17xx_libcfg_default.o)
 .debug_macinfo
                0x0007af16     0x3ae4 /home/joaquin/Documentos/Embebidos/Repositorio/WSN-LSE/CMSISv2p10_DSPLIB_CM3/lib/libCMSISv2p10_DSPLIB_CM3.a(arm_mat_inverse_f32.o)
 .debug_macinfo
                0x0007e9fa     0x3ae4 /home/joaquin/Documentos/Embebidos/Repositorio/WSN-LSE/CMSISv2p10_DSPLIB_CM3/lib/libCMSISv2p10_DSPLIB_CM3.a(arm_mat_mult_f32.o)
 .debug_macinfo
                0x000824de     0x3ae4 /home/joaquin/Documentos/Embebidos/Repositorio/WSN-LSE/CMSISv2p10_DSPLIB_CM3/lib/libCMSISv2p10_DSPLIB_CM3.a(arm_mat_trans_f32.o)

.debug_loc      0x00000000     0x2fc1
 .debug_loc     0x00000000      0x320 ./src/cc2520-mac.o
 .debug_loc     0x00000320      0x11c ./src/cc2520.o
 .debug_loc     0x0000043c      0x1b8 ./src/cr_startup_lpc176x.o
 .debug_loc     0x000005f4       0x3a ./src/fijo.o
 .debug_loc     0x0000062e      0x144 ./src/main.o
 .debug_loc     0x00000772      0x11e ./src/movil.o
 .debug_loc     0x00000890      0x154 ./src/rssi.o
 .debug_loc     0x000009e4      0x695 /home/joaquin/Documentos/Embebidos/Repositorio/WSN-LSE/CMSISv2p00_LPC17xx/Debug/libCMSISv2p00_LPC17xx.a(lpc17xx_gpio.o)
 .debug_loc     0x00001079      0x17d /home/joaquin/Documentos/Embebidos/Repositorio/WSN-LSE/CMSISv2p00_LPC17xx/Debug/libCMSISv2p00_LPC17xx.a(lpc17xx_pinsel.o)
 .debug_loc     0x000011f6      0x858 /home/joaquin/Documentos/Embebidos/Repositorio/WSN-LSE/CMSISv2p00_LPC17xx/Debug/libCMSISv2p00_LPC17xx.a(lpc17xx_ssp.o)
 .debug_loc     0x00001a4e       0x20 /home/joaquin/Documentos/Embebidos/Repositorio/WSN-LSE/CMSISv2p00_LPC17xx/Debug/libCMSISv2p00_LPC17xx.a(system_LPC17xx.o)
 .debug_loc     0x00001a6e      0x1a9 /home/joaquin/Documentos/Embebidos/Repositorio/WSN-LSE/CMSISv2p00_LPC17xx/Debug/libCMSISv2p00_LPC17xx.a(lpc17xx_clkpwr.o)
 .debug_loc     0x00001c17      0x4a3 /home/joaquin/Documentos/Embebidos/Repositorio/WSN-LSE/CMSISv2p10_DSPLIB_CM3/lib/libCMSISv2p10_DSPLIB_CM3.a(arm_mat_inverse_f32.o)
 .debug_loc     0x000020ba      0x26e /home/joaquin/Documentos/Embebidos/Repositorio/WSN-LSE/CMSISv2p10_DSPLIB_CM3/lib/libCMSISv2p10_DSPLIB_CM3.a(arm_mat_mult_f32.o)
 .debug_loc     0x00002328      0x1b7 /home/joaquin/Documentos/Embebidos/Repositorio/WSN-LSE/CMSISv2p10_DSPLIB_CM3/lib/libCMSISv2p10_DSPLIB_CM3.a(arm_mat_trans_f32.o)
 .debug_loc     0x000024df       0x55 /usr/local/lpcxpresso_4.2.3_255/lpcxpresso/tools/bin/../lib/gcc/arm-none-eabi/4.5.1/../../../../arm-none-eabi/lib/thumb2/libcr_newlib_semihost.a(_cr_sbrk.o)
 .debug_loc     0x00002534      0xa64 /usr/local/lpcxpresso_4.2.3_255/lpcxpresso/tools/bin/../lib/gcc/arm-none-eabi/4.5.1/../../../../arm-none-eabi/lib/thumb2/libcr_newlib_semihost.a(syscalls.o)
 .debug_loc     0x00002f98       0x29 /usr/local/lpcxpresso_4.2.3_255/lpcxpresso/tools/bin/../lib/gcc/arm-none-eabi/4.5.1/../../../../arm-none-eabi/lib/thumb2/libcr_newlib_semihost.a(_cr_check_heap.o)

.debug_pubnames
                0x00000000      0xb48
 .debug_pubnames
                0x00000000      0x13b ./src/cc2520-mac.o
 .debug_pubnames
                0x0000013b       0x62 ./src/cc2520.o
 .debug_pubnames
                0x0000019d      0x115 ./src/cr_startup_lpc176x.o
 .debug_pubnames
                0x000002b2       0x38 ./src/fijo.o
 .debug_pubnames
                0x000002ea       0x78 ./src/main.o
 .debug_pubnames
                0x00000362       0x6a ./src/movil.o
 .debug_pubnames
                0x000003cc       0x8d ./src/rssi.o
 .debug_pubnames
                0x00000459      0x203 /home/joaquin/Documentos/Embebidos/Repositorio/WSN-LSE/CMSISv2p00_LPC17xx/Debug/libCMSISv2p00_LPC17xx.a(lpc17xx_gpio.o)
 .debug_pubnames
                0x0000065c       0x59 /home/joaquin/Documentos/Embebidos/Repositorio/WSN-LSE/CMSISv2p00_LPC17xx/Debug/libCMSISv2p00_LPC17xx.a(lpc17xx_pinsel.o)
 .debug_pubnames
                0x000006b5      0x15c /home/joaquin/Documentos/Embebidos/Repositorio/WSN-LSE/CMSISv2p00_LPC17xx/Debug/libCMSISv2p00_LPC17xx.a(lpc17xx_ssp.o)
 .debug_pubnames
                0x00000811       0x4f /home/joaquin/Documentos/Embebidos/Repositorio/WSN-LSE/CMSISv2p00_LPC17xx/Debug/libCMSISv2p00_LPC17xx.a(system_LPC17xx.o)
 .debug_pubnames
                0x00000860       0xbb /home/joaquin/Documentos/Embebidos/Repositorio/WSN-LSE/CMSISv2p00_LPC17xx/Debug/libCMSISv2p00_LPC17xx.a(lpc17xx_clkpwr.o)
 .debug_pubnames
                0x0000091b       0x23 /home/joaquin/Documentos/Embebidos/Repositorio/WSN-LSE/CMSISv2p00_LPC17xx/Debug/libCMSISv2p00_LPC17xx.a(lpc17xx_libcfg_default.o)
 .debug_pubnames
                0x0000093e       0x2a /home/joaquin/Documentos/Embebidos/Repositorio/WSN-LSE/CMSISv2p10_DSPLIB_CM3/lib/libCMSISv2p10_DSPLIB_CM3.a(arm_mat_inverse_f32.o)
 .debug_pubnames
                0x00000968       0x27 /home/joaquin/Documentos/Embebidos/Repositorio/WSN-LSE/CMSISv2p10_DSPLIB_CM3/lib/libCMSISv2p10_DSPLIB_CM3.a(arm_mat_mult_f32.o)
 .debug_pubnames
                0x0000098f       0x28 /home/joaquin/Documentos/Embebidos/Repositorio/WSN-LSE/CMSISv2p10_DSPLIB_CM3/lib/libCMSISv2p10_DSPLIB_CM3.a(arm_mat_trans_f32.o)
 .debug_pubnames
                0x000009b7       0x2e /usr/local/lpcxpresso_4.2.3_255/lpcxpresso/tools/bin/../lib/gcc/arm-none-eabi/4.5.1/../../../../arm-none-eabi/lib/thumb2/libcr_newlib_semihost.a(_cr_sbrk.o)
 .debug_pubnames
                0x000009e5      0x129 /usr/local/lpcxpresso_4.2.3_255/lpcxpresso/tools/bin/../lib/gcc/arm-none-eabi/4.5.1/../../../../arm-none-eabi/lib/thumb2/libcr_newlib_semihost.a(syscalls.o)
 .debug_pubnames
                0x00000b0e       0x3a /usr/local/lpcxpresso_4.2.3_255/lpcxpresso/tools/bin/../lib/gcc/arm-none-eabi/4.5.1/../../../../arm-none-eabi/lib/thumb2/libcr_newlib_semihost.a(_cr_check_heap.o)

.debug_pubtypes
                0x00000000      0x936
 .debug_pubtypes
                0x00000000       0xe0 ./src/cc2520-mac.o
 .debug_pubtypes
                0x000000e0       0xee ./src/cc2520.o
 .debug_pubtypes
                0x000001ce       0x12 ./src/cr_startup_lpc176x.o
 .debug_pubtypes
                0x000001e0       0xa6 ./src/fijo.o
 .debug_pubtypes
                0x00000286       0x93 ./src/main.o
 .debug_pubtypes
                0x00000319       0xe1 ./src/movil.o
 .debug_pubtypes
                0x000003fa       0x5e ./src/rssi.o
 .debug_pubtypes
                0x00000458       0xb5 /home/joaquin/Documentos/Embebidos/Repositorio/WSN-LSE/CMSISv2p00_LPC17xx/Debug/libCMSISv2p00_LPC17xx.a(lpc17xx_gpio.o)
 .debug_pubtypes
                0x0000050d       0x76 /home/joaquin/Documentos/Embebidos/Repositorio/WSN-LSE/CMSISv2p00_LPC17xx/Debug/libCMSISv2p00_LPC17xx.a(lpc17xx_pinsel.o)
 .debug_pubtypes
                0x00000583       0xc8 /home/joaquin/Documentos/Embebidos/Repositorio/WSN-LSE/CMSISv2p00_LPC17xx/Debug/libCMSISv2p00_LPC17xx.a(lpc17xx_ssp.o)
 .debug_pubtypes
                0x0000064b       0x3e /home/joaquin/Documentos/Embebidos/Repositorio/WSN-LSE/CMSISv2p00_LPC17xx/Debug/libCMSISv2p00_LPC17xx.a(system_LPC17xx.o)
 .debug_pubtypes
                0x00000689       0x6b /home/joaquin/Documentos/Embebidos/Repositorio/WSN-LSE/CMSISv2p00_LPC17xx/Debug/libCMSISv2p00_LPC17xx.a(lpc17xx_clkpwr.o)
 .debug_pubtypes
                0x000006f4       0x2b /home/joaquin/Documentos/Embebidos/Repositorio/WSN-LSE/CMSISv2p00_LPC17xx/Debug/libCMSISv2p00_LPC17xx.a(lpc17xx_libcfg_default.o)
 .debug_pubtypes
                0x0000071f       0x65 /home/joaquin/Documentos/Embebidos/Repositorio/WSN-LSE/CMSISv2p10_DSPLIB_CM3/lib/libCMSISv2p10_DSPLIB_CM3.a(arm_mat_inverse_f32.o)
 .debug_pubtypes
                0x00000784       0x58 /home/joaquin/Documentos/Embebidos/Repositorio/WSN-LSE/CMSISv2p10_DSPLIB_CM3/lib/libCMSISv2p10_DSPLIB_CM3.a(arm_mat_mult_f32.o)
 .debug_pubtypes
                0x000007dc       0x58 /home/joaquin/Documentos/Embebidos/Repositorio/WSN-LSE/CMSISv2p10_DSPLIB_CM3/lib/libCMSISv2p10_DSPLIB_CM3.a(arm_mat_trans_f32.o)
 .debug_pubtypes
                0x00000834       0x1d /usr/local/lpcxpresso_4.2.3_255/lpcxpresso/tools/bin/../lib/gcc/arm-none-eabi/4.5.1/../../../../arm-none-eabi/lib/thumb2/libcr_newlib_semihost.a(_cr_sbrk.o)
 .debug_pubtypes
                0x00000851       0xe5 /usr/local/lpcxpresso_4.2.3_255/lpcxpresso/tools/bin/../lib/gcc/arm-none-eabi/4.5.1/../../../../arm-none-eabi/lib/thumb2/libcr_newlib_semihost.a(syscalls.o)

.debug_aranges  0x00000000      0x630
 .debug_aranges
                0x00000000       0x88 ./src/cc2520-mac.o
 .debug_aranges
                0x00000088       0x40 ./src/cc2520.o
 .debug_aranges
                0x000000c8       0x80 ./src/cr_startup_lpc176x.o
 .debug_aranges
                0x00000148       0x20 ./src/fijo.o
 .debug_aranges
                0x00000168       0x48 ./src/main.o
 .debug_aranges
                0x000001b0       0x40 ./src/movil.o
 .debug_aranges
                0x000001f0       0x48 ./src/rssi.o
 .debug_aranges
                0x00000238       0xf8 /home/joaquin/Documentos/Embebidos/Repositorio/WSN-LSE/CMSISv2p00_LPC17xx/Debug/libCMSISv2p00_LPC17xx.a(lpc17xx_gpio.o)
 .debug_aranges
                0x00000330       0x30 /home/joaquin/Documentos/Embebidos/Repositorio/WSN-LSE/CMSISv2p00_LPC17xx/Debug/libCMSISv2p00_LPC17xx.a(lpc17xx_pinsel.o)
 .debug_aranges
                0x00000360       0xa0 /home/joaquin/Documentos/Embebidos/Repositorio/WSN-LSE/CMSISv2p00_LPC17xx/Debug/libCMSISv2p00_LPC17xx.a(lpc17xx_ssp.o)
 .debug_aranges
                0x00000400       0x28 /home/joaquin/Documentos/Embebidos/Repositorio/WSN-LSE/CMSISv2p00_LPC17xx/Debug/libCMSISv2p00_LPC17xx.a(system_LPC17xx.o)
 .debug_aranges
                0x00000428       0x58 /home/joaquin/Documentos/Embebidos/Repositorio/WSN-LSE/CMSISv2p00_LPC17xx/Debug/libCMSISv2p00_LPC17xx.a(lpc17xx_clkpwr.o)
 .debug_aranges
                0x00000480       0x20 /home/joaquin/Documentos/Embebidos/Repositorio/WSN-LSE/CMSISv2p00_LPC17xx/Debug/libCMSISv2p00_LPC17xx.a(lpc17xx_libcfg_default.o)
 .debug_aranges
                0x000004a0       0x20 /home/joaquin/Documentos/Embebidos/Repositorio/WSN-LSE/CMSISv2p10_DSPLIB_CM3/lib/libCMSISv2p10_DSPLIB_CM3.a(arm_mat_inverse_f32.o)
 .debug_aranges
                0x000004c0       0x20 /home/joaquin/Documentos/Embebidos/Repositorio/WSN-LSE/CMSISv2p10_DSPLIB_CM3/lib/libCMSISv2p10_DSPLIB_CM3.a(arm_mat_mult_f32.o)
 .debug_aranges
                0x000004e0       0x20 /home/joaquin/Documentos/Embebidos/Repositorio/WSN-LSE/CMSISv2p10_DSPLIB_CM3/lib/libCMSISv2p10_DSPLIB_CM3.a(arm_mat_trans_f32.o)
 .debug_aranges
                0x00000500       0x20 /usr/local/lpcxpresso_4.2.3_255/lpcxpresso/tools/bin/../lib/gcc/arm-none-eabi/4.5.1/../../../../arm-none-eabi/lib/thumb2/libcr_newlib_semihost.a(_cr_sbrk.o)
 .debug_aranges
                0x00000520       0xf0 /usr/local/lpcxpresso_4.2.3_255/lpcxpresso/tools/bin/../lib/gcc/arm-none-eabi/4.5.1/../../../../arm-none-eabi/lib/thumb2/libcr_newlib_semihost.a(syscalls.o)
 .debug_aranges
                0x00000610       0x20 /usr/local/lpcxpresso_4.2.3_255/lpcxpresso/tools/bin/../lib/gcc/arm-none-eabi/4.5.1/../../../../arm-none-eabi/lib/thumb2/libcr_newlib_semihost.a(_cr_check_heap.o)

.debug_ranges   0x00000000      0x600
 .debug_ranges  0x00000000       0x78 ./src/cc2520-mac.o
 .debug_ranges  0x00000078       0x30 ./src/cc2520.o
 .debug_ranges  0x000000a8       0x70 ./src/cr_startup_lpc176x.o
 .debug_ranges  0x00000118       0x10 ./src/fijo.o
 .debug_ranges  0x00000128       0x38 ./src/main.o
 .debug_ranges  0x00000160       0x30 ./src/movil.o
 .debug_ranges  0x00000190       0x38 ./src/rssi.o
 .debug_ranges  0x000001c8       0xe8 /home/joaquin/Documentos/Embebidos/Repositorio/WSN-LSE/CMSISv2p00_LPC17xx/Debug/libCMSISv2p00_LPC17xx.a(lpc17xx_gpio.o)
 .debug_ranges  0x000002b0       0x80 /home/joaquin/Documentos/Embebidos/Repositorio/WSN-LSE/CMSISv2p00_LPC17xx/Debug/libCMSISv2p00_LPC17xx.a(lpc17xx_pinsel.o)
 .debug_ranges  0x00000330       0xd0 /home/joaquin/Documentos/Embebidos/Repositorio/WSN-LSE/CMSISv2p00_LPC17xx/Debug/libCMSISv2p00_LPC17xx.a(lpc17xx_ssp.o)
 .debug_ranges  0x00000400       0x18 /home/joaquin/Documentos/Embebidos/Repositorio/WSN-LSE/CMSISv2p00_LPC17xx/Debug/libCMSISv2p00_LPC17xx.a(system_LPC17xx.o)
 .debug_ranges  0x00000418       0x48 /home/joaquin/Documentos/Embebidos/Repositorio/WSN-LSE/CMSISv2p00_LPC17xx/Debug/libCMSISv2p00_LPC17xx.a(lpc17xx_clkpwr.o)
 .debug_ranges  0x00000460       0x10 /home/joaquin/Documentos/Embebidos/Repositorio/WSN-LSE/CMSISv2p00_LPC17xx/Debug/libCMSISv2p00_LPC17xx.a(lpc17xx_libcfg_default.o)
 .debug_ranges  0x00000470       0x10 /home/joaquin/Documentos/Embebidos/Repositorio/WSN-LSE/CMSISv2p10_DSPLIB_CM3/lib/libCMSISv2p10_DSPLIB_CM3.a(arm_mat_inverse_f32.o)
 .debug_ranges  0x00000480       0x10 /home/joaquin/Documentos/Embebidos/Repositorio/WSN-LSE/CMSISv2p10_DSPLIB_CM3/lib/libCMSISv2p10_DSPLIB_CM3.a(arm_mat_mult_f32.o)
 .debug_ranges  0x00000490       0x10 /home/joaquin/Documentos/Embebidos/Repositorio/WSN-LSE/CMSISv2p10_DSPLIB_CM3/lib/libCMSISv2p10_DSPLIB_CM3.a(arm_mat_trans_f32.o)
 .debug_ranges  0x000004a0       0x10 /usr/local/lpcxpresso_4.2.3_255/lpcxpresso/tools/bin/../lib/gcc/arm-none-eabi/4.5.1/../../../../arm-none-eabi/lib/thumb2/libcr_newlib_semihost.a(_cr_sbrk.o)
 .debug_ranges  0x000004b0      0x140 /usr/local/lpcxpresso_4.2.3_255/lpcxpresso/tools/bin/../lib/gcc/arm-none-eabi/4.5.1/../../../../arm-none-eabi/lib/thumb2/libcr_newlib_semihost.a(syscalls.o)
 .debug_ranges  0x000005f0       0x10 /usr/local/lpcxpresso_4.2.3_255/lpcxpresso/tools/bin/../lib/gcc/arm-none-eabi/4.5.1/../../../../arm-none-eabi/lib/thumb2/libcr_newlib_semihost.a(_cr_check_heap.o)

.debug_str      0x00000000     0x1d57
 .debug_str     0x00000000      0x418 ./src/cc2520-mac.o
                                0x481 (size before relaxing)
 .debug_str     0x00000418      0x292 ./src/cc2520.o
                                0x417 (size before relaxing)
 .debug_str     0x000006aa      0x177 ./src/cr_startup_lpc176x.o
                                0x258 (size before relaxing)
 .debug_str     0x00000821       0x40 ./src/fijo.o
                                0x302 (size before relaxing)
 .debug_str     0x00000861      0x32b ./src/main.o
                                0x496 (size before relaxing)
 .debug_str     0x00000b8c      0x1cf ./src/movil.o
                                0x4aa (size before relaxing)
 .debug_str     0x00000d5b       0xb1 ./src/rssi.o
                                0x1ff (size before relaxing)
 .debug_str     0x00000e0c      0x359 /home/joaquin/Documentos/Embebidos/Repositorio/WSN-LSE/CMSISv2p00_LPC17xx/Debug/libCMSISv2p00_LPC17xx.a(lpc17xx_gpio.o)
                                0x560 (size before relaxing)
 .debug_str     0x00001165      0x212 /home/joaquin/Documentos/Embebidos/Repositorio/WSN-LSE/CMSISv2p00_LPC17xx/Debug/libCMSISv2p00_LPC17xx.a(lpc17xx_pinsel.o)
                                0x374 (size before relaxing)
 .debug_str     0x00001377      0x1ef /home/joaquin/Documentos/Embebidos/Repositorio/WSN-LSE/CMSISv2p00_LPC17xx/Debug/libCMSISv2p00_LPC17xx.a(lpc17xx_ssp.o)
                                0x402 (size before relaxing)
 .debug_str     0x00001566      0x151 /home/joaquin/Documentos/Embebidos/Repositorio/WSN-LSE/CMSISv2p00_LPC17xx/Debug/libCMSISv2p00_LPC17xx.a(system_LPC17xx.o)
                                0x286 (size before relaxing)
 .debug_str     0x000016b7       0xcb /home/joaquin/Documentos/Embebidos/Repositorio/WSN-LSE/CMSISv2p00_LPC17xx/Debug/libCMSISv2p00_LPC17xx.a(lpc17xx_clkpwr.o)
                                0x39b (size before relaxing)
 .debug_str     0x00001782       0x37 /home/joaquin/Documentos/Embebidos/Repositorio/WSN-LSE/CMSISv2p00_LPC17xx/Debug/libCMSISv2p00_LPC17xx.a(lpc17xx_libcfg_default.o)
                                0x122 (size before relaxing)
 .debug_str     0x000017b9       0xe8 /home/joaquin/Documentos/Embebidos/Repositorio/WSN-LSE/CMSISv2p10_DSPLIB_CM3/lib/libCMSISv2p10_DSPLIB_CM3.a(arm_mat_inverse_f32.o)
                                0x267 (size before relaxing)
 .debug_str     0x000018a1       0x80 /home/joaquin/Documentos/Embebidos/Repositorio/WSN-LSE/CMSISv2p10_DSPLIB_CM3/lib/libCMSISv2p10_DSPLIB_CM3.a(arm_mat_mult_f32.o)
                                0x234 (size before relaxing)
 .debug_str     0x00001921       0x5b /home/joaquin/Documentos/Embebidos/Repositorio/WSN-LSE/CMSISv2p10_DSPLIB_CM3/lib/libCMSISv2p10_DSPLIB_CM3.a(arm_mat_trans_f32.o)
                                0x214 (size before relaxing)
 .debug_str     0x0000197c       0xb0 /usr/local/lpcxpresso_4.2.3_255/lpcxpresso/tools/bin/../lib/gcc/arm-none-eabi/4.5.1/../../../../arm-none-eabi/lib/thumb2/libcr_newlib_semihost.a(_cr_sbrk.o)
                                0x145 (size before relaxing)
 .debug_str     0x00001a2c      0x2f0 /usr/local/lpcxpresso_4.2.3_255/lpcxpresso/tools/bin/../lib/gcc/arm-none-eabi/4.5.1/../../../../arm-none-eabi/lib/thumb2/libcr_newlib_semihost.a(syscalls.o)
                                0x40b (size before relaxing)
 .debug_str     0x00001d1c       0x3b /usr/local/lpcxpresso_4.2.3_255/lpcxpresso/tools/bin/../lib/gcc/arm-none-eabi/4.5.1/../../../../arm-none-eabi/lib/thumb2/libcr_newlib_semihost.a(_cr_check_heap.o)
                                 0xd1 (size before relaxing)

.comment        0x00000000       0x2a
 .comment       0x00000000       0x2a ./src/cc2520-mac.o
                                 0x2b (size before relaxing)
 .comment       0x00000000       0x2b ./src/cc2520.o
 .comment       0x00000000       0x2b ./src/cr_startup_lpc176x.o
 .comment       0x00000000       0x2b ./src/fijo.o
 .comment       0x00000000       0x2b ./src/main.o
 .comment       0x00000000       0x2b ./src/movil.o
 .comment       0x00000000       0x2b ./src/rssi.o
 .comment       0x00000000       0x2b /home/joaquin/Documentos/Embebidos/Repositorio/WSN-LSE/CMSISv2p00_LPC17xx/Debug/libCMSISv2p00_LPC17xx.a(lpc17xx_gpio.o)
 .comment       0x00000000       0x2b /home/joaquin/Documentos/Embebidos/Repositorio/WSN-LSE/CMSISv2p00_LPC17xx/Debug/libCMSISv2p00_LPC17xx.a(lpc17xx_pinsel.o)
 .comment       0x00000000       0x2b /home/joaquin/Documentos/Embebidos/Repositorio/WSN-LSE/CMSISv2p00_LPC17xx/Debug/libCMSISv2p00_LPC17xx.a(lpc17xx_ssp.o)
 .comment       0x00000000       0x2b /home/joaquin/Documentos/Embebidos/Repositorio/WSN-LSE/CMSISv2p00_LPC17xx/Debug/libCMSISv2p00_LPC17xx.a(system_LPC17xx.o)
 .comment       0x00000000       0x2b /home/joaquin/Documentos/Embebidos/Repositorio/WSN-LSE/CMSISv2p00_LPC17xx/Debug/libCMSISv2p00_LPC17xx.a(lpc17xx_clkpwr.o)
 .comment       0x00000000       0x2b /home/joaquin/Documentos/Embebidos/Repositorio/WSN-LSE/CMSISv2p00_LPC17xx/Debug/libCMSISv2p00_LPC17xx.a(lpc17xx_libcfg_default.o)
 .comment       0x00000000       0x2b /home/joaquin/Documentos/Embebidos/Repositorio/WSN-LSE/CMSISv2p10_DSPLIB_CM3/lib/libCMSISv2p10_DSPLIB_CM3.a(arm_mat_inverse_f32.o)
 .comment       0x00000000       0x2b /home/joaquin/Documentos/Embebidos/Repositorio/WSN-LSE/CMSISv2p10_DSPLIB_CM3/lib/libCMSISv2p10_DSPLIB_CM3.a(arm_mat_mult_f32.o)
 .comment       0x00000000       0x2b /home/joaquin/Documentos/Embebidos/Repositorio/WSN-LSE/CMSISv2p10_DSPLIB_CM3/lib/libCMSISv2p10_DSPLIB_CM3.a(arm_mat_trans_f32.o)
 .comment       0x00000000       0x2b /usr/local/lpcxpresso_4.2.3_255/lpcxpresso/tools/bin/../lib/gcc/arm-none-eabi/4.5.1/../../../../arm-none-eabi/lib/thumb2/libcr_newlib_semihost.a(_cr_sbrk.o)
 .comment       0x00000000       0x2b /usr/local/lpcxpresso_4.2.3_255/lpcxpresso/tools/bin/../lib/gcc/arm-none-eabi/4.5.1/../../../../arm-none-eabi/lib/thumb2/libcr_newlib_semihost.a(syscalls.o)
 .comment       0x00000000       0x2b /usr/local/lpcxpresso_4.2.3_255/lpcxpresso/tools/bin/../lib/gcc/arm-none-eabi/4.5.1/../../../../arm-none-eabi/lib/thumb2/libcr_newlib_semihost.a(_cr_check_heap.o)

.ARM.attributes
                0x00000000       0x31
 .ARM.attributes
                0x00000000       0x31 ./src/cc2520-mac.o
 .ARM.attributes
                0x00000031       0x31 ./src/cc2520.o
 .ARM.attributes
                0x00000062       0x31 ./src/cr_startup_lpc176x.o
 .ARM.attributes
                0x00000093       0x31 ./src/fijo.o
 .ARM.attributes
                0x000000c4       0x31 ./src/main.o
 .ARM.attributes
                0x000000f5       0x31 ./src/movil.o
 .ARM.attributes
                0x00000126       0x31 ./src/rssi.o
 .ARM.attributes
                0x00000157       0x31 /home/joaquin/Documentos/Embebidos/Repositorio/WSN-LSE/CMSISv2p00_LPC17xx/Debug/libCMSISv2p00_LPC17xx.a(lpc17xx_gpio.o)
 .ARM.attributes
                0x00000188       0x31 /home/joaquin/Documentos/Embebidos/Repositorio/WSN-LSE/CMSISv2p00_LPC17xx/Debug/libCMSISv2p00_LPC17xx.a(lpc17xx_pinsel.o)
 .ARM.attributes
                0x000001b9       0x31 /home/joaquin/Documentos/Embebidos/Repositorio/WSN-LSE/CMSISv2p00_LPC17xx/Debug/libCMSISv2p00_LPC17xx.a(lpc17xx_ssp.o)
 .ARM.attributes
                0x000001ea       0x31 /home/joaquin/Documentos/Embebidos/Repositorio/WSN-LSE/CMSISv2p00_LPC17xx/Debug/libCMSISv2p00_LPC17xx.a(system_LPC17xx.o)
 .ARM.attributes
                0x0000021b       0x31 /home/joaquin/Documentos/Embebidos/Repositorio/WSN-LSE/CMSISv2p00_LPC17xx/Debug/libCMSISv2p00_LPC17xx.a(lpc17xx_clkpwr.o)
 .ARM.attributes
                0x0000024c       0x31 /home/joaquin/Documentos/Embebidos/Repositorio/WSN-LSE/CMSISv2p00_LPC17xx/Debug/libCMSISv2p00_LPC17xx.a(lpc17xx_libcfg_default.o)
 .ARM.attributes
                0x0000027d       0x31 /home/joaquin/Documentos/Embebidos/Repositorio/WSN-LSE/CMSISv2p10_DSPLIB_CM3/lib/libCMSISv2p10_DSPLIB_CM3.a(arm_mat_inverse_f32.o)
 .ARM.attributes
                0x000002ae       0x31 /home/joaquin/Documentos/Embebidos/Repositorio/WSN-LSE/CMSISv2p10_DSPLIB_CM3/lib/libCMSISv2p10_DSPLIB_CM3.a(arm_mat_mult_f32.o)
 .ARM.attributes
                0x000002df       0x31 /home/joaquin/Documentos/Embebidos/Repositorio/WSN-LSE/CMSISv2p10_DSPLIB_CM3/lib/libCMSISv2p10_DSPLIB_CM3.a(arm_mat_trans_f32.o)
 .ARM.attributes
                0x00000310       0x1b /usr/local/lpcxpresso_4.2.3_255/lpcxpresso/tools/bin/../lib/gcc/arm-none-eabi/4.5.1/thumb2/libgcc.a(_arm_addsubdf3.o)
 .ARM.attributes
                0x0000032b       0x1b /usr/local/lpcxpresso_4.2.3_255/lpcxpresso/tools/bin/../lib/gcc/arm-none-eabi/4.5.1/thumb2/libgcc.a(_arm_muldivdf3.o)
 .ARM.attributes
                0x00000346       0x1b /usr/local/lpcxpresso_4.2.3_255/lpcxpresso/tools/bin/../lib/gcc/arm-none-eabi/4.5.1/thumb2/libgcc.a(_arm_truncdfsf2.o)
 .ARM.attributes
                0x00000361       0x1b /usr/local/lpcxpresso_4.2.3_255/lpcxpresso/tools/bin/../lib/gcc/arm-none-eabi/4.5.1/thumb2/libgcc.a(_arm_addsubsf3.o)
 .ARM.attributes
                0x0000037c       0x1b /usr/local/lpcxpresso_4.2.3_255/lpcxpresso/tools/bin/../lib/gcc/arm-none-eabi/4.5.1/thumb2/libgcc.a(_arm_muldivsf3.o)
 .ARM.attributes
                0x00000397       0x1b /usr/local/lpcxpresso_4.2.3_255/lpcxpresso/tools/bin/../lib/gcc/arm-none-eabi/4.5.1/thumb2/libgcc.a(_arm_cmpsf2.o)
 .ARM.attributes
                0x000003b2       0x1b /usr/local/lpcxpresso_4.2.3_255/lpcxpresso/tools/bin/../lib/gcc/arm-none-eabi/4.5.1/thumb2/libgcc.a(_aeabi_uldivmod.o)
 .ARM.attributes
                0x000003cd       0x29 /usr/local/lpcxpresso_4.2.3_255/lpcxpresso/tools/bin/../lib/gcc/arm-none-eabi/4.5.1/thumb2/libgcc.a(bpabi.o)
 .ARM.attributes
                0x000003f6       0x1b /usr/local/lpcxpresso_4.2.3_255/lpcxpresso/tools/bin/../lib/gcc/arm-none-eabi/4.5.1/thumb2/libgcc.a(_dvmd_tls.o)
 .ARM.attributes
                0x00000411       0x29 /usr/local/lpcxpresso_4.2.3_255/lpcxpresso/tools/bin/../lib/gcc/arm-none-eabi/4.5.1/thumb2/libgcc.a(_divdi3.o)
 .ARM.attributes
                0x0000043a       0x29 /usr/local/lpcxpresso_4.2.3_255/lpcxpresso/tools/bin/../lib/gcc/arm-none-eabi/4.5.1/thumb2/libgcc.a(_udivdi3.o)
 .ARM.attributes
                0x00000463       0x1b /usr/local/lpcxpresso_4.2.3_255/lpcxpresso/tools/bin/../lib/gcc/arm-none-eabi/4.5.1/thumb2/libgcc.a(_udivsi3.o)
 .ARM.attributes
                0x0000047e       0x29 /usr/local/lpcxpresso_4.2.3_255/lpcxpresso/tools/bin/../lib/gcc/arm-none-eabi/4.5.1/../../../../arm-none-eabi/lib/thumb2/libc.a(lib_a-memcpy.o)
 .ARM.attributes
                0x000004a7       0x29 /usr/local/lpcxpresso_4.2.3_255/lpcxpresso/tools/bin/../lib/gcc/arm-none-eabi/4.5.1/../../../../arm-none-eabi/lib/thumb2/libc.a(lib_a-printf.o)
 .ARM.attributes
                0x000004d0       0x29 /usr/local/lpcxpresso_4.2.3_255/lpcxpresso/tools/bin/../lib/gcc/arm-none-eabi/4.5.1/../../../../arm-none-eabi/lib/thumb2/libc.a(lib_a-vfprintf.o)
 .ARM.attributes
                0x000004f9       0x29 /usr/local/lpcxpresso_4.2.3_255/lpcxpresso/tools/bin/../lib/gcc/arm-none-eabi/4.5.1/../../../../arm-none-eabi/lib/thumb2/libc.a(lib_a-wsetup.o)
 .ARM.attributes
                0x00000522       0x29 /usr/local/lpcxpresso_4.2.3_255/lpcxpresso/tools/bin/../lib/gcc/arm-none-eabi/4.5.1/../../../../arm-none-eabi/lib/thumb2/libc.a(lib_a-dtoa.o)
 .ARM.attributes
                0x0000054b       0x29 /usr/local/lpcxpresso_4.2.3_255/lpcxpresso/tools/bin/../lib/gcc/arm-none-eabi/4.5.1/../../../../arm-none-eabi/lib/thumb2/libc.a(lib_a-fflush.o)
 .ARM.attributes
                0x00000574       0x29 /usr/local/lpcxpresso_4.2.3_255/lpcxpresso/tools/bin/../lib/gcc/arm-none-eabi/4.5.1/../../../../arm-none-eabi/lib/thumb2/libc.a(lib_a-findfp.o)
 .ARM.attributes
                0x0000059d       0x29 /usr/local/lpcxpresso_4.2.3_255/lpcxpresso/tools/bin/../lib/gcc/arm-none-eabi/4.5.1/../../../../arm-none-eabi/lib/thumb2/libc.a(lib_a-freer.o)
 .ARM.attributes
                0x000005c6       0x29 /usr/local/lpcxpresso_4.2.3_255/lpcxpresso/tools/bin/../lib/gcc/arm-none-eabi/4.5.1/../../../../arm-none-eabi/lib/thumb2/libc.a(lib_a-fwalk.o)
 .ARM.attributes
                0x000005ef       0x29 /usr/local/lpcxpresso_4.2.3_255/lpcxpresso/tools/bin/../lib/gcc/arm-none-eabi/4.5.1/../../../../arm-none-eabi/lib/thumb2/libc.a(lib_a-impure.o)
 .ARM.attributes
                0x00000618       0x29 /usr/local/lpcxpresso_4.2.3_255/lpcxpresso/tools/bin/../lib/gcc/arm-none-eabi/4.5.1/../../../../arm-none-eabi/lib/thumb2/libc.a(lib_a-locale.o)
 .ARM.attributes
                0x00000641       0x29 /usr/local/lpcxpresso_4.2.3_255/lpcxpresso/tools/bin/../lib/gcc/arm-none-eabi/4.5.1/../../../../arm-none-eabi/lib/thumb2/libc.a(lib_a-makebuf.o)
 .ARM.attributes
                0x0000066a       0x29 /usr/local/lpcxpresso_4.2.3_255/lpcxpresso/tools/bin/../lib/gcc/arm-none-eabi/4.5.1/../../../../arm-none-eabi/lib/thumb2/libc.a(lib_a-malloc.o)
 .ARM.attributes
                0x00000693       0x29 /usr/local/lpcxpresso_4.2.3_255/lpcxpresso/tools/bin/../lib/gcc/arm-none-eabi/4.5.1/../../../../arm-none-eabi/lib/thumb2/libc.a(lib_a-mallocr.o)
 .ARM.attributes
                0x000006bc       0x29 /usr/local/lpcxpresso_4.2.3_255/lpcxpresso/tools/bin/../lib/gcc/arm-none-eabi/4.5.1/../../../../arm-none-eabi/lib/thumb2/libc.a(lib_a-memchr.o)
 .ARM.attributes
                0x000006e5       0x29 /usr/local/lpcxpresso_4.2.3_255/lpcxpresso/tools/bin/../lib/gcc/arm-none-eabi/4.5.1/../../../../arm-none-eabi/lib/thumb2/libc.a(lib_a-memset.o)
 .ARM.attributes
                0x0000070e       0x29 /usr/local/lpcxpresso_4.2.3_255/lpcxpresso/tools/bin/../lib/gcc/arm-none-eabi/4.5.1/../../../../arm-none-eabi/lib/thumb2/libc.a(lib_a-mlock.o)
 .ARM.attributes
                0x00000737       0x29 /usr/local/lpcxpresso_4.2.3_255/lpcxpresso/tools/bin/../lib/gcc/arm-none-eabi/4.5.1/../../../../arm-none-eabi/lib/thumb2/libc.a(lib_a-mprec.o)
 .ARM.attributes
                0x00000760       0x29 /usr/local/lpcxpresso_4.2.3_255/lpcxpresso/tools/bin/../lib/gcc/arm-none-eabi/4.5.1/../../../../arm-none-eabi/lib/thumb2/libc.a(lib_a-s_fpclassify.o)
 .ARM.attributes
                0x00000789       0x29 /usr/local/lpcxpresso_4.2.3_255/lpcxpresso/tools/bin/../lib/gcc/arm-none-eabi/4.5.1/../../../../arm-none-eabi/lib/thumb2/libc.a(lib_a-sbrkr.o)
 .ARM.attributes
                0x000007b2       0x29 /usr/local/lpcxpresso_4.2.3_255/lpcxpresso/tools/bin/../lib/gcc/arm-none-eabi/4.5.1/../../../../arm-none-eabi/lib/thumb2/libc.a(lib_a-stdio.o)
 .ARM.attributes
                0x000007db       0x29 /usr/local/lpcxpresso_4.2.3_255/lpcxpresso/tools/bin/../lib/gcc/arm-none-eabi/4.5.1/../../../../arm-none-eabi/lib/thumb2/libc.a(lib_a-strcmp.o)
 .ARM.attributes
                0x00000804       0x29 /usr/local/lpcxpresso_4.2.3_255/lpcxpresso/tools/bin/../lib/gcc/arm-none-eabi/4.5.1/../../../../arm-none-eabi/lib/thumb2/libc.a(lib_a-strlen.o)
 .ARM.attributes
                0x0000082d       0x29 /usr/local/lpcxpresso_4.2.3_255/lpcxpresso/tools/bin/../lib/gcc/arm-none-eabi/4.5.1/../../../../arm-none-eabi/lib/thumb2/libc.a(lib_a-vfiprintf.o)
 .ARM.attributes
                0x00000856       0x29 /usr/local/lpcxpresso_4.2.3_255/lpcxpresso/tools/bin/../lib/gcc/arm-none-eabi/4.5.1/../../../../arm-none-eabi/lib/thumb2/libc.a(lib_a-writer.o)
 .ARM.attributes
                0x0000087f       0x29 /usr/local/lpcxpresso_4.2.3_255/lpcxpresso/tools/bin/../lib/gcc/arm-none-eabi/4.5.1/../../../../arm-none-eabi/lib/thumb2/libc.a(lib_a-callocr.o)
 .ARM.attributes
                0x000008a8       0x29 /usr/local/lpcxpresso_4.2.3_255/lpcxpresso/tools/bin/../lib/gcc/arm-none-eabi/4.5.1/../../../../arm-none-eabi/lib/thumb2/libc.a(lib_a-closer.o)
 .ARM.attributes
                0x000008d1       0x29 /usr/local/lpcxpresso_4.2.3_255/lpcxpresso/tools/bin/../lib/gcc/arm-none-eabi/4.5.1/../../../../arm-none-eabi/lib/thumb2/libc.a(lib_a-fclose.o)
 .ARM.attributes
                0x000008fa       0x29 /usr/local/lpcxpresso_4.2.3_255/lpcxpresso/tools/bin/../lib/gcc/arm-none-eabi/4.5.1/../../../../arm-none-eabi/lib/thumb2/libc.a(lib_a-fputwc.o)
 .ARM.attributes
                0x00000923       0x29 /usr/local/lpcxpresso_4.2.3_255/lpcxpresso/tools/bin/../lib/gcc/arm-none-eabi/4.5.1/../../../../arm-none-eabi/lib/thumb2/libc.a(lib_a-fstatr.o)
 .ARM.attributes
                0x0000094c       0x29 /usr/local/lpcxpresso_4.2.3_255/lpcxpresso/tools/bin/../lib/gcc/arm-none-eabi/4.5.1/../../../../arm-none-eabi/lib/thumb2/libc.a(lib_a-fvwrite.o)
 .ARM.attributes
                0x00000975       0x29 /usr/local/lpcxpresso_4.2.3_255/lpcxpresso/tools/bin/../lib/gcc/arm-none-eabi/4.5.1/../../../../arm-none-eabi/lib/thumb2/libc.a(lib_a-isattyr.o)
 .ARM.attributes
                0x0000099e       0x29 /usr/local/lpcxpresso_4.2.3_255/lpcxpresso/tools/bin/../lib/gcc/arm-none-eabi/4.5.1/../../../../arm-none-eabi/lib/thumb2/libc.a(lib_a-lseekr.o)
 .ARM.attributes
                0x000009c7       0x29 /usr/local/lpcxpresso_4.2.3_255/lpcxpresso/tools/bin/../lib/gcc/arm-none-eabi/4.5.1/../../../../arm-none-eabi/lib/thumb2/libc.a(lib_a-memmove.o)
 .ARM.attributes
                0x000009f0       0x29 /usr/local/lpcxpresso_4.2.3_255/lpcxpresso/tools/bin/../lib/gcc/arm-none-eabi/4.5.1/../../../../arm-none-eabi/lib/thumb2/libc.a(lib_a-readr.o)
 .ARM.attributes
                0x00000a19       0x29 /usr/local/lpcxpresso_4.2.3_255/lpcxpresso/tools/bin/../lib/gcc/arm-none-eabi/4.5.1/../../../../arm-none-eabi/lib/thumb2/libc.a(lib_a-reallocr.o)
 .ARM.attributes
                0x00000a42       0x29 /usr/local/lpcxpresso_4.2.3_255/lpcxpresso/tools/bin/../lib/gcc/arm-none-eabi/4.5.1/../../../../arm-none-eabi/lib/thumb2/libc.a(lib_a-reent.o)
 .ARM.attributes
                0x00000a6b       0x29 /usr/local/lpcxpresso_4.2.3_255/lpcxpresso/tools/bin/../lib/gcc/arm-none-eabi/4.5.1/../../../../arm-none-eabi/lib/thumb2/libc.a(lib_a-wbuf.o)
 .ARM.attributes
                0x00000a94       0x29 /usr/local/lpcxpresso_4.2.3_255/lpcxpresso/tools/bin/../lib/gcc/arm-none-eabi/4.5.1/../../../../arm-none-eabi/lib/thumb2/libc.a(lib_a-wcrtomb.o)
 .ARM.attributes
                0x00000abd       0x29 /usr/local/lpcxpresso_4.2.3_255/lpcxpresso/tools/bin/../lib/gcc/arm-none-eabi/4.5.1/../../../../arm-none-eabi/lib/thumb2/libc.a(lib_a-wctomb_r.o)
 .ARM.attributes
                0x00000ae6       0x29 /usr/local/lpcxpresso_4.2.3_255/lpcxpresso/tools/bin/../lib/gcc/arm-none-eabi/4.5.1/../../../../arm-none-eabi/lib/thumb2/libm.a(lib_a-w_exp.o)
 .ARM.attributes
                0x00000b0f       0x29 /usr/local/lpcxpresso_4.2.3_255/lpcxpresso/tools/bin/../lib/gcc/arm-none-eabi/4.5.1/../../../../arm-none-eabi/lib/thumb2/libm.a(lib_a-w_pow.o)
 .ARM.attributes
                0x00000b38       0x29 /usr/local/lpcxpresso_4.2.3_255/lpcxpresso/tools/bin/../lib/gcc/arm-none-eabi/4.5.1/../../../../arm-none-eabi/lib/thumb2/libm.a(lib_a-w_sqrt.o)
 .ARM.attributes
                0x00000b61       0x29 /usr/local/lpcxpresso_4.2.3_255/lpcxpresso/tools/bin/../lib/gcc/arm-none-eabi/4.5.1/../../../../arm-none-eabi/lib/thumb2/libm.a(lib_a-wf_sqrt.o)
 .ARM.attributes
                0x00000b8a       0x29 /usr/local/lpcxpresso_4.2.3_255/lpcxpresso/tools/bin/../lib/gcc/arm-none-eabi/4.5.1/../../../../arm-none-eabi/lib/thumb2/libm.a(lib_a-e_exp.o)
 .ARM.attributes
                0x00000bb3       0x29 /usr/local/lpcxpresso_4.2.3_255/lpcxpresso/tools/bin/../lib/gcc/arm-none-eabi/4.5.1/../../../../arm-none-eabi/lib/thumb2/libm.a(lib_a-e_pow.o)
 .ARM.attributes
                0x00000bdc       0x29 /usr/local/lpcxpresso_4.2.3_255/lpcxpresso/tools/bin/../lib/gcc/arm-none-eabi/4.5.1/../../../../arm-none-eabi/lib/thumb2/libm.a(lib_a-e_sqrt.o)
 .ARM.attributes
                0x00000c05       0x29 /usr/local/lpcxpresso_4.2.3_255/lpcxpresso/tools/bin/../lib/gcc/arm-none-eabi/4.5.1/../../../../arm-none-eabi/lib/thumb2/libm.a(lib_a-ef_sqrt.o)
 .ARM.attributes
                0x00000c2e       0x29 /usr/local/lpcxpresso_4.2.3_255/lpcxpresso/tools/bin/../lib/gcc/arm-none-eabi/4.5.1/../../../../arm-none-eabi/lib/thumb2/libm.a(lib_a-s_fabs.o)
 .ARM.attributes
                0x00000c57       0x29 /usr/local/lpcxpresso_4.2.3_255/lpcxpresso/tools/bin/../lib/gcc/arm-none-eabi/4.5.1/../../../../arm-none-eabi/lib/thumb2/libm.a(lib_a-s_finite.o)
 .ARM.attributes
                0x00000c80       0x29 /usr/local/lpcxpresso_4.2.3_255/lpcxpresso/tools/bin/../lib/gcc/arm-none-eabi/4.5.1/../../../../arm-none-eabi/lib/thumb2/libm.a(lib_a-s_lib_ver.o)
 .ARM.attributes
                0x00000ca9       0x29 /usr/local/lpcxpresso_4.2.3_255/lpcxpresso/tools/bin/../lib/gcc/arm-none-eabi/4.5.1/../../../../arm-none-eabi/lib/thumb2/libm.a(lib_a-s_matherr.o)
 .ARM.attributes
                0x00000cd2       0x29 /usr/local/lpcxpresso_4.2.3_255/lpcxpresso/tools/bin/../lib/gcc/arm-none-eabi/4.5.1/../../../../arm-none-eabi/lib/thumb2/libm.a(lib_a-s_nan.o)
 .ARM.attributes
                0x00000cfb       0x29 /usr/local/lpcxpresso_4.2.3_255/lpcxpresso/tools/bin/../lib/gcc/arm-none-eabi/4.5.1/../../../../arm-none-eabi/lib/thumb2/libm.a(lib_a-s_rint.o)
 .ARM.attributes
                0x00000d24       0x29 /usr/local/lpcxpresso_4.2.3_255/lpcxpresso/tools/bin/../lib/gcc/arm-none-eabi/4.5.1/../../../../arm-none-eabi/lib/thumb2/libm.a(lib_a-s_scalbn.o)
 .ARM.attributes
                0x00000d4d       0x29 /usr/local/lpcxpresso_4.2.3_255/lpcxpresso/tools/bin/../lib/gcc/arm-none-eabi/4.5.1/../../../../arm-none-eabi/lib/thumb2/libm.a(lib_a-sf_fpclassify.o)
 .ARM.attributes
                0x00000d76       0x29 /usr/local/lpcxpresso_4.2.3_255/lpcxpresso/tools/bin/../lib/gcc/arm-none-eabi/4.5.1/../../../../arm-none-eabi/lib/thumb2/libm.a(lib_a-s_copysign.o)
 .ARM.attributes
                0x00000d9f       0x31 /usr/local/lpcxpresso_4.2.3_255/lpcxpresso/tools/bin/../lib/gcc/arm-none-eabi/4.5.1/../../../../arm-none-eabi/lib/thumb2/libcr_newlib_semihost.a(_cr_sbrk.o)
 .ARM.attributes
                0x00000dd0       0x31 /usr/local/lpcxpresso_4.2.3_255/lpcxpresso/tools/bin/../lib/gcc/arm-none-eabi/4.5.1/../../../../arm-none-eabi/lib/thumb2/libcr_newlib_semihost.a(syscalls.o)
 .ARM.attributes
                0x00000e01       0x31 /usr/local/lpcxpresso_4.2.3_255/lpcxpresso/tools/bin/../lib/gcc/arm-none-eabi/4.5.1/../../../../arm-none-eabi/lib/thumb2/libcr_newlib_semihost.a(_cr_check_heap.o)
 .ARM.attributes
                0x00000e32       0x1b /usr/local/lpcxpresso_4.2.3_255/lpcxpresso/tools/bin/../lib/gcc/arm-none-eabi/4.5.1/thumb2/libgcc.a(_arm_cmpdf2.o)
 .ARM.attributes
                0x00000e4d       0x1b /usr/local/lpcxpresso_4.2.3_255/lpcxpresso/tools/bin/../lib/gcc/arm-none-eabi/4.5.1/thumb2/libgcc.a(_arm_fixdfsi.o)
 .ARM.attributes
                0x00000e68       0x29 /usr/local/lpcxpresso_4.2.3_255/lpcxpresso/tools/bin/../lib/gcc/arm-none-eabi/4.5.1/../../../../arm-none-eabi/lib/thumb2/libc.a(lib_a-errno.o)

.debug_frame    0x00000000     0x201c
 .debug_frame   0x00000000      0x1cc ./src/cc2520-mac.o
 .debug_frame   0x000001cc       0xbc ./src/cc2520.o
 .debug_frame   0x00000288       0xf0 ./src/cr_startup_lpc176x.o
 .debug_frame   0x00000378       0x34 ./src/fijo.o
 .debug_frame   0x000003ac       0xc4 ./src/main.o
 .debug_frame   0x00000470       0xb4 ./src/movil.o
 .debug_frame   0x00000524       0xdc ./src/rssi.o
 .debug_frame   0x00000600      0x270 /home/joaquin/Documentos/Embebidos/Repositorio/WSN-LSE/CMSISv2p00_LPC17xx/Debug/libCMSISv2p00_LPC17xx.a(lpc17xx_gpio.o)