Archive member included because of file (symbol)

/home/joaquin/Documentos/Embebidos/Repositorio/WSN-LSE/CMSISv2p00_LPC17xx/Debug/libCMSISv2p00_LPC17xx.a(lpc17xx_gpio.o)
                              ./src/main.o (GPIO_SetDir)
/home/joaquin/Documentos/Embebidos/Repositorio/WSN-LSE/CMSISv2p00_LPC17xx/Debug/libCMSISv2p00_LPC17xx.a(lpc17xx_pinsel.o)
                              ./src/cc2520.o (PINSEL_ConfigPin)
/home/joaquin/Documentos/Embebidos/Repositorio/WSN-LSE/CMSISv2p00_LPC17xx/Debug/libCMSISv2p00_LPC17xx.a(lpc17xx_ssp.o)
                              ./src/cc2520.o (SSP_Init)
/home/joaquin/Documentos/Embebidos/Repositorio/WSN-LSE/CMSISv2p00_LPC17xx/Debug/libCMSISv2p00_LPC17xx.a(system_LPC17xx.o)
                              ./src/cr_startup_lpc176x.o (SystemInit)
/home/joaquin/Documentos/Embebidos/Repositorio/WSN-LSE/CMSISv2p00_LPC17xx/Debug/libCMSISv2p00_LPC17xx.a(lpc17xx_clkpwr.o)
                              /home/joaquin/Documentos/Embebidos/Repositorio/WSN-LSE/CMSISv2p00_LPC17xx/Debug/libCMSISv2p00_LPC17xx.a(lpc17xx_ssp.o) (CLKPWR_GetPCLK)
/home/joaquin/Documentos/Embebidos/Repositorio/WSN-LSE/CMSISv2p00_LPC17xx/Debug/libCMSISv2p00_LPC17xx.a(lpc17xx_libcfg_default.o)
                              /home/joaquin/Documentos/Embebidos/Repositorio/WSN-LSE/CMSISv2p00_LPC17xx/Debug/libCMSISv2p00_LPC17xx.a(lpc17xx_ssp.o) (check_failed)
/home/joaquin/Documentos/Embebidos/Repositorio/WSN-LSE/CMSISv2p10_DSPLIB_CM3/lib/libCMSISv2p10_DSPLIB_CM3.a(arm_mat_inverse_f32.o)
                              ./src/movil.o (arm_mat_inverse_f32)
/home/joaquin/Documentos/Embebidos/Repositorio/WSN-LSE/CMSISv2p10_DSPLIB_CM3/lib/libCMSISv2p10_DSPLIB_CM3.a(arm_mat_mult_f32.o)
                              ./src/movil.o (arm_mat_mult_f32)
/home/joaquin/Documentos/Embebidos/Repositorio/WSN-LSE/CMSISv2p10_DSPLIB_CM3/lib/libCMSISv2p10_DSPLIB_CM3.a(arm_mat_trans_f32.o)
                              ./src/movil.o (arm_mat_trans_f32)
/usr/local/lpcxpresso_4.2.3_255/lpcxpresso/tools/bin/../lib/gcc/arm-none-eabi/4.5.1/thumb2/libgcc.a(_arm_addsubdf3.o)
                              ./src/rssi.o (__aeabi_dadd)
/usr/local/lpcxpresso_4.2.3_255/lpcxpresso/tools/bin/../lib/gcc/arm-none-eabi/4.5.1/thumb2/libgcc.a(_arm_muldivdf3.o)
                              ./src/rssi.o (__aeabi_dmul)
/usr/local/lpcxpresso_4.2.3_255/lpcxpresso/tools/bin/../lib/gcc/arm-none-eabi/4.5.1/thumb2/libgcc.a(_arm_truncdfsf2.o)
                              ./src/movil.o (__aeabi_d2f)
/usr/local/lpcxpresso_4.2.3_255/lpcxpresso/tools/bin/../lib/gcc/arm-none-eabi/4.5.1/thumb2/libgcc.a(_arm_addsubsf3.o)
                              ./src/movil.o (__aeabi_fsub)
/usr/local/lpcxpresso_4.2.3_255/lpcxpresso/tools/bin/../lib/gcc/arm-none-eabi/4.5.1/thumb2/libgcc.a(_arm_muldivsf3.o)
                              ./src/movil.o (__aeabi_fmul)
/usr/local/lpcxpresso_4.2.3_255/lpcxpresso/tools/bin/../lib/gcc/arm-none-eabi/4.5.1/thumb2/libgcc.a(_arm_cmpsf2.o)
                              /home/joaquin/Documentos/Embebidos/Repositorio/WSN-LSE/CMSISv2p10_DSPLIB_CM3/lib/libCMSISv2p10_DSPLIB_CM3.a(arm_mat_inverse_f32.o) (__aeabi_fcmpeq)
/usr/local/lpcxpresso_4.2.3_255/lpcxpresso/tools/bin/../lib/gcc/arm-none-eabi/4.5.1/thumb2/libgcc.a(_aeabi_uldivmod.o)
                              /home/joaquin/Documentos/Embebidos/Repositorio/WSN-LSE/CMSISv2p00_LPC17xx/Debug/libCMSISv2p00_LPC17xx.a(system_LPC17xx.o) (__aeabi_uldivmod)
/usr/local/lpcxpresso_4.2.3_255/lpcxpresso/tools/bin/../lib/gcc/arm-none-eabi/4.5.1/thumb2/libgcc.a(bpabi.o)
                              /usr/local/lpcxpresso_4.2.3_255/lpcxpresso/tools/bin/../lib/gcc/arm-none-eabi/4.5.1/thumb2/libgcc.a(_aeabi_uldivmod.o) (__gnu_uldivmod_helper)
/usr/local/lpcxpresso_4.2.3_255/lpcxpresso/tools/bin/../lib/gcc/arm-none-eabi/4.5.1/thumb2/libgcc.a(_dvmd_tls.o)
                              /usr/local/lpcxpresso_4.2.3_255/lpcxpresso/tools/bin/../lib/gcc/arm-none-eabi/4.5.1/thumb2/libgcc.a(_aeabi_uldivmod.o) (__aeabi_ldiv0)
/usr/local/lpcxpresso_4.2.3_255/lpcxpresso/tools/bin/../lib/gcc/arm-none-eabi/4.5.1/thumb2/libgcc.a(_divdi3.o)
                              /usr/local/lpcxpresso_4.2.3_255/lpcxpresso/tools/bin/../lib/gcc/arm-none-eabi/4.5.1/thumb2/libgcc.a(bpabi.o) (__divdi3)
/usr/local/lpcxpresso_4.2.3_255/lpcxpresso/tools/bin/../lib/gcc/arm-none-eabi/4.5.1/thumb2/libgcc.a(_udivdi3.o)
                              /usr/local/lpcxpresso_4.2.3_255/lpcxpresso/tools/bin/../lib/gcc/arm-none-eabi/4.5.1/thumb2/libgcc.a(bpabi.o) (__udivdi3)
/usr/local/lpcxpresso_4.2.3_255/lpcxpresso/tools/bin/../lib/gcc/arm-none-eabi/4.5.1/thumb2/libgcc.a(_udivsi3.o)
                              /usr/local/lpcxpresso_4.2.3_255/lpcxpresso/tools/bin/../lib/gcc/arm-none-eabi/4.5.1/thumb2/libgcc.a(_divdi3.o) (__aeabi_uidiv)
/usr/local/lpcxpresso_4.2.3_255/lpcxpresso/tools/bin/../lib/gcc/arm-none-eabi/4.5.1/../../../../arm-none-eabi/lib/thumb2/libc.a(lib_a-memcpy.o)
                              ./src/cc2520-mac.o (memcpy)
/usr/local/lpcxpresso_4.2.3_255/lpcxpresso/tools/bin/../lib/gcc/arm-none-eabi/4.5.1/../../../../arm-none-eabi/lib/thumb2/libm.a(lib_a-w_exp.o)
                              ./src/rssi.o (exp)
/usr/local/lpcxpresso_4.2.3_255/lpcxpresso/tools/bin/../lib/gcc/arm-none-eabi/4.5.1/../../../../arm-none-eabi/lib/thumb2/libm.a(lib_a-w_pow.o)
                              ./src/rssi.o (pow)
/usr/local/lpcxpresso_4.2.3_255/lpcxpresso/tools/bin/../lib/gcc/arm-none-eabi/4.5.1/../../../../arm-none-eabi/lib/thumb2/libm.a(lib_a-w_sqrt.o)
                              ./src/rssi.o (sqrt)
/usr/local/lpcxpresso_4.2.3_255/lpcxpresso/tools/bin/../lib/gcc/arm-none-eabi/4.5.1/../../../../arm-none-eabi/lib/thumb2/libm.a(lib_a-wf_sqrt.o)
                              ./src/movil.o (sqrtf)
/usr/local/lpcxpresso_4.2.3_255/lpcxpresso/tools/bin/../lib/gcc/arm-none-eabi/4.5.1/../../../../arm-none-eabi/lib/thumb2/libm.a(lib_a-e_exp.o)
                              /usr/local/lpcxpresso_4.2.3_255/lpcxpresso/tools/bin/../lib/gcc/arm-none-eabi/4.5.1/../../../../arm-none-eabi/lib/thumb2/libm.a(lib_a-w_exp.o) (__ieee754_exp)
/usr/local/lpcxpresso_4.2.3_255/lpcxpresso/tools/bin/../lib/gcc/arm-none-eabi/4.5.1/../../../../arm-none-eabi/lib/thumb2/libm.a(lib_a-e_pow.o)
                              /usr/local/lpcxpresso_4.2.3_255/lpcxpresso/tools/bin/../lib/gcc/arm-none-eabi/4.5.1/../../../../arm-none-eabi/lib/thumb2/libm.a(lib_a-w_pow.o) (__ieee754_pow)
/usr/local/lpcxpresso_4.2.3_255/lpcxpresso/tools/bin/../lib/gcc/arm-none-eabi/4.5.1/../../../../arm-none-eabi/lib/thumb2/libm.a(lib_a-e_sqrt.o)
                              /usr/local/lpcxpresso_4.2.3_255/lpcxpresso/tools/bin/../lib/gcc/arm-none-eabi/4.5.1/../../../../arm-none-eabi/lib/thumb2/libm.a(lib_a-w_sqrt.o) (__ieee754_sqrt)
/usr/local/lpcxpresso_4.2.3_255/lpcxpresso/tools/bin/../lib/gcc/arm-none-eabi/4.5.1/../../../../arm-none-eabi/lib/thumb2/libm.a(lib_a-ef_sqrt.o)
                              /usr/local/lpcxpresso_4.2.3_255/lpcxpresso/tools/bin/../lib/gcc/arm-none-eabi/4.5.1/../../../../arm-none-eabi/lib/thumb2/libm.a(lib_a-wf_sqrt.o) (__ieee754_sqrtf)
/usr/local/lpcxpresso_4.2.3_255/lpcxpresso/tools/bin/../lib/gcc/arm-none-eabi/4.5.1/../../../../arm-none-eabi/lib/thumb2/libm.a(lib_a-s_fabs.o)
                              /usr/local/lpcxpresso_4.2.3_255/lpcxpresso/tools/bin/../lib/gcc/arm-none-eabi/4.5.1/../../../../arm-none-eabi/lib/thumb2/libm.a(lib_a-e_pow.o) (fabs)
/usr/local/lpcxpresso_4.2.3_255/lpcxpresso/tools/bin/../lib/gcc/arm-none-eabi/4.5.1/../../../../arm-none-eabi/lib/thumb2/libm.a(lib_a-s_finite.o)
                              /usr/local/lpcxpresso_4.2.3_255/lpcxpresso/tools/bin/../lib/gcc/arm-none-eabi/4.5.1/../../../../arm-none-eabi/lib/thumb2/libm.a(lib_a-w_exp.o) (finite)
/usr/local/lpcxpresso_4.2.3_255/lpcxpresso/tools/bin/../lib/gcc/arm-none-eabi/4.5.1/../../../../arm-none-eabi/lib/thumb2/libm.a(lib_a-s_fpclassify.o)
                              /usr/local/lpcxpresso_4.2.3_255/lpcxpresso/tools/bin/../lib/gcc/arm-none-eabi/4.5.1/../../../../arm-none-eabi/lib/thumb2/libm.a(lib_a-w_pow.o) (__fpclassifyd)
/usr/local/lpcxpresso_4.2.3_255/lpcxpresso/tools/bin/../lib/gcc/arm-none-eabi/4.5.1/../../../../arm-none-eabi/lib/thumb2/libm.a(lib_a-s_lib_ver.o)
                              /usr/local/lpcxpresso_4.2.3_255/lpcxpresso/tools/bin/../lib/gcc/arm-none-eabi/4.5.1/../../../../arm-none-eabi/lib/thumb2/libm.a(lib_a-w_exp.o) (__fdlib_version)
/usr/local/lpcxpresso_4.2.3_255/lpcxpresso/tools/bin/../lib/gcc/arm-none-eabi/4.5.1/../../../../arm-none-eabi/lib/thumb2/libm.a(lib_a-s_matherr.o)
                              /usr/local/lpcxpresso_4.2.3_255/lpcxpresso/tools/bin/../lib/gcc/arm-none-eabi/4.5.1/../../../../arm-none-eabi/lib/thumb2/libm.a(lib_a-w_exp.o) (matherr)
/usr/local/lpcxpresso_4.2.3_255/lpcxpresso/tools/bin/../lib/gcc/arm-none-eabi/4.5.1/../../../../arm-none-eabi/lib/thumb2/libm.a(lib_a-s_nan.o)
                              /usr/local/lpcxpresso_4.2.3_255/lpcxpresso/tools/bin/../lib/gcc/arm-none-eabi/4.5.1/../../../../arm-none-eabi/lib/thumb2/libm.a(lib_a-e_pow.o) (nan)
/usr/local/lpcxpresso_4.2.3_255/lpcxpresso/tools/bin/../lib/gcc/arm-none-eabi/4.5.1/../../../../arm-none-eabi/lib/thumb2/libm.a(lib_a-s_rint.o)
                              /usr/local/lpcxpresso_4.2.3_255/lpcxpresso/tools/bin/../lib/gcc/arm-none-eabi/4.5.1/../../../../arm-none-eabi/lib/thumb2/libm.a(lib_a-w_pow.o) (rint)
/usr/local/lpcxpresso_4.2.3_255/lpcxpresso/tools/bin/../lib/gcc/arm-none-eabi/4.5.1/../../../../arm-none-eabi/lib/thumb2/libm.a(lib_a-s_scalbn.o)
                              /usr/local/lpcxpresso_4.2.3_255/lpcxpresso/tools/bin/../lib/gcc/arm-none-eabi/4.5.1/../../../../arm-none-eabi/lib/thumb2/libm.a(lib_a-e_pow.o) (scalbn)
/usr/local/lpcxpresso_4.2.3_255/lpcxpresso/tools/bin/../lib/gcc/arm-none-eabi/4.5.1/../../../../arm-none-eabi/lib/thumb2/libm.a(lib_a-sf_fpclassify.o)
                              /usr/local/lpcxpresso_4.2.3_255/lpcxpresso/tools/bin/../lib/gcc/arm-none-eabi/4.5.1/../../../../arm-none-eabi/lib/thumb2/libm.a(lib_a-wf_sqrt.o) (__fpclassifyf)
/usr/local/lpcxpresso_4.2.3_255/lpcxpresso/tools/bin/../lib/gcc/arm-none-eabi/4.5.1/../../../../arm-none-eabi/lib/thumb2/libm.a(lib_a-s_copysign.o)
                              /usr/local/lpcxpresso_4.2.3_255/lpcxpresso/tools/bin/../lib/gcc/arm-none-eabi/4.5.1/../../../../arm-none-eabi/lib/thumb2/libm.a(lib_a-s_scalbn.o) (copysign)
/usr/local/lpcxpresso_4.2.3_255/lpcxpresso/tools/bin/../lib/gcc/arm-none-eabi/4.5.1/thumb2/libgcc.a(_arm_cmpdf2.o)
                              /usr/local/lpcxpresso_4.2.3_255/lpcxpresso/tools/bin/../lib/gcc/arm-none-eabi/4.5.1/../../../../arm-none-eabi/lib/thumb2/libm.a(lib_a-w_pow.o) (__aeabi_dcmpeq)
/usr/local/lpcxpresso_4.2.3_255/lpcxpresso/tools/bin/../lib/gcc/arm-none-eabi/4.5.1/thumb2/libgcc.a(_arm_fixdfsi.o)
                              /usr/local/lpcxpresso_4.2.3_255/lpcxpresso/tools/bin/../lib/gcc/arm-none-eabi/4.5.1/../../../../arm-none-eabi/lib/thumb2/libm.a(lib_a-e_exp.o) (__aeabi_d2iz)
/usr/local/lpcxpresso_4.2.3_255/lpcxpresso/tools/bin/../lib/gcc/arm-none-eabi/4.5.1/../../../../arm-none-eabi/lib/thumb2/libc.a(lib_a-errno.o)
                              /usr/local/lpcxpresso_4.2.3_255/lpcxpresso/tools/bin/../lib/gcc/arm-none-eabi/4.5.1/../../../../arm-none-eabi/lib/thumb2/libm.a(lib_a-w_exp.o) (__errno)
/usr/local/lpcxpresso_4.2.3_255/lpcxpresso/tools/bin/../lib/gcc/arm-none-eabi/4.5.1/../../../../arm-none-eabi/lib/thumb2/libc.a(lib_a-impure.o)
                              /usr/local/lpcxpresso_4.2.3_255/lpcxpresso/tools/bin/../lib/gcc/arm-none-eabi/4.5.1/../../../../arm-none-eabi/lib/thumb2/libc.a(lib_a-errno.o) (_impure_ptr)

Allocating common symbols
Common symbol       size              file

pausecont           0x4               ./src/main.o
sec_num             0x1               ./src/cc2520-mac.o
ledcont             0x4               ./src/main.o
tabla               0x36b0            ./src/cc2520-mac.o

Discarded input sections

 .text          0x00000000        0x0 ./src/cc2520-mac.o
 .data          0x00000000        0x0 ./src/cc2520-mac.o
 .bss           0x00000000        0x0 ./src/cc2520-mac.o
 .text.ccGetLocalShortAddr
                0x00000000       0x28 ./src/cc2520-mac.o
 .text.ccGetLocalPANID
                0x00000000       0x28 ./src/cc2520-mac.o
 .text.ccGetLocalExtAddr
                0x00000000       0x28 ./src/cc2520-mac.o
 .text.ccSetSrcShortAddr
                0x00000000       0x44 ./src/cc2520-mac.o
 .text.ccGetSrcShortAddr
                0x00000000       0x44 ./src/cc2520-mac.o
 .text.ccSetSrcExtAddr
                0x00000000       0x48 ./src/cc2520-mac.o
 .text.ccGetSrcExtAddr
                0x00000000       0x50 ./src/cc2520-mac.o
 COMMON         0x00000000     0x36b4 ./src/cc2520-mac.o
 .text          0x00000000        0x0 ./src/cc2520.o
 .data          0x00000000        0x0 ./src/cc2520.o
 .bss           0x00000000        0x0 ./src/cc2520.o
 .text          0x00000000        0x0 ./src/cr_startup_lpc176x.o
 .data          0x00000000        0x0 ./src/cr_startup_lpc176x.o
 .bss           0x00000000        0x0 ./src/cr_startup_lpc176x.o
 .text          0x00000000        0x0 ./src/fijo.o
 .data          0x00000000        0x0 ./src/fijo.o
 .bss           0x00000000        0x0 ./src/fijo.o
 .text          0x00000000        0x0 ./src/main.o
 .data          0x00000000        0x0 ./src/main.o
 .bss           0x00000000        0x0 ./src/main.o
 .text          0x00000000        0x0 ./src/movil.o
 .data          0x00000000        0x0 ./src/movil.o
 .bss           0x00000000        0x0 ./src/movil.o
 .text.arm_sqrt_f32
                0x00000000       0x58 ./src/movil.o
 .text.rutina_movil
                0x00000000      0x330 ./src/movil.o
 .text.trilateracion
                0x00000000      0x500 ./src/movil.o
 .text.enviar_posicion
                0x00000000       0xc8 ./src/movil.o
 .text.dist2d   0x00000000       0x80 ./src/movil.o
 .text          0x00000000        0x0 ./src/rssi.o
 .data          0x00000000        0x0 ./src/rssi.o
 .bss           0x00000000        0x0 ./src/rssi.o
 .text.RSSI_to_dist_1
                0x00000000       0xf8 ./src/rssi.o
 .text.RSSI_to_dist_2
                0x00000000       0x80 ./src/rssi.o
 .text.sumar_vectores
                0x00000000       0x5c ./src/rssi.o
 .text.buscar_max
                0x00000000       0x74 ./src/rssi.o
 .text.promediar
                0x00000000       0x7c ./src/rssi.o
 .text.calc_tabla
                0x00000000      0x1d0 ./src/rssi.o
 .rodata.C.0.6682
                0x00000000       0x8c ./src/rssi.o
 .rodata.C.1.6683
                0x00000000       0x8c ./src/rssi.o
 .text          0x00000000        0x0 /home/joaquin/Documentos/Embebidos/Repositorio/WSN-LSE/CMSISv2p00_LPC17xx/Debug/libCMSISv2p00_LPC17xx.a(lpc17xx_gpio.o)
 .data          0x00000000        0x0 /home/joaquin/Documentos/Embebidos/Repositorio/WSN-LSE/CMSISv2p00_LPC17xx/Debug/libCMSISv2p00_LPC17xx.a(lpc17xx_gpio.o)
 .bss           0x00000000        0x0 /home/joaquin/Documentos/Embebidos/Repositorio/WSN-LSE/CMSISv2p00_LPC17xx/Debug/libCMSISv2p00_LPC17xx.a(lpc17xx_gpio.o)
 .text.FIO_HalfWordGetPointer
                0x00000000       0x14 /home/joaquin/Documentos/Embebidos/Repositorio/WSN-LSE/CMSISv2p00_LPC17xx/Debug/libCMSISv2p00_LPC17xx.a(lpc17xx_gpio.o)
 .text.FIO_ByteGetPointer
                0x00000000       0x14 /home/joaquin/Documentos/Embebidos/Repositorio/WSN-LSE/CMSISv2p00_LPC17xx/Debug/libCMSISv2p00_LPC17xx.a(lpc17xx_gpio.o)
 .text.GPIO_ReadValue
                0x00000000        0xc /home/joaquin/Documentos/Embebidos/Repositorio/WSN-LSE/CMSISv2p00_LPC17xx/Debug/libCMSISv2p00_LPC17xx.a(lpc17xx_gpio.o)
 .text.GPIO_IntCmd
                0x00000000       0x30 /home/joaquin/Documentos/Embebidos/Repositorio/WSN-LSE/CMSISv2p00_LPC17xx/Debug/libCMSISv2p00_LPC17xx.a(lpc17xx_gpio.o)
 .text.GPIO_GetIntStatus
                0x00000000       0x38 /home/joaquin/Documentos/Embebidos/Repositorio/WSN-LSE/CMSISv2p00_LPC17xx/Debug/libCMSISv2p00_LPC17xx.a(lpc17xx_gpio.o)
 .text.GPIO_ClearInt
                0x00000000       0x18 /home/joaquin/Documentos/Embebidos/Repositorio/WSN-LSE/CMSISv2p00_LPC17xx/Debug/libCMSISv2p00_LPC17xx.a(lpc17xx_gpio.o)
 .text.FIO_SetDir
                0x00000000        0x4 /home/joaquin/Documentos/Embebidos/Repositorio/WSN-LSE/CMSISv2p00_LPC17xx/Debug/libCMSISv2p00_LPC17xx.a(lpc17xx_gpio.o)
 .text.FIO_SetValue
                0x00000000        0x4 /home/joaquin/Documentos/Embebidos/Repositorio/WSN-LSE/CMSISv2p00_LPC17xx/Debug/libCMSISv2p00_LPC17xx.a(lpc17xx_gpio.o)
 .text.FIO_ClearValue
                0x00000000        0x4 /home/joaquin/Documentos/Embebidos/Repositorio/WSN-LSE/CMSISv2p00_LPC17xx/Debug/libCMSISv2p00_LPC17xx.a(lpc17xx_gpio.o)
 .text.FIO_ReadValue
                0x00000000        0x4 /home/joaquin/Documentos/Embebidos/Repositorio/WSN-LSE/CMSISv2p00_LPC17xx/Debug/libCMSISv2p00_LPC17xx.a(lpc17xx_gpio.o)
 .text.FIO_IntCmd
                0x00000000        0x4 /home/joaquin/Documentos/Embebidos/Repositorio/WSN-LSE/CMSISv2p00_LPC17xx/Debug/libCMSISv2p00_LPC17xx.a(lpc17xx_gpio.o)
 .text.FIO_GetIntStatus
                0x00000000        0x4 /home/joaquin/Documentos/Embebidos/Repositorio/WSN-LSE/CMSISv2p00_LPC17xx/Debug/libCMSISv2p00_LPC17xx.a(lpc17xx_gpio.o)
 .text.FIO_ClearInt
                0x00000000        0x4 /home/joaquin/Documentos/Embebidos/Repositorio/WSN-LSE/CMSISv2p00_LPC17xx/Debug/libCMSISv2p00_LPC17xx.a(lpc17xx_gpio.o)
 .text.FIO_SetMask
                0x00000000       0x20 /home/joaquin/Documentos/Embebidos/Repositorio/WSN-LSE/CMSISv2p00_LPC17xx/Debug/libCMSISv2p00_LPC17xx.a(lpc17xx_gpio.o)
 .text.FIO_HalfWordSetDir
                0x00000000       0x3c /home/joaquin/Documentos/Embebidos/Repositorio/WSN-LSE/CMSISv2p00_LPC17xx/Debug/libCMSISv2p00_LPC17xx.a(lpc17xx_gpio.o)
 .text.FIO_HalfWordSetMask
                0x00000000       0x3c /home/joaquin/Documentos/Embebidos/Repositorio/WSN-LSE/CMSISv2p00_LPC17xx/Debug/libCMSISv2p00_LPC17xx.a(lpc17xx_gpio.o)
 .text.FIO_HalfWordSetValue
                0x00000000       0x16 /home/joaquin/Documentos/Embebidos/Repositorio/WSN-LSE/CMSISv2p00_LPC17xx/Debug/libCMSISv2p00_LPC17xx.a(lpc17xx_gpio.o)
 .text.FIO_HalfWordClearValue
                0x00000000       0x16 /home/joaquin/Documentos/Embebidos/Repositorio/WSN-LSE/CMSISv2p00_LPC17xx/Debug/libCMSISv2p00_LPC17xx.a(lpc17xx_gpio.o)
 .text.FIO_HalfWordReadValue
                0x00000000       0x18 /home/joaquin/Documentos/Embebidos/Repositorio/WSN-LSE/CMSISv2p00_LPC17xx/Debug/libCMSISv2p00_LPC17xx.a(lpc17xx_gpio.o)
 .text.FIO_ByteSetDir
                0x00000000       0x2c /home/joaquin/Documentos/Embebidos/Repositorio/WSN-LSE/CMSISv2p00_LPC17xx/Debug/libCMSISv2p00_LPC17xx.a(lpc17xx_gpio.o)
 .text.FIO_ByteSetMask
                0x00000000       0x30 /home/joaquin/Documentos/Embebidos/Repositorio/WSN-LSE/CMSISv2p00_LPC17xx/Debug/libCMSISv2p00_LPC17xx.a(lpc17xx_gpio.o)
 .text.FIO_ByteSetValue
                0x00000000       0x16 /home/joaquin/Documentos/Embebidos/Repositorio/WSN-LSE/CMSISv2p00_LPC17xx/Debug/libCMSISv2p00_LPC17xx.a(lpc17xx_gpio.o)
 .text.FIO_ByteClearValue
                0x00000000       0x16 /home/joaquin/Documentos/Embebidos/Repositorio/WSN-LSE/CMSISv2p00_LPC17xx/Debug/libCMSISv2p00_LPC17xx.a(lpc17xx_gpio.o)
 .text.FIO_ByteReadValue
                0x00000000       0x18 /home/joaquin/Documentos/Embebidos/Repositorio/WSN-LSE/CMSISv2p00_LPC17xx/Debug/libCMSISv2p00_LPC17xx.a(lpc17xx_gpio.o)
 .rodata.CSWTCH.9
                0x00000000       0x14 /home/joaquin/Documentos/Embebidos/Repositorio/WSN-LSE/CMSISv2p00_LPC17xx/Debug/libCMSISv2p00_LPC17xx.a(lpc17xx_gpio.o)
 .rodata.CSWTCH.12
                0x00000000       0x14 /home/joaquin/Documentos/Embebidos/Repositorio/WSN-LSE/CMSISv2p00_LPC17xx/Debug/libCMSISv2p00_LPC17xx.a(lpc17xx_gpio.o)
 .text          0x00000000        0x0 /home/joaquin/Documentos/Embebidos/Repositorio/WSN-LSE/CMSISv2p00_LPC17xx/Debug/libCMSISv2p00_LPC17xx.a(lpc17xx_pinsel.o)
 .data          0x00000000        0x0 /home/joaquin/Documentos/Embebidos/Repositorio/WSN-LSE/CMSISv2p00_LPC17xx/Debug/libCMSISv2p00_LPC17xx.a(lpc17xx_pinsel.o)
 .bss           0x00000000        0x0 /home/joaquin/Documentos/Embebidos/Repositorio/WSN-LSE/CMSISv2p00_LPC17xx/Debug/libCMSISv2p00_LPC17xx.a(lpc17xx_pinsel.o)
 .text.PINSEL_ConfigTraceFunc
                0x00000000       0x24 /home/joaquin/Documentos/Embebidos/Repositorio/WSN-LSE/CMSISv2p00_LPC17xx/Debug/libCMSISv2p00_LPC17xx.a(lpc17xx_pinsel.o)
 .text.PINSEL_SetI2C0Pins
                0x00000000       0x14 /home/joaquin/Documentos/Embebidos/Repositorio/WSN-LSE/CMSISv2p00_LPC17xx/Debug/libCMSISv2p00_LPC17xx.a(lpc17xx_pinsel.o)
 .text          0x00000000        0x0 /home/joaquin/Documentos/Embebidos/Repositorio/WSN-LSE/CMSISv2p00_LPC17xx/Debug/libCMSISv2p00_LPC17xx.a(lpc17xx_ssp.o)
 .data          0x00000000        0x0 /home/joaquin/Documentos/Embebidos/Repositorio/WSN-LSE/CMSISv2p00_LPC17xx/Debug/libCMSISv2p00_LPC17xx.a(lpc17xx_ssp.o)
 .bss           0x00000000        0x0 /home/joaquin/Documentos/Embebidos/Repositorio/WSN-LSE/CMSISv2p00_LPC17xx/Debug/libCMSISv2p00_LPC17xx.a(lpc17xx_ssp.o)
 .text.SSP_DeInit
                0x00000000       0x44 /home/joaquin/Documentos/Embebidos/Repositorio/WSN-LSE/CMSISv2p00_LPC17xx/Debug/libCMSISv2p00_LPC17xx.a(lpc17xx_ssp.o)
 .text.SSP_ConfigStructInit
                0x00000000       0x18 /home/joaquin/Documentos/Embebidos/Repositorio/WSN-LSE/CMSISv2p00_LPC17xx/Debug/libCMSISv2p00_LPC17xx.a(lpc17xx_ssp.o)
 .text.SSP_LoopBackCmd
                0x00000000       0x48 /home/joaquin/Documentos/Embebidos/Repositorio/WSN-LSE/CMSISv2p00_LPC17xx/Debug/libCMSISv2p00_LPC17xx.a(lpc17xx_ssp.o)
 .text.SSP_SlaveOutputCmd
                0x00000000       0x4c /home/joaquin/Documentos/Embebidos/Repositorio/WSN-LSE/CMSISv2p00_LPC17xx/Debug/libCMSISv2p00_LPC17xx.a(lpc17xx_ssp.o)
 .text.SSP_GetStatus
                0x00000000       0x50 /home/joaquin/Documentos/Embebidos/Repositorio/WSN-LSE/CMSISv2p00_LPC17xx/Debug/libCMSISv2p00_LPC17xx.a(lpc17xx_ssp.o)
 .text.SSP_IntConfig
                0x00000000       0x40 /home/joaquin/Documentos/Embebidos/Repositorio/WSN-LSE/CMSISv2p00_LPC17xx/Debug/libCMSISv2p00_LPC17xx.a(lpc17xx_ssp.o)
 .text.SSP_GetRawIntStatus
                0x00000000       0x4c /home/joaquin/Documentos/Embebidos/Repositorio/WSN-LSE/CMSISv2p00_LPC17xx/Debug/libCMSISv2p00_LPC17xx.a(lpc17xx_ssp.o)
 .text.SSP_GetRawIntStatusReg
                0x00000000       0x2c /home/joaquin/Documentos/Embebidos/Repositorio/WSN-LSE/CMSISv2p00_LPC17xx/Debug/libCMSISv2p00_LPC17xx.a(lpc17xx_ssp.o)
 .text.SSP_GetIntStatus
                0x00000000       0x4c /home/joaquin/Documentos/Embebidos/Repositorio/WSN-LSE/CMSISv2p00_LPC17xx/Debug/libCMSISv2p00_LPC17xx.a(lpc17xx_ssp.o)
 .text.SSP_ClearIntPending
                0x00000000       0x3c /home/joaquin/Documentos/Embebidos/Repositorio/WSN-LSE/CMSISv2p00_LPC17xx/Debug/libCMSISv2p00_LPC17xx.a(lpc17xx_ssp.o)
 .text.SSP_DMACmd
                0x00000000       0x60 /home/joaquin/Documentos/Embebidos/Repositorio/WSN-LSE/CMSISv2p00_LPC17xx/Debug/libCMSISv2p00_LPC17xx.a(lpc17xx_ssp.o)
 .text          0x00000000        0x0 /home/joaquin/Documentos/Embebidos/Repositorio/WSN-LSE/CMSISv2p00_LPC17xx/Debug/libCMSISv2p00_LPC17xx.a(system_LPC17xx.o)
 .data          0x00000000        0x0 /home/joaquin/Documentos/Embebidos/Repositorio/WSN-LSE/CMSISv2p00_LPC17xx/Debug/libCMSISv2p00_LPC17xx.a(system_LPC17xx.o)
 .bss           0x00000000        0x0 /home/joaquin/Documentos/Embebidos/Repositorio/WSN-LSE/CMSISv2p00_LPC17xx/Debug/libCMSISv2p00_LPC17xx.a(system_LPC17xx.o)
 .text.SystemCoreClockUpdate
                0x00000000       0xf0 /home/joaquin/Documentos/Embebidos/Repositorio/WSN-LSE/CMSISv2p00_LPC17xx/Debug/libCMSISv2p00_LPC17xx.a(system_LPC17xx.o)
 .text          0x00000000        0x0 /home/joaquin/Documentos/Embebidos/Repositorio/WSN-LSE/CMSISv2p00_LPC17xx/Debug/libCMSISv2p00_LPC17xx.a(lpc17xx_clkpwr.o)
 .data          0x00000000        0x0 /home/joaquin/Documentos/Embebidos/Repositorio/WSN-LSE/CMSISv2p00_LPC17xx/Debug/libCMSISv2p00_LPC17xx.a(lpc17xx_clkpwr.o)
 .bss           0x00000000        0x0 /home/joaquin/Documentos/Embebidos/Repositorio/WSN-LSE/CMSISv2p00_LPC17xx/Debug/libCMSISv2p00_LPC17xx.a(lpc17xx_clkpwr.o)
 .text.CLKPWR_SetPCLKDiv
                0x00000000       0x4c /home/joaquin/Documentos/Embebidos/Repositorio/WSN-LSE/CMSISv2p00_LPC17xx/Debug/libCMSISv2p00_LPC17xx.a(lpc17xx_clkpwr.o)
 .text.CLKPWR_Sleep
                0x00000000       0x10 /home/joaquin/Documentos/Embebidos/Repositorio/WSN-LSE/CMSISv2p00_LPC17xx/Debug/libCMSISv2p00_LPC17xx.a(lpc17xx_clkpwr.o)
 .text.CLKPWR_DeepSleep
                0x00000000       0x1c /home/joaquin/Documentos/Embebidos/Repositorio/WSN-LSE/CMSISv2p00_LPC17xx/Debug/libCMSISv2p00_LPC17xx.a(lpc17xx_clkpwr.o)
 .text.CLKPWR_PowerDown
                0x00000000       0x1c /home/joaquin/Documentos/Embebidos/Repositorio/WSN-LSE/CMSISv2p00_LPC17xx/Debug/libCMSISv2p00_LPC17xx.a(lpc17xx_clkpwr.o)
 .text.CLKPWR_DeepPowerDown
                0x00000000       0x1c /home/joaquin/Documentos/Embebidos/Repositorio/WSN-LSE/CMSISv2p00_LPC17xx/Debug/libCMSISv2p00_LPC17xx.a(lpc17xx_clkpwr.o)
 .text          0x00000000        0x0 /home/joaquin/Documentos/Embebidos/Repositorio/WSN-LSE/CMSISv2p00_LPC17xx/Debug/libCMSISv2p00_LPC17xx.a(lpc17xx_libcfg_default.o)
 .data          0x00000000        0x0 /home/joaquin/Documentos/Embebidos/Repositorio/WSN-LSE/CMSISv2p00_LPC17xx/Debug/libCMSISv2p00_LPC17xx.a(lpc17xx_libcfg_default.o)
 .bss           0x00000000        0x0 /home/joaquin/Documentos/Embebidos/Repositorio/WSN-LSE/CMSISv2p00_LPC17xx/Debug/libCMSISv2p00_LPC17xx.a(lpc17xx_libcfg_default.o)
 .text          0x00000000        0x0 /home/joaquin/Documentos/Embebidos/Repositorio/WSN-LSE/CMSISv2p10_DSPLIB_CM3/lib/libCMSISv2p10_DSPLIB_CM3.a(arm_mat_inverse_f32.o)
 .data          0x00000000        0x0 /home/joaquin/Documentos/Embebidos/Repositorio/WSN-LSE/CMSISv2p10_DSPLIB_CM3/lib/libCMSISv2p10_DSPLIB_CM3.a(arm_mat_inverse_f32.o)
 .bss           0x00000000        0x0 /home/joaquin/Documentos/Embebidos/Repositorio/WSN-LSE/CMSISv2p10_DSPLIB_CM3/lib/libCMSISv2p10_DSPLIB_CM3.a(arm_mat_inverse_f32.o)
 .text.arm_mat_inverse_f32
                0x00000000      0x658 /home/joaquin/Documentos/Embebidos/Repositorio/WSN-LSE/CMSISv2p10_DSPLIB_CM3/lib/libCMSISv2p10_DSPLIB_CM3.a(arm_mat_inverse_f32.o)
 .text          0x00000000        0x0 /home/joaquin/Documentos/Embebidos/Repositorio/WSN-LSE/CMSISv2p10_DSPLIB_CM3/lib/libCMSISv2p10_DSPLIB_CM3.a(arm_mat_mult_f32.o)
 .data          0x00000000        0x0 /home/joaquin/Documentos/Embebidos/Repositorio/WSN-LSE/CMSISv2p10_DSPLIB_CM3/lib/libCMSISv2p10_DSPLIB_CM3.a(arm_mat_mult_f32.o)
 .bss           0x00000000        0x0 /home/joaquin/Documentos/Embebidos/Repositorio/WSN-LSE/CMSISv2p10_DSPLIB_CM3/lib/libCMSISv2p10_DSPLIB_CM3.a(arm_mat_mult_f32.o)
 .text.arm_mat_mult_f32
                0x00000000      0x318 /home/joaquin/Documentos/Embebidos/Repositorio/WSN-LSE/CMSISv2p10_DSPLIB_CM3/lib/libCMSISv2p10_DSPLIB_CM3.a(arm_mat_mult_f32.o)
 .text          0x00000000        0x0 /home/joaquin/Documentos/Embebidos/Repositorio/WSN-LSE/CMSISv2p10_DSPLIB_CM3/lib/libCMSISv2p10_DSPLIB_CM3.a(arm_mat_trans_f32.o)
 .data          0x00000000        0x0 /home/joaquin/Documentos/Embebidos/Repositorio/WSN-LSE/CMSISv2p10_DSPLIB_CM3/lib/libCMSISv2p10_DSPLIB_CM3.a(arm_mat_trans_f32.o)
 .bss           0x00000000        0x0 /home/joaquin/Documentos/Embebidos/Repositorio/WSN-LSE/CMSISv2p10_DSPLIB_CM3/lib/libCMSISv2p10_DSPLIB_CM3.a(arm_mat_trans_f32.o)
 .text.arm_mat_trans_f32
                0x00000000      0x254 /home/joaquin/Documentos/Embebidos/Repositorio/WSN-LSE/CMSISv2p10_DSPLIB_CM3/lib/libCMSISv2p10_DSPLIB_CM3.a(arm_mat_trans_f32.o)
 .text          0x00000000      0x370 /usr/local/lpcxpresso_4.2.3_255/lpcxpresso/tools/bin/../lib/gcc/arm-none-eabi/4.5.1/thumb2/libgcc.a(_arm_addsubdf3.o)
 .data          0x00000000        0x0 /usr/local/lpcxpresso_4.2.3_255/lpcxpresso/tools/bin/../lib/gcc/arm-none-eabi/4.5.1/thumb2/libgcc.a(_arm_addsubdf3.o)
 .bss           0x00000000        0x0 /usr/local/lpcxpresso_4.2.3_255/lpcxpresso/tools/bin/../lib/gcc/arm-none-eabi/4.5.1/thumb2/libgcc.a(_arm_addsubdf3.o)
 .text          0x00000000      0x424 /usr/local/lpcxpresso_4.2.3_255/lpcxpresso/tools/bin/../lib/gcc/arm-none-eabi/4.5.1/thumb2/libgcc.a(_arm_muldivdf3.o)
 .data          0x00000000        0x0 /usr/local/lpcxpresso_4.2.3_255/lpcxpresso/tools/bin/../lib/gcc/arm-none-eabi/4.5.1/thumb2/libgcc.a(_arm_muldivdf3.o)
 .bss           0x00000000        0x0 /usr/local/lpcxpresso_4.2.3_255/lpcxpresso/tools/bin/../lib/gcc/arm-none-eabi/4.5.1/thumb2/libgcc.a(_arm_muldivdf3.o)
 .text          0x00000000       0xa0 /usr/local/lpcxpresso_4.2.3_255/lpcxpresso/tools/bin/../lib/gcc/arm-none-eabi/4.5.1/thumb2/libgcc.a(_arm_truncdfsf2.o)
 .data          0x00000000        0x0 /usr/local/lpcxpresso_4.2.3_255/lpcxpresso/tools/bin/../lib/gcc/arm-none-eabi/4.5.1/thumb2/libgcc.a(_arm_truncdfsf2.o)
 .bss           0x00000000        0x0 /usr/local/lpcxpresso_4.2.3_255/lpcxpresso/tools/bin/../lib/gcc/arm-none-eabi/4.5.1/thumb2/libgcc.a(_arm_truncdfsf2.o)
 .text          0x00000000      0x21c /usr/local/lpcxpresso_4.2.3_255/lpcxpresso/tools/bin/../lib/gcc/arm-none-eabi/4.5.1/thumb2/libgcc.a(_arm_addsubsf3.o)
 .data          0x00000000        0x0 /usr/local/lpcxpresso_4.2.3_255/lpcxpresso/tools/bin/../lib/gcc/arm-none-eabi/4.5.1/thumb2/libgcc.a(_arm_addsubsf3.o)
 .bss           0x00000000        0x0 /usr/local/lpcxpresso_4.2.3_255/lpcxpresso/tools/bin/../lib/gcc/arm-none-eabi/4.5.1/thumb2/libgcc.a(_arm_addsubsf3.o)
 .text          0x00000000      0x2a0 /usr/local/lpcxpresso_4.2.3_255/lpcxpresso/tools/bin/../lib/gcc/arm-none-eabi/4.5.1/thumb2/libgcc.a(_arm_muldivsf3.o)
 .data          0x00000000        0x0 /usr/local/lpcxpresso_4.2.3_255/lpcxpresso/tools/bin/../lib/gcc/arm-none-eabi/4.5.1/thumb2/libgcc.a(_arm_muldivsf3.o)
 .bss           0x00000000        0x0 /usr/local/lpcxpresso_4.2.3_255/lpcxpresso/tools/bin/../lib/gcc/arm-none-eabi/4.5.1/thumb2/libgcc.a(_arm_muldivsf3.o)
 .text          0x00000000       0xec /usr/local/lpcxpresso_4.2.3_255/lpcxpresso/tools/bin/../lib/gcc/arm-none-eabi/4.5.1/thumb2/libgcc.a(_arm_cmpsf2.o)
 .data          0x00000000        0x0 /usr/local/lpcxpresso_4.2.3_255/lpcxpresso/tools/bin/../lib/gcc/arm-none-eabi/4.5.1/thumb2/libgcc.a(_arm_cmpsf2.o)
 .bss           0x00000000        0x0 /usr/local/lpcxpresso_4.2.3_255/lpcxpresso/tools/bin/../lib/gcc/arm-none-eabi/4.5.1/thumb2/libgcc.a(_arm_cmpsf2.o)
 .text          0x00000000       0x2c /usr/local/lpcxpresso_4.2.3_255/lpcxpresso/tools/bin/../lib/gcc/arm-none-eabi/4.5.1/thumb2/libgcc.a(_aeabi_uldivmod.o)
 .data          0x00000000        0x0 /usr/local/lpcxpresso_4.2.3_255/lpcxpresso/tools/bin/../lib/gcc/arm-none-eabi/4.5.1/thumb2/libgcc.a(_aeabi_uldivmod.o)
 .bss           0x00000000        0x0 /usr/local/lpcxpresso_4.2.3_255/lpcxpresso/tools/bin/../lib/gcc/arm-none-eabi/4.5.1/thumb2/libgcc.a(_aeabi_uldivmod.o)
 .text          0x00000000       0x60 /usr/local/lpcxpresso_4.2.3_255/lpcxpresso/tools/bin/../lib/gcc/arm-none-eabi/4.5.1/thumb2/libgcc.a(bpabi.o)
 .data          0x00000000        0x0 /usr/local/lpcxpresso_4.2.3_255/lpcxpresso/tools/bin/../lib/gcc/arm-none-eabi/4.5.1/thumb2/libgcc.a(bpabi.o)
 .bss           0x00000000        0x0 /usr/local/lpcxpresso_4.2.3_255/lpcxpresso/tools/bin/../lib/gcc/arm-none-eabi/4.5.1/thumb2/libgcc.a(bpabi.o)
 .text          0x00000000        0x4 /usr/local/lpcxpresso_4.2.3_255/lpcxpresso/tools/bin/../lib/gcc/arm-none-eabi/4.5.1/thumb2/libgcc.a(_dvmd_tls.o)
 .data          0x00000000        0x0 /usr/local/lpcxpresso_4.2.3_255/lpcxpresso/tools/bin/../lib/gcc/arm-none-eabi/4.5.1/thumb2/libgcc.a(_dvmd_tls.o)
 .bss           0x00000000        0x0 /usr/local/lpcxpresso_4.2.3_255/lpcxpresso/tools/bin/../lib/gcc/arm-none-eabi/4.5.1/thumb2/libgcc.a(_dvmd_tls.o)
 .text          0x00000000      0x364 /usr/local/lpcxpresso_4.2.3_255/lpcxpresso/tools/bin/../lib/gcc/arm-none-eabi/4.5.1/thumb2/libgcc.a(_divdi3.o)
 .data          0x00000000        0x0 /usr/local/lpcxpresso_4.2.3_255/lpcxpresso/tools/bin/../lib/gcc/arm-none-eabi/4.5.1/thumb2/libgcc.a(_divdi3.o)
 .bss           0x00000000        0x0 /usr/local/lpcxpresso_4.2.3_255/lpcxpresso/tools/bin/../lib/gcc/arm-none-eabi/4.5.1/thumb2/libgcc.a(_divdi3.o)
 .ARM.extab     0x00000000        0x0 /usr/local/lpcxpresso_4.2.3_255/lpcxpresso/tools/bin/../lib/gcc/arm-none-eabi/4.5.1/thumb2/libgcc.a(_divdi3.o)
 .ARM.exidx     0x00000000        0x8 /usr/local/lpcxpresso_4.2.3_255/lpcxpresso/tools/bin/../lib/gcc/arm-none-eabi/4.5.1/thumb2/libgcc.a(_divdi3.o)
 .text          0x00000000      0x314 /usr/local/lpcxpresso_4.2.3_255/lpcxpresso/tools/bin/../lib/gcc/arm-none-eabi/4.5.1/thumb2/libgcc.a(_udivdi3.o)
 .data          0x00000000        0x0 /usr/local/lpcxpresso_4.2.3_255/lpcxpresso/tools/bin/../lib/gcc/arm-none-eabi/4.5.1/thumb2/libgcc.a(_udivdi3.o)
 .bss           0x00000000        0x0 /usr/local/lpcxpresso_4.2.3_255/lpcxpresso/tools/bin/../lib/gcc/arm-none-eabi/4.5.1/thumb2/libgcc.a(_udivdi3.o)
 .ARM.extab     0x00000000        0x0 /usr/local/lpcxpresso_4.2.3_255/lpcxpresso/tools/bin/../lib/gcc/arm-none-eabi/4.5.1/thumb2/libgcc.a(_udivdi3.o)
 .ARM.exidx     0x00000000        0x8 /usr/local/lpcxpresso_4.2.3_255/lpcxpresso/tools/bin/../lib/gcc/arm-none-eabi/4.5.1/thumb2/libgcc.a(_udivdi3.o)
 .text          0x00000000      0x278 /usr/local/lpcxpresso_4.2.3_255/lpcxpresso/tools/bin/../lib/gcc/arm-none-eabi/4.5.1/thumb2/libgcc.a(_udivsi3.o)
 .data          0x00000000        0x0 /usr/local/lpcxpresso_4.2.3_255/lpcxpresso/tools/bin/../lib/gcc/arm-none-eabi/4.5.1/thumb2/libgcc.a(_udivsi3.o)
 .bss           0x00000000        0x0 /usr/local/lpcxpresso_4.2.3_255/lpcxpresso/tools/bin/../lib/gcc/arm-none-eabi/4.5.1/thumb2/libgcc.a(_udivsi3.o)
 .data          0x00000000        0x0 /usr/local/lpcxpresso_4.2.3_255/lpcxpresso/tools/bin/../lib/gcc/arm-none-eabi/4.5.1/../../../../arm-none-eabi/lib/thumb2/libc.a(lib_a-memcpy.o)
 .bss           0x00000000        0x0 /usr/local/lpcxpresso_4.2.3_255/lpcxpresso/tools/bin/../lib/gcc/arm-none-eabi/4.5.1/../../../../arm-none-eabi/lib/thumb2/libc.a(lib_a-memcpy.o)
 .text          0x00000000      0x100 /usr/local/lpcxpresso_4.2.3_255/lpcxpresso/tools/bin/../lib/gcc/arm-none-eabi/4.5.1/../../../../arm-none-eabi/lib/thumb2/libm.a(lib_a-w_exp.o)
 .data          0x00000000        0x0 /usr/local/lpcxpresso_4.2.3_255/lpcxpresso/tools/bin/../lib/gcc/arm-none-eabi/4.5.1/../../../../arm-none-eabi/lib/thumb2/libm.a(lib_a-w_exp.o)
 .bss           0x00000000        0x0 /usr/local/lpcxpresso_4.2.3_255/lpcxpresso/tools/bin/../lib/gcc/arm-none-eabi/4.5.1/../../../../arm-none-eabi/lib/thumb2/libm.a(lib_a-w_exp.o)
 .rodata.str1.4
                0x00000000        0x4 /usr/local/lpcxpresso_4.2.3_255/lpcxpresso/tools/bin/../lib/gcc/arm-none-eabi/4.5.1/../../../../arm-none-eabi/lib/thumb2/libm.a(lib_a-w_exp.o)
 .text          0x00000000      0x348 /usr/local/lpcxpresso_4.2.3_255/lpcxpresso/tools/bin/../lib/gcc/arm-none-eabi/4.5.1/../../../../arm-none-eabi/lib/thumb2/libm.a(lib_a-w_pow.o)
 .data          0x00000000        0x0 /usr/local/lpcxpresso_4.2.3_255/lpcxpresso/tools/bin/../lib/gcc/arm-none-eabi/4.5.1/../../../../arm-none-eabi/lib/thumb2/libm.a(lib_a-w_pow.o)
 .bss           0x00000000        0x0 /usr/local/lpcxpresso_4.2.3_255/lpcxpresso/tools/bin/../lib/gcc/arm-none-eabi/4.5.1/../../../../arm-none-eabi/lib/thumb2/libm.a(lib_a-w_pow.o)
 .rodata.str1.4
                0x00000000        0x4 /usr/local/lpcxpresso_4.2.3_255/lpcxpresso/tools/bin/../lib/gcc/arm-none-eabi/4.5.1/../../../../arm-none-eabi/lib/thumb2/libm.a(lib_a-w_pow.o)
 .text          0x00000000       0xac /usr/local/lpcxpresso_4.2.3_255/lpcxpresso/tools/bin/../lib/gcc/arm-none-eabi/4.5.1/../../../../arm-none-eabi/lib/thumb2/libm.a(lib_a-w_sqrt.o)
 .data          0x00000000        0x0 /usr/local/lpcxpresso_4.2.3_255/lpcxpresso/tools/bin/../lib/gcc/arm-none-eabi/4.5.1/../../../../arm-none-eabi/lib/thumb2/libm.a(lib_a-w_sqrt.o)
 .bss           0x00000000        0x0 /usr/local/lpcxpresso_4.2.3_255/lpcxpresso/tools/bin/../lib/gcc/arm-none-eabi/4.5.1/../../../../arm-none-eabi/lib/thumb2/libm.a(lib_a-w_sqrt.o)
 .rodata.str1.4
                0x00000000        0x8 /usr/local/lpcxpresso_4.2.3_255/lpcxpresso/tools/bin/../lib/gcc/arm-none-eabi/4.5.1/../../../../arm-none-eabi/lib/thumb2/libm.a(lib_a-w_sqrt.o)
 .text          0x00000000       0xa4 /usr/local/lpcxpresso_4.2.3_255/lpcxpresso/tools/bin/../lib/gcc/arm-none-eabi/4.5.1/../../../../arm-none-eabi/lib/thumb2/libm.a(lib_a-wf_sqrt.o)
 .data          0x00000000        0x0 /usr/local/lpcxpresso_4.2.3_255/lpcxpresso/tools/bin/../lib/gcc/arm-none-eabi/4.5.1/../../../../arm-none-eabi/lib/thumb2/libm.a(lib_a-wf_sqrt.o)
 .bss           0x00000000        0x0 /usr/local/lpcxpresso_4.2.3_255/lpcxpresso/tools/bin/../lib/gcc/arm-none-eabi/4.5.1/../../../../arm-none-eabi/lib/thumb2/libm.a(lib_a-wf_sqrt.o)
 .rodata.str1.4
                0x00000000        0x8 /usr/local/lpcxpresso_4.2.3_255/lpcxpresso/tools/bin/../lib/gcc/arm-none-eabi/4.5.1/../../../../arm-none-eabi/lib/thumb2/libm.a(lib_a-wf_sqrt.o)
 .text          0x00000000      0x310 /usr/local/lpcxpresso_4.2.3_255/lpcxpresso/tools/bin/../lib/gcc/arm-none-eabi/4.5.1/../../../../arm-none-eabi/lib/thumb2/libm.a(lib_a-e_exp.o)
 .data          0x00000000        0x0 /usr/local/lpcxpresso_4.2.3_255/lpcxpresso/tools/bin/../lib/gcc/arm-none-eabi/4.5.1/../../../../arm-none-eabi/lib/thumb2/libm.a(lib_a-e_exp.o)
 .bss           0x00000000        0x0 /usr/local/lpcxpresso_4.2.3_255/lpcxpresso/tools/bin/../lib/gcc/arm-none-eabi/4.5.1/../../../../arm-none-eabi/lib/thumb2/libm.a(lib_a-e_exp.o)
 .rodata        0x00000000       0x30 /usr/local/lpcxpresso_4.2.3_255/lpcxpresso/tools/bin/../lib/gcc/arm-none-eabi/4.5.1/../../../../arm-none-eabi/lib/thumb2/libm.a(lib_a-e_exp.o)
 .text          0x00000000      0xb48 /usr/local/lpcxpresso_4.2.3_255/lpcxpresso/tools/bin/../lib/gcc/arm-none-eabi/4.5.1/../../../../arm-none-eabi/lib/thumb2/libm.a(lib_a-e_pow.o)
 .data          0x00000000        0x0 /usr/local/lpcxpresso_4.2.3_255/lpcxpresso/tools/bin/../lib/gcc/arm-none-eabi/4.5.1/../../../../arm-none-eabi/lib/thumb2/libm.a(lib_a-e_pow.o)
 .bss           0x00000000        0x0 /usr/local/lpcxpresso_4.2.3_255/lpcxpresso/tools/bin/../lib/gcc/arm-none-eabi/4.5.1/../../../../arm-none-eabi/lib/thumb2/libm.a(lib_a-e_pow.o)
 .rodata        0x00000000       0x30 /usr/local/lpcxpresso_4.2.3_255/lpcxpresso/tools/bin/../lib/gcc/arm-none-eabi/4.5.1/../../../../arm-none-eabi/lib/thumb2/libm.a(lib_a-e_pow.o)
 .rodata.str1.4
                0x00000000        0x4 /usr/local/lpcxpresso_4.2.3_255/lpcxpresso/tools/bin/../lib/gcc/arm-none-eabi/4.5.1/../../../../arm-none-eabi/lib/thumb2/libm.a(lib_a-e_pow.o)
 .text          0x00000000      0x1c0 /usr/local/lpcxpresso_4.2.3_255/lpcxpresso/tools/bin/../lib/gcc/arm-none-eabi/4.5.1/../../../../arm-none-eabi/lib/thumb2/libm.a(lib_a-e_sqrt.o)
 .data          0x00000000        0x0 /usr/local/lpcxpresso_4.2.3_255/lpcxpresso/tools/bin/../lib/gcc/arm-none-eabi/4.5.1/../../../../arm-none-eabi/lib/thumb2/libm.a(lib_a-e_sqrt.o)
 .bss           0x00000000        0x0 /usr/local/lpcxpresso_4.2.3_255/lpcxpresso/tools/bin/../lib/gcc/arm-none-eabi/4.5.1/../../../../arm-none-eabi/lib/thumb2/libm.a(lib_a-e_sqrt.o)
 .text          0x00000000       0xb0 /usr/local/lpcxpresso_4.2.3_255/lpcxpresso/tools/bin/../lib/gcc/arm-none-eabi/4.5.1/../../../../arm-none-eabi/lib/thumb2/libm.a(lib_a-ef_sqrt.o)
 .data          0x00000000        0x0 /usr/local/lpcxpresso_4.2.3_255/lpcxpresso/tools/bin/../lib/gcc/arm-none-eabi/4.5.1/../../../../arm-none-eabi/lib/thumb2/libm.a(lib_a-ef_sqrt.o)
 .bss           0x00000000        0x0 /usr/local/lpcxpresso_4.2.3_255/lpcxpresso/tools/bin/../lib/gcc/arm-none-eabi/4.5.1/../../../../arm-none-eabi/lib/thumb2/libm.a(lib_a-ef_sqrt.o)
 .text          0x00000000        0x8 /usr/local/lpcxpresso_4.2.3_255/lpcxpresso/tools/bin/../lib/gcc/arm-none-eabi/4.5.1/../../../../arm-none-eabi/lib/thumb2/libm.a(lib_a-s_fabs.o)
 .data          0x00000000        0x0 /usr/local/lpcxpresso_4.2.3_255/lpcxpresso/tools/bin/../lib/gcc/arm-none-eabi/4.5.1/../../../../arm-none-eabi/lib/thumb2/libm.a(lib_a-s_fabs.o)
 .bss           0x00000000        0x0 /usr/local/lpcxpresso_4.2.3_255/lpcxpresso/tools/bin/../lib/gcc/arm-none-eabi/4.5.1/../../../../arm-none-eabi/lib/thumb2/libm.a(lib_a-s_fabs.o)
 .text          0x00000000       0x10 /usr/local/lpcxpresso_4.2.3_255/lpcxpresso/tools/bin/../lib/gcc/arm-none-eabi/4.5.1/../../../../arm-none-eabi/lib/thumb2/libm.a(lib_a-s_finite.o)
 .data          0x00000000        0x0 /usr/local/lpcxpresso_4.2.3_255/lpcxpresso/tools/bin/../lib/gcc/arm-none-eabi/4.5.1/../../../../arm-none-eabi/lib/thumb2/libm.a(lib_a-s_finite.o)
 .bss           0x00000000        0x0 /usr/local/lpcxpresso_4.2.3_255/lpcxpresso/tools/bin/../lib/gcc/arm-none-eabi/4.5.1/../../../../arm-none-eabi/lib/thumb2/libm.a(lib_a-s_finite.o)
 .text          0x00000000       0x90 /usr/local/lpcxpresso_4.2.3_255/lpcxpresso/tools/bin/../lib/gcc/arm-none-eabi/4.5.1/../../../../arm-none-eabi/lib/thumb2/libm.a(lib_a-s_fpclassify.o)
 .data          0x00000000        0x0 /usr/local/lpcxpresso_4.2.3_255/lpcxpresso/tools/bin/../lib/gcc/arm-none-eabi/4.5.1/../../../../arm-none-eabi/lib/thumb2/libm.a(lib_a-s_fpclassify.o)
 .bss           0x00000000        0x0 /usr/local/lpcxpresso_4.2.3_255/lpcxpresso/tools/bin/../lib/gcc/arm-none-eabi/4.5.1/../../../../arm-none-eabi/lib/thumb2/libm.a(lib_a-s_fpclassify.o)
 .text          0x00000000        0x0 /usr/local/lpcxpresso_4.2.3_255/lpcxpresso/tools/bin/../lib/gcc/arm-none-eabi/4.5.1/../../../../arm-none-eabi/lib/thumb2/libm.a(lib_a-s_lib_ver.o)
 .data          0x00000000        0x1 /usr/local/lpcxpresso_4.2.3_255/lpcxpresso/tools/bin/../lib/gcc/arm-none-eabi/4.5.1/../../../../arm-none-eabi/lib/thumb2/libm.a(lib_a-s_lib_ver.o)
 .bss           0x00000000        0x0 /usr/local/lpcxpresso_4.2.3_255/lpcxpresso/tools/bin/../lib/gcc/arm-none-eabi/4.5.1/../../../../arm-none-eabi/lib/thumb2/libm.a(lib_a-s_lib_ver.o)
 .text          0x00000000        0x4 /usr/local/lpcxpresso_4.2.3_255/lpcxpresso/tools/bin/../lib/gcc/arm-none-eabi/4.5.1/../../../../arm-none-eabi/lib/thumb2/libm.a(lib_a-s_matherr.o)
 .data          0x00000000        0x0 /usr/local/lpcxpresso_4.2.3_255/lpcxpresso/tools/bin/../lib/gcc/arm-none-eabi/4.5.1/../../../../arm-none-eabi/lib/thumb2/libm.a(lib_a-s_matherr.o)
 .bss           0x00000000        0x0 /usr/local/lpcxpresso_4.2.3_255/lpcxpresso/tools/bin/../lib/gcc/arm-none-eabi/4.5.1/../../../../arm-none-eabi/lib/thumb2/libm.a(lib_a-s_matherr.o)
 .text          0x00000000        0xc /usr/local/lpcxpresso_4.2.3_255/lpcxpresso/tools/bin/../lib/gcc/arm-none-eabi/4.5.1/../../../../arm-none-eabi/lib/thumb2/libm.a(lib_a-s_nan.o)
 .data          0x00000000        0x0 /usr/local/lpcxpresso_4.2.3_255/lpcxpresso/tools/bin/../lib/gcc/arm-none-eabi/4.5.1/../../../../arm-none-eabi/lib/thumb2/libm.a(lib_a-s_nan.o)
 .bss           0x00000000        0x0 /usr/local/lpcxpresso_4.2.3_255/lpcxpresso/tools/bin/../lib/gcc/arm-none-eabi/4.5.1/../../../../arm-none-eabi/lib/thumb2/libm.a(lib_a-s_nan.o)
 .text          0x00000000      0x140 /usr/local/lpcxpresso_4.2.3_255/lpcxpresso/tools/bin/../lib/gcc/arm-none-eabi/4.5.1/../../../../arm-none-eabi/lib/thumb2/libm.a(lib_a-s_rint.o)
 .data          0x00000000        0x0 /usr/local/lpcxpresso_4.2.3_255/lpcxpresso/tools/bin/../lib/gcc/arm-none-eabi/4.5.1/../../../../arm-none-eabi/lib/thumb2/libm.a(lib_a-s_rint.o)
 .bss           0x00000000        0x0 /usr/local/lpcxpresso_4.2.3_255/lpcxpresso/tools/bin/../lib/gcc/arm-none-eabi/4.5.1/../../../../arm-none-eabi/lib/thumb2/libm.a(lib_a-s_rint.o)
 .rodata        0x00000000       0x10 /usr/local/lpcxpresso_4.2.3_255/lpcxpresso/tools/bin/../lib/gcc/arm-none-eabi/4.5.1/../../../../arm-none-eabi/lib/thumb2/libm.a(lib_a-s_rint.o)
 .text          0x00000000      0x108 /usr/local/lpcxpresso_4.2.3_255/lpcxpresso/tools/bin/../lib/gcc/arm-none-eabi/4.5.1/../../../../arm-none-eabi/lib/thumb2/libm.a(lib_a-s_scalbn.o)
 .data          0x00000000        0x0 /usr/local/lpcxpresso_4.2.3_255/lpcxpresso/tools/bin/../lib/gcc/arm-none-eabi/4.5.1/../../../../arm-none-eabi/lib/thumb2/libm.a(lib_a-s_scalbn.o)
 .bss           0x00000000        0x0 /usr/local/lpcxpresso_4.2.3_255/lpcxpresso/tools/bin/../lib/gcc/arm-none-eabi/4.5.1/../../../../arm-none-eabi/lib/thumb2/libm.a(lib_a-s_scalbn.o)
 .text          0x00000000       0x7c /usr/local/lpcxpresso_4.2.3_255/lpcxpresso/tools/bin/../lib/gcc/arm-none-eabi/4.5.1/../../../../arm-none-eabi/lib/thumb2/libm.a(lib_a-sf_fpclassify.o)
 .data          0x00000000        0x0 /usr/local/lpcxpresso_4.2.3_255/lpcxpresso/tools/bin/../lib/gcc/arm-none-eabi/4.5.1/../../../../arm-none-eabi/lib/thumb2/libm.a(lib_a-sf_fpclassify.o)
 .bss           0x00000000        0x0 /usr/local/lpcxpresso_4.2.3_255/lpcxpresso/tools/bin/../lib/gcc/arm-none-eabi/4.5.1/../../../../arm-none-eabi/lib/thumb2/libm.a(lib_a-sf_fpclassify.o)
 .text          0x00000000       0x14 /usr/local/lpcxpresso_4.2.3_255/lpcxpresso/tools/bin/../lib/gcc/arm-none-eabi/4.5.1/../../../../arm-none-eabi/lib/thumb2/libm.a(lib_a-s_copysign.o)
 .data          0x00000000        0x0 /usr/local/lpcxpresso_4.2.3_255/lpcxpresso/tools/bin/../lib/gcc/arm-none-eabi/4.5.1/../../../../arm-none-eabi/lib/thumb2/libm.a(lib_a-s_copysign.o)
 .bss           0x00000000        0x0 /usr/local/lpcxpresso_4.2.3_255/lpcxpresso/tools/bin/../lib/gcc/arm-none-eabi/4.5.1/../../../../arm-none-eabi/lib/thumb2/libm.a(lib_a-s_copysign.o)
 .text          0x00000000      0x110 /usr/local/lpcxpresso_4.2.3_255/lpcxpresso/tools/bin/../lib/gcc/arm-none-eabi/4.5.1/thumb2/libgcc.a(_arm_cmpdf2.o)
 .data          0x00000000        0x0 /usr/local/lpcxpresso_4.2.3_255/lpcxpresso/tools/bin/../lib/gcc/arm-none-eabi/4.5.1/thumb2/libgcc.a(_arm_cmpdf2.o)
 .bss           0x00000000        0x0 /usr/local/lpcxpresso_4.2.3_255/lpcxpresso/tools/bin/../lib/gcc/arm-none-eabi/4.5.1/thumb2/libgcc.a(_arm_cmpdf2.o)
 .text          0x00000000       0x50 /usr/local/lpcxpresso_4.2.3_255/lpcxpresso/tools/bin/../lib/gcc/arm-none-eabi/4.5.1/thumb2/libgcc.a(_arm_fixdfsi.o)
 .data          0x00000000        0x0 /usr/local/lpcxpresso_4.2.3_255/lpcxpresso/tools/bin/../lib/gcc/arm-none-eabi/4.5.1/thumb2/libgcc.a(_arm_fixdfsi.o)
 .bss           0x00000000        0x0 /usr/local/lpcxpresso_4.2.3_255/lpcxpresso/tools/bin/../lib/gcc/arm-none-eabi/4.5.1/thumb2/libgcc.a(_arm_fixdfsi.o)
 .text          0x00000000        0xc /usr/local/lpcxpresso_4.2.3_255/lpcxpresso/tools/bin/../lib/gcc/arm-none-eabi/4.5.1/../../../../arm-none-eabi/lib/thumb2/libc.a(lib_a-errno.o)
 .data          0x00000000        0x0 /usr/local/lpcxpresso_4.2.3_255/lpcxpresso/tools/bin/../lib/gcc/arm-none-eabi/4.5.1/../../../../arm-none-eabi/lib/thumb2/libc.a(lib_a-errno.o)
 .bss           0x00000000        0x0 /usr/local/lpcxpresso_4.2.3_255/lpcxpresso/tools/bin/../lib/gcc/arm-none-eabi/4.5.1/../../../../arm-none-eabi/lib/thumb2/libc.a(lib_a-errno.o)
 .text          0x00000000        0x0 /usr/local/lpcxpresso_4.2.3_255/lpcxpresso/tools/bin/../lib/gcc/arm-none-eabi/4.5.1/../../../../arm-none-eabi/lib/thumb2/libc.a(lib_a-impure.o)
 .data          0x00000000       0xf4 /usr/local/lpcxpresso_4.2.3_255/lpcxpresso/tools/bin/../lib/gcc/arm-none-eabi/4.5.1/../../../../arm-none-eabi/lib/thumb2/libc.a(lib_a-impure.o)
 .bss           0x00000000        0x0 /usr/local/lpcxpresso_4.2.3_255/lpcxpresso/tools/bin/../lib/gcc/arm-none-eabi/4.5.1/../../../../arm-none-eabi/lib/thumb2/libc.a(lib_a-impure.o)
 .rodata        0x00000000        0x4 /usr/local/lpcxpresso_4.2.3_255/lpcxpresso/tools/bin/../lib/gcc/arm-none-eabi/4.5.1/../../../../arm-none-eabi/lib/thumb2/libc.a(lib_a-impure.o)
 .rodata.str1.4
                0x00000000        0x4 /usr/local/lpcxpresso_4.2.3_255/lpcxpresso/tools/bin/../lib/gcc/arm-none-eabi/4.5.1/../../../../arm-none-eabi/lib/thumb2/libc.a(lib_a-impure.o)

Memory Configuration

Name             Origin             Length             Attributes
MFlash512        0x00000000         0x00080000         xr
RamLoc32         0x10000000         0x00008000         xrw
RamAHB32         0x2007c000         0x00008000         xrw
*default*        0x00000000         0xffffffff

Linker script and memory map

LOAD ./src/cc2520-mac.o
LOAD ./src/cc2520.o
LOAD ./src/cr_startup_lpc176x.o
LOAD ./src/fijo.o
LOAD ./src/main.o
LOAD ./src/movil.o
LOAD ./src/rssi.o
LOAD /home/joaquin/Documentos/Embebidos/Repositorio/WSN-LSE/CMSISv2p00_LPC17xx/Debug/libCMSISv2p00_LPC17xx.a
LOAD /home/joaquin/Documentos/Embebidos/Repositorio/WSN-LSE/CMSISv2p10_DSPLIB_CM3/lib/libCMSISv2p10_DSPLIB_CM3.a
START GROUP
LOAD /usr/local/lpcxpresso_4.2.3_255/lpcxpresso/tools/bin/../lib/gcc/arm-none-eabi/4.5.1/thumb2/libgcc.a
LOAD /usr/local/lpcxpresso_4.2.3_255/lpcxpresso/tools/bin/../lib/gcc/arm-none-eabi/4.5.1/../../../../arm-none-eabi/lib/thumb2/libc.a
LOAD /usr/local/lpcxpresso_4.2.3_255/lpcxpresso/tools/bin/../lib/gcc/arm-none-eabi/4.5.1/../../../../arm-none-eabi/lib/thumb2/libm.a
LOAD /usr/local/lpcxpresso_4.2.3_255/lpcxpresso/tools/bin/../lib/gcc/arm-none-eabi/4.5.1/../../../../arm-none-eabi/lib/thumb2/libcr_newlib_semihost.a
END GROUP
                0x00080000                __top_MFlash512 = 0x80000
                0x10008000                __top_RamLoc32 = 0x10008000
                0x20084000                __top_RamAHB32 = 0x20084000

.text           0x00000000     0x1c58
 FILL mask 0xff
 *(.isr_vector)
 .isr_vector    0x00000000       0xcc ./src/cr_startup_lpc176x.o
                0x00000000                g_pfnVectors
                0x000000cc                . = ALIGN (0x4)
                0x000000cc                __section_table_start = .
                0x000000cc                __data_section_table = .
                0x000000cc        0x4 LONG 0x1c58 LOADADDR (.data)
                0x000000d0        0x4 LONG 0x10000000 ADDR (.data)
                0x000000d4        0x4 LONG 0x4 SIZEOF (.data)
                0x000000d8        0x4 LONG 0x1c58 LOADADDR (.data_RAM2)
                0x000000dc        0x4 LONG 0x2007c000 ADDR (.data_RAM2)
                0x000000e0        0x4 LONG 0x0 SIZEOF (.data_RAM2)
                0x000000e4                __data_section_table_end = .
                0x000000e4                __bss_section_table = .
                0x000000e4        0x4 LONG 0x10000004 ADDR (.bss)
                0x000000e8        0x4 LONG 0x8 SIZEOF (.bss)
                0x000000ec        0x4 LONG 0x2007c000 ADDR (.bss_RAM2)
                0x000000f0        0x4 LONG 0x0 SIZEOF (.bss_RAM2)
                0x000000f4                __bss_section_table_end = .
                0x000000f4                __section_table_end = .
 *(.after_vectors*)
 .after_vectors
                0x000000f4       0x78 ./src/cr_startup_lpc176x.o
                0x000000f4                NMI_Handler
                0x000000f6                HardFault_Handler
                0x000000f8                MemManage_Handler
                0x000000fa                BusFault_Handler
                0x000000fc                UsageFault_Handler
                0x000000fe                SVC_Handler
                0x00000100                DebugMon_Handler
                0x00000102                PendSV_Handler
                0x00000104                SysTick_Handler
                0x00000106                data_init
                0x00000118                bss_init
                0x00000128                ResetISR
                0x00000168                TIMER2_IRQHandler
                0x00000168                RIT_IRQHandler
                0x00000168                I2C0_IRQHandler
                0x00000168                USBActivity_IRQHandler
                0x00000168                PWM1_IRQHandler
                0x00000168                I2C1_IRQHandler
                0x00000168                EINT2_IRQHandler
                0x00000168                UART1_IRQHandler
                0x00000168                EINT3_IRQHandler
                0x00000168                CANActivity_IRQHandler
                0x00000168                TIMER3_IRQHandler
                0x00000168                UART0_IRQHandler
                0x00000168                IntDefaultHandler
                0x00000168                PLL0_IRQHandler
                0x00000168                CAN_IRQHandler
                0x00000168                PLL1_IRQHandler
                0x00000168                SSP0_IRQHandler
                0x00000168                I2S_IRQHandler
                0x00000168                I2C2_IRQHandler
                0x00000168                RTC_IRQHandler
                0x00000168                TIMER0_IRQHandler
                0x00000168                SPI_IRQHandler
                0x00000168                EINT1_IRQHandler
                0x00000168                TIMER1_IRQHandler
                0x00000168                UART2_IRQHandler
                0x00000168                ADC_IRQHandler
                0x00000168                SSP1_IRQHandler
                0x00000168                USB_IRQHandler
                0x00000168                BOD_IRQHandler
                0x00000168                WDT_IRQHandler
                0x00000168                QEI_IRQHandler
                0x00000168                EINT0_IRQHandler
                0x00000168                DMA_IRQHandler
                0x00000168                UART3_IRQHandler
                0x00000168                MCPWM_IRQHandler
                0x00000168                ENET_IRQHandler
 *(.text*)
 .text.memorycpy
                0x0000016c       0x40 ./src/cc2520-mac.o
                0x0000016c                memorycpy
 .text.ccSetLocalShortAddr
                0x000001ac       0x2c ./src/cc2520-mac.o
                0x000001ac                ccSetLocalShortAddr
 .text.ccSetLocalPANID
                0x000001d8       0x2c ./src/cc2520-mac.o
                0x000001d8                ccSetLocalPANID
 .text.ccSetLocalExtAddr
                0x00000204       0x28 ./src/cc2520-mac.o
                0x00000204                ccSetLocalExtAddr
 .text.ccWrapperFCF
                0x0000022c       0xd0 ./src/cc2520-mac.o
                0x0000022c                ccWrapperFCF
 .text.ccFrameTx
                0x000002fc      0x404 ./src/cc2520-mac.o
                0x000002fc                ccFrameTx
 .text.ccFrameRx
                0x00000700      0x364 ./src/cc2520-mac.o
                0x00000700                ccFrameRx
 .text.ccCmd    0x00000a64      0x478 ./src/cc2520.o
                0x00000a64                ccCmd
 .text.ccRegRd  0x00000edc       0x50 ./src/cc2520.o
                0x00000edc                ccRegRd
 .text.ccRegWr  0x00000f2c       0x50 ./src/cc2520.o
                0x00000f2c                ccRegWr
 .text.ccConfig
                0x00000f7c      0x144 ./src/cc2520.o
                0x00000f7c                ccConfig
 .text.ccInit   0x000010c0      0x194 ./src/cc2520.o
                0x000010c0                ccInit
 .text.rutina_fijo
                0x00001254      0x270 ./src/fijo.o
                0x00001254                rutina_fijo
 .text.pausems  0x000014c4       0x30 ./src/main.o
                0x000014c4                pausems
 .text.main     0x000014f4       0x58 ./src/main.o
                0x000014f4                main
 .text.GPIO_GetPointer
                0x0000154c       0x14 /home/joaquin/Documentos/Embebidos/Repositorio/WSN-LSE/CMSISv2p00_LPC17xx/Debug/libCMSISv2p00_LPC17xx.a(lpc17xx_gpio.o)
 .text.GPIO_SetDir
                0x00001560       0x20 /home/joaquin/Documentos/Embebidos/Repositorio/WSN-LSE/CMSISv2p00_LPC17xx/Debug/libCMSISv2p00_LPC17xx.a(lpc17xx_gpio.o)
                0x00001560                GPIO_SetDir
 .text.GPIO_SetValue
                0x00001580        0xe /home/joaquin/Documentos/Embebidos/Repositorio/WSN-LSE/CMSISv2p00_LPC17xx/Debug/libCMSISv2p00_LPC17xx.a(lpc17xx_gpio.o)
                0x00001580                GPIO_SetValue
 .text.GPIO_ClearValue
                0x0000158e        0xe /home/joaquin/Documentos/Embebidos/Repositorio/WSN-LSE/CMSISv2p00_LPC17xx/Debug/libCMSISv2p00_LPC17xx.a(lpc17xx_gpio.o)
                0x0000158e                GPIO_ClearValue
 .text.PINSEL_ConfigPin
                0x0000159c       0x94 /home/joaquin/Documentos/Embebidos/Repositorio/WSN-LSE/CMSISv2p00_LPC17xx/Debug/libCMSISv2p00_LPC17xx.a(lpc17xx_pinsel.o)
                0x0000159c                PINSEL_ConfigPin
 .text.SSP_Init
                0x00001630       0xcc /home/joaquin/Documentos/Embebidos/Repositorio/WSN-LSE/CMSISv2p00_LPC17xx/Debug/libCMSISv2p00_LPC17xx.a(lpc17xx_ssp.o)
                0x00001630                SSP_Init
 .text.SSP_GetDataSize
                0x000016fc       0x2c /home/joaquin/Documentos/Embebidos/Repositorio/WSN-LSE/CMSISv2p00_LPC17xx/Debug/libCMSISv2p00_LPC17xx.a(lpc17xx_ssp.o)
                0x000016fc                SSP_GetDataSize
 .text.SSP_Cmd  0x00001728       0x48 /home/joaquin/Documentos/Embebidos/Repositorio/WSN-LSE/CMSISv2p00_LPC17xx/Debug/libCMSISv2p00_LPC17xx.a(lpc17xx_ssp.o)
                0x00001728                SSP_Cmd
 .text.SSP_SendData
                0x00001770       0x2c /home/joaquin/Documentos/Embebidos/Repositorio/WSN-LSE/CMSISv2p00_LPC17xx/Debug/libCMSISv2p00_LPC17xx.a(lpc17xx_ssp.o)
                0x00001770                SSP_SendData
 .text.SSP_ReceiveData
                0x0000179c       0x2c /home/joaquin/Documentos/Embebidos/Repositorio/WSN-LSE/CMSISv2p00_LPC17xx/Debug/libCMSISv2p00_LPC17xx.a(lpc17xx_ssp.o)
                0x0000179c                SSP_ReceiveData
 .text.SSP_ReadWrite
                0x000017c8      0x1b2 /home/joaquin/Documentos/Embebidos/Repositorio/WSN-LSE/CMSISv2p00_LPC17xx/Debug/libCMSISv2p00_LPC17xx.a(lpc17xx_ssp.o)
                0x000017c8                SSP_ReadWrite
 *fill*         0x0000197a        0x2 00
 .text.SystemInit
                0x0000197c       0xe4 /home/joaquin/Documentos/Embebidos/Repositorio/WSN-LSE/CMSISv2p00_LPC17xx/Debug/libCMSISv2p00_LPC17xx.a(system_LPC17xx.o)
                0x0000197c                SystemInit
 .text.CLKPWR_GetPCLKSEL
                0x00001a60       0x20 /home/joaquin/Documentos/Embebidos/Repositorio/WSN-LSE/CMSISv2p00_LPC17xx/Debug/libCMSISv2p00_LPC17xx.a(lpc17xx_clkpwr.o)
                0x00001a60                CLKPWR_GetPCLKSEL
 .text.CLKPWR_GetPCLK
                0x00001a80       0x20 /home/joaquin/Documentos/Embebidos/Repositorio/WSN-LSE/CMSISv2p00_LPC17xx/Debug/libCMSISv2p00_LPC17xx.a(lpc17xx_clkpwr.o)
                0x00001a80                CLKPWR_GetPCLK
 .text.CLKPWR_ConfigPPWR
                0x00001aa0       0x38 /home/joaquin/Documentos/Embebidos/Repositorio/WSN-LSE/CMSISv2p00_LPC17xx/Debug/libCMSISv2p00_LPC17xx.a(lpc17xx_clkpwr.o)
                0x00001aa0                CLKPWR_ConfigPPWR
 .text.check_failed
                0x00001ad8        0x2 /home/joaquin/Documentos/Embebidos/Repositorio/WSN-LSE/CMSISv2p00_LPC17xx/Debug/libCMSISv2p00_LPC17xx.a(lpc17xx_libcfg_default.o)
                0x00001ad8                check_failed
 *fill*         0x00001ada        0x2 00
 .text          0x00001adc      0x150 /usr/local/lpcxpresso_4.2.3_255/lpcxpresso/tools/bin/../lib/gcc/arm-none-eabi/4.5.1/../../../../arm-none-eabi/lib/thumb2/libc.a(lib_a-memcpy.o)
                0x00001adc                memcpy
 *(.rodata .rodata.*)
 .rodata.CSWTCH.6
                0x00001c2c       0x14 /home/joaquin/Documentos/Embebidos/Repositorio/WSN-LSE/CMSISv2p00_LPC17xx/Debug/libCMSISv2p00_LPC17xx.a(lpc17xx_gpio.o)
 .rodata.str1.1
                0x00001c40       0x15 /home/joaquin/Documentos/Embebidos/Repositorio/WSN-LSE/CMSISv2p00_LPC17xx/Debug/libCMSISv2p00_LPC17xx.a(lpc17xx_ssp.o)
                0x00001c58                . = ALIGN (0x4)
 *fill*         0x00001c55        0x3 ff

.glue_7         0x00001c58        0x0
 .glue_7        0x00000000        0x0 linker stubs

.glue_7t        0x00001c58        0x0
 .glue_7t       0x00000000        0x0 linker stubs

.vfp11_veneer   0x00001c58        0x0
 .vfp11_veneer  0x00000000        0x0 linker stubs

.v4_bx          0x00001c58        0x0
 .v4_bx         0x00000000        0x0 linker stubs

.ARM.extab
 *(.ARM.extab* .gnu.linkonce.armextab.*)
                0x00001c58                __exidx_start = .

.ARM.exidx
 *(.ARM.exidx* .gnu.linkonce.armexidx.*)
                0x00001c58                __exidx_end = .
                0x00001c58                _etext = .

.data_RAM2      0x2007c000        0x0 load address 0x00001c58
 FILL mask 0xff
 *(.data.$RAM2*)
 *(.data.$RamAHB32*)
                0x2007c000                . = ALIGN (0x4)

.uninit_RESERVED
 *(.bss.$RESERVED*)

.data           0x10000000        0x4 load address 0x00001c58
 FILL mask 0xff
                0x10000000                _data = .
 *(vtable)
 *(.data*)
 .data.SystemCoreClock
                0x10000000        0x4 /home/joaquin/Documentos/Embebidos/Repositorio/WSN-LSE/CMSISv2p00_LPC17xx/Debug/libCMSISv2p00_LPC17xx.a(system_LPC17xx.o)
                0x10000000                SystemCoreClock
                0x10000004                . = ALIGN (0x4)
                0x10000004                _edata = .

.bss_RAM2       0x2007c000        0x0
 *(.bss.$RAM2*)
 *(.bss.$RamAHB32*)
                0x2007c000                . = ALIGN (0x4)

.bss            0x10000004        0x8
                0x10000004                _bss = .
 *(.bss*)
 *(COMMON)
 COMMON         0x10000004        0x8 ./src/main.o
                0x10000004                pausecont
                0x10000008                ledcont
                0x1000000c                . = ALIGN (0x4)
                0x1000000c                _ebss = .
                0x1000000c                PROVIDE (end, .)
                0x1000000c                PROVIDE (_pvHeapStart, .)
                0x10008000                PROVIDE (_vStackTop, (__top_RamLoc32 - 0x0))
OUTPUT(WSN-Embebidos.axf elf32-littlearm)

.debug_abbrev   0x00000000     0x14fd
 .debug_abbrev  0x00000000      0x176 ./src/cc2520-mac.o
 .debug_abbrev  0x00000176      0x1b0 ./src/cc2520.o
 .debug_abbrev  0x00000326      0x10f ./src/cr_startup_lpc176x.o
 .debug_abbrev  0x00000435      0x138 ./src/fijo.o
 .debug_abbrev  0x0000056d       0xd1 ./src/main.o
 .debug_abbrev  0x0000063e      0x1e7 ./src/movil.o
 .debug_abbrev  0x00000825      0x112 ./src/rssi.o
 .debug_abbrev  0x00000937      0x237 /home/joaquin/Documentos/Embebidos/Repositorio/WSN-LSE/CMSISv2p00_LPC17xx/Debug/libCMSISv2p00_LPC17xx.a(lpc17xx_gpio.o)
 .debug_abbrev  0x00000b6e      0x1a0 /home/joaquin/Documentos/Embebidos/Repositorio/WSN-LSE/CMSISv2p00_LPC17xx/Debug/libCMSISv2p00_LPC17xx.a(lpc17xx_pinsel.o)
 .debug_abbrev  0x00000d0e      0x201 /home/joaquin/Documentos/Embebidos/Repositorio/WSN-LSE/CMSISv2p00_LPC17xx/Debug/libCMSISv2p00_LPC17xx.a(lpc17xx_ssp.o)
 .debug_abbrev  0x00000f0f       0xe3 /home/joaquin/Documentos/Embebidos/Repositorio/WSN-LSE/CMSISv2p00_LPC17xx/Debug/libCMSISv2p00_LPC17xx.a(system_LPC17xx.o)
 .debug_abbrev  0x00000ff2      0x1b0 /home/joaquin/Documentos/Embebidos/Repositorio/WSN-LSE/CMSISv2p00_LPC17xx/Debug/libCMSISv2p00_LPC17xx.a(lpc17xx_clkpwr.o)
 .debug_abbrev  0x000011a2       0x6a /home/joaquin/Documentos/Embebidos/Repositorio/WSN-LSE/CMSISv2p00_LPC17xx/Debug/libCMSISv2p00_LPC17xx.a(lpc17xx_libcfg_default.o)
 .debug_abbrev  0x0000120c       0xdd /home/joaquin/Documentos/Embebidos/Repositorio/WSN-LSE/CMSISv2p10_DSPLIB_CM3/lib/libCMSISv2p10_DSPLIB_CM3.a(arm_mat_inverse_f32.o)
 .debug_abbrev  0x000012e9      0x117 /home/joaquin/Documentos/Embebidos/Repositorio/WSN-LSE/CMSISv2p10_DSPLIB_CM3/lib/libCMSISv2p10_DSPLIB_CM3.a(arm_mat_mult_f32.o)
 .debug_abbrev  0x00001400       0xfd /home/joaquin/Documentos/Embebidos/Repositorio/WSN-LSE/CMSISv2p10_DSPLIB_CM3/lib/libCMSISv2p10_DSPLIB_CM3.a(arm_mat_trans_f32.o)

.debug_info     0x00000000     0x4e47
 .debug_info    0x00000000      0x6a1 ./src/cc2520-mac.o
 .debug_info    0x000006a1      0x866 ./src/cc2520.o
 .debug_info    0x00000f07      0x2e3 ./src/cr_startup_lpc176x.o
 .debug_info    0x000011ea      0x32b ./src/fijo.o
 .debug_info    0x00001515      0x178 ./src/main.o
 .debug_info    0x0000168d      0x6b3 ./src/movil.o
 .debug_info    0x00001d40      0x3b6 ./src/rssi.o
 .debug_info    0x000020f6      0xe30 /home/joaquin/Documentos/Embebidos/Repositorio/WSN-LSE/CMSISv2p00_LPC17xx/Debug/libCMSISv2p00_LPC17xx.a(lpc17xx_gpio.o)
 .debug_info    0x00002f26      0x544 /home/joaquin/Documentos/Embebidos/Repositorio/WSN-LSE/CMSISv2p00_LPC17xx/Debug/libCMSISv2p00_LPC17xx.a(lpc17xx_pinsel.o)
 .debug_info    0x0000346a      0x7d7 /home/joaquin/Documentos/Embebidos/Repositorio/WSN-LSE/CMSISv2p00_LPC17xx/Debug/libCMSISv2p00_LPC17xx.a(lpc17xx_ssp.o)
 .debug_info    0x00003c41      0x38f /home/joaquin/Documentos/Embebidos/Repositorio/WSN-LSE/CMSISv2p00_LPC17xx/Debug/libCMSISv2p00_LPC17xx.a(system_LPC17xx.o)
 .debug_info    0x00003fd0      0x6dc /home/joaquin/Documentos/Embebidos/Repositorio/WSN-LSE/CMSISv2p00_LPC17xx/Debug/libCMSISv2p00_LPC17xx.a(lpc17xx_clkpwr.o)
 .debug_info    0x000046ac       0xca /home/joaquin/Documentos/Embebidos/Repositorio/WSN-LSE/CMSISv2p00_LPC17xx/Debug/libCMSISv2p00_LPC17xx.a(lpc17xx_libcfg_default.o)
 .debug_info    0x00004776      0x2ab /home/joaquin/Documentos/Embebidos/Repositorio/WSN-LSE/CMSISv2p10_DSPLIB_CM3/lib/libCMSISv2p10_DSPLIB_CM3.a(arm_mat_inverse_f32.o)
 .debug_info    0x00004a21      0x242 /home/joaquin/Documentos/Embebidos/Repositorio/WSN-LSE/CMSISv2p10_DSPLIB_CM3/lib/libCMSISv2p10_DSPLIB_CM3.a(arm_mat_mult_f32.o)
 .debug_info    0x00004c63      0x1e4 /home/joaquin/Documentos/Embebidos/Repositorio/WSN-LSE/CMSISv2p10_DSPLIB_CM3/lib/libCMSISv2p10_DSPLIB_CM3.a(arm_mat_trans_f32.o)

.debug_line     0x00000000     0x69cd
 .debug_line    0x00000000      0xa4f ./src/cc2520-mac.o
 .debug_line    0x00000a4f      0x9ec ./src/cc2520.o
 .debug_line    0x0000143b      0x2fa ./src/cr_startup_lpc176x.o
 .debug_line    0x00001735      0x8d6 ./src/fijo.o
 .debug_line    0x0000200b      0x8bf ./src/main.o
 .debug_line    0x000028ca      0x992 ./src/movil.o
 .debug_line    0x0000325c      0x982 ./src/rssi.o
 .debug_line    0x00003bde      0x61f /home/joaquin/Documentos/Embebidos/Repositorio/WSN-LSE/CMSISv2p00_LPC17xx/Debug/libCMSISv2p00_LPC17xx.a(lpc17xx_gpio.o)
 .debug_line    0x000041fd      0x3f9 /home/joaquin/Documentos/Embebidos/Repositorio/WSN-LSE/CMSISv2p00_LPC17xx/Debug/libCMSISv2p00_LPC17xx.a(lpc17xx_pinsel.o)
 .debug_line    0x000045f6      0x740 /home/joaquin/Documentos/Embebidos/Repositorio/WSN-LSE/CMSISv2p00_LPC17xx/Debug/libCMSISv2p00_LPC17xx.a(lpc17xx_ssp.o)
 .debug_line    0x00004d36      0x3e7 /home/joaquin/Documentos/Embebidos/Repositorio/WSN-LSE/CMSISv2p00_LPC17xx/Debug/libCMSISv2p00_LPC17xx.a(system_LPC17xx.o)
 .debug_line    0x0000511d      0x493 /home/joaquin/Documentos/Embebidos/Repositorio/WSN-LSE/CMSISv2p00_LPC17xx/Debug/libCMSISv2p00_LPC17xx.a(lpc17xx_clkpwr.o)
 .debug_line    0x000055b0      0x35b /home/joaquin/Documentos/Embebidos/Repositorio/WSN-LSE/CMSISv2p00_LPC17xx/Debug/libCMSISv2p00_LPC17xx.a(lpc17xx_libcfg_default.o)
 .debug_line    0x0000590b      0x65c /home/joaquin/Documentos/Embebidos/Repositorio/WSN-LSE/CMSISv2p10_DSPLIB_CM3/lib/libCMSISv2p10_DSPLIB_CM3.a(arm_mat_inverse_f32.o)
 .debug_line    0x00005f67      0x531 /home/joaquin/Documentos/Embebidos/Repositorio/WSN-LSE/CMSISv2p10_DSPLIB_CM3/lib/libCMSISv2p10_DSPLIB_CM3.a(arm_mat_mult_f32.o)
 .debug_line    0x00006498      0x535 /home/joaquin/Documentos/Embebidos/Repositorio/WSN-LSE/CMSISv2p10_DSPLIB_CM3/lib/libCMSISv2p10_DSPLIB_CM3.a(arm_mat_trans_f32.o)

.debug_macinfo  0x00000000    0x85fb6
 .debug_macinfo
                0x00000000     0xca76 ./src/cc2520-mac.o
 .debug_macinfo
                0x0000ca76     0xca76 ./src/cc2520.o
 .debug_macinfo
                0x000194ec     0x204f ./src/cr_startup_lpc176x.o
 .debug_macinfo
                0x0001b53b     0xca7e ./src/fijo.o
 .debug_macinfo
                0x00027fb9     0xca76 ./src/main.o
 .debug_macinfo
                0x00034a2f     0xca7a ./src/movil.o
 .debug_macinfo
                0x000414a9     0xcb1b ./src/rssi.o
 .debug_macinfo
                0x0004dfc4     0x7be6 /home/joaquin/Documentos/Embebidos/Repositorio/WSN-LSE/CMSISv2p00_LPC17xx/Debug/libCMSISv2p00_LPC17xx.a(lpc17xx_gpio.o)
 .debug_macinfo
                0x00055baa     0x7d04 /home/joaquin/Documentos/Embebidos/Repositorio/WSN-LSE/CMSISv2p00_LPC17xx/Debug/libCMSISv2p00_LPC17xx.a(lpc17xx_pinsel.o)
 .debug_macinfo
                0x0005d8ae     0x9df1 /home/joaquin/Documentos/Embebidos/Repositorio/WSN-LSE/CMSISv2p00_LPC17xx/Debug/libCMSISv2p00_LPC17xx.a(lpc17xx_ssp.o)
 .debug_macinfo
                0x0006769f     0x792b /home/joaquin/Documentos/Embebidos/Repositorio/WSN-LSE/CMSISv2p00_LPC17xx/Debug/libCMSISv2p00_LPC17xx.a(system_LPC17xx.o)
 .debug_macinfo
                0x0006efca     0x8b29 /home/joaquin/Documentos/Embebidos/Repositorio/WSN-LSE/CMSISv2p00_LPC17xx/Debug/libCMSISv2p00_LPC17xx.a(lpc17xx_clkpwr.o)
 .debug_macinfo
                0x00077af3     0x3417 /home/joaquin/Documentos/Embebidos/Repositorio/WSN-LSE/CMSISv2p00_LPC17xx/Debug/libCMSISv2p00_LPC17xx.a(lpc17xx_libcfg_default.o)
 .debug_macinfo
                0x0007af0a     0x3ae4 /home/joaquin/Documentos/Embebidos/Repositorio/WSN-LSE/CMSISv2p10_DSPLIB_CM3/lib/libCMSISv2p10_DSPLIB_CM3.a(arm_mat_inverse_f32.o)
 .debug_macinfo
                0x0007e9ee     0x3ae4 /home/joaquin/Documentos/Embebidos/Repositorio/WSN-LSE/CMSISv2p10_DSPLIB_CM3/lib/libCMSISv2p10_DSPLIB_CM3.a(arm_mat_mult_f32.o)
 .debug_macinfo
                0x000824d2     0x3ae4 /home/joaquin/Documentos/Embebidos/Repositorio/WSN-LSE/CMSISv2p10_DSPLIB_CM3/lib/libCMSISv2p10_DSPLIB_CM3.a(arm_mat_trans_f32.o)

.debug_loc      0x00000000     0x2418
 .debug_loc     0x00000000      0x320 ./src/cc2520-mac.o
 .debug_loc     0x00000320      0x11c ./src/cc2520.o
 .debug_loc     0x0000043c      0x1b8 ./src/cr_startup_lpc176x.o
 .debug_loc     0x000005f4       0x3a ./src/fijo.o
 .debug_loc     0x0000062e       0x70 ./src/main.o
 .debug_loc     0x0000069e      0x12b ./src/movil.o
 .debug_loc     0x000007c9      0x154 ./src/rssi.o
 .debug_loc     0x0000091d      0x695 /home/joaquin/Documentos/Embebidos/Repositorio/WSN-LSE/CMSISv2p00_LPC17xx/Debug/libCMSISv2p00_LPC17xx.a(lpc17xx_gpio.o)
 .debug_loc     0x00000fb2      0x17d /home/joaquin/Documentos/Embebidos/Repositorio/WSN-LSE/CMSISv2p00_LPC17xx/Debug/libCMSISv2p00_LPC17xx.a(lpc17xx_pinsel.o)
 .debug_loc     0x0000112f      0x858 /home/joaquin/Documentos/Embebidos/Repositorio/WSN-LSE/CMSISv2p00_LPC17xx/Debug/libCMSISv2p00_LPC17xx.a(lpc17xx_ssp.o)
 .debug_loc     0x00001987       0x20 /home/joaquin/Documentos/Embebidos/Repositorio/WSN-LSE/CMSISv2p00_LPC17xx/Debug/libCMSISv2p00_LPC17xx.a(system_LPC17xx.o)
 .debug_loc     0x000019a7      0x1a9 /home/joaquin/Documentos/Embebidos/Repositorio/WSN-LSE/CMSISv2p00_LPC17xx/Debug/libCMSISv2p00_LPC17xx.a(lpc17xx_clkpwr.o)
 .debug_loc     0x00001b50      0x4a3 /home/joaquin/Documentos/Embebidos/Repositorio/WSN-LSE/CMSISv2p10_DSPLIB_CM3/lib/libCMSISv2p10_DSPLIB_CM3.a(arm_mat_inverse_f32.o)
 .debug_loc     0x00001ff3      0x26e /home/joaquin/Documentos/Embebidos/Repositorio/WSN-LSE/CMSISv2p10_DSPLIB_CM3/lib/libCMSISv2p10_DSPLIB_CM3.a(arm_mat_mult_f32.o)
 .debug_loc     0x00002261      0x1b7 /home/joaquin/Documentos/Embebidos/Repositorio/WSN-LSE/CMSISv2p10_DSPLIB_CM3/lib/libCMSISv2p10_DSPLIB_CM3.a(arm_mat_trans_f32.o)

.debug_pubnames
                0x00000000      0x996
 .debug_pubnames
                0x00000000      0x13b ./src/cc2520-mac.o
 .debug_pubnames
                0x0000013b       0x62 ./src/cc2520.o
 .debug_pubnames
                0x0000019d      0x115 ./src/cr_startup_lpc176x.o
 .debug_pubnames
                0x000002b2       0x38 ./src/fijo.o
 .debug_pubnames
                0x000002ea       0x57 ./src/main.o
 .debug_pubnames
                0x00000341       0x6a ./src/movil.o
 .debug_pubnames
                0x000003ab       0x8d ./src/rssi.o
 .debug_pubnames
                0x00000438      0x203 /home/joaquin/Documentos/Embebidos/Repositorio/WSN-LSE/CMSISv2p00_LPC17xx/Debug/libCMSISv2p00_LPC17xx.a(lpc17xx_gpio.o)
 .debug_pubnames
                0x0000063b       0x59 /home/joaquin/Documentos/Embebidos/Repositorio/WSN-LSE/CMSISv2p00_LPC17xx/Debug/libCMSISv2p00_LPC17xx.a(lpc17xx_pinsel.o)
 .debug_pubnames
                0x00000694      0x15c /home/joaquin/Documentos/Embebidos/Repositorio/WSN-LSE/CMSISv2p00_LPC17xx/Debug/libCMSISv2p00_LPC17xx.a(lpc17xx_ssp.o)
 .debug_pubnames
                0x000007f0       0x4f /home/joaquin/Documentos/Embebidos/Repositorio/WSN-LSE/CMSISv2p00_LPC17xx/Debug/libCMSISv2p00_LPC17xx.a(system_LPC17xx.o)
 .debug_pubnames
                0x0000083f       0xbb /home/joaquin/Documentos/Embebidos/Repositorio/WSN-LSE/CMSISv2p00_LPC17xx/Debug/libCMSISv2p00_LPC17xx.a(lpc17xx_clkpwr.o)
 .debug_pubnames
                0x000008fa       0x23 /home/joaquin/Documentos/Embebidos/Repositorio/WSN-LSE/CMSISv2p00_LPC17xx/Debug/libCMSISv2p00_LPC17xx.a(lpc17xx_libcfg_default.o)
 .debug_pubnames
                0x0000091d       0x2a /home/joaquin/Documentos/Embebidos/Repositorio/WSN-LSE/CMSISv2p10_DSPLIB_CM3/lib/libCMSISv2p10_DSPLIB_CM3.a(arm_mat_inverse_f32.o)
 .debug_pubnames
                0x00000947       0x27 /home/joaquin/Documentos/Embebidos/Repositorio/WSN-LSE/CMSISv2p10_DSPLIB_CM3/lib/libCMSISv2p10_DSPLIB_CM3.a(arm_mat_mult_f32.o)
 .debug_pubnames
                0x0000096e       0x28 /home/joaquin/Documentos/Embebidos/Repositorio/WSN-LSE/CMSISv2p10_DSPLIB_CM3/lib/libCMSISv2p10_DSPLIB_CM3.a(arm_mat_trans_f32.o)

.debug_pubtypes
                0x00000000      0x7d9
 .debug_pubtypes
                0x00000000       0xe0 ./src/cc2520-mac.o
 .debug_pubtypes
                0x000000e0       0xee ./src/cc2520.o
 .debug_pubtypes
                0x000001ce       0x12 ./src/cr_startup_lpc176x.o
 .debug_pubtypes
                0x000001e0       0xa6 ./src/fijo.o
 .debug_pubtypes
                0x00000286       0x38 ./src/main.o
 .debug_pubtypes
                0x000002be       0xe1 ./src/movil.o
 .debug_pubtypes
                0x0000039f       0x5e ./src/rssi.o
 .debug_pubtypes
                0x000003fd       0xb5 /home/joaquin/Documentos/Embebidos/Repositorio/WSN-LSE/CMSISv2p00_LPC17xx/Debug/libCMSISv2p00_LPC17xx.a(lpc17xx_gpio.o)
 .debug_pubtypes
                0x000004b2       0x76 /home/joaquin/Documentos/Embebidos/Repositorio/WSN-LSE/CMSISv2p00_LPC17xx/Debug/libCMSISv2p00_LPC17xx.a(lpc17xx_pinsel.o)
 .debug_pubtypes
                0x00000528       0xc8 /home/joaquin/Documentos/Embebidos/Repositorio/WSN-LSE/CMSISv2p00_LPC17xx/Debug/libCMSISv2p00_LPC17xx.a(lpc17xx_ssp.o)
 .debug_pubtypes
                0x000005f0       0x3e /home/joaquin/Documentos/Embebidos/Repositorio/WSN-LSE/CMSISv2p00_LPC17xx/Debug/libCMSISv2p00_LPC17xx.a(system_LPC17xx.o)
 .debug_pubtypes
                0x0000062e       0x6b /home/joaquin/Documentos/Embebidos/Repositorio/WSN-LSE/CMSISv2p00_LPC17xx/Debug/libCMSISv2p00_LPC17xx.a(lpc17xx_clkpwr.o)
 .debug_pubtypes
                0x00000699       0x2b /home/joaquin/Documentos/Embebidos/Repositorio/WSN-LSE/CMSISv2p00_LPC17xx/Debug/libCMSISv2p00_LPC17xx.a(lpc17xx_libcfg_default.o)
 .debug_pubtypes
                0x000006c4       0x65 /home/joaquin/Documentos/Embebidos/Repositorio/WSN-LSE/CMSISv2p10_DSPLIB_CM3/lib/libCMSISv2p10_DSPLIB_CM3.a(arm_mat_inverse_f32.o)
 .debug_pubtypes
                0x00000729       0x58 /home/joaquin/Documentos/Embebidos/Repositorio/WSN-LSE/CMSISv2p10_DSPLIB_CM3/lib/libCMSISv2p10_DSPLIB_CM3.a(arm_mat_mult_f32.o)
 .debug_pubtypes
                0x00000781       0x58 /home/joaquin/Documentos/Embebidos/Repositorio/WSN-LSE/CMSISv2p10_DSPLIB_CM3/lib/libCMSISv2p10_DSPLIB_CM3.a(arm_mat_trans_f32.o)

.debug_aranges  0x00000000      0x4e0
 .debug_aranges
                0x00000000       0x88 ./src/cc2520-mac.o
 .debug_aranges
                0x00000088       0x40 ./src/cc2520.o
 .debug_aranges
                0x000000c8       0x80 ./src/cr_startup_lpc176x.o
 .debug_aranges
                0x00000148       0x20 ./src/fijo.o
 .debug_aranges
                0x00000168       0x28 ./src/main.o
 .debug_aranges
                0x00000190       0x40 ./src/movil.o
 .debug_aranges
                0x000001d0       0x48 ./src/rssi.o
 .debug_aranges
                0x00000218       0xf8 /home/joaquin/Documentos/Embebidos/Repositorio/WSN-LSE/CMSISv2p00_LPC17xx/Debug/libCMSISv2p00_LPC17xx.a(lpc17xx_gpio.o)
 .debug_aranges
                0x00000310       0x30 /home/joaquin/Documentos/Embebidos/Repositorio/WSN-LSE/CMSISv2p00_LPC17xx/Debug/libCMSISv2p00_LPC17xx.a(lpc17xx_pinsel.o)
 .debug_aranges
                0x00000340       0xa0 /home/joaquin/Documentos/Embebidos/Repositorio/WSN-LSE/CMSISv2p00_LPC17xx/Debug/libCMSISv2p00_LPC17xx.a(lpc17xx_ssp.o)
 .debug_aranges
                0x000003e0       0x28 /home/joaquin/Documentos/Embebidos/Repositorio/WSN-LSE/CMSISv2p00_LPC17xx/Debug/libCMSISv2p00_LPC17xx.a(system_LPC17xx.o)
 .debug_aranges
                0x00000408       0x58 /home/joaquin/Documentos/Embebidos/Repositorio/WSN-LSE/CMSISv2p00_LPC17xx/Debug/libCMSISv2p00_LPC17xx.a(lpc17xx_clkpwr.o)
 .debug_aranges
                0x00000460       0x20 /home/joaquin/Documentos/Embebidos/Repositorio/WSN-LSE/CMSISv2p00_LPC17xx/Debug/libCMSISv2p00_LPC17xx.a(lpc17xx_libcfg_default.o)
 .debug_aranges
                0x00000480       0x20 /home/joaquin/Documentos/Embebidos/Repositorio/WSN-LSE/CMSISv2p10_DSPLIB_CM3/lib/libCMSISv2p10_DSPLIB_CM3.a(arm_mat_inverse_f32.o)
 .debug_aranges
                0x000004a0       0x20 /home/joaquin/Documentos/Embebidos/Repositorio/WSN-LSE/CMSISv2p10_DSPLIB_CM3/lib/libCMSISv2p10_DSPLIB_CM3.a(arm_mat_mult_f32.o)
 .debug_aranges
                0x000004c0       0x20 /home/joaquin/Documentos/Embebidos/Repositorio/WSN-LSE/CMSISv2p10_DSPLIB_CM3/lib/libCMSISv2p10_DSPLIB_CM3.a(arm_mat_trans_f32.o)

.debug_ranges   0x00000000      0x480
 .debug_ranges  0x00000000       0x78 ./src/cc2520-mac.o
 .debug_ranges  0x00000078       0x30 ./src/cc2520.o
 .debug_ranges  0x000000a8       0x70 ./src/cr_startup_lpc176x.o
 .debug_ranges  0x00000118       0x10 ./src/fijo.o
 .debug_ranges  0x00000128       0x18 ./src/main.o
 .debug_ranges  0x00000140       0x30 ./src/movil.o
 .debug_ranges  0x00000170       0x38 ./src/rssi.o
 .debug_ranges  0x000001a8       0xe8 /home/joaquin/Documentos/Embebidos/Repositorio/WSN-LSE/CMSISv2p00_LPC17xx/Debug/libCMSISv2p00_LPC17xx.a(lpc17xx_gpio.o)
 .debug_ranges  0x00000290       0x80 /home/joaquin/Documentos/Embebidos/Repositorio/WSN-LSE/CMSISv2p00_LPC17xx/Debug/libCMSISv2p00_LPC17xx.a(lpc17xx_pinsel.o)
 .debug_ranges  0x00000310       0xd0 /home/joaquin/Documentos/Embebidos/Repositorio/WSN-LSE/CMSISv2p00_LPC17xx/Debug/libCMSISv2p00_LPC17xx.a(lpc17xx_ssp.o)
 .debug_ranges  0x000003e0       0x18 /home/joaquin/Documentos/Embebidos/Repositorio/WSN-LSE/CMSISv2p00_LPC17xx/Debug/libCMSISv2p00_LPC17xx.a(system_LPC17xx.o)
 .debug_ranges  0x000003f8       0x48 /home/joaquin/Documentos/Embebidos/Repositorio/WSN-LSE/CMSISv2p00_LPC17xx/Debug/libCMSISv2p00_LPC17xx.a(lpc17xx_clkpwr.o)
 .debug_ranges  0x00000440       0x10 /home/joaquin/Documentos/Embebidos/Repositorio/WSN-LSE/CMSISv2p00_LPC17xx/Debug/libCMSISv2p00_LPC17xx.a(lpc17xx_libcfg_default.o)
 .debug_ranges  0x00000450       0x10 /home/joaquin/Documentos/Embebidos/Repositorio/WSN-LSE/CMSISv2p10_DSPLIB_CM3/lib/libCMSISv2p10_DSPLIB_CM3.a(arm_mat_inverse_f32.o)
 .debug_ranges  0x00000460       0x10 /home/joaquin/Documentos/Embebidos/Repositorio/WSN-LSE/CMSISv2p10_DSPLIB_CM3/lib/libCMSISv2p10_DSPLIB_CM3.a(arm_mat_mult_f32.o)
 .debug_ranges  0x00000470       0x10 /home/joaquin/Documentos/Embebidos/Repositorio/WSN-LSE/CMSISv2p10_DSPLIB_CM3/lib/libCMSISv2p10_DSPLIB_CM3.a(arm_mat_trans_f32.o)

.debug_str      0x00000000     0x16fe
 .debug_str     0x00000000      0x418 ./src/cc2520-mac.o
                                0x481 (size before relaxing)
 .debug_str     0x00000418      0x292 ./src/cc2520.o
                                0x417 (size before relaxing)
 .debug_str     0x000006aa      0x177 ./src/cr_startup_lpc176x.o
                                0x258 (size before relaxing)
 .debug_str     0x00000821       0x37 ./src/fijo.o
                                0x2f9 (size before relaxing)
 .debug_str     0x00000858       0x2d ./src/main.o
                                0x15b (size before relaxing)
 .debug_str     0x00000885      0x1cd ./src/movil.o
                                0x4a3 (size before relaxing)
 .debug_str     0x00000a52       0xb1 ./src/rssi.o
                                0x1ff (size before relaxing)
 .debug_str     0x00000b03      0x359 /home/joaquin/Documentos/Embebidos/Repositorio/WSN-LSE/CMSISv2p00_LPC17xx/Debug/libCMSISv2p00_LPC17xx.a(lpc17xx_gpio.o)
                                0x560 (size before relaxing)
 .debug_str     0x00000e5c      0x212 /home/joaquin/Documentos/Embebidos/Repositorio/WSN-LSE/CMSISv2p00_LPC17xx/Debug/libCMSISv2p00_LPC17xx.a(lpc17xx_pinsel.o)
                                0x374 (size before relaxing)
 .debug_str     0x0000106e      0x1f4 /home/joaquin/Documentos/Embebidos/Repositorio/WSN-LSE/CMSISv2p00_LPC17xx/Debug/libCMSISv2p00_LPC17xx.a(lpc17xx_ssp.o)
                                0x402 (size before relaxing)
 .debug_str     0x00001262      0x189 /home/joaquin/Documentos/Embebidos/Repositorio/WSN-LSE/CMSISv2p00_LPC17xx/Debug/libCMSISv2p00_LPC17xx.a(system_LPC17xx.o)
                                0x286 (size before relaxing)
 .debug_str     0x000013eb      0x119 /home/joaquin/Documentos/Embebidos/Repositorio/WSN-LSE/CMSISv2p00_LPC17xx/Debug/libCMSISv2p00_LPC17xx.a(lpc17xx_clkpwr.o)
                                0x39b (size before relaxing)
 .debug_str     0x00001504       0x37 /home/joaquin/Documentos/Embebidos/Repositorio/WSN-LSE/CMSISv2p00_LPC17xx/Debug/libCMSISv2p00_LPC17xx.a(lpc17xx_libcfg_default.o)
                                0x122 (size before relaxing)
 .debug_str     0x0000153b       0xe8 /home/joaquin/Documentos/Embebidos/Repositorio/WSN-LSE/CMSISv2p10_DSPLIB_CM3/lib/libCMSISv2p10_DSPLIB_CM3.a(arm_mat_inverse_f32.o)
                                0x267 (size before relaxing)
 .debug_str     0x00001623       0x80 /home/joaquin/Documentos/Embebidos/Repositorio/WSN-LSE/CMSISv2p10_DSPLIB_CM3/lib/libCMSISv2p10_DSPLIB_CM3.a(arm_mat_mult_f32.o)
                                0x234 (size before relaxing)
 .debug_str     0x000016a3       0x5b /home/joaquin/Documentos/Embebidos/Repositorio/WSN-LSE/CMSISv2p10_DSPLIB_CM3/lib/libCMSISv2p10_DSPLIB_CM3.a(arm_mat_trans_f32.o)
                                0x214 (size before relaxing)

.comment        0x00000000       0x2a
 .comment       0x00000000       0x2a ./src/cc2520-mac.o
                                 0x2b (size before relaxing)
 .comment       0x00000000       0x2b ./src/cc2520.o
 .comment       0x00000000       0x2b ./src/cr_startup_lpc176x.o
 .comment       0x00000000       0x2b ./src/fijo.o
 .comment       0x00000000       0x2b ./src/main.o
 .comment       0x00000000       0x2b ./src/movil.o
 .comment       0x00000000       0x2b ./src/rssi.o
 .comment       0x00000000       0x2b /home/joaquin/Documentos/Embebidos/Repositorio/WSN-LSE/CMSISv2p00_LPC17xx/Debug/libCMSISv2p00_LPC17xx.a(lpc17xx_gpio.o)
 .comment       0x00000000       0x2b /home/joaquin/Documentos/Embebidos/Repositorio/WSN-LSE/CMSISv2p00_LPC17xx/Debug/libCMSISv2p00_LPC17xx.a(lpc17xx_pinsel.o)
 .comment       0x00000000       0x2b /home/joaquin/Documentos/Embebidos/Repositorio/WSN-LSE/CMSISv2p00_LPC17xx/Debug/libCMSISv2p00_LPC17xx.a(lpc17xx_ssp.o)
 .comment       0x00000000       0x2b /home/joaquin/Documentos/Embebidos/Repositorio/WSN-LSE/CMSISv2p00_LPC17xx/Debug/libCMSISv2p00_LPC17xx.a(system_LPC17xx.o)
 .comment       0x00000000       0x2b /home/joaquin/Documentos/Embebidos/Repositorio/WSN-LSE/CMSISv2p00_LPC17xx/Debug/libCMSISv2p00_LPC17xx.a(lpc17xx_clkpwr.o)
 .comment       0x00000000       0x2b /home/joaquin/Documentos/Embebidos/Repositorio/WSN-LSE/CMSISv2p00_LPC17xx/Debug/libCMSISv2p00_LPC17xx.a(lpc17xx_libcfg_default.o)
 .comment       0x00000000       0x2b /home/joaquin/Documentos/Embebidos/Repositorio/WSN-LSE/CMSISv2p10_DSPLIB_CM3/lib/libCMSISv2p10_DSPLIB_CM3.a(arm_mat_inverse_f32.o)
 .comment       0x00000000       0x2b /home/joaquin/Documentos/Embebidos/Repositorio/WSN-LSE/CMSISv2p10_DSPLIB_CM3/lib/libCMSISv2p10_DSPLIB_CM3.a(arm_mat_mult_f32.o)
 .comment       0x00000000       0x2b /home/joaquin/Documentos/Embebidos/Repositorio/WSN-LSE/CMSISv2p10_DSPLIB_CM3/lib/libCMSISv2p10_DSPLIB_CM3.a(arm_mat_trans_f32.o)

.ARM.attributes
                0x00000000       0x31
 .ARM.attributes
                0x00000000       0x31 ./src/cc2520-mac.o
 .ARM.attributes
                0x00000031       0x31 ./src/cc2520.o
 .ARM.attributes
                0x00000062       0x31 ./src/cr_startup_lpc176x.o
 .ARM.attributes
                0x00000093       0x31 ./src/fijo.o
 .ARM.attributes
                0x000000c4       0x31 ./src/main.o
 .ARM.attributes
                0x000000f5       0x31 ./src/movil.o
 .ARM.attributes
                0x00000126       0x31 ./src/rssi.o
 .ARM.attributes
                0x00000157       0x31 /home/joaquin/Documentos/Embebidos/Repositorio/WSN-LSE/CMSISv2p00_LPC17xx/Debug/libCMSISv2p00_LPC17xx.a(lpc17xx_gpio.o)
 .ARM.attributes
                0x00000188       0x31 /home/joaquin/Documentos/Embebidos/Repositorio/WSN-LSE/CMSISv2p00_LPC17xx/Debug/libCMSISv2p00_LPC17xx.a(lpc17xx_pinsel.o)
 .ARM.attributes
                0x000001b9       0x31 /home/joaquin/Documentos/Embebidos/Repositorio/WSN-LSE/CMSISv2p00_LPC17xx/Debug/libCMSISv2p00_LPC17xx.a(lpc17xx_ssp.o)
 .ARM.attributes
                0x000001ea       0x31 /home/joaquin/Documentos/Embebidos/Repositorio/WSN-LSE/CMSISv2p00_LPC17xx/Debug/libCMSISv2p00_LPC17xx.a(system_LPC17xx.o)
 .ARM.attributes
                0x0000021b       0x31 /home/joaquin/Documentos/Embebidos/Repositorio/WSN-LSE/CMSISv2p00_LPC17xx/Debug/libCMSISv2p00_LPC17xx.a(lpc17xx_clkpwr.o)
 .ARM.attributes
                0x0000024c       0x31 /home/joaquin/Documentos/Embebidos/Repositorio/WSN-LSE/CMSISv2p00_LPC17xx/Debug/libCMSISv2p00_LPC17xx.a(lpc17xx_libcfg_default.o)
 .ARM.attributes
                0x0000027d       0x31 /home/joaquin/Documentos/Embebidos/Repositorio/WSN-LSE/CMSISv2p10_DSPLIB_CM3/lib/libCMSISv2p10_DSPLIB_CM3.a(arm_mat_inverse_f32.o)
 .ARM.attributes
                0x000002ae       0x31 /home/joaquin/Documentos/Embebidos/Repositorio/WSN-LSE/CMSISv2p10_DSPLIB_CM3/lib/libCMSISv2p10_DSPLIB_CM3.a(arm_mat_mult_f32.o)
 .ARM.attributes
                0x000002df       0x31 /home/joaquin/Documentos/Embebidos/Repositorio/WSN-LSE/CMSISv2p10_DSPLIB_CM3/lib/libCMSISv2p10_DSPLIB_CM3.a(arm_mat_trans_f32.o)
 .ARM.attributes
                0x00000310       0x1b /usr/local/lpcxpresso_4.2.3_255/lpcxpresso/tools/bin/../lib/gcc/arm-none-eabi/4.5.1/thumb2/libgcc.a(_arm_addsubdf3.o)
 .ARM.attributes
                0x0000032b       0x1b /usr/local/lpcxpresso_4.2.3_255/lpcxpresso/tools/bin/../lib/gcc/arm-none-eabi/4.5.1/thumb2/libgcc.a(_arm_muldivdf3.o)
 .ARM.attributes
                0x00000346       0x1b /usr/local/lpcxpresso_4.2.3_255/lpcxpresso/tools/bin/../lib/gcc/arm-none-eabi/4.5.1/thumb2/libgcc.a(_arm_truncdfsf2.o)
 .ARM.attributes
                0x00000361       0x1b /usr/local/lpcxpresso_4.2.3_255/lpcxpresso/tools/bin/../lib/gcc/arm-none-eabi/4.5.1/thumb2/libgcc.a(_arm_addsubsf3.o)
 .ARM.attributes
                0x0000037c       0x1b /usr/local/lpcxpresso_4.2.3_255/lpcxpresso/tools/bin/../lib/gcc/arm-none-eabi/4.5.1/thumb2/libgcc.a(_arm_muldivsf3.o)
 .ARM.attributes
                0x00000397       0x1b /usr/local/lpcxpresso_4.2.3_255/lpcxpresso/tools/bin/../lib/gcc/arm-none-eabi/4.5.1/thumb2/libgcc.a(_arm_cmpsf2.o)
 .ARM.attributes
                0x000003b2       0x1b /usr/local/lpcxpresso_4.2.3_255/lpcxpresso/tools/bin/../lib/gcc/arm-none-eabi/4.5.1/thumb2/libgcc.a(_aeabi_uldivmod.o)
 .ARM.attributes
                0x000003cd       0x29 /usr/local/lpcxpresso_4.2.3_255/lpcxpresso/tools/bin/../lib/gcc/arm-none-eabi/4.5.1/thumb2/libgcc.a(bpabi.o)
 .ARM.attributes
                0x000003f6       0x1b /usr/local/lpcxpresso_4.2.3_255/lpcxpresso/tools/bin/../lib/gcc/arm-none-eabi/4.5.1/thumb2/libgcc.a(_dvmd_tls.o)
 .ARM.attributes
                0x00000411       0x29 /usr/local/lpcxpresso_4.2.3_255/lpcxpresso/tools/bin/../lib/gcc/arm-none-eabi/4.5.1/thumb2/libgcc.a(_divdi3.o)
 .ARM.attributes
                0x0000043a       0x29 /usr/local/lpcxpresso_4.2.3_255/lpcxpresso/tools/bin/../lib/gcc/arm-none-eabi/4.5.1/thumb2/libgcc.a(_udivdi3.o)
 .ARM.attributes
                0x00000463       0x1b /usr/local/lpcxpresso_4.2.3_255/lpcxpresso/tools/bin/../lib/gcc/arm-none-eabi/4.5.1/thumb2/libgcc.a(_udivsi3.o)
 .ARM.attributes
                0x0000047e       0x29 /usr/local/lpcxpresso_4.2.3_255/lpcxpresso/tools/bin/../lib/gcc/arm-none-eabi/4.5.1/../../../../arm-none-eabi/lib/thumb2/libc.a(lib_a-memcpy.o)
 .ARM.attributes
                0x000004a7       0x29 /usr/local/lpcxpresso_4.2.3_255/lpcxpresso/tools/bin/../lib/gcc/arm-none-eabi/4.5.1/../../../../arm-none-eabi/lib/thumb2/libm.a(lib_a-w_exp.o)
 .ARM.attributes
                0x000004d0       0x29 /usr/local/lpcxpresso_4.2.3_255/lpcxpresso/tools/bin/../lib/gcc/arm-none-eabi/4.5.1/../../../../arm-none-eabi/lib/thumb2/libm.a(lib_a-w_pow.o)
 .ARM.attributes
                0x000004f9       0x29 /usr/local/lpcxpresso_4.2.3_255/lpcxpresso/tools/bin/../lib/gcc/arm-none-eabi/4.5.1/../../../../arm-none-eabi/lib/thumb2/libm.a(lib_a-w_sqrt.o)
 .ARM.attributes
                0x00000522       0x29 /usr/local/lpcxpresso_4.2.3_255/lpcxpresso/tools/bin/../lib/gcc/arm-none-eabi/4.5.1/../../../../arm-none-eabi/lib/thumb2/libm.a(lib_a-wf_sqrt.o)
 .ARM.attributes
                0x0000054b       0x29 /usr/local/lpcxpresso_4.2.3_255/lpcxpresso/tools/bin/../lib/gcc/arm-none-eabi/4.5.1/../../../../arm-none-eabi/lib/thumb2/libm.a(lib_a-e_exp.o)
 .ARM.attributes
                0x00000574       0x29 /usr/local/lpcxpresso_4.2.3_255/lpcxpresso/tools/bin/../lib/gcc/arm-none-eabi/4.5.1/../../../../arm-none-eabi/lib/thumb2/libm.a(lib_a-e_pow.o)
 .ARM.attributes
                0x0000059d       0x29 /usr/local/lpcxpresso_4.2.3_255/lpcxpresso/tools/bin/../lib/gcc/arm-none-eabi/4.5.1/../../../../arm-none-eabi/lib/thumb2/libm.a(lib_a-e_sqrt.o)
 .ARM.attributes
                0x000005c6       0x29 /usr/local/lpcxpresso_4.2.3_255/lpcxpresso/tools/bin/../lib/gcc/arm-none-eabi/4.5.1/../../../../arm-none-eabi/lib/thumb2/libm.a(lib_a-ef_sqrt.o)
 .ARM.attributes
                0x000005ef       0x29 /usr/local/lpcxpresso_4.2.3_255/lpcxpresso/tools/bin/../lib/gcc/arm-none-eabi/4.5.1/../../../../arm-none-eabi/lib/thumb2/libm.a(lib_a-s_fabs.o)
 .ARM.attributes
                0x00000618       0x29 /usr/local/lpcxpresso_4.2.3_255/lpcxpresso/tools/bin/../lib/gcc/arm-none-eabi/4.5.1/../../../../arm-none-eabi/lib/thumb2/libm.a(lib_a-s_finite.o)
 .ARM.attributes
                0x00000641       0x29 /usr/local/lpcxpresso_4.2.3_255/lpcxpresso/tools/bin/../lib/gcc/arm-none-eabi/4.5.1/../../../../arm-none-eabi/lib/thumb2/libm.a(lib_a-s_fpclassify.o)
 .ARM.attributes
                0x0000066a       0x29 /usr/local/lpcxpresso_4.2.3_255/lpcxpresso/tools/bin/../lib/gcc/arm-none-eabi/4.5.1/../../../../arm-none-eabi/lib/thumb2/libm.a(lib_a-s_lib_ver.o)
 .ARM.attributes
                0x00000693       0x29 /usr/local/lpcxpresso_4.2.3_255/lpcxpresso/tools/bin/../lib/gcc/arm-none-eabi/4.5.1/../../../../arm-none-eabi/lib/thumb2/libm.a(lib_a-s_matherr.o)
 .ARM.attributes
                0x000006bc       0x29 /usr/local/lpcxpresso_4.2.3_255/lpcxpresso/tools/bin/../lib/gcc/arm-none-eabi/4.5.1/../../../../arm-none-eabi/lib/thumb2/libm.a(lib_a-s_nan.o)
 .ARM.attributes
                0x000006e5       0x29 /usr/local/lpcxpresso_4.2.3_255/lpcxpresso/tools/bin/../lib/gcc/arm-none-eabi/4.5.1/../../../../arm-none-eabi/lib/thumb2/libm.a(lib_a-s_rint.o)
 .ARM.attributes
                0x0000070e       0x29 /usr/local/lpcxpresso_4.2.3_255/lpcxpresso/tools/bin/../lib/gcc/arm-none-eabi/4.5.1/../../../../arm-none-eabi/lib/thumb2/libm.a(lib_a-s_scalbn.o)
 .ARM.attributes
                0x00000737       0x29 /usr/local/lpcxpresso_4.2.3_255/lpcxpresso/tools/bin/../lib/gcc/arm-none-eabi/4.5.1/../../../../arm-none-eabi/lib/thumb2/libm.a(lib_a-sf_fpclassify.o)
 .ARM.attributes
                0x00000760       0x29 /usr/local/lpcxpresso_4.2.3_255/lpcxpresso/tools/bin/../lib/gcc/arm-none-eabi/4.5.1/../../../../arm-none-eabi/lib/thumb2/libm.a(lib_a-s_copysign.o)
 .ARM.attributes
                0x00000789       0x1b /usr/local/lpcxpresso_4.2.3_255/lpcxpresso/tools/bin/../lib/gcc/arm-none-eabi/4.5.1/thumb2/libgcc.a(_arm_cmpdf2.o)
 .ARM.attributes
                0x000007a4       0x1b /usr/local/lpcxpresso_4.2.3_255/lpcxpresso/tools/bin/../lib/gcc/arm-none-eabi/4.5.1/thumb2/libgcc.a(_arm_fixdfsi.o)
 .ARM.attributes
                0x000007bf       0x29 /usr/local/lpcxpresso_4.2.3_255/lpcxpresso/tools/bin/../lib/gcc/arm-none-eabi/4.5.1/../../../../arm-none-eabi/lib/thumb2/libc.a(lib_a-errno.o)
 .ARM.attributes
                0x000007e8       0x29 /usr/local/lpcxpresso_4.2.3_255/lpcxpresso/tools/bin/../lib/gcc/arm-none-eabi/4.5.1/../../../../arm-none-eabi/lib/thumb2/libc.a(lib_a-impure.o)

.debug_frame    0x00000000     0x100c
 .debug_frame   0x00000000      0x1cc ./src/cc2520-mac.o
 .debug_frame   0x000001cc       0xbc ./src/cc2520.o
 .debug_frame   0x00000288       0xf0 ./src/cr_startup_lpc176x.o
 .debug_frame   0x00000378       0x34 ./src/fijo.o
 .debug_frame   0x000003ac       0x4c ./src/main.o
 .debug_frame   0x000003f8       0xb4 ./src/movil.o
 .debug_frame   0x000004ac       0xdc ./src/rssi.o
 .debug_frame   0x00000588      0x270 /home/joaquin/Documentos/Embebidos/Repositorio/WSN-LSE/CMSISv2p00_LPC17xx/Debug/libCMSISv2p00_LPC17xx.a(lpc17xx_gpio.o)
 .debug_frame   0x000007f8       0x4c /home/joaquin/Documentos/Embebidos/Repositorio/WSN-LSE/CMSISv2p00_LPC17xx/Debug/libCMSISv2p00_LPC17xx.a(lpc17xx_pinsel.o)
 .debug_frame   0x00000844      0x1e0 /home/joaquin/Documentos/Embebidos/Repositorio/WSN-LSE/CMSISv2p00_LPC17xx/Debug/libCMSISv2p00_LPC17xx.a(lpc17xx_ssp.o)
 .debug_frame   0x00000a24       0x3c /home/joaquin/Documentos/Embebidos/Repositorio/WSN-LSE/CMSISv2p00_LPC17xx/Debug/libCMSISv2p00_LPC17xx.a(system_LPC17xx.o)
 .debug_frame   0x00000a60       0xa0 /home/joaquin/Documentos/Embebidos/Repositorio/WSN-LSE/CMSISv2p00_LPC17xx/Debug/libCMSISv2p00_LPC17xx.a(lpc17xx_clkpwr.o)
 .debug_frame   0x00000b00       0x20 /home/joaquin/Documentos/Embebidos/Repositorio/WSN-LSE/CMSISv2p00_LPC17xx/Debug/libCMSISv2p00_LPC17xx.a(lpc17xx_libcfg_default.o)
 .debug_frame   0x00000b20       0x3c /home/joaquin/Documentos/Embebidos/Repositorio/WSN-LSE/CMSISv2p10_DSPLIB_CM3/lib/libCMSISv2p10_DSPLIB_CM3.a(arm_mat_inverse_f32.o)
 .debug_frame   0x00000b5c       0x3c /home/joaquin/Documentos/Embebidos/Repositorio/WSN-LSE/CMSISv2p10_DSPLIB_CM3/lib/libCMSISv2p10_DSPLIB_CM3.a(arm_mat_mult_f32.o)
 .debug_frame   0x00000b98       0x38 /home/joaquin/Documentos/Embebidos/Repositorio/WSN-LSE/CMSISv2p10_DSPLIB_CM3/lib/libCMSISv2p10_DSPLIB_CM3.a(arm_mat_trans_f32.o)
 .debug_frame   0x00000bd0       0x50 /usr/local/lpcxpresso_4.2.3_255/lpcxpresso/tools/bin/../lib/gcc/arm-none-eabi/4.5.1/thumb2/libgcc.a(bpabi.o)
 .debug_frame   0x00000c20       0x3c /usr/local/lpcxpresso_4.2.3_255/lpcxpresso/tools/bin/../lib/gcc/arm-none-eabi/4.5.1/thumb2/libgcc.a(_divdi3.o)
 .debug_frame   0x00000c5c       0x3c /usr/local/lpcxpresso_4.2.3_255/lpcxpresso/tools/bin/../lib/gcc/arm-none-eabi/4.5.1/thumb2/libgcc.a(_udivdi3.o)
 .debug_frame   0x00000c98       0x20 /usr/local/lpcxpresso_4.2.3_255/lpcxpresso/tools/bin/../lib/gcc/arm-none-eabi/4.5.1/thumb2/libgcc.a(_udivsi3.o)
 .debug_frame   0x00000cb8       0x30 /usr/local/lpcxpresso_4.2.3_255/lpcxpresso/tools/bin/../lib/gcc/arm-none-eabi/4.5.1/../../../../arm-none-eabi/lib/thumb2/libc.a(lib_a-memcpy.o)
 .debug_frame   0x00000ce8       0x34 /usr/local/lpcxpresso_4.2.3_255/lpcxpresso/tools/bin/../lib/gcc/arm-none-eabi/4.5.1/../../../../arm-none-eabi/lib/thumb2/libm.a(lib_a-w_exp.o)
 .debug_frame   0x00000d1c       0x3c /usr/local/lpcxpresso_4.2.3_255/lpcxpresso/tools/bin/../lib/gcc/arm-none-eabi/4.5.1/../../../../arm-none-eabi/lib/thumb2/libm.a(lib_a-w_pow.o)
 .debug_frame   0x00000d58       0x38 /usr/local/lpcxpresso_4.2.3_255/lpcxpresso/tools/bin/../lib/gcc/arm-none-eabi/4.5.1/../../../../arm-none-eabi/lib/thumb2/libm.a(lib_a-w_sqrt.o)
 .debug_frame   0x00000d90       0x30 /usr/local/lpcxpresso_4.2.3_255/lpcxpresso/tools/bin/../lib/gcc/arm-none-eabi/4.5.1/../../../../arm-none-eabi/lib/thumb2/libm.a(lib_a-wf_sqrt.o)
 .debug_frame   0x00000dc0       0x3c /usr/local/lpcxpresso_4.2.3_255/lpcxpresso/tools/bin/../lib/gcc/arm-none-eabi/4.5.1/../../../../arm-none-eabi/lib/thumb2/libm.a(lib_a-e_exp.o)
 .debug_frame   0x00000dfc       0x3c /usr/local/lpcxpresso_4.2.3_255/lpcxpresso/tools/bin/../lib/gcc/arm-none-eabi/4.5.1/../../../../arm-none-eabi/lib/thumb2/libm.a(lib_a-e_pow.o)
 .debug_frame   0x00000e38       0x34 /usr/local/lpcxpresso_4.2.3_255/lpcxpresso/tools/bin/../lib/gcc/arm-none-eabi/4.5.1/../../../../arm-none-eabi/lib/thumb2/libm.a(lib_a-e_sqrt.o)
 .debug_frame   0x00000e6c       0x2c /usr/local/lpcxpresso_4.2.3_255/lpcxpresso/tools/bin/../lib/gcc/arm-none-eabi/4.5.1/../../../../arm-none-eabi/lib/thumb2/libm.a(lib_a-ef_sqrt.o)
 .debug_frame   0x00000e98       0x20 /usr/local/lpcxpresso_4.2.3_255/lpcxpresso/tools/bin/../lib/gcc/arm-none-eabi/4.5.1/../../../../arm-none-eabi/lib/thumb2/libm.a(lib_a-s_fabs.o)
 .debug_frame   0x00000eb8       0x20 /usr/local/lpcxpresso_4.2.3_255/lpcxpresso/tools/bin/../lib/gcc/arm-none-eabi/4.5.1/../../../../arm-none-eabi/lib/thumb2/libm.a(lib_a-s_finite.o)
 .debug_frame   0x00000ed8       0x28 /usr/local/lpcxpresso_4.2.3_255/lpcxpresso/tools/bin/../lib/gcc/arm-none-eabi/4.5.1/../../../../arm-none-eabi/lib/thumb2/libm.a(lib_a-s_fpclassify.o)
 .debug_frame   0x00000f00       0x20 /usr/local/lpcxpresso_4.2.3_255/lpcxpresso/tools/bin/../lib/gcc/arm-none-eabi/4.5.1/../../../../arm-none-eabi/lib/thumb2/libm.a(lib_a-s_matherr.o)
 .debug_frame   0x00000f20       0x20 /usr/local/lpcxpresso_4.2.3_255/lpcxpresso/tools/bin/../lib/gcc/arm-none-eabi/4.5.1/../../../../arm-none-eabi/lib/thumb2/libm.a(lib_a-s_nan.o)
 .debug_frame   0x00000f40       0x34 /usr/local/lpcxpresso_4.2.3_255/lpcxpresso/tools/bin/../lib/gcc/arm-none-eabi/4.5.1/../../../../arm-none-eabi/lib/thumb2/libm.a(lib_a-s_rint.o)
 .debug_frame   0x00000f74       0x30 /usr/local/lpcxpresso_4.2.3_255/lpcxpresso/tools/bin/../lib/gcc/arm-none-eabi/4.5.1/../../../../arm-none-eabi/lib/thumb2/libm.a(lib_a-s_scalbn.o)
 .debug_frame   0x00000fa4       0x20 /usr/local/lpcxpresso_4.2.3_255/lpcxpresso/tools/bin/../lib/gcc/arm-none-eabi/4.5.1/../../../../arm-none-eabi/lib/thumb2/libm.a(lib_a-sf_fpclassify.o)
 .debug_frame   0x00000fc4       0x28 /usr/local/lpcxpresso_4.2.3_255/lpcxpresso/tools/bin/../lib/gcc/arm-none-eabi/4.5.1/../../../../arm-none-eabi/lib/thumb2/libm.a(lib_a-s_copysign.o)
 .debug_frame   0x00000fec       0x20 /usr/local/lpcxpresso_4.2.3_255/lpcxpresso/tools/bin/../lib/gcc/arm-none-eabi/4.5.1/../../../../arm-none-eabi/lib/thumb2/libc.a(lib_a-errno.o)
