Archive member included because of file (symbol)

C:\Users\Joaquin\Documents\Joaquin\Facu\Materias\Sistemas Embebidos\Proyecto\Repositorio\WSN-LSE\CMSISv2p00_LPC17xx\Debug\libCMSISv2p00_LPC17xx.a(lpc17xx_clkpwr.o)
                              ./src/fijo.o (CLKPWR_Sleep)
C:\Users\Joaquin\Documents\Joaquin\Facu\Materias\Sistemas Embebidos\Proyecto\Repositorio\WSN-LSE\CMSISv2p00_LPC17xx\Debug\libCMSISv2p00_LPC17xx.a(lpc17xx_gpio.o)
                              ./src/cc2520.o (GPIO_SetDir)
C:\Users\Joaquin\Documents\Joaquin\Facu\Materias\Sistemas Embebidos\Proyecto\Repositorio\WSN-LSE\CMSISv2p00_LPC17xx\Debug\libCMSISv2p00_LPC17xx.a(lpc17xx_pinsel.o)
                              ./src/cc2520.o (PINSEL_ConfigPin)
C:\Users\Joaquin\Documents\Joaquin\Facu\Materias\Sistemas Embebidos\Proyecto\Repositorio\WSN-LSE\CMSISv2p00_LPC17xx\Debug\libCMSISv2p00_LPC17xx.a(lpc17xx_ssp.o)
                              ./src/cc2520.o (SSP_Init)
C:\Users\Joaquin\Documents\Joaquin\Facu\Materias\Sistemas Embebidos\Proyecto\Repositorio\WSN-LSE\CMSISv2p00_LPC17xx\Debug\libCMSISv2p00_LPC17xx.a(lpc17xx_systick.o)
                              ./src/fijo.o (SYSTICK_Cmd)
C:\Users\Joaquin\Documents\Joaquin\Facu\Materias\Sistemas Embebidos\Proyecto\Repositorio\WSN-LSE\CMSISv2p00_LPC17xx\Debug\libCMSISv2p00_LPC17xx.a(lpc17xx_timer.o)
                              ./src/main.o (TIM_GetIntStatus)
C:\Users\Joaquin\Documents\Joaquin\Facu\Materias\Sistemas Embebidos\Proyecto\Repositorio\WSN-LSE\CMSISv2p00_LPC17xx\Debug\libCMSISv2p00_LPC17xx.a(system_LPC17xx.o)
                              ./src/cr_startup_lpc176x.o (SystemInit)
C:\Users\Joaquin\Documents\Joaquin\Facu\Materias\Sistemas Embebidos\Proyecto\Repositorio\WSN-LSE\CMSISv2p00_LPC17xx\Debug\libCMSISv2p00_LPC17xx.a(lpc17xx_libcfg_default.o)
                              C:\Users\Joaquin\Documents\Joaquin\Facu\Materias\Sistemas Embebidos\Proyecto\Repositorio\WSN-LSE\CMSISv2p00_LPC17xx\Debug\libCMSISv2p00_LPC17xx.a(lpc17xx_ssp.o) (check_failed)
C:\Users\Joaquin\Documents\Joaquin\Facu\Materias\Sistemas Embebidos\Proyecto\Repositorio\WSN-LSE\CMSISv2p10_DSPLIB_CM3\lib\libCMSISv2p10_DSPLIB_CM3.a(arm_mat_inverse_f32.o)
                              ./src/movil.o (arm_mat_inverse_f32)
C:\Users\Joaquin\Documents\Joaquin\Facu\Materias\Sistemas Embebidos\Proyecto\Repositorio\WSN-LSE\CMSISv2p10_DSPLIB_CM3\lib\libCMSISv2p10_DSPLIB_CM3.a(arm_mat_mult_f32.o)
                              ./src/movil.o (arm_mat_mult_f32)
C:\Users\Joaquin\Documents\Joaquin\Facu\Materias\Sistemas Embebidos\Proyecto\Repositorio\WSN-LSE\CMSISv2p10_DSPLIB_CM3\lib\libCMSISv2p10_DSPLIB_CM3.a(arm_mat_trans_f32.o)
                              ./src/movil.o (arm_mat_trans_f32)
c:/nxp/lpcxpresso_4.3.0_1023/lpcxpresso/tools/bin/../lib/gcc/arm-none-eabi/4.5.1/thumb2\libgcc.a(_arm_addsubdf3.o)
                              ./src/rssi.o (__aeabi_dadd)
c:/nxp/lpcxpresso_4.3.0_1023/lpcxpresso/tools/bin/../lib/gcc/arm-none-eabi/4.5.1/thumb2\libgcc.a(_arm_muldivdf3.o)
                              ./src/rssi.o (__aeabi_dmul)
c:/nxp/lpcxpresso_4.3.0_1023/lpcxpresso/tools/bin/../lib/gcc/arm-none-eabi/4.5.1/thumb2\libgcc.a(_arm_truncdfsf2.o)
                              ./src/movil.o (__aeabi_d2f)
c:/nxp/lpcxpresso_4.3.0_1023/lpcxpresso/tools/bin/../lib/gcc/arm-none-eabi/4.5.1/thumb2\libgcc.a(_arm_addsubsf3.o)
                              ./src/movil.o (__aeabi_fsub)
c:/nxp/lpcxpresso_4.3.0_1023/lpcxpresso/tools/bin/../lib/gcc/arm-none-eabi/4.5.1/thumb2\libgcc.a(_arm_muldivsf3.o)
                              ./src/movil.o (__aeabi_fmul)
c:/nxp/lpcxpresso_4.3.0_1023/lpcxpresso/tools/bin/../lib/gcc/arm-none-eabi/4.5.1/thumb2\libgcc.a(_arm_cmpsf2.o)
                              C:\Users\Joaquin\Documents\Joaquin\Facu\Materias\Sistemas Embebidos\Proyecto\Repositorio\WSN-LSE\CMSISv2p10_DSPLIB_CM3\lib\libCMSISv2p10_DSPLIB_CM3.a(arm_mat_inverse_f32.o) (__aeabi_fcmpeq)
c:/nxp/lpcxpresso_4.3.0_1023/lpcxpresso/tools/bin/../lib/gcc/arm-none-eabi/4.5.1/thumb2\libgcc.a(_aeabi_uldivmod.o)
                              C:\Users\Joaquin\Documents\Joaquin\Facu\Materias\Sistemas Embebidos\Proyecto\Repositorio\WSN-LSE\CMSISv2p00_LPC17xx\Debug\libCMSISv2p00_LPC17xx.a(lpc17xx_timer.o) (__aeabi_uldivmod)
c:/nxp/lpcxpresso_4.3.0_1023/lpcxpresso/tools/bin/../lib/gcc/arm-none-eabi/4.5.1/thumb2\libgcc.a(bpabi.o)
                              c:/nxp/lpcxpresso_4.3.0_1023/lpcxpresso/tools/bin/../lib/gcc/arm-none-eabi/4.5.1/thumb2\libgcc.a(_aeabi_uldivmod.o) (__gnu_uldivmod_helper)
c:/nxp/lpcxpresso_4.3.0_1023/lpcxpresso/tools/bin/../lib/gcc/arm-none-eabi/4.5.1/thumb2\libgcc.a(_dvmd_tls.o)
                              c:/nxp/lpcxpresso_4.3.0_1023/lpcxpresso/tools/bin/../lib/gcc/arm-none-eabi/4.5.1/thumb2\libgcc.a(_aeabi_uldivmod.o) (__aeabi_ldiv0)
c:/nxp/lpcxpresso_4.3.0_1023/lpcxpresso/tools/bin/../lib/gcc/arm-none-eabi/4.5.1/thumb2\libgcc.a(_divdi3.o)
[...]
Memory Configuration

Name             Origin             Length             Attributes
MFlash512        0x00000000         0x00080000         xr
RamLoc32         0x10000000         0x00008000         xrw
RamAHB32         0x2007c000         0x00008000         xrw
*default*        0x00000000         0xffffffff

Linker script and memory map

LOAD ./src/cc2520-mac.o
LOAD ./src/cc2520.o
LOAD ./src/cr_startup_lpc176x.o
LOAD ./src/fijo.o
LOAD ./src/hiduser.o
LOAD ./src/main.o
LOAD ./src/movil.o
LOAD ./src/rssi.o
LOAD ./src/usbcore.o
LOAD ./src/usbdesc.o
LOAD ./src/usbhw.o
LOAD ./src/usbuser.o
LOAD C:\Users\Joaquin\Documents\Joaquin\Facu\Materias\Sistemas Embebidos\Proyecto\Repositorio\WSN-LSE\CMSISv2p00_LPC17xx\Debug\libCMSISv2p00_LPC17xx.a
LOAD C:\Users\Joaquin\Documents\Joaquin\Facu\Materias\Sistemas Embebidos\Proyecto\Repositorio\WSN-LSE\CMSISv2p10_DSPLIB_CM3\lib\libCMSISv2p10_DSPLIB_CM3.a
START GROUP
LOAD c:/nxp/lpcxpresso_4.3.0_1023/lpcxpresso/tools/bin/../lib/gcc/arm-none-eabi/4.5.1/thumb2\libgcc.a
LOAD c:/nxp/lpcxpresso_4.3.0_1023/lpcxpresso/tools/bin/../lib/gcc/arm-none-eabi/4.5.1/../../../../arm-none-eabi/lib/thumb2\libc.a
LOAD c:/nxp/lpcxpresso_4.3.0_1023/lpcxpresso/tools/bin/../lib/gcc/arm-none-eabi/4.5.1/../../../../arm-none-eabi/lib/thumb2\libm.a
LOAD c:/nxp/lpcxpresso_4.3.0_1023/lpcxpresso/tools/bin/../lib/gcc/arm-none-eabi/4.5.1/../../../../arm-none-eabi/lib/thumb2\libcr_newlib_semihost.a
END GROUP
                0x00080000                __top_MFlash512 = 0x80000
                0x10008000                __top_RamLoc32 = 0x10008000
                0x20084000                __top_RamAHB32 = 0x20084000

.text           0x00000000     0x3e94
 FILL mask 0xff
 *(.isr_vector)
 .isr_vector    0x00000000       0xcc ./src/cr_startup_lpc176x.o
                0x00000000                g_pfnVectors
                0x000000cc                . = ALIGN (0x4)
                0x000000cc                __section_table_start = .
                0x000000cc                __data_section_table = .
                0x000000cc        0x4 LONG 0x3e9c LOADADDR (.data)
                0x000000d0        0x4 LONG 0x10000000 ADDR (.data)
                0x000000d4        0x4 LONG 0x4 SIZEOF (.data)
                0x000000d8        0x4 LONG 0x3e9c LOADADDR (.data_RAM2)
                0x000000dc        0x4 LONG 0x2007c000 ADDR (.data_RAM2)
                0x000000e0        0x4 LONG 0x0 SIZEOF (.data_RAM2)
                0x000000e4                __data_section_table_end = .
                0x000000e4                __bss_section_table = .
                0x000000e4        0x4 LONG 0x10000228 ADDR (.bss)
                0x000000e8        0x4 LONG 0xf50 SIZEOF (.bss)
                0x000000ec        0x4 LONG 0x2007c000 ADDR (.bss_RAM2)
                0x000000f0        0x4 LONG 0x0 SIZEOF (.bss_RAM2)
                0x000000f4                __bss_section_table_end = .
                0x000000f4                __section_table_end = .
 *(.after_vectors*)
 .after_vectors
                0x000000f4       0x78 ./src/cr_startup_lpc176x.o
                0x000000f4                NMI_Handler
                0x000000f6                HardFault_Handler
                0x000000f8                MemManage_Handler
                0x000000fa                BusFault_Handler
                0x000000fc                UsageFault_Handler
                0x000000fe                SVC_Handler
                0x00000100                DebugMon_Handler
                0x00000102                PendSV_Handler
                0x00000106                data_init
                0x00000118                bss_init
                0x00000128                ResetISR
                0x00000168                UART1_IRQHandler
                0x00000168                CANActivity_IRQHandler
                0x00000168                TIMER3_IRQHandler
                0x00000168                UART0_IRQHandler
                0x00000168                EINT2_IRQHandler
                0x00000168                I2C1_IRQHandler
                0x00000168                IntDefaultHandler
                0x00000168                PLL0_IRQHandler
                0x00000168                PWM1_IRQHandler
                0x00000168                PLL1_IRQHandler
                0x00000168                SSP0_IRQHandler
                0x00000168                I2S_IRQHandler
                0x00000168                I2C2_IRQHandler
                0x00000168                RTC_IRQHandler
                0x00000168                SPI_IRQHandler
                0x00000168                USBActivity_IRQHandler
                0x00000168                EINT1_IRQHandler
                0x00000168                TIMER1_IRQHandler
                0x00000168                UART2_IRQHandler
                0x00000168                ADC_IRQHandler
                0x00000168                SSP1_IRQHandler
                0x00000168                BOD_IRQHandler
                0x00000168                I2C0_IRQHandler
                0x00000168                WDT_IRQHandler
                0x00000168                RIT_IRQHandler
                0x00000168                QEI_IRQHandler
                0x00000168                EINT0_IRQHandler
                0x00000168                CAN_IRQHandler
                0x00000168                DMA_IRQHandler
                0x00000168                TIMER2_IRQHandler
                0x00000168                UART3_IRQHandler
                0x00000168                MCPWM_IRQHandler
                0x00000168                ENET_IRQHandler
 *(.text*)
 .text.memorycpy
                0x0000016c       0x40 ./src/cc2520-mac.o
                0x0000016c                memorycpy
 .text.ccSetLocalShortAddr
                0x000001ac       0x2c ./src/cc2520-mac.o
                0x000001ac                ccSetLocalShortAddr
 .text.ccSetLocalPANID
                0x000001d8       0x2c ./src/cc2520-mac.o
                0x000001d8                ccSetLocalPANID
 .text.ccSetLocalExtAddr
                0x00000204       0x28 ./src/cc2520-mac.o
                0x00000204                ccSetLocalExtAddr
 .text.ccWrapperFCF
                0x0000022c       0xd0 ./src/cc2520-mac.o
                0x0000022c                ccWrapperFCF
 .text.ccFrameTx
                0x000002fc      0x404 ./src/cc2520-mac.o
                0x000002fc                ccFrameTx
 .text.ccFrameRx
                0x00000700      0x30c ./src/cc2520-mac.o
                0x00000700                ccFrameRx
 .text.ccCmd    0x00000a0c      0x4a4 ./src/cc2520.o
                0x00000a0c                ccCmd
 .text.ccRegRd  0x00000eb0       0x50 ./src/cc2520.o
                0x00000eb0                ccRegRd
 .text.ccRegWr  0x00000f00       0x50 ./src/cc2520.o
                0x00000f00                ccRegWr
 .text.ccConfig
                0x00000f50      0x144 ./src/cc2520.o
                0x00000f50                ccConfig
 .text.ccInit   0x00001094      0x1e0 ./src/cc2520.o
                0x00001094                ccInit
 .text.rutina_fijo
                0x00001274      0x240 ./src/fijo.o
                0x00001274                rutina_fijo
 .text.HID_GetReport
                0x000014b4       0x48 ./src/hiduser.o
                0x000014b4                HID_GetReport
 .text.HID_SetReport
                0x000014fc       0x48 ./src/hiduser.o
                0x000014fc                HID_SetReport
 .text.HID_GetIdle
                0x00001544       0x30 ./src/hiduser.o
                0x00001544                HID_GetIdle
 .text.HID_SetIdle
                0x00001574       0x30 ./src/hiduser.o
                0x00001574                HID_SetIdle
 .text.HID_GetProtocol
                0x000015a4       0x24 ./src/hiduser.o
                0x000015a4                HID_GetProtocol
 .text.HID_SetProtocol
                0x000015c8       0x24 ./src/hiduser.o
                0x000015c8                HID_SetProtocol
 .text.NVIC_EnableIRQ
                0x000015ec       0x38 ./src/main.o
 .text.NVIC_SetPriority
                0x00001624       0x5c ./src/main.o
 .text.SysTick_Config
                0x00001680       0x64 ./src/main.o
 .text.SysTick_Handler
                0x000016e4       0x6c ./src/main.o
                0x000016e4                SysTick_Handler
 .text.main     0x00001750       0x98 ./src/main.o
                0x00001750                main
 .text.EINT3_IRQHandler
                0x000017e8       0x34 ./src/main.o
                0x000017e8                EINT3_IRQHandler
 .text.TIMER0_IRQHandler
                0x0000181c       0xb0 ./src/main.o
                0x0000181c                TIMER0_IRQHandler
 .text.GetInReport
                0x000018cc       0xac ./src/main.o
                0x000018cc                GetInReport
 .text.SetOutReport
                0x00001978       0x28 ./src/main.o
                0x00001978                SetOutReport
 .text.USB_ResetCore
                0x000019a0       0x50 ./src/usbcore.o
                0x000019a0                USB_ResetCore
 .text.USB_SetupStage
                0x000019f0       0x18 ./src/usbcore.o
                0x000019f0                USB_SetupStage
 .text.USB_DataInStage
                0x00001a08       0x7c ./src/usbcore.o
                0x00001a08                USB_DataInStage
 .text.USB_DataOutStage
                0x00001a84       0x58 ./src/usbcore.o
                0x00001a84                USB_DataOutStage
 .text.USB_StatusInStage
                0x00001adc       0x18 ./src/usbcore.o
                0x00001adc                USB_StatusInStage
 .text.USB_GetDescriptor
                0x00001af4      0x1b8 ./src/usbcore.o
                0x00001af4                USB_GetDescriptor
 .text.USB_SetConfiguration
                0x00001cac      0x10c ./src/usbcore.o
                0x00001cac                USB_SetConfiguration
 .text.USB_EndPoint0
                0x00001db8      0x358 ./src/usbcore.o
                0x00001db8                USB_EndPoint0
 .text.EPAdr    0x00002110       0x34 ./src/usbhw.o
                0x00002110                EPAdr
 .text.WrCmd    0x00002144       0x48 ./src/usbhw.o
                0x00002144                WrCmd
 .text.WrCmdDat
                0x0000218c       0x7c ./src/usbhw.o
                0x0000218c                WrCmdDat
 .text.RdCmdDat
                0x00002208       0x54 ./src/usbhw.o
                0x00002208                RdCmdDat
 .text.USB_Reset
                0x0000225c      0x180 ./src/usbhw.o
                0x0000225c                USB_Reset
 .text.USB_Suspend
                0x000023dc        0xc ./src/usbhw.o
                0x000023dc                USB_Suspend
 .text.USB_Resume
                0x000023e8        0xc ./src/usbhw.o
                0x000023e8                USB_Resume
 .text.USB_SetAddress
                0x000023f4       0x2c ./src/usbhw.o
                0x000023f4                USB_SetAddress
 .text.USB_Configure
                0x00002420       0x68 ./src/usbhw.o
                0x00002420                USB_Configure
 .text.USB_ConfigEP
                0x00002488       0x94 ./src/usbhw.o
                0x00002488                USB_ConfigEP
 .text.USB_EnableEP
                0x0000251c       0x30 ./src/usbhw.o
                0x0000251c                USB_EnableEP
 .text.USB_ResetEP
                0x0000254c       0x30 ./src/usbhw.o
                0x0000254c                USB_ResetEP
 .text.USB_SetStallEP
                0x0000257c       0x34 ./src/usbhw.o
                0x0000257c                USB_SetStallEP
 .text.USB_ClrStallEP
                0x000025b0       0x30 ./src/usbhw.o
                0x000025b0                USB_ClrStallEP
 .text.USB_ReadEP
                0x000025e0       0xd0 ./src/usbhw.o
                0x000025e0                USB_ReadEP
 .text.USB_WriteEP
                0x000026b0       0xac ./src/usbhw.o
                0x000026b0                USB_WriteEP
 .text.USB_IRQHandler
                0x0000275c      0x3e0 ./src/usbhw.o
                0x0000275c                USB_IRQHandler
 .text.USB_Reset_Event
                0x00002b3c        0xc ./src/usbuser.o
                0x00002b3c                USB_Reset_Event
 .text.USB_Configure_Event
                0x00002b48       0x2c ./src/usbuser.o
                0x00002b48                USB_Configure_Event
 .text.USB_EndPoint1
                0x00002b74       0x30 ./src/usbuser.o
                0x00002b74                USB_EndPoint1
 .text.USB_EndPoint2
                0x00002ba4       0x30 ./src/usbuser.o
                0x00002ba4                USB_EndPoint2
 .text.CLKPWR_GetPCLKSEL
                0x00002bd4       0x20 C:\Users\Joaquin\Documents\Joaquin\Facu\Materias\Sistemas Embebidos\Proyecto\Repositorio\WSN-LSE\CMSISv2p00_LPC17xx\Debug\libCMSISv2p00_LPC17xx.a(lpc17xx_clkpwr.o)
                0x00002bd4                CLKPWR_GetPCLKSEL
 .text.CLKPWR_GetPCLK
                0x00002bf4       0x20 C:\Users\Joaquin\Documents\Joaquin\Facu\Materias\Sistemas Embebidos\Proyecto\Repositorio\WSN-LSE\CMSISv2p00_LPC17xx\Debug\libCMSISv2p00_LPC17xx.a(lpc17xx_clkpwr.o)
                0x00002bf4                CLKPWR_GetPCLK
 .text.CLKPWR_ConfigPPWR
                0x00002c14       0x38 C:\Users\Joaquin\Documents\Joaquin\Facu\Materias\Sistemas Embebidos\Proyecto\Repositorio\WSN-LSE\CMSISv2p00_LPC17xx\Debug\libCMSISv2p00_LPC17xx.a(lpc17xx_clkpwr.o)
                0x00002c14                CLKPWR_ConfigPPWR
 .text.CLKPWR_Sleep
                0x00002c4c       0x10 C:\Users\Joaquin\Documents\Joaquin\Facu\Materias\Sistemas Embebidos\Proyecto\Repositorio\WSN-LSE\CMSISv2p00_LPC17xx\Debug\libCMSISv2p00_LPC17xx.a(lpc17xx_clkpwr.o)
                0x00002c4c                CLKPWR_Sleep
 .text.GPIO_GetPointer
                0x00002c5c       0x14 C:\Users\Joaquin\Documents\Joaquin\Facu\Materias\Sistemas Embebidos\Proyecto\Repositorio\WSN-LSE\CMSISv2p00_LPC17xx\Debug\libCMSISv2p00_LPC17xx.a(lpc17xx_gpio.o)
 .text.GPIO_SetDir
                0x00002c70       0x20 C:\Users\Joaquin\Documents\Joaquin\Facu\Materias\Sistemas Embebidos\Proyecto\Repositorio\WSN-LSE\CMSISv2p00_LPC17xx\Debug\libCMSISv2p00_LPC17xx.a(lpc17xx_gpio.o)
                0x00002c70                GPIO_SetDir
 .text.GPIO_SetValue
                0x00002c90        0xe C:\Users\Joaquin\Documents\Joaquin\Facu\Materias\Sistemas Embebidos\Proyecto\Repositorio\WSN-LSE\CMSISv2p00_LPC17xx\Debug\libCMSISv2p00_LPC17xx.a(lpc17xx_gpio.o)
                0x00002c90                GPIO_SetValue
 .text.GPIO_ClearValue
                0x00002c9e        0xe C:\Users\Joaquin\Documents\Joaquin\Facu\Materias\Sistemas Embebidos\Proyecto\Repositorio\WSN-LSE\CMSISv2p00_LPC17xx\Debug\libCMSISv2p00_LPC17xx.a(lpc17xx_gpio.o)
                0x00002c9e                GPIO_ClearValue
 .text.GPIO_IntCmd
                0x00002cac       0x30 C:\Users\Joaquin\Documents\Joaquin\Facu\Materias\Sistemas Embebidos\Proyecto\Repositorio\WSN-LSE\CMSISv2p00_LPC17xx\Debug\libCMSISv2p00_LPC17xx.a(lpc17xx_gpio.o)
                0x00002cac                GPIO_IntCmd
 .text.GPIO_ClearInt
                0x00002cdc       0x18 C:\Users\Joaquin\Documents\Joaquin\Facu\Materias\Sistemas Embebidos\Proyecto\Repositorio\WSN-LSE\CMSISv2p00_LPC17xx\Debug\libCMSISv2p00_LPC17xx.a(lpc17xx_gpio.o)
                0x00002cdc                GPIO_ClearInt
 .text.PINSEL_ConfigPin
                0x00002cf4       0x94 C:\Users\Joaquin\Documents\Joaquin\Facu\Materias\Sistemas Embebidos\Proyecto\Repositorio\WSN-LSE\CMSISv2p00_LPC17xx\Debug\libCMSISv2p00_LPC17xx.a(lpc17xx_pinsel.o)
                0x00002cf4                PINSEL_ConfigPin
 .text.SSP_Init
                0x00002d88       0xcc C:\Users\Joaquin\Documents\Joaquin\Facu\Materias\Sistemas Embebidos\Proyecto\Repositorio\WSN-LSE\CMSISv2p00_LPC17xx\Debug\libCMSISv2p00_LPC17xx.a(lpc17xx_ssp.o)
                0x00002d88                SSP_Init
 .text.SSP_GetDataSize
                0x00002e54       0x2c C:\Users\Joaquin\Documents\Joaquin\Facu\Materias\Sistemas Embebidos\Proyecto\Repositorio\WSN-LSE\CMSISv2p00_LPC17xx\Debug\libCMSISv2p00_LPC17xx.a(lpc17xx_ssp.o)
                0x00002e54                SSP_GetDataSize
 .text.SSP_Cmd  0x00002e80       0x48 C:\Users\Joaquin\Documents\Joaquin\Facu\Materias\Sistemas Embebidos\Proyecto\Repositorio\WSN-LSE\CMSISv2p00_LPC17xx\Debug\libCMSISv2p00_LPC17xx.a(lpc17xx_ssp.o)
                0x00002e80                SSP_Cmd
 .text.SSP_SendData
                0x00002ec8       0x2c C:\Users\Joaquin\Documents\Joaquin\Facu\Materias\Sistemas Embebidos\Proyecto\Repositorio\WSN-LSE\CMSISv2p00_LPC17xx\Debug\libCMSISv2p00_LPC17xx.a(lpc17xx_ssp.o)
                0x00002ec8                SSP_SendData
 .text.SSP_ReceiveData
                0x00002ef4       0x2c C:\Users\Joaquin\Documents\Joaquin\Facu\Materias\Sistemas Embebidos\Proyecto\Repositorio\WSN-LSE\CMSISv2p00_LPC17xx\Debug\libCMSISv2p00_LPC17xx.a(lpc17xx_ssp.o)
                0x00002ef4                SSP_ReceiveData
 .text.SSP_ReadWrite
                0x00002f20      0x1b2 C:\Users\Joaquin\Documents\Joaquin\Facu\Materias\Sistemas Embebidos\Proyecto\Repositorio\WSN-LSE\CMSISv2p00_LPC17xx\Debug\libCMSISv2p00_LPC17xx.a(lpc17xx_ssp.o)
                0x00002f20                SSP_ReadWrite
 *fill*         0x000030d2        0x2 00
 .text.SYSTICK_Cmd
                0x000030d4       0x30 C:\Users\Joaquin\Documents\Joaquin\Facu\Materias\Sistemas Embebidos\Proyecto\Repositorio\WSN-LSE\CMSISv2p00_LPC17xx\Debug\libCMSISv2p00_LPC17xx.a(lpc17xx_systick.o)
                0x000030d4                SYSTICK_Cmd
 .text.TIM_GetIntStatus
                0x00003104       0x5c C:\Users\Joaquin\Documents\Joaquin\Facu\Materias\Sistemas Embebidos\Proyecto\Repositorio\WSN-LSE\CMSISv2p00_LPC17xx\Debug\libCMSISv2p00_LPC17xx.a(lpc17xx_timer.o)
                0x00003104                TIM_GetIntStatus
 .text.TIM_ClearIntPending
                0x00003160       0x50 C:\Users\Joaquin\Documents\Joaquin\Facu\Materias\Sistemas Embebidos\Proyecto\Repositorio\WSN-LSE\CMSISv2p00_LPC17xx\Debug\libCMSISv2p00_LPC17xx.a(lpc17xx_timer.o)
                0x00003160                TIM_ClearIntPending
 .text.TIM_Cmd  0x000031b0       0x50 C:\Users\Joaquin\Documents\Joaquin\Facu\Materias\Sistemas Embebidos\Proyecto\Repositorio\WSN-LSE\CMSISv2p00_LPC17xx\Debug\libCMSISv2p00_LPC17xx.a(lpc17xx_timer.o)
                0x000031b0                TIM_Cmd
 .text.SystemInit
                0x00003200       0xe4 C:\Users\Joaquin\Documents\Joaquin\Facu\Materias\Sistemas Embebidos\Proyecto\Repositorio\WSN-LSE\CMSISv2p00_LPC17xx\Debug\libCMSISv2p00_LPC17xx.a(system_LPC17xx.o)
                0x00003200                SystemInit
 .text.check_failed
                0x000032e4        0x2 C:\Users\Joaquin\Documents\Joaquin\Facu\Materias\Sistemas Embebidos\Proyecto\Repositorio\WSN-LSE\CMSISv2p00_LPC17xx\Debug\libCMSISv2p00_LPC17xx.a(lpc17xx_libcfg_default.o)
                0x000032e4                check_failed
 *fill*         0x000032e6        0x2 00
 .text          0x000032e8        0x4 c:/nxp/lpcxpresso_4.3.0_1023/lpcxpresso/tools/bin/../lib/gcc/arm-none-eabi/4.5.1/thumb2\libgcc.a(_dvmd_tls.o)
                0x000032e8                __aeabi_idiv0
                0x000032e8                __aeabi_ldiv0
 .text          0x000032ec      0x364 c:/nxp/lpcxpresso_4.3.0_1023/lpcxpresso/tools/bin/../lib/gcc/arm-none-eabi/4.5.1/thumb2\libgcc.a(_divdi3.o)
                0x000032ec                __divdi3
 .text          0x00003650      0x314 c:/nxp/lpcxpresso_4.3.0_1023/lpcxpresso/tools/bin/../lib/gcc/arm-none-eabi/4.5.1/thumb2\libgcc.a(_udivdi3.o)
                0x00003650                __udivdi3
 *fill*         0x00003964        0x4 00
 .text          0x00003968      0x278 c:/nxp/lpcxpresso_4.3.0_1023/lpcxpresso/tools/bin/../lib/gcc/arm-none-eabi/4.5.1/thumb2\libgcc.a(_udivsi3.o)
                0x00003968                __aeabi_uidiv
                0x00003968                __udivsi3
                0x00003bc4                __aeabi_uidivmod
 .text          0x00003be0      0x150 c:/nxp/lpcxpresso_4.3.0_1023/lpcxpresso/tools/bin/../lib/gcc/arm-none-eabi/4.5.1/../../../../arm-none-eabi/lib/thumb2\libc.a(lib_a-memcpy.o)
                0x00003be0                memcpy
 *(.rodata .rodata.*)
 .rodata.HID_ReportDescriptor
                0x00003d30       0x28 ./src/usbdesc.o
                0x00003d30                HID_ReportDescriptor
 .rodata.HID_ReportDescSize
                0x00003d58        0x2 ./src/usbdesc.o
                0x00003d58                HID_ReportDescSize
 *fill*         0x00003d5a        0x2 00
 .rodata.USB_DeviceDescriptor
                0x00003d5c       0x14 ./src/usbdesc.o
                0x00003d5c                USB_DeviceDescriptor
 .rodata.USB_ConfigDescriptor
                0x00003d70       0x24 ./src/usbdesc.o
                0x00003d70                USB_ConfigDescriptor
 .rodata.USB_StringDescriptor
                0x00003d94       0x64 ./src/usbdesc.o
                0x00003d94                USB_StringDescriptor
 .rodata.USB_P_EP
                0x00003df8       0x40 ./src/usbuser.o
                0x00003df8                USB_P_EP
 .rodata.CSWTCH.6
                0x00003e38       0x14 C:\Users\Joaquin\Documents\Joaquin\Facu\Materias\Sistemas Embebidos\Proyecto\Repositorio\WSN-LSE\CMSISv2p00_LPC17xx\Debug\libCMSISv2p00_LPC17xx.a(lpc17xx_gpio.o)
 .rodata.str1.1
                0x00003e4c       0x15 C:\Users\Joaquin\Documents\Joaquin\Facu\Materias\Sistemas Embebidos\Proyecto\Repositorio\WSN-LSE\CMSISv2p00_LPC17xx\Debug\libCMSISv2p00_LPC17xx.a(lpc17xx_ssp.o)
 .rodata.str1.1
                0x00003e61       0x19 C:\Users\Joaquin\Documents\Joaquin\Facu\Materias\Sistemas Embebidos\Proyecto\Repositorio\WSN-LSE\CMSISv2p00_LPC17xx\Debug\libCMSISv2p00_LPC17xx.a(lpc17xx_systick.o)
 .rodata.str1.1
                0x00003e7a       0x17 C:\Users\Joaquin\Documents\Joaquin\Facu\Materias\Sistemas Embebidos\Proyecto\Repositorio\WSN-LSE\CMSISv2p00_LPC17xx\Debug\libCMSISv2p00_LPC17xx.a(lpc17xx_timer.o)
                0x00003e94                . = ALIGN (0x4)
 *fill*         0x00003e91        0x3 ff

.glue_7         0x00003e94        0x0
 .glue_7        0x00000000        0x0 linker stubs

.glue_7t        0x00003e94        0x0
 .glue_7t       0x00000000        0x0 linker stubs

.vfp11_veneer   0x00003e94        0x0
 .vfp11_veneer  0x00000000        0x0 linker stubs

.v4_bx          0x00003e94        0x0
 .v4_bx         0x00000000        0x0 linker stubs

.ARM.extab      0x00003e94        0x0
 *(.ARM.extab* .gnu.linkonce.armextab.*)
 .ARM.extab     0x00003e94        0x0 c:/nxp/lpcxpresso_4.3.0_1023/lpcxpresso/tools/bin/../lib/gcc/arm-none-eabi/4.5.1/thumb2\libgcc.a(_divdi3.o)
 .ARM.extab     0x00003e94        0x0 c:/nxp/lpcxpresso_4.3.0_1023/lpcxpresso/tools/bin/../lib/gcc/arm-none-eabi/4.5.1/thumb2\libgcc.a(_udivdi3.o)
                0x00003e94                __exidx_start = .

.ARM.exidx      0x00003e94        0x8
 *(.ARM.exidx* .gnu.linkonce.armexidx.*)
 .ARM.exidx     0x00003e94        0x8 c:/nxp/lpcxpresso_4.3.0_1023/lpcxpresso/tools/bin/../lib/gcc/arm-none-eabi/4.5.1/thumb2\libgcc.a(_divdi3.o)
 .ARM.exidx     0x00003e9c        0x0 c:/nxp/lpcxpresso_4.3.0_1023/lpcxpresso/tools/bin/../lib/gcc/arm-none-eabi/4.5.1/thumb2\libgcc.a(_udivdi3.o)
                                  0x8 (size before relaxing)
                0x00003e9c                __exidx_end = .
                0x00003e9c                _etext = .

.data_RAM2      0x2007c000        0x0 load address 0x00003e9c
 FILL mask 0xff
 *(.data.$RAM2*)
 *(.data.$RamAHB32*)
                0x2007c000                . = ALIGN (0x4)

.uninit_RESERVED
                0x10000000        0x0
 *(.bss.$RESERVED*)
                0x10000000                . = ALIGN (0x4)
                0x10000000                _end_uninit_RESERVED = .

.data           0x10000000        0x4 load address 0x00003e9c
 FILL mask 0xff
                0x10000000                _data = .
 *(vtable)
 *(.data*)
 .data.SystemCoreClock
                0x10000000        0x4 C:\Users\Joaquin\Documents\Joaquin\Facu\Materias\Sistemas Embebidos\Proyecto\Repositorio\WSN-LSE\CMSISv2p00_LPC17xx\Debug\libCMSISv2p00_LPC17xx.a(system_LPC17xx.o)
                0x10000000                SystemCoreClock
                0x10000004                . = ALIGN (0x4)
                0x10000004                _edata = .

USB_RAM         0x10000004      0x220 load address 0x00003ea0
                0x10000004                . = ALIGN (0x4)
                0x10000004                PROVIDE (__start_USB_RAM, ABSOLUTE (.))
 USB_RAM        0x10000004      0x220 ./src/usbhw.o
                0x10000004                UDCA
                0x10000084                DD_NISO_Mem
                0x10000184                DD_ISO_Mem
                0x10000224                PROVIDE (__stop_USB_RAM, .)

.bss_RAM2       0x2007c000        0x0
 *(.bss.$RAM2*)
 *(.bss.$RamAHB32*)
                0x2007c000                . = ALIGN (0x4)

.bss            0x10000228      0xf50
                0x10000228                _bss = .
 *(.bss*)
 *(COMMON)
 COMMON         0x10000228      0xe88 ./src/cc2520-mac.o
                0x10000228                InReport
                0x1000024c                posicion_y
                0x10000250                sec_num
                0x10000258                d_rx
                0x10000308                mje_nuevo
                0x1000030c                posicion_x
                0x10000310                numero_mje
                0x10000318                d_tx
                0x100003c8                enviando
                0x100003c9                mje_simulado
                0x100003ca                OutReport
                0x100003cc                tabla
 COMMON         0x100010b0        0x2 ./src/hiduser.o
                0x100010b0                HID_IdleTime
                0x100010b1                HID_Protocol
 *fill*         0x100010b2        0x2 00
 COMMON         0x100010b4        0x8 ./src/main.o
                0x100010b4                pausecont
                0x100010b8                ledcont
 COMMON         0x100010bc       0x32 ./src/usbcore.o
                0x100010bc                USB_AltSetting
                0x100010c0                EP0Buf
                0x100010c8                USB_EndPointMask
                0x100010cc                USB_DeviceAddress
                0x100010d0                USB_EndPointHalt
                0x100010d4                USB_Configuration
                0x100010d8                SetupPacket
                0x100010e0                USB_NumInterfaces
                0x100010e4                EP0Data
                0x100010ec                USB_DeviceStatus
 *fill*         0x100010ee        0x2 00
 COMMON         0x100010f0       0x88 ./src/usbhw.o
                0x100010f0                udca
                0x10001170                DDMemMap
                0x10001178                . = ALIGN (0x4)
                0x10001178                _ebss = .
                0x10001178                PROVIDE (end, .)
                0x10001178                PROVIDE (_pvHeapStart, .)
                0x10008000                PROVIDE (_vStackTop, (__top_RamLoc32 - 0x0))
OUTPUT(WSN-Embebidos.axf elf32-littlearm)

.debug_abbrev   0x00000000     0x25a3
 .debug_abbrev  0x00000000      0x176 ./src/cc2520-mac.o
 .debug_abbrev  0x00000176      0x1ce ./src/cc2520.o
 .debug_abbrev  0x00000344      0x10f ./src/cr_startup_lpc176x.o
 .debug_abbrev  0x00000453      0x188 ./src/fijo.o
 .debug_abbrev  0x000005db      0x138 ./src/hiduser.o
 .debug_abbrev  0x00000713      0x218 ./src/main.o
 .debug_abbrev  0x0000092b      0x211 ./src/movil.o
 .debug_abbrev  0x00000b3c      0x173 ./src/rssi.o
 .debug_abbrev  0x00000caf      0x203 ./src/usbcore.o
 .debug_abbrev  0x00000eb2       0x74 ./src/usbdesc.o
 .debug_abbrev  0x00000f26      0x2c4 ./src/usbhw.o
 .debug_abbrev  0x000011ea      0x108 ./src/usbuser.o
 .debug_abbrev  0x000012f2      0x1b0 C:\Users\Joaquin\Documents\Joaquin\Facu\Materias\Sistemas Embebidos\Proyecto\Repositorio\WSN-LSE\CMSISv2p00_LPC17xx\Debug\libCMSISv2p00_LPC17xx.a(lpc17xx_clkpwr.o)
 .debug_abbrev  0x000014a2      0x237 C:\Users\Joaquin\Documents\Joaquin\Facu\Materias\Sistemas Embebidos\Proyecto\Repositorio\WSN-LSE\CMSISv2p00_LPC17xx\Debug\libCMSISv2p00_LPC17xx.a(lpc17xx_gpio.o)
 .debug_abbrev  0x000016d9      0x1a0 C:\Users\Joaquin\Documents\Joaquin\Facu\Materias\Sistemas Embebidos\Proyecto\Repositorio\WSN-LSE\CMSISv2p00_LPC17xx\Debug\libCMSISv2p00_LPC17xx.a(lpc17xx_pinsel.o)
 .debug_abbrev  0x00001879      0x201 C:\Users\Joaquin\Documents\Joaquin\Facu\Materias\Sistemas Embebidos\Proyecto\Repositorio\WSN-LSE\CMSISv2p00_LPC17xx\Debug\libCMSISv2p00_LPC17xx.a(lpc17xx_ssp.o)
 .debug_abbrev  0x00001a7a      0x118 C:\Users\Joaquin\Documents\Joaquin\Facu\Materias\Sistemas Embebidos\Proyecto\Repositorio\WSN-LSE\CMSISv2p00_LPC17xx\Debug\libCMSISv2p00_LPC17xx.a(lpc17xx_systick.o)
 .debug_abbrev  0x00001b92      0x23a C:\Users\Joaquin\Documents\Joaquin\Facu\Materias\Sistemas Embebidos\Proyecto\Repositorio\WSN-LSE\CMSISv2p00_LPC17xx\Debug\libCMSISv2p00_LPC17xx.a(lpc17xx_timer.o)
 .debug_abbrev  0x00001dcc       0xe3 C:\Users\Joaquin\Documents\Joaquin\Facu\Materias\Sistemas Embebidos\Proyecto\Repositorio\WSN-LSE\CMSISv2p00_LPC17xx\Debug\libCMSISv2p00_LPC17xx.a(system_LPC17xx.o)
 .debug_abbrev  0x00001eaf       0x6a C:\Users\Joaquin\Documents\Joaquin\Facu\Materias\Sistemas Embebidos\Proyecto\Repositorio\WSN-LSE\CMSISv2p00_LPC17xx\Debug\libCMSISv2p00_LPC17xx.a(lpc17xx_libcfg_default.o)
 .debug_abbrev  0x00001f19       0xdd C:\Users\Joaquin\Documents\Joaquin\Facu\Materias\Sistemas Embebidos\Proyecto\Repositorio\WSN-LSE\CMSISv2p10_DSPLIB_CM3\lib\libCMSISv2p10_DSPLIB_CM3.a(arm_mat_inverse_f32.o)
 .debug_abbrev  0x00001ff6      0x117 C:\Users\Joaquin\Documents\Joaquin\Facu\Materias\Sistemas Embebidos\Proyecto\Repositorio\WSN-LSE\CMSISv2p10_DSPLIB_CM3\lib\libCMSISv2p10_DSPLIB_CM3.a(arm_mat_mult_f32.o)
 .debug_abbrev  0x0000210d       0xfd C:\Users\Joaquin\Documents\Joaquin\Facu\Materias\Sistemas Embebidos\Proyecto\Repositorio\WSN-LSE\CMSISv2p10_DSPLIB_CM3\lib\libCMSISv2p10_DSPLIB_CM3.a(arm_mat_trans_f32.o)
 .debug_abbrev  0x0000220a       0xa8 c:/nxp/lpcxpresso_4.3.0_1023/lpcxpresso/tools/bin/../lib/gcc/arm-none-eabi/4.5.1/../../../../arm-none-eabi/lib/thumb2\libcr_newlib_semihost.a(_cr_sbrk.o)
 .debug_abbrev  0x000022b2      0x27f c:/nxp/lpcxpresso_4.3.0_1023/lpcxpresso/tools/bin/../lib/gcc/arm-none-eabi/4.5.1/../../../../arm-none-eabi/lib/thumb2\libcr_newlib_semihost.a(syscalls.o)
 .debug_abbrev  0x00002531       0x72 c:/nxp/lpcxpresso_4.3.0_1023/lpcxpresso/tools/bin/../lib/gcc/arm-none-eabi/4.5.1/../../../../arm-none-eabi/lib/thumb2\libcr_newlib_semihost.a(_cr_check_heap.o)

.debug_info     0x00000000     0x9f83
 .debug_info    0x00000000      0x765 ./src/cc2520-mac.o
 .debug_info    0x00000765      0xa50 ./src/cc2520.o
 .debug_info    0x000011b5      0x2e3 ./src/cr_startup_lpc176x.o
 .debug_info    0x00001498      0x583 ./src/fijo.o
 .debug_info    0x00001a1b      0x32e ./src/hiduser.o
 .debug_info    0x00001d49      0xb58 ./src/main.o
 .debug_info    0x000028a1      0x7e4 ./src/movil.o
 .debug_info    0x00003085      0x5c6 ./src/rssi.o
 .debug_info    0x0000364b      0x789 ./src/usbcore.o
 .debug_info    0x00003dd4      0x152 ./src/usbdesc.o
 .debug_info    0x00003f26     0x163d ./src/usbhw.o
 .debug_info    0x00005563      0x3ce ./src/usbuser.o
 .debug_info    0x00005931      0x6dc C:\Users\Joaquin\Documents\Joaquin\Facu\Materias\Sistemas Embebidos\Proyecto\Repositorio\WSN-LSE\CMSISv2p00_LPC17xx\Debug\libCMSISv2p00_LPC17xx.a(lpc17xx_clkpwr.o)
 .debug_info    0x0000600d      0xe30 C:\Users\Joaquin\Documents\Joaquin\Facu\Materias\Sistemas Embebidos\Proyecto\Repositorio\WSN-LSE\CMSISv2p00_LPC17xx\Debug\libCMSISv2p00_LPC17xx.a(lpc17xx_gpio.o)
 .debug_info    0x00006e3d      0x544 C:\Users\Joaquin\Documents\Joaquin\Facu\Materias\Sistemas Embebidos\Proyecto\Repositorio\WSN-LSE\CMSISv2p00_LPC17xx\Debug\libCMSISv2p00_LPC17xx.a(lpc17xx_pinsel.o)
 .debug_info    0x00007381      0x7d7 C:\Users\Joaquin\Documents\Joaquin\Facu\Materias\Sistemas Embebidos\Proyecto\Repositorio\WSN-LSE\CMSISv2p00_LPC17xx\Debug\libCMSISv2p00_LPC17xx.a(lpc17xx_ssp.o)
 .debug_info    0x00007b58      0x25a C:\Users\Joaquin\Documents\Joaquin\Facu\Materias\Sistemas Embebidos\Proyecto\Repositorio\WSN-LSE\CMSISv2p00_LPC17xx\Debug\libCMSISv2p00_LPC17xx.a(lpc17xx_systick.o)
 .debug_info    0x00007db2      0x900 C:\Users\Joaquin\Documents\Joaquin\Facu\Materias\Sistemas Embebidos\Proyecto\Repositorio\WSN-LSE\CMSISv2p00_LPC17xx\Debug\libCMSISv2p00_LPC17xx.a(lpc17xx_timer.o)
 .debug_info    0x000086b2      0x38f C:\Users\Joaquin\Documents\Joaquin\Facu\Materias\Sistemas Embebidos\Proyecto\Repositorio\WSN-LSE\CMSISv2p00_LPC17xx\Debug\libCMSISv2p00_LPC17xx.a(system_LPC17xx.o)
 .debug_info    0x00008a41       0xca C:\Users\Joaquin\Documents\Joaquin\Facu\Materias\Sistemas Embebidos\Proyecto\Repositorio\WSN-LSE\CMSISv2p00_LPC17xx\Debug\libCMSISv2p00_LPC17xx.a(lpc17xx_libcfg_default.o)
 .debug_info    0x00008b0b      0x2ab C:\Users\Joaquin\Documents\Joaquin\Facu\Materias\Sistemas Embebidos\Proyecto\Repositorio\WSN-LSE\CMSISv2p10_DSPLIB_CM3\lib\libCMSISv2p10_DSPLIB_CM3.a(arm_mat_inverse_f32.o)
 .debug_info    0x00008db6      0x242 C:\Users\Joaquin\Documents\Joaquin\Facu\Materias\Sistemas Embebidos\Proyecto\Repositorio\WSN-LSE\CMSISv2p10_DSPLIB_CM3\lib\libCMSISv2p10_DSPLIB_CM3.a(arm_mat_mult_f32.o)
 .debug_info    0x00008ff8      0x1e4 C:\Users\Joaquin\Documents\Joaquin\Facu\Materias\Sistemas Embebidos\Proyecto\Repositorio\WSN-LSE\CMSISv2p10_DSPLIB_CM3\lib\libCMSISv2p10_DSPLIB_CM3.a(arm_mat_trans_f32.o)
 .debug_info    0x000091dc      0x106 c:/nxp/lpcxpresso_4.3.0_1023/lpcxpresso/tools/bin/../lib/gcc/arm-none-eabi/4.5.1/../../../../arm-none-eabi/lib/thumb2\libcr_newlib_semihost.a(_cr_sbrk.o)
 .debug_info    0x000092e2      0xbec c:/nxp/lpcxpresso_4.3.0_1023/lpcxpresso/tools/bin/../lib/gcc/arm-none-eabi/4.5.1/../../../../arm-none-eabi/lib/thumb2\libcr_newlib_semihost.a(syscalls.o)
 .debug_info    0x00009ece       0xb5 c:/nxp/lpcxpresso_4.3.0_1023/lpcxpresso/tools/bin/../lib/gcc/arm-none-eabi/4.5.1/../../../../arm-none-eabi/lib/thumb2\libcr_newlib_semihost.a(_cr_check_heap.o)

.debug_line     0x00000000     0x94dc
 .debug_line    0x00000000      0xae1 ./src/cc2520-mac.o
 .debug_line    0x00000ae1      0xaa5 ./src/cc2520.o
 .debug_line    0x00001586      0x318 ./src/cr_startup_lpc176x.o
 .debug_line    0x0000189e      0x987 ./src/fijo.o
 .debug_line    0x00002225      0x355 ./src/hiduser.o
 .debug_line    0x0000257a      0xa4d ./src/main.o
 .debug_line    0x00002fc7      0xa52 ./src/movil.o
 .debug_line    0x00003a19      0xa1e ./src/rssi.o
 .debug_line    0x00004437      0x465 ./src/usbcore.o
 .debug_line    0x0000489c      0x2c1 ./src/usbdesc.o
 .debug_line    0x00004b5d      0x73b ./src/usbhw.o
 .debug_line    0x00005298      0x45e ./src/usbuser.o
 .debug_line    0x000056f6      0x484 C:\Users\Joaquin\Documents\Joaquin\Facu\Materias\Sistemas Embebidos\Proyecto\Repositorio\WSN-LSE\CMSISv2p00_LPC17xx\Debug\libCMSISv2p00_LPC17xx.a(lpc17xx_clkpwr.o)
 .debug_line    0x00005b7a      0x610 C:\Users\Joaquin\Documents\Joaquin\Facu\Materias\Sistemas Embebidos\Proyecto\Repositorio\WSN-LSE\CMSISv2p00_LPC17xx\Debug\libCMSISv2p00_LPC17xx.a(lpc17xx_gpio.o)
 .debug_line    0x0000618a      0x3ea C:\Users\Joaquin\Documents\Joaquin\Facu\Materias\Sistemas Embebidos\Proyecto\Repositorio\WSN-LSE\CMSISv2p00_LPC17xx\Debug\libCMSISv2p00_LPC17xx.a(lpc17xx_pinsel.o)
 .debug_line    0x00006574      0x731 C:\Users\Joaquin\Documents\Joaquin\Facu\Materias\Sistemas Embebidos\Proyecto\Repositorio\WSN-LSE\CMSISv2p00_LPC17xx\Debug\libCMSISv2p00_LPC17xx.a(lpc17xx_ssp.o)
 .debug_line    0x00006ca5      0x45d C:\Users\Joaquin\Documents\Joaquin\Facu\Materias\Sistemas Embebidos\Proyecto\Repositorio\WSN-LSE\CMSISv2p00_LPC17xx\Debug\libCMSISv2p00_LPC17xx.a(lpc17xx_systick.o)
 .debug_line    0x00007102      0x691 C:\Users\Joaquin\Documents\Joaquin\Facu\Materias\Sistemas Embebidos\Proyecto\Repositorio\WSN-LSE\CMSISv2p00_LPC17xx\Debug\libCMSISv2p00_LPC17xx.a(lpc17xx_timer.o)
 .debug_line    0x00007793      0x3d8 C:\Users\Joaquin\Documents\Joaquin\Facu\Materias\Sistemas Embebidos\Proyecto\Repositorio\WSN-LSE\CMSISv2p00_LPC17xx\Debug\libCMSISv2p00_LPC17xx.a(system_LPC17xx.o)
 .debug_line    0x00007b6b      0x34c C:\Users\Joaquin\Documents\Joaquin\Facu\Materias\Sistemas Embebidos\Proyecto\Repositorio\WSN-LSE\CMSISv2p00_LPC17xx\Debug\libCMSISv2p00_LPC17xx.a(lpc17xx_libcfg_default.o)
 .debug_line    0x00007eb7      0x65c C:\Users\Joaquin\Documents\Joaquin\Facu\Materias\Sistemas Embebidos\Proyecto\Repositorio\WSN-LSE\CMSISv2p10_DSPLIB_CM3\lib\libCMSISv2p10_DSPLIB_CM3.a(arm_mat_inverse_f32.o)
 .debug_line    0x00008513      0x531 C:\Users\Joaquin\Documents\Joaquin\Facu\Materias\Sistemas Embebidos\Proyecto\Repositorio\WSN-LSE\CMSISv2p10_DSPLIB_CM3\lib\libCMSISv2p10_DSPLIB_CM3.a(arm_mat_mult_f32.o)
 .debug_line    0x00008a44      0x535 C:\Users\Joaquin\Documents\Joaquin\Facu\Materias\Sistemas Embebidos\Proyecto\Repositorio\WSN-LSE\CMSISv2p10_DSPLIB_CM3\lib\libCMSISv2p10_DSPLIB_CM3.a(arm_mat_trans_f32.o)
 .debug_line    0x00008f79       0xc0 c:/nxp/lpcxpresso_4.3.0_1023/lpcxpresso/tools/bin/../lib/gcc/arm-none-eabi/4.5.1/../../../../arm-none-eabi/lib/thumb2\libcr_newlib_semihost.a(_cr_sbrk.o)
 .debug_line    0x00009039      0x44f c:/nxp/lpcxpresso_4.3.0_1023/lpcxpresso/tools/bin/../lib/gcc/arm-none-eabi/4.5.1/../../../../arm-none-eabi/lib/thumb2\libcr_newlib_semihost.a(syscalls.o)
 .debug_line    0x00009488       0x54 c:/nxp/lpcxpresso_4.3.0_1023/lpcxpresso/tools/bin/../lib/gcc/arm-none-eabi/4.5.1/../../../../arm-none-eabi/lib/thumb2\libcr_newlib_semihost.a(_cr_check_heap.o)

.debug_macinfo  0x00000000    0xc1915
 .debug_macinfo
                0x00000000     0xe7a2 ./src/cc2520-mac.o
 .debug_macinfo
                0x0000e7a2     0xe7a2 ./src/cc2520.o
 .debug_macinfo
                0x0001cf44     0x204f ./src/cr_startup_lpc176x.o
 .debug_macinfo
                0x0001ef93     0xe7aa ./src/fijo.o
 .debug_macinfo
                0x0002d73d     0x4c66 ./src/hiduser.o
 .debug_macinfo
                0x000323a3     0xe7a2 ./src/main.o
 .debug_macinfo
                0x00040b45     0xe7a6 ./src/movil.o
 .debug_macinfo
                0x0004f2eb     0xe847 ./src/rssi.o
 .debug_macinfo
                0x0005db32     0x51ea ./src/usbcore.o
 .debug_macinfo
                0x00062d1c     0x4dc7 ./src/usbdesc.o
 .debug_macinfo
                0x00067ae3     0x7e50 ./src/usbhw.o
 .debug_macinfo
                0x0006f933     0x774f ./src/usbuser.o
 .debug_macinfo
                0x00077082     0x8b29 C:\Users\Joaquin\Documents\Joaquin\Facu\Materias\Sistemas Embebidos\Proyecto\Repositorio\WSN-LSE\CMSISv2p00_LPC17xx\Debug\libCMSISv2p00_LPC17xx.a(lpc17xx_clkpwr.o)
 .debug_macinfo
                0x0007fbab     0x7be6 C:\Users\Joaquin\Documents\Joaquin\Facu\Materias\Sistemas Embebidos\Proyecto\Repositorio\WSN-LSE\CMSISv2p00_LPC17xx\Debug\libCMSISv2p00_LPC17xx.a(lpc17xx_gpio.o)
 .debug_macinfo
                0x00087791     0x7d04 C:\Users\Joaquin\Documents\Joaquin\Facu\Materias\Sistemas Embebidos\Proyecto\Repositorio\WSN-LSE\CMSISv2p00_LPC17xx\Debug\libCMSISv2p00_LPC17xx.a(lpc17xx_pinsel.o)
 .debug_macinfo
                0x0008f495     0x9df1 C:\Users\Joaquin\Documents\Joaquin\Facu\Materias\Sistemas Embebidos\Proyecto\Repositorio\WSN-LSE\CMSISv2p00_LPC17xx\Debug\libCMSISv2p00_LPC17xx.a(lpc17xx_ssp.o)
 .debug_macinfo
                0x00099286     0x8ea1 C:\Users\Joaquin\Documents\Joaquin\Facu\Materias\Sistemas Embebidos\Proyecto\Repositorio\WSN-LSE\CMSISv2p00_LPC17xx\Debug\libCMSISv2p00_LPC17xx.a(lpc17xx_systick.o)
 .debug_macinfo
                0x000a2127     0x9a00 C:\Users\Joaquin\Documents\Joaquin\Facu\Materias\Sistemas Embebidos\Proyecto\Repositorio\WSN-LSE\CMSISv2p00_LPC17xx\Debug\libCMSISv2p00_LPC17xx.a(lpc17xx_timer.o)
 .debug_macinfo
                0x000abb27     0x792b C:\Users\Joaquin\Documents\Joaquin\Facu\Materias\Sistemas Embebidos\Proyecto\Repositorio\WSN-LSE\CMSISv2p00_LPC17xx\Debug\libCMSISv2p00_LPC17xx.a(system_LPC17xx.o)
 .debug_macinfo
                0x000b3452     0x3417 C:\Users\Joaquin\Documents\Joaquin\Facu\Materias\Sistemas Embebidos\Proyecto\Repositorio\WSN-LSE\CMSISv2p00_LPC17xx\Debug\libCMSISv2p00_LPC17xx.a(lpc17xx_libcfg_default.o)
 .debug_macinfo
                0x000b6869     0x3ae4 C:\Users\Joaquin\Documents\Joaquin\Facu\Materias\Sistemas Embebidos\Proyecto\Repositorio\WSN-LSE\CMSISv2p10_DSPLIB_CM3\lib\libCMSISv2p10_DSPLIB_CM3.a(arm_mat_inverse_f32.o)
 .debug_macinfo
                0x000ba34d     0x3ae4 C:\Users\Joaquin\Documents\Joaquin\Facu\Materias\Sistemas Embebidos\Proyecto\Repositorio\WSN-LSE\CMSISv2p10_DSPLIB_CM3\lib\libCMSISv2p10_DSPLIB_CM3.a(arm_mat_mult_f32.o)
 .debug_macinfo
                0x000bde31     0x3ae4 C:\Users\Joaquin\Documents\Joaquin\Facu\Materias\Sistemas Embebidos\Proyecto\Repositorio\WSN-LSE\CMSISv2p10_DSPLIB_CM3\lib\libCMSISv2p10_DSPLIB_CM3.a(arm_mat_trans_f32.o)

.debug_loc      0x00000000     0x43b3
 .debug_loc     0x00000000      0x320 ./src/cc2520-mac.o
 .debug_loc     0x00000320      0x11c ./src/cc2520.o
 .debug_loc     0x0000043c      0x1b8 ./src/cr_startup_lpc176x.o
 .debug_loc     0x000005f4       0x3a ./src/fijo.o
 .debug_loc     0x0000062e      0x108 ./src/hiduser.o
 .debug_loc     0x00000736      0x238 ./src/main.o
 .debug_loc     0x0000096e      0x12b ./src/movil.o
 .debug_loc     0x00000a99      0x154 ./src/rssi.o
 .debug_loc     0x00000bed      0x1c8 ./src/usbcore.o
 .debug_loc     0x00000db5      0x698 ./src/usbhw.o
 .debug_loc     0x0000144d      0x3a0 ./src/usbuser.o
 .debug_loc     0x000017ed      0x1a9 C:\Users\Joaquin\Documents\Joaquin\Facu\Materias\Sistemas Embebidos\Proyecto\Repositorio\WSN-LSE\CMSISv2p00_LPC17xx\Debug\libCMSISv2p00_LPC17xx.a(lpc17xx_clkpwr.o)
 .debug_loc     0x00001996      0x695 C:\Users\Joaquin\Documents\Joaquin\Facu\Materias\Sistemas Embebidos\Proyecto\Repositorio\WSN-LSE\CMSISv2p00_LPC17xx\Debug\libCMSISv2p00_LPC17xx.a(lpc17xx_gpio.o)
 .debug_loc     0x0000202b      0x17d C:\Users\Joaquin\Documents\Joaquin\Facu\Materias\Sistemas Embebidos\Proyecto\Repositorio\WSN-LSE\CMSISv2p00_LPC17xx\Debug\libCMSISv2p00_LPC17xx.a(lpc17xx_pinsel.o)
 .debug_loc     0x000021a8      0x858 C:\Users\Joaquin\Documents\Joaquin\Facu\Materias\Sistemas Embebidos\Proyecto\Repositorio\WSN-LSE\CMSISv2p00_LPC17xx\Debug\libCMSISv2p00_LPC17xx.a(lpc17xx_ssp.o)
 .debug_loc     0x00002a00      0x10b C:\Users\Joaquin\Documents\Joaquin\Facu\Materias\Sistemas Embebidos\Proyecto\Repositorio\WSN-LSE\CMSISv2p00_LPC17xx\Debug\libCMSISv2p00_LPC17xx.a(lpc17xx_systick.o)
 .debug_loc     0x00002b0b      0x4de C:\Users\Joaquin\Documents\Joaquin\Facu\Materias\Sistemas Embebidos\Proyecto\Repositorio\WSN-LSE\CMSISv2p00_LPC17xx\Debug\libCMSISv2p00_LPC17xx.a(lpc17xx_timer.o)
 .debug_loc     0x00002fe9       0x20 C:\Users\Joaquin\Documents\Joaquin\Facu\Materias\Sistemas Embebidos\Proyecto\Repositorio\WSN-LSE\CMSISv2p00_LPC17xx\Debug\libCMSISv2p00_LPC17xx.a(system_LPC17xx.o)
 .debug_loc     0x00003009      0x4a3 C:\Users\Joaquin\Documents\Joaquin\Facu\Materias\Sistemas Embebidos\Proyecto\Repositorio\WSN-LSE\CMSISv2p10_DSPLIB_CM3\lib\libCMSISv2p10_DSPLIB_CM3.a(arm_mat_inverse_f32.o)
 .debug_loc     0x000034ac      0x26e C:\Users\Joaquin\Documents\Joaquin\Facu\Materias\Sistemas Embebidos\Proyecto\Repositorio\WSN-LSE\CMSISv2p10_DSPLIB_CM3\lib\libCMSISv2p10_DSPLIB_CM3.a(arm_mat_mult_f32.o)
 .debug_loc     0x0000371a      0x1b7 C:\Users\Joaquin\Documents\Joaquin\Facu\Materias\Sistemas Embebidos\Proyecto\Repositorio\WSN-LSE\CMSISv2p10_DSPLIB_CM3\lib\libCMSISv2p10_DSPLIB_CM3.a(arm_mat_trans_f32.o)
 .debug_loc     0x000038d1       0x55 c:/nxp/lpcxpresso_4.3.0_1023/lpcxpresso/tools/bin/../lib/gcc/arm-none-eabi/4.5.1/../../../../arm-none-eabi/lib/thumb2\libcr_newlib_semihost.a(_cr_sbrk.o)
 .debug_loc     0x00003926      0xa64 c:/nxp/lpcxpresso_4.3.0_1023/lpcxpresso/tools/bin/../lib/gcc/arm-none-eabi/4.5.1/../../../../arm-none-eabi/lib/thumb2\libcr_newlib_semihost.a(syscalls.o)
 .debug_loc     0x0000438a       0x29 c:/nxp/lpcxpresso_4.3.0_1023/lpcxpresso/tools/bin/../lib/gcc/arm-none-eabi/4.5.1/../../../../arm-none-eabi/lib/thumb2\libcr_newlib_semihost.a(_cr_check_heap.o)

.debug_pubnames
                0x00000000     0x16ea
 .debug_pubnames
                0x00000000      0x1c1 ./src/cc2520-mac.o
 .debug_pubnames
                0x000001c1       0xe8 ./src/cc2520.o
 .debug_pubnames
                0x000002a9      0x115 ./src/cr_startup_lpc176x.o
 .debug_pubnames
                0x000003be       0xbe ./src/fijo.o
 .debug_pubnames
                0x0000047c       0xa0 ./src/hiduser.o
 .debug_pubnames
                0x0000051c      0x14a ./src/main.o
 .debug_pubnames
                0x00000666       0xf0 ./src/movil.o
 .debug_pubnames
                0x00000756      0x113 ./src/rssi.o
 .debug_pubnames
                0x00000869      0x189 ./src/usbcore.o
 .debug_pubnames
                0x000009f2       0x8d ./src/usbdesc.o
 .debug_pubnames
                0x00000a7f      0x252 ./src/usbhw.o
 .debug_pubnames
                0x00000cd1      0x15f ./src/usbuser.o
 .debug_pubnames
                0x00000e30       0xbb C:\Users\Joaquin\Documents\Joaquin\Facu\Materias\Sistemas Embebidos\Proyecto\Repositorio\WSN-LSE\CMSISv2p00_LPC17xx\Debug\libCMSISv2p00_LPC17xx.a(lpc17xx_clkpwr.o)
 .debug_pubnames
                0x00000eeb      0x203 C:\Users\Joaquin\Documents\Joaquin\Facu\Materias\Sistemas Embebidos\Proyecto\Repositorio\WSN-LSE\CMSISv2p00_LPC17xx\Debug\libCMSISv2p00_LPC17xx.a(lpc17xx_gpio.o)
 .debug_pubnames
                0x000010ee       0x59 C:\Users\Joaquin\Documents\Joaquin\Facu\Materias\Sistemas Embebidos\Proyecto\Repositorio\WSN-LSE\CMSISv2p00_LPC17xx\Debug\libCMSISv2p00_LPC17xx.a(lpc17xx_pinsel.o)
 .debug_pubnames
                0x00001147      0x15c C:\Users\Joaquin\Documents\Joaquin\Facu\Materias\Sistemas Embebidos\Proyecto\Repositorio\WSN-LSE\CMSISv2p00_LPC17xx\Debug\libCMSISv2p00_LPC17xx.a(lpc17xx_ssp.o)
 .debug_pubnames
                0x000012a3       0xa0 C:\Users\Joaquin\Documents\Joaquin\Facu\Materias\Sistemas Embebidos\Proyecto\Repositorio\WSN-LSE\CMSISv2p00_LPC17xx\Debug\libCMSISv2p00_LPC17xx.a(lpc17xx_systick.o)
 .debug_pubnames
                0x00001343      0x12b C:\Users\Joaquin\Documents\Joaquin\Facu\Materias\Sistemas Embebidos\Proyecto\Repositorio\WSN-LSE\CMSISv2p00_LPC17xx\Debug\libCMSISv2p00_LPC17xx.a(lpc17xx_timer.o)
 .debug_pubnames
                0x0000146e       0x4f C:\Users\Joaquin\Documents\Joaquin\Facu\Materias\Sistemas Embebidos\Proyecto\Repositorio\WSN-LSE\CMSISv2p00_LPC17xx\Debug\libCMSISv2p00_LPC17xx.a(system_LPC17xx.o)
 .debug_pubnames
                0x000014bd       0x23 C:\Users\Joaquin\Documents\Joaquin\Facu\Materias\Sistemas Embebidos\Proyecto\Repositorio\WSN-LSE\CMSISv2p00_LPC17xx\Debug\libCMSISv2p00_LPC17xx.a(lpc17xx_libcfg_default.o)
 .debug_pubnames
                0x000014e0       0x2a C:\Users\Joaquin\Documents\Joaquin\Facu\Materias\Sistemas Embebidos\Proyecto\Repositorio\WSN-LSE\CMSISv2p10_DSPLIB_CM3\lib\libCMSISv2p10_DSPLIB_CM3.a(arm_mat_inverse_f32.o)
 .debug_pubnames
                0x0000150a       0x27 C:\Users\Joaquin\Documents\Joaquin\Facu\Materias\Sistemas Embebidos\Proyecto\Repositorio\WSN-LSE\CMSISv2p10_DSPLIB_CM3\lib\libCMSISv2p10_DSPLIB_CM3.a(arm_mat_mult_f32.o)
 .debug_pubnames
                0x00001531       0x28 C:\Users\Joaquin\Documents\Joaquin\Facu\Materias\Sistemas Embebidos\Proyecto\Repositorio\WSN-LSE\CMSISv2p10_DSPLIB_CM3\lib\libCMSISv2p10_DSPLIB_CM3.a(arm_mat_trans_f32.o)
 .debug_pubnames
                0x00001559       0x2e c:/nxp/lpcxpresso_4.3.0_1023/lpcxpresso/tools/bin/../lib/gcc/arm-none-eabi/4.5.1/../../../../arm-none-eabi/lib/thumb2\libcr_newlib_semihost.a(_cr_sbrk.o)
 .debug_pubnames
                0x00001587      0x129 c:/nxp/lpcxpresso_4.3.0_1023/lpcxpresso/tools/bin/../lib/gcc/arm-none-eabi/4.5.1/../../../../arm-none-eabi/lib/thumb2\libcr_newlib_semihost.a(syscalls.o)
 .debug_pubnames
                0x000016b0       0x3a c:/nxp/lpcxpresso_4.3.0_1023/lpcxpresso/tools/bin/../lib/gcc/arm-none-eabi/4.5.1/../../../../arm-none-eabi/lib/thumb2\libcr_newlib_semihost.a(_cr_check_heap.o)

.debug_pubtypes
                0x00000000      0xfc3
 .debug_pubtypes
                0x00000000       0xe0 ./src/cc2520-mac.o
 .debug_pubtypes
                0x000000e0      0x119 ./src/cc2520.o
 .debug_pubtypes
                0x000001f9       0x12 ./src/cr_startup_lpc176x.o
 .debug_pubtypes
                0x0000020b       0xc7 ./src/fijo.o
 .debug_pubtypes
                0x000002d2       0x9c ./src/hiduser.o
 .debug_pubtypes
                0x0000036e      0x10a ./src/main.o
 .debug_pubtypes
                0x00000478       0xee ./src/movil.o
 .debug_pubtypes
                0x00000566       0xc1 ./src/rssi.o
 .debug_pubtypes
                0x00000627      0x1de ./src/usbcore.o
 .debug_pubtypes
                0x00000805       0x2b ./src/usbdesc.o
 .debug_pubtypes
                0x00000830      0x10f ./src/usbhw.o
 .debug_pubtypes
                0x0000093f       0x37 ./src/usbuser.o
 .debug_pubtypes
                0x00000976       0x6b C:\Users\Joaquin\Documents\Joaquin\Facu\Materias\Sistemas Embebidos\Proyecto\Repositorio\WSN-LSE\CMSISv2p00_LPC17xx\Debug\libCMSISv2p00_LPC17xx.a(lpc17xx_clkpwr.o)
 .debug_pubtypes
                0x000009e1       0xb5 C:\Users\Joaquin\Documents\Joaquin\Facu\Materias\Sistemas Embebidos\Proyecto\Repositorio\WSN-LSE\CMSISv2p00_LPC17xx\Debug\libCMSISv2p00_LPC17xx.a(lpc17xx_gpio.o)
 .debug_pubtypes
                0x00000a96       0x76 C:\Users\Joaquin\Documents\Joaquin\Facu\Materias\Sistemas Embebidos\Proyecto\Repositorio\WSN-LSE\CMSISv2p00_LPC17xx\Debug\libCMSISv2p00_LPC17xx.a(lpc17xx_pinsel.o)
 .debug_pubtypes
                0x00000b0c       0xc8 C:\Users\Joaquin\Documents\Joaquin\Facu\Materias\Sistemas Embebidos\Proyecto\Repositorio\WSN-LSE\CMSISv2p00_LPC17xx\Debug\libCMSISv2p00_LPC17xx.a(lpc17xx_ssp.o)
 .debug_pubtypes
                0x00000bd4       0x5c C:\Users\Joaquin\Documents\Joaquin\Facu\Materias\Sistemas Embebidos\Proyecto\Repositorio\WSN-LSE\CMSISv2p00_LPC17xx\Debug\libCMSISv2p00_LPC17xx.a(lpc17xx_systick.o)
 .debug_pubtypes
                0x00000c30      0x113 C:\Users\Joaquin\Documents\Joaquin\Facu\Materias\Sistemas Embebidos\Proyecto\Repositorio\WSN-LSE\CMSISv2p00_LPC17xx\Debug\libCMSISv2p00_LPC17xx.a(lpc17xx_timer.o)
 .debug_pubtypes
                0x00000d43       0x3e C:\Users\Joaquin\Documents\Joaquin\Facu\Materias\Sistemas Embebidos\Proyecto\Repositorio\WSN-LSE\CMSISv2p00_LPC17xx\Debug\libCMSISv2p00_LPC17xx.a(system_LPC17xx.o)
 .debug_pubtypes
                0x00000d81       0x2b C:\Users\Joaquin\Documents\Joaquin\Facu\Materias\Sistemas Embebidos\Proyecto\Repositorio\WSN-LSE\CMSISv2p00_LPC17xx\Debug\libCMSISv2p00_LPC17xx.a(lpc17xx_libcfg_default.o)
 .debug_pubtypes
                0x00000dac       0x65 C:\Users\Joaquin\Documents\Joaquin\Facu\Materias\Sistemas Embebidos\Proyecto\Repositorio\WSN-LSE\CMSISv2p10_DSPLIB_CM3\lib\libCMSISv2p10_DSPLIB_CM3.a(arm_mat_inverse_f32.o)
 .debug_pubtypes
                0x00000e11       0x58 C:\Users\Joaquin\Documents\Joaquin\Facu\Materias\Sistemas Embebidos\Proyecto\Repositorio\WSN-LSE\CMSISv2p10_DSPLIB_CM3\lib\libCMSISv2p10_DSPLIB_CM3.a(arm_mat_mult_f32.o)
 .debug_pubtypes
                0x00000e69       0x58 C:\Users\Joaquin\Documents\Joaquin\Facu\Materias\Sistemas Embebidos\Proyecto\Repositorio\WSN-LSE\CMSISv2p10_DSPLIB_CM3\lib\libCMSISv2p10_DSPLIB_CM3.a(arm_mat_trans_f32.o)
 .debug_pubtypes
                0x00000ec1       0x1d c:/nxp/lpcxpresso_4.3.0_1023/lpcxpresso/tools/bin/../lib/gcc/arm-none-eabi/4.5.1/../../../../arm-none-eabi/lib/thumb2\libcr_newlib_semihost.a(_cr_sbrk.o)
 .debug_pubtypes
                0x00000ede       0xe5 c:/nxp/lpcxpresso_4.3.0_1023/lpcxpresso/tools/bin/../lib/gcc/arm-none-eabi/4.5.1/../../../../arm-none-eabi/lib/thumb2\libcr_newlib_semihost.a(syscalls.o)

.debug_aranges  0x00000000      0x978
 .debug_aranges
                0x00000000       0x88 ./src/cc2520-mac.o
 .debug_aranges
                0x00000088       0x40 ./src/cc2520.o
 .debug_aranges
                0x000000c8       0x80 ./src/cr_startup_lpc176x.o
 .debug_aranges
                0x00000148       0x20 ./src/fijo.o
 .debug_aranges
                0x00000168       0x48 ./src/hiduser.o
 .debug_aranges
                0x000001b0       0x70 ./src/main.o
 .debug_aranges
                0x00000220       0x40 ./src/movil.o
 .debug_aranges
                0x00000260       0x48 ./src/rssi.o
 .debug_aranges
                0x000002a8       0x60 ./src/usbcore.o
 .debug_aranges
                0x00000308      0x110 ./src/usbhw.o
 .debug_aranges
                0x00000418       0xa0 ./src/usbuser.o
 .debug_aranges
                0x000004b8       0x58 C:\Users\Joaquin\Documents\Joaquin\Facu\Materias\Sistemas Embebidos\Proyecto\Repositorio\WSN-LSE\CMSISv2p00_LPC17xx\Debug\libCMSISv2p00_LPC17xx.a(lpc17xx_clkpwr.o)
 .debug_aranges
                0x00000510       0xf8 C:\Users\Joaquin\Documents\Joaquin\Facu\Materias\Sistemas Embebidos\Proyecto\Repositorio\WSN-LSE\CMSISv2p00_LPC17xx\Debug\libCMSISv2p00_LPC17xx.a(lpc17xx_gpio.o)
 .debug_aranges
                0x00000608       0x30 C:\Users\Joaquin\Documents\Joaquin\Facu\Materias\Sistemas Embebidos\Proyecto\Repositorio\WSN-LSE\CMSISv2p00_LPC17xx\Debug\libCMSISv2p00_LPC17xx.a(lpc17xx_pinsel.o)
 .debug_aranges
                0x00000638       0xa0 C:\Users\Joaquin\Documents\Joaquin\Facu\Materias\Sistemas Embebidos\Proyecto\Repositorio\WSN-LSE\CMSISv2p00_LPC17xx\Debug\libCMSISv2p00_LPC17xx.a(lpc17xx_ssp.o)
 .debug_aranges
                0x000006d8       0x48 C:\Users\Joaquin\Documents\Joaquin\Facu\Materias\Sistemas Embebidos\Proyecto\Repositorio\WSN-LSE\CMSISv2p00_LPC17xx\Debug\libCMSISv2p00_LPC17xx.a(lpc17xx_systick.o)
 .debug_aranges
                0x00000720       0x80 C:\Users\Joaquin\Documents\Joaquin\Facu\Materias\Sistemas Embebidos\Proyecto\Repositorio\WSN-LSE\CMSISv2p00_LPC17xx\Debug\libCMSISv2p00_LPC17xx.a(lpc17xx_timer.o)
 .debug_aranges
                0x000007a0       0x28 C:\Users\Joaquin\Documents\Joaquin\Facu\Materias\Sistemas Embebidos\Proyecto\Repositorio\WSN-LSE\CMSISv2p00_LPC17xx\Debug\libCMSISv2p00_LPC17xx.a(system_LPC17xx.o)
 .debug_aranges
                0x000007c8       0x20 C:\Users\Joaquin\Documents\Joaquin\Facu\Materias\Sistemas Embebidos\Proyecto\Repositorio\WSN-LSE\CMSISv2p00_LPC17xx\Debug\libCMSISv2p00_LPC17xx.a(lpc17xx_libcfg_default.o)
 .debug_aranges
                0x000007e8       0x20 C:\Users\Joaquin\Documents\Joaquin\Facu\Materias\Sistemas Embebidos\Proyecto\Repositorio\WSN-LSE\CMSISv2p10_DSPLIB_CM3\lib\libCMSISv2p10_DSPLIB_CM3.a(arm_mat_inverse_f32.o)
 .debug_aranges
                0x00000808       0x20 C:\Users\Joaquin\Documents\Joaquin\Facu\Materias\Sistemas Embebidos\Proyecto\Repositorio\WSN-LSE\CMSISv2p10_DSPLIB_CM3\lib\libCMSISv2p10_DSPLIB_CM3.a(arm_mat_mult_f32.o)
 .debug_aranges
                0x00000828       0x20 C:\Users\Joaquin\Documents\Joaquin\Facu\Materias\Sistemas Embebidos\Proyecto\Repositorio\WSN-LSE\CMSISv2p10_DSPLIB_CM3\lib\libCMSISv2p10_DSPLIB_CM3.a(arm_mat_trans_f32.o)
 .debug_aranges
                0x00000848       0x20 c:/nxp/lpcxpresso_4.3.0_1023/lpcxpresso/tools/bin/../lib/gcc/arm-none-eabi/4.5.1/../../../../arm-none-eabi/lib/thumb2\libcr_newlib_semihost.a(_cr_sbrk.o)
 .debug_aranges
                0x00000868       0xf0 c:/nxp/lpcxpresso_4.3.0_1023/lpcxpresso/tools/bin/../lib/gcc/arm-none-eabi/4.5.1/../../../../arm-none-eabi/lib/thumb2\libcr_newlib_semihost.a(syscalls.o)
 .debug_aranges
                0x00000958       0x20 c:/nxp/lpcxpresso_4.3.0_1023/lpcxpresso/tools/bin/../lib/gcc/arm-none-eabi/4.5.1/../../../../arm-none-eabi/lib/thumb2\libcr_newlib_semihost.a(_cr_check_heap.o)

.debug_ranges   0x00000000      0x8e8
 .debug_ranges  0x00000000       0x78 ./src/cc2520-mac.o
 .debug_ranges  0x00000078       0x30 ./src/cc2520.o
 .debug_ranges  0x000000a8       0x70 ./src/cr_startup_lpc176x.o
 .debug_ranges  0x00000118       0x10 ./src/fijo.o
 .debug_ranges  0x00000128       0x38 ./src/hiduser.o
 .debug_ranges  0x00000160       0x60 ./src/main.o
 .debug_ranges  0x000001c0       0x30 ./src/movil.o
 .debug_ranges  0x000001f0       0x38 ./src/rssi.o
 .debug_ranges  0x00000228       0x50 ./src/usbcore.o
 .debug_ranges  0x00000278      0x100 ./src/usbhw.o
 .debug_ranges  0x00000378       0x90 ./src/usbuser.o
 .debug_ranges  0x00000408       0x48 C:\Users\Joaquin\Documents\Joaquin\Facu\Materias\Sistemas Embebidos\Proyecto\Repositorio\WSN-LSE\CMSISv2p00_LPC17xx\Debug\libCMSISv2p00_LPC17xx.a(lpc17xx_clkpwr.o)
 .debug_ranges  0x00000450       0xe8 C:\Users\Joaquin\Documents\Joaquin\Facu\Materias\Sistemas Embebidos\Proyecto\Repositorio\WSN-LSE\CMSISv2p00_LPC17xx\Debug\libCMSISv2p00_LPC17xx.a(lpc17xx_gpio.o)
 .debug_ranges  0x00000538       0x80 C:\Users\Joaquin\Documents\Joaquin\Facu\Materias\Sistemas Embebidos\Proyecto\Repositorio\WSN-LSE\CMSISv2p00_LPC17xx\Debug\libCMSISv2p00_LPC17xx.a(lpc17xx_pinsel.o)
 .debug_ranges  0x000005b8       0xd0 C:\Users\Joaquin\Documents\Joaquin\Facu\Materias\Sistemas Embebidos\Proyecto\Repositorio\WSN-LSE\CMSISv2p00_LPC17xx\Debug\libCMSISv2p00_LPC17xx.a(lpc17xx_ssp.o)
 .debug_ranges  0x00000688       0x38 C:\Users\Joaquin\Documents\Joaquin\Facu\Materias\Sistemas Embebidos\Proyecto\Repositorio\WSN-LSE\CMSISv2p00_LPC17xx\Debug\libCMSISv2p00_LPC17xx.a(lpc17xx_systick.o)
 .debug_ranges  0x000006c0       0x70 C:\Users\Joaquin\Documents\Joaquin\Facu\Materias\Sistemas Embebidos\Proyecto\Repositorio\WSN-LSE\CMSISv2p00_LPC17xx\Debug\libCMSISv2p00_LPC17xx.a(lpc17xx_timer.o)
 .debug_ranges  0x00000730       0x18 C:\Users\Joaquin\Documents\Joaquin\Facu\Materias\Sistemas Embebidos\Proyecto\Repositorio\WSN-LSE\CMSISv2p00_LPC17xx\Debug\libCMSISv2p00_LPC17xx.a(system_LPC17xx.o)
 .debug_ranges  0x00000748       0x10 C:\Users\Joaquin\Documents\Joaquin\Facu\Materias\Sistemas Embebidos\Proyecto\Repositorio\WSN-LSE\CMSISv2p00_LPC17xx\Debug\libCMSISv2p00_LPC17xx.a(lpc17xx_libcfg_default.o)
 .debug_ranges  0x00000758       0x10 C:\Users\Joaquin\Documents\Joaquin\Facu\Materias\Sistemas Embebidos\Proyecto\Repositorio\WSN-LSE\CMSISv2p10_DSPLIB_CM3\lib\libCMSISv2p10_DSPLIB_CM3.a(arm_mat_inverse_f32.o)
 .debug_ranges  0x00000768       0x10 C:\Users\Joaquin\Documents\Joaquin\Facu\Materias\Sistemas Embebidos\Proyecto\Repositorio\WSN-LSE\CMSISv2p10_DSPLIB_CM3\lib\libCMSISv2p10_DSPLIB_CM3.a(arm_mat_mult_f32.o)
 .debug_ranges  0x00000778       0x10 C:\Users\Joaquin\Documents\Joaquin\Facu\Materias\Sistemas Embebidos\Proyecto\Repositorio\WSN-LSE\CMSISv2p10_DSPLIB_CM3\lib\libCMSISv2p10_DSPLIB_CM3.a(arm_mat_trans_f32.o)
 .debug_ranges  0x00000788       0x10 c:/nxp/lpcxpresso_4.3.0_1023/lpcxpresso/tools/bin/../lib/gcc/arm-none-eabi/4.5.1/../../../../arm-none-eabi/lib/thumb2\libcr_newlib_semihost.a(_cr_sbrk.o)
 .debug_ranges  0x00000798      0x140 c:/nxp/lpcxpresso_4.3.0_1023/lpcxpresso/tools/bin/../lib/gcc/arm-none-eabi/4.5.1/../../../../arm-none-eabi/lib/thumb2\libcr_newlib_semihost.a(syscalls.o)
 .debug_ranges  0x000008d8       0x10 c:/nxp/lpcxpresso_4.3.0_1023/lpcxpresso/tools/bin/../lib/gcc/arm-none-eabi/4.5.1/../../../../arm-none-eabi/lib/thumb2\libcr_newlib_semihost.a(_cr_check_heap.o)

.debug_str      0x00000000     0x2e3f
 .debug_str     0x00000000      0x48d ./src/cc2520-mac.o
                                0x509 (size before relaxing)
 .debug_str     0x0000048d      0x292 ./src/cc2520.o
                                0x4e3 (size before relaxing)
 .debug_str     0x0000071f      0x177 ./src/cr_startup_lpc176x.o
                                0x282 (size before relaxing)
 .debug_str     0x00000896       0x4c ./src/fijo.o
                                0x3b8 (size before relaxing)
 .debug_str     0x000008e2       0xfe ./src/hiduser.o
                                0x258 (size before relaxing)
 .debug_str     0x000009e0      0x3cd ./src/main.o
                                0x705 (size before relaxing)
 .debug_str     0x00000dad      0x1cf ./src/movil.o
                                0x54a (size before relaxing)
 .debug_str     0x00000f7c       0xb1 ./src/rssi.o
                                0x2fa (size before relaxing)
 .debug_str     0x0000102d      0x33a ./src/usbcore.o
                                0x58c (size before relaxing)
 .debug_str     0x00001367       0x11 ./src/usbdesc.o
                                0x193 (size before relaxing)
 .debug_str     0x00001378      0x7f4 ./src/usbhw.o
                                0xc6a (size before relaxing)
 .debug_str     0x00001b6c      0x10d ./src/usbuser.o
                                0x267 (size before relaxing)
 .debug_str     0x00001c79      0x15e C:\Users\Joaquin\Documents\Joaquin\Facu\Materias\Sistemas Embebidos\Proyecto\Repositorio\WSN-LSE\CMSISv2p00_LPC17xx\Debug\libCMSISv2p00_LPC17xx.a(lpc17xx_clkpwr.o)
                                0x3c5 (size before relaxing)
 .debug_str     0x00001dd7      0x2f9 C:\Users\Joaquin\Documents\Joaquin\Facu\Materias\Sistemas Embebidos\Proyecto\Repositorio\WSN-LSE\CMSISv2p00_LPC17xx\Debug\libCMSISv2p00_LPC17xx.a(lpc17xx_gpio.o)
                                0x58a (size before relaxing)
 .debug_str     0x000020d0       0xfd C:\Users\Joaquin\Documents\Joaquin\Facu\Materias\Sistemas Embebidos\Proyecto\Repositorio\WSN-LSE\CMSISv2p00_LPC17xx\Debug\libCMSISv2p00_LPC17xx.a(lpc17xx_pinsel.o)
                                0x39e (size before relaxing)
 .debug_str     0x000021cd      0x1e9 C:\Users\Joaquin\Documents\Joaquin\Facu\Materias\Sistemas Embebidos\Proyecto\Repositorio\WSN-LSE\CMSISv2p00_LPC17xx\Debug\libCMSISv2p00_LPC17xx.a(lpc17xx_ssp.o)
                                0x42c (size before relaxing)
 .debug_str     0x000023b6       0xa1 C:\Users\Joaquin\Documents\Joaquin\Facu\Materias\Sistemas Embebidos\Proyecto\Repositorio\WSN-LSE\CMSISv2p00_LPC17xx\Debug\libCMSISv2p00_LPC17xx.a(lpc17xx_systick.o)
                                0x22b (size before relaxing)
 .debug_str     0x00002457      0x3da C:\Users\Joaquin\Documents\Joaquin\Facu\Materias\Sistemas Embebidos\Proyecto\Repositorio\WSN-LSE\CMSISv2p00_LPC17xx\Debug\libCMSISv2p00_LPC17xx.a(lpc17xx_timer.o)
                                0x5cc (size before relaxing)
 .debug_str     0x00002831       0x39 C:\Users\Joaquin\Documents\Joaquin\Facu\Materias\Sistemas Embebidos\Proyecto\Repositorio\WSN-LSE\CMSISv2p00_LPC17xx\Debug\libCMSISv2p00_LPC17xx.a(system_LPC17xx.o)
                                0x2b0 (size before relaxing)
 .debug_str     0x0000286a       0x37 C:\Users\Joaquin\Documents\Joaquin\Facu\Materias\Sistemas Embebidos\Proyecto\Repositorio\WSN-LSE\CMSISv2p00_LPC17xx\Debug\libCMSISv2p00_LPC17xx.a(lpc17xx_libcfg_default.o)
                                0x14c (size before relaxing)
 .debug_str     0x000028a1       0xe8 C:\Users\Joaquin\Documents\Joaquin\Facu\Materias\Sistemas Embebidos\Proyecto\Repositorio\WSN-LSE\CMSISv2p10_DSPLIB_CM3\lib\libCMSISv2p10_DSPLIB_CM3.a(arm_mat_inverse_f32.o)
                                0x267 (size before relaxing)
 .debug_str     0x00002989       0x80 C:\Users\Joaquin\Documents\Joaquin\Facu\Materias\Sistemas Embebidos\Proyecto\Repositorio\WSN-LSE\CMSISv2p10_DSPLIB_CM3\lib\libCMSISv2p10_DSPLIB_CM3.a(arm_mat_mult_f32.o)
                                0x234 (size before relaxing)
 .debug_str     0x00002a09       0x5b C:\Users\Joaquin\Documents\Joaquin\Facu\Materias\Sistemas Embebidos\Proyecto\Repositorio\WSN-LSE\CMSISv2p10_DSPLIB_CM3\lib\libCMSISv2p10_DSPLIB_CM3.a(arm_mat_trans_f32.o)
                                0x214 (size before relaxing)
 .debug_str     0x00002a64       0xb0 c:/nxp/lpcxpresso_4.3.0_1023/lpcxpresso/tools/bin/../lib/gcc/arm-none-eabi/4.5.1/../../../../arm-none-eabi/lib/thumb2\libcr_newlib_semihost.a(_cr_sbrk.o)
                                0x145 (size before relaxing)
 .debug_str     0x00002b14      0x2f0 c:/nxp/lpcxpresso_4.3.0_1023/lpcxpresso/tools/bin/../lib/gcc/arm-none-eabi/4.5.1/../../../../arm-none-eabi/lib/thumb2\libcr_newlib_semihost.a(syscalls.o)
                                0x40b (size before relaxing)
 .debug_str     0x00002e04       0x3b c:/nxp/lpcxpresso_4.3.0_1023/lpcxpresso/tools/bin/../lib/gcc/arm-none-eabi/4.5.1/../../../../arm-none-eabi/lib/thumb2\libcr_newlib_semihost.a(_cr_check_heap.o)
                                 0xd1 (size before relaxing)

.comment        0x00000000       0x2a
 .comment       0x00000000       0x2a ./src/cc2520-mac.o
                                 0x2b (size before relaxing)
 .comment       0x00000000       0x2b ./src/cc2520.o
 .comment       0x00000000       0x2b ./src/cr_startup_lpc176x.o
 .comment       0x00000000       0x2b ./src/fijo.o
 .comment       0x00000000       0x2b ./src/hiduser.o
 .comment       0x00000000       0x2b ./src/main.o
 .comment       0x00000000       0x2b ./src/movil.o
 .comment       0x00000000       0x2b ./src/rssi.o
 .comment       0x00000000       0x2b ./src/usbcore.o
 .comment       0x00000000       0x2b ./src/usbdesc.o
 .comment       0x00000000       0x2b ./src/usbhw.o
 .comment       0x00000000       0x2b ./src/usbuser.o
 .comment       0x00000000       0x2b C:\Users\Joaquin\Documents\Joaquin\Facu\Materias\Sistemas Embebidos\Proyecto\Repositorio\WSN-LSE\CMSISv2p00_LPC17xx\Debug\libCMSISv2p00_LPC17xx.a(lpc17xx_clkpwr.o)
 .comment       0x00000000       0x2b C:\Users\Joaquin\Documents\Joaquin\Facu\Materias\Sistemas Embebidos\Proyecto\Repositorio\WSN-LSE\CMSISv2p00_LPC17xx\Debug\libCMSISv2p00_LPC17xx.a(lpc17xx_gpio.o)
 .comment       0x00000000       0x2b C:\Users\Joaquin\Documents\Joaquin\Facu\Materias\Sistemas Embebidos\Proyecto\Repositorio\WSN-LSE\CMSISv2p00_LPC17xx\Debug\libCMSISv2p00_LPC17xx.a(lpc17xx_pinsel.o)
 .comment       0x00000000       0x2b C:\Users\Joaquin\Documents\Joaquin\Facu\Materias\Sistemas Embebidos\Proyecto\Repositorio\WSN-LSE\CMSISv2p00_LPC17xx\Debug\libCMSISv2p00_LPC17xx.a(lpc17xx_ssp.o)
 .comment       0x00000000       0x2b C:\Users\Joaquin\Documents\Joaquin\Facu\Materias\Sistemas Embebidos\Proyecto\Repositorio\WSN-LSE\CMSISv2p00_LPC17xx\Debug\libCMSISv2p00_LPC17xx.a(lpc17xx_systick.o)
 .comment       0x00000000       0x2b C:\Users\Joaquin\Documents\Joaquin\Facu\Materias\Sistemas Embebidos\Proyecto\Repositorio\WSN-LSE\CMSISv2p00_LPC17xx\Debug\libCMSISv2p00_LPC17xx.a(lpc17xx_timer.o)
 .comment       0x00000000       0x2b C:\Users\Joaquin\Documents\Joaquin\Facu\Materias\Sistemas Embebidos\Proyecto\Repositorio\WSN-LSE\CMSISv2p00_LPC17xx\Debug\libCMSISv2p00_LPC17xx.a(system_LPC17xx.o)
 .comment       0x00000000       0x2b C:\Users\Joaquin\Documents\Joaquin\Facu\Materias\Sistemas Embebidos\Proyecto\Repositorio\WSN-LSE\CMSISv2p00_LPC17xx\Debug\libCMSISv2p00_LPC17xx.a(lpc17xx_libcfg_default.o)
 .comment       0x00000000       0x2b C:\Users\Joaquin\Documents\Joaquin\Facu\Materias\Sistemas Embebidos\Proyecto\Repositorio\WSN-LSE\CMSISv2p10_DSPLIB_CM3\lib\libCMSISv2p10_DSPLIB_CM3.a(arm_mat_inverse_f32.o)
 .comment       0x00000000       0x2b C:\Users\Joaquin\Documents\Joaquin\Facu\Materias\Sistemas Embebidos\Proyecto\Repositorio\WSN-LSE\CMSISv2p10_DSPLIB_CM3\lib\libCMSISv2p10_DSPLIB_CM3.a(arm_mat_mult_f32.o)
 .comment       0x00000000       0x2b C:\Users\Joaquin\Documents\Joaquin\Facu\Materias\Sistemas Embebidos\Proyecto\Repositorio\WSN-LSE\CMSISv2p10_DSPLIB_CM3\lib\libCMSISv2p10_DSPLIB_CM3.a(arm_mat_trans_f32.o)
 .comment       0x00000000       0x2b c:/nxp/lpcxpresso_4.3.0_1023/lpcxpresso/tools/bin/../lib/gcc/arm-none-eabi/4.5.1/../../../../arm-none-eabi/lib/thumb2\libcr_newlib_semihost.a(_cr_sbrk.o)
 .comment       0x00000000       0x2b c:/nxp/lpcxpresso_4.3.0_1023/lpcxpresso/tools/bin/../lib/gcc/arm-none-eabi/4.5.1/../../../../arm-none-eabi/lib/thumb2\libcr_newlib_semihost.a(syscalls.o)
 .comment       0x00000000       0x2b c:/nxp/lpcxpresso_4.3.0_1023/lpcxpresso/tools/bin/../lib/gcc/arm-none-eabi/4.5.1/../../../../arm-none-eabi/lib/thumb2\libcr_newlib_semihost.a(_cr_check_heap.o)

.ARM.attributes
                0x00000000       0x31
 .ARM.attributes
                0x00000000       0x31 ./src/cc2520-mac.o
 .ARM.attributes
                0x00000031       0x31 ./src/cc2520.o
 .ARM.attributes
                0x00000062       0x31 ./src/cr_startup_lpc176x.o
 .ARM.attributes
                0x00000093       0x31 ./src/fijo.o
 .ARM.attributes
                0x000000c4       0x31 ./src/hiduser.o
 .ARM.attributes
                0x000000f5       0x31 ./src/main.o
 .ARM.attributes
                0x00000126       0x31 ./src/movil.o
 .ARM.attributes
                0x00000157       0x31 ./src/rssi.o
 .ARM.attributes
                0x00000188       0x31 ./src/usbcore.o
 .ARM.attributes
                0x000001b9       0x31 ./src/usbdesc.o
 .ARM.attributes
                0x000001ea       0x31 ./src/usbhw.o
 .ARM.attributes
                0x0000021b       0x31 ./src/usbuser.o
 .ARM.attributes
                0x0000024c       0x31 C:\Users\Joaquin\Documents\Joaquin\Facu\Materias\Sistemas Embebidos\Proyecto\Repositorio\WSN-LSE\CMSISv2p00_LPC17xx\Debug\libCMSISv2p00_LPC17xx.a(lpc17xx_clkpwr.o)
 .ARM.attributes
                0x0000027d       0x31 C:\Users\Joaquin\Documents\Joaquin\Facu\Materias\Sistemas Embebidos\Proyecto\Repositorio\WSN-LSE\CMSISv2p00_LPC17xx\Debug\libCMSISv2p00_LPC17xx.a(lpc17xx_gpio.o)
 .ARM.attributes
                0x000002ae       0x31 C:\Users\Joaquin\Documents\Joaquin\Facu\Materias\Sistemas Embebidos\Proyecto\Repositorio\WSN-LSE\CMSISv2p00_LPC17xx\Debug\libCMSISv2p00_LPC17xx.a(lpc17xx_pinsel.o)
 .ARM.attributes
                0x000002df       0x31 C:\Users\Joaquin\Documents\Joaquin\Facu\Materias\Sistemas Embebidos\Proyecto\Repositorio\WSN-LSE\CMSISv2p00_LPC17xx\Debug\libCMSISv2p00_LPC17xx.a(lpc17xx_ssp.o)
 .ARM.attributes
                0x00000310       0x31 C:\Users\Joaquin\Documents\Joaquin\Facu\Materias\Sistemas Embebidos\Proyecto\Repositorio\WSN-LSE\CMSISv2p00_LPC17xx\Debug\libCMSISv2p00_LPC17xx.a(lpc17xx_systick.o)
 .ARM.attributes
                0x00000341       0x31 C:\Users\Joaquin\Documents\Joaquin\Facu\Materias\Sistemas Embebidos\Proyecto\Repositorio\WSN-LSE\CMSISv2p00_LPC17xx\Debug\libCMSISv2p00_LPC17xx.a(lpc17xx_timer.o)
 .ARM.attributes
                0x00000372       0x31 C:\Users\Joaquin\Documents\Joaquin\Facu\Materias\Sistemas Embebidos\Proyecto\Repositorio\WSN-LSE\CMSISv2p00_LPC17xx\Debug\libCMSISv2p00_LPC17xx.a(system_LPC17xx.o)
 .ARM.attributes
                0x000003a3       0x31 C:\Users\Joaquin\Documents\Joaquin\Facu\Materias\Sistemas Embebidos\Proyecto\Repositorio\WSN-LSE\CMSISv2p00_LPC17xx\Debug\libCMSISv2p00_LPC17xx.a(lpc17xx_libcfg_default.o)
 .ARM.attributes
                0x000003d4       0x31 C:\Users\Joaquin\Documents\Joaquin\Facu\Materias\Sistemas Embebidos\Proyecto\Repositorio\WSN-LSE\CMSISv2p10_DSPLIB_CM3\lib\libCMSISv2p10_DSPLIB_CM3.a(arm_mat_inverse_f32.o)
 .ARM.attributes
                0x00000405       0x31 C:\Users\Joaquin\Documents\Joaquin\Facu\Materias\Sistemas Embebidos\Proyecto\Repositorio\WSN-LSE\CMSISv2p10_DSPLIB_CM3\lib\libCMSISv2p10_DSPLIB_CM3.a(arm_mat_mult_f32.o)
 .ARM.attributes
                0x00000436       0x31 C:\Users\Joaquin\Documents\Joaquin\Facu\Materias\Sistemas Embebidos\Proyecto\Repositorio\WSN-LSE\CMSISv2p10_DSPLIB_CM3\lib\libCMSISv2p10_DSPLIB_CM3.a(arm_mat_trans_f32.o)
 .ARM.attributes
                0x00000467       0x1b c:/nxp/lpcxpresso_4.3.0_1023/lpcxpresso/tools/bin/../lib/gcc/arm-none-eabi/4.5.1/thumb2\libgcc.a(_arm_addsubdf3.o)
 .ARM.attributes
                0x00000482       0x1b c:/nxp/lpcxpresso_4.3.0_1023/lpcxpresso/tools/bin/../lib/gcc/arm-none-eabi/4.5.1/thumb2\libgcc.a(_arm_muldivdf3.o)
 .ARM.attributes
                0x0000049d       0x1b c:/nxp/lpcxpresso_4.3.0_1023/lpcxpresso/tools/bin/../lib/gcc/arm-none-eabi/4.5.1/thumb2\libgcc.a(_arm_truncdfsf2.o)
 .ARM.attributes
                0x000004b8       0x1b c:/nxp/lpcxpresso_4.3.0_1023/lpcxpresso/tools/bin/../lib/gcc/arm-none-eabi/4.5.1/thumb2\libgcc.a(_arm_addsubsf3.o)
 .ARM.attributes
                0x000004d3       0x1b c:/nxp/lpcxpresso_4.3.0_1023/lpcxpresso/tools/bin/../lib/gcc/arm-none-eabi/4.5.1/thumb2\libgcc.a(_arm_muldivsf3.o)
 .ARM.attributes
                0x000004ee       0x1b c:/nxp/lpcxpresso_4.3.0_1023/lpcxpresso/tools/bin/../lib/gcc/arm-none-eabi/4.5.1/thumb2\libgcc.a(_arm_cmpsf2.o)
 .ARM.attributes
                0x00000509       0x1b c:/nxp/lpcxpresso_4.3.0_1023/lpcxpresso/tools/bin/../lib/gcc/arm-none-eabi/4.5.1/thumb2\libgcc.a(_aeabi_uldivmod.o)
 .ARM.attributes
                0x00000524       0x29 c:/nxp/lpcxpresso_4.3.0_1023/lpcxpresso/tools/bin/../lib/gcc/arm-none-eabi/4.5.1/thumb2\libgcc.a(bpabi.o)
 .ARM.attributes
                0x0000054d       0x1b c:/nxp/lpcxpresso_4.3.0_1023/lpcxpresso/tools/bin/../lib/gcc/arm-none-eabi/4.5.1/thumb2\libgcc.a(_dvmd_tls.o)
 .ARM.attributes
                0x00000568       0x29 c:/nxp/lpcxpresso_4.3.0_1023/lpcxpresso/tools/bin/../lib/gcc/arm-none-eabi/4.5.1/thumb2\libgcc.a(_divdi3.o)
 .ARM.attributes
                0x00000591       0x29 c:/nxp/lpcxpresso_4.3.0_1023/lpcxpresso/tools/bin/../lib/gcc/arm-none-eabi/4.5.1/thumb2\libgcc.a(_udivdi3.o)
 .ARM.attributes
                0x000005ba       0x1b c:/nxp/lpcxpresso_4.3.0_1023/lpcxpresso/tools/bin/../lib/gcc/arm-none-eabi/4.5.1/thumb2\libgcc.a(_udivsi3.o)
 .ARM.attributes
                0x000005d5       0x29 c:/nxp/lpcxpresso_4.3.0_1023/lpcxpresso/tools/bin/../lib/gcc/arm-none-eabi/4.5.1/../../../../arm-none-eabi/lib/thumb2\libc.a(lib_a-memcpy.o)
 .ARM.attributes
                0x000005fe       0x29 c:/nxp/lpcxpresso_4.3.0_1023/lpcxpresso/tools/bin/../lib/gcc/arm-none-eabi/4.5.1/../../../../arm-none-eabi/lib/thumb2\libc.a(lib_a-printf.o)
 .ARM.attributes
                0x00000627       0x29 c:/nxp/lpcxpresso_4.3.0_1023/lpcxpresso/tools/bin/../lib/gcc/arm-none-eabi/4.5.1/../../../../arm-none-eabi/lib/thumb2\libc.a(lib_a-vfprintf.o)
 .ARM.attributes
                0x00000650       0x29 c:/nxp/lpcxpresso_4.3.0_1023/lpcxpresso/tools/bin/../lib/gcc/arm-none-eabi/4.5.1/../../../../arm-none-eabi/lib/thumb2\libc.a(lib_a-wsetup.o)
 .ARM.attributes
                0x00000679       0x29 c:/nxp/lpcxpresso_4.3.0_1023/lpcxpresso/tools/bin/../lib/gcc/arm-none-eabi/4.5.1/../../../../arm-none-eabi/lib/thumb2\libc.a(lib_a-dtoa.o)
 .ARM.attributes
                0x000006a2       0x29 c:/nxp/lpcxpresso_4.3.0_1023/lpcxpresso/tools/bin/../lib/gcc/arm-none-eabi/4.5.1/../../../../arm-none-eabi/lib/thumb2\libc.a(lib_a-fflush.o)
 .ARM.attributes
                0x000006cb       0x29 c:/nxp/lpcxpresso_4.3.0_1023/lpcxpresso/tools/bin/../lib/gcc/arm-none-eabi/4.5.1/../../../../arm-none-eabi/lib/thumb2\libc.a(lib_a-findfp.o)
 .ARM.attributes
                0x000006f4       0x29 c:/nxp/lpcxpresso_4.3.0_1023/lpcxpresso/tools/bin/../lib/gcc/arm-none-eabi/4.5.1/../../../../arm-none-eabi/lib/thumb2\libc.a(lib_a-freer.o)
 .ARM.attributes
                0x0000071d       0x29 c:/nxp/lpcxpresso_4.3.0_1023/lpcxpresso/tools/bin/../lib/gcc/arm-none-eabi/4.5.1/../../../../arm-none-eabi/lib/thumb2\libc.a(lib_a-fwalk.o)
 .ARM.attributes
                0x00000746       0x29 c:/nxp/lpcxpresso_4.3.0_1023/lpcxpresso/tools/bin/../lib/gcc/arm-none-eabi/4.5.1/../../../../arm-none-eabi/lib/thumb2\libc.a(lib_a-impure.o)
 .ARM.attributes
                0x0000076f       0x29 c:/nxp/lpcxpresso_4.3.0_1023/lpcxpresso/tools/bin/../lib/gcc/arm-none-eabi/4.5.1/../../../../arm-none-eabi/lib/thumb2\libc.a(lib_a-locale.o)
 .ARM.attributes
                0x00000798       0x29 c:/nxp/lpcxpresso_4.3.0_1023/lpcxpresso/tools/bin/../lib/gcc/arm-none-eabi/4.5.1/../../../../arm-none-eabi/lib/thumb2\libc.a(lib_a-makebuf.o)
 .ARM.attributes
                0x000007c1       0x29 c:/nxp/lpcxpresso_4.3.0_1023/lpcxpresso/tools/bin/../lib/gcc/arm-none-eabi/4.5.1/../../../../arm-none-eabi/lib/thumb2\libc.a(lib_a-malloc.o)
 .ARM.attributes
                0x000007ea       0x29 c:/nxp/lpcxpresso_4.3.0_1023/lpcxpresso/tools/bin/../lib/gcc/arm-none-eabi/4.5.1/../../../../arm-none-eabi/lib/thumb2\libc.a(lib_a-mallocr.o)
 .ARM.attributes
                0x00000813       0x29 c:/nxp/lpcxpresso_4.3.0_1023/lpcxpresso/tools/bin/../lib/gcc/arm-none-eabi/4.5.1/../../../../arm-none-eabi/lib/thumb2\libc.a(lib_a-memchr.o)
 .ARM.attributes
                0x0000083c       0x29 c:/nxp/lpcxpresso_4.3.0_1023/lpcxpresso/tools/bin/../lib/gcc/arm-none-eabi/4.5.1/../../../../arm-none-eabi/lib/thumb2\libc.a(lib_a-memset.o)
 .ARM.attributes
                0x00000865       0x29 c:/nxp/lpcxpresso_4.3.0_1023/lpcxpresso/tools/bin/../lib/gcc/arm-none-eabi/4.5.1/../../../../arm-none-eabi/lib/thumb2\libc.a(lib_a-mlock.o)
 .ARM.attributes
                0x0000088e       0x29 c:/nxp/lpcxpresso_4.3.0_1023/lpcxpresso/tools/bin/../lib/gcc/arm-none-eabi/4.5.1/../../../../arm-none-eabi/lib/thumb2\libc.a(lib_a-mprec.o)
 .ARM.attributes
                0x000008b7       0x29 c:/nxp/lpcxpresso_4.3.0_1023/lpcxpresso/tools/bin/../lib/gcc/arm-none-eabi/4.5.1/../../../../arm-none-eabi/lib/thumb2\libc.a(lib_a-s_fpclassify.o)
 .ARM.attributes
                0x000008e0       0x29 c:/nxp/lpcxpresso_4.3.0_1023/lpcxpresso/tools/bin/../lib/gcc/arm-none-eabi/4.5.1/../../../../arm-none-eabi/lib/thumb2\libc.a(lib_a-sbrkr.o)
 .ARM.attributes
                0x00000909       0x29 c:/nxp/lpcxpresso_4.3.0_1023/lpcxpresso/tools/bin/../lib/gcc/arm-none-eabi/4.5.1/../../../../arm-none-eabi/lib/thumb2\libc.a(lib_a-stdio.o)
 .ARM.attributes
                0x00000932       0x29 c:/nxp/lpcxpresso_4.3.0_1023/lpcxpresso/tools/bin/../lib/gcc/arm-none-eabi/4.5.1/../../../../arm-none-eabi/lib/thumb2\libc.a(lib_a-strcmp.o)
 .ARM.attributes
                0x0000095b       0x29 c:/nxp/lpcxpresso_4.3.0_1023/lpcxpresso/tools/bin/../lib/gcc/arm-none-eabi/4.5.1/../../../../arm-none-eabi/lib/thumb2\libc.a(lib_a-strlen.o)
 .ARM.attributes
                0x00000984       0x29 c:/nxp/lpcxpresso_4.3.0_1023/lpcxpresso/tools/bin/../lib/gcc/arm-none-eabi/4.5.1/../../../../arm-none-eabi/lib/thumb2\libc.a(lib_a-vfiprintf.o)
 .ARM.attributes
                0x000009ad       0x29 c:/nxp/lpcxpresso_4.3.0_1023/lpcxpresso/tools/bin/../lib/gcc/arm-none-eabi/4.5.1/../../../../arm-none-eabi/lib/thumb2\libc.a(lib_a-writer.o)
 .ARM.attributes
                0x000009d6       0x29 c:/nxp/lpcxpresso_4.3.0_1023/lpcxpresso/tools/bin/../lib/gcc/arm-none-eabi/4.5.1/../../../../arm-none-eabi/lib/thumb2\libc.a(lib_a-callocr.o)
 .ARM.attributes
                0x000009ff       0x29 c:/nxp/lpcxpresso_4.3.0_1023/lpcxpresso/tools/bin/../lib/gcc/arm-none-eabi/4.5.1/../../../../arm-none-eabi/lib/thumb2\libc.a(lib_a-closer.o)
 .ARM.attributes
                0x00000a28       0x29 c:/nxp/lpcxpresso_4.3.0_1023/lpcxpresso/tools/bin/../lib/gcc/arm-none-eabi/4.5.1/../../../../arm-none-eabi/lib/thumb2\libc.a(lib_a-fclose.o)
 .ARM.attributes
                0x00000a51       0x29 c:/nxp/lpcxpresso_4.3.0_1023/lpcxpresso/tools/bin/../lib/gcc/arm-none-eabi/4.5.1/../../../../arm-none-eabi/lib/thumb2\libc.a(lib_a-fputwc.o)
 .ARM.attributes
                0x00000a7a       0x29 c:/nxp/lpcxpresso_4.3.0_1023/lpcxpresso/tools/bin/../lib/gcc/arm-none-eabi/4.5.1/../../../../arm-none-eabi/lib/thumb2\libc.a(lib_a-fstatr.o)
 .ARM.attributes
                0x00000aa3       0x29 c:/nxp/lpcxpresso_4.3.0_1023/lpcxpresso/tools/bin/../lib/gcc/arm-none-eabi/4.5.1/../../../../arm-none-eabi/lib/thumb2\libc.a(lib_a-fvwrite.o)
 .ARM.attributes
                0x00000acc       0x29 c:/nxp/lpcxpresso_4.3.0_1023/lpcxpresso/tools/bin/../lib/gcc/arm-none-eabi/4.5.1/../../../../arm-none-eabi/lib/thumb2\libc.a(lib_a-isattyr.o)
 .ARM.attributes
                0x00000af5       0x29 c:/nxp/lpcxpresso_4.3.0_1023/lpcxpresso/tools/bin/../lib/gcc/arm-none-eabi/4.5.1/../../../../arm-none-eabi/lib/thumb2\libc.a(lib_a-lseekr.o)
 .ARM.attributes
                0x00000b1e       0x29 c:/nxp/lpcxpresso_4.3.0_1023/lpcxpresso/tools/bin/../lib/gcc/arm-none-eabi/4.5.1/../../../../arm-none-eabi/lib/thumb2\libc.a(lib_a-memmove.o)
 .ARM.attributes
                0x00000b47       0x29 c:/nxp/lpcxpresso_4.3.0_1023/lpcxpresso/tools/bin/../lib/gcc/arm-none-eabi/4.5.1/../../../../arm-none-eabi/lib/thumb2\libc.a(lib_a-readr.o)
 .ARM.attributes
                0x00000b70       0x29 c:/nxp/lpcxpresso_4.3.0_1023/lpcxpresso/tools/bin/../lib/gcc/arm-none-eabi/4.5.1/../../../../arm-none-eabi/lib/thumb2\libc.a(lib_a-reallocr.o)
 .ARM.attributes
                0x00000b99       0x29 c:/nxp/lpcxpresso_4.3.0_1023/lpcxpresso/tools/bin/../lib/gcc/arm-none-eabi/4.5.1/../../../../arm-none-eabi/lib/thumb2\libc.a(lib_a-reent.o)
 .ARM.attributes
                0x00000bc2       0x29 c:/nxp/lpcxpresso_4.3.0_1023/lpcxpresso/tools/bin/../lib/gcc/arm-none-eabi/4.5.1/../../../../arm-none-eabi/lib/thumb2\libc.a(lib_a-wbuf.o)
 .ARM.attributes
                0x00000beb       0x29 c:/nxp/lpcxpresso_4.3.0_1023/lpcxpresso/tools/bin/../lib/gcc/arm-none-eabi/4.5.1/../../../../arm-none-eabi/lib/thumb2\libc.a(lib_a-wcrtomb.o)
 .ARM.attributes
                0x00000c14       0x29 c:/nxp/lpcxpresso_4.3.0_1023/lpcxpresso/tools/bin/../lib/gcc/arm-none-eabi/4.5.1/../../../../arm-none-eabi/lib/thumb2\libc.a(lib_a-wctomb_r.o)
 .ARM.attributes
                0x00000c3d       0x29 c:/nxp/lpcxpresso_4.3.0_1023/lpcxpresso/tools/bin/../lib/gcc/arm-none-eabi/4.5.1/../../../../arm-none-eabi/lib/thumb2\libm.a(lib_a-w_exp.o)
 .ARM.attributes
                0x00000c66       0x29 c:/nxp/lpcxpresso_4.3.0_1023/lpcxpresso/tools/bin/../lib/gcc/arm-none-eabi/4.5.1/../../../../arm-none-eabi/lib/thumb2\libm.a(lib_a-w_pow.o)
 .ARM.attributes
                0x00000c8f       0x29 c:/nxp/lpcxpresso_4.3.0_1023/lpcxpresso/tools/bin/../lib/gcc/arm-none-eabi/4.5.1/../../../../arm-none-eabi/lib/thumb2\libm.a(lib_a-w_sqrt.o)
 .ARM.attributes
                0x00000cb8       0x29 c:/nxp/lpcxpresso_4.3.0_1023/lpcxpresso/tools/bin/../lib/gcc/arm-none-eabi/4.5.1/../../../../arm-none-eabi/lib/thumb2\libm.a(lib_a-wf_sqrt.o)
 .ARM.attributes
                0x00000ce1       0x29 c:/nxp/lpcxpresso_4.3.0_1023/lpcxpresso/tools/bin/../lib/gcc/arm-none-eabi/4.5.1/../../../../arm-none-eabi/lib/thumb2\libm.a(lib_a-e_exp.o)
 .ARM.attributes
                0x00000d0a       0x29 c:/nxp/lpcxpresso_4.3.0_1023/lpcxpresso/tools/bin/../lib/gcc/arm-none-eabi/4.5.1/../../../../arm-none-eabi/lib/thumb2\libm.a(lib_a-e_pow.o)
 .ARM.attributes
                0x00000d33       0x29 c:/nxp/lpcxpresso_4.3.0_1023/lpcxpresso/tools/bin/../lib/gcc/arm-none-eabi/4.5.1/../../../../arm-none-eabi/lib/thumb2\libm.a(lib_a-e_sqrt.o)
 .ARM.attributes
                0x00000d5c       0x29 c:/nxp/lpcxpresso_4.3.0_1023/lpcxpresso/tools/bin/../lib/gcc/arm-none-eabi/4.5.1/../../../../arm-none-eabi/lib/thumb2\libm.a(lib_a-ef_sqrt.o)
 .ARM.attributes
                0x00000d85       0x29 c:/nxp/lpcxpresso_4.3.0_1023/lpcxpresso/tools/bin/../lib/gcc/arm-none-eabi/4.5.1/../../../../arm-none-eabi/lib/thumb2\libm.a(lib_a-s_fabs.o)
 .ARM.attributes
                0x00000dae       0x29 c:/nxp/lpcxpresso_4.3.0_1023/lpcxpresso/tools/bin/../lib/gcc/arm-none-eabi/4.5.1/../../../../arm-none-eabi/lib/thumb2\libm.a(lib_a-s_finite.o)
 .ARM.attributes
                0x00000dd7       0x29 c:/nxp/lpcxpresso_4.3.0_1023/lpcxpresso/tools/bin/../lib/gcc/arm-none-eabi/4.5.1/../../../../arm-none-eabi/lib/thumb2\libm.a(lib_a-s_lib_ver.o)
 .ARM.attributes
                0x00000e00       0x29 c:/nxp/lpcxpresso_4.3.0_1023/lpcxpresso/tools/bin/../lib/gcc/arm-none-eabi/4.5.1/../../../../arm-none-eabi/lib/thumb2\libm.a(lib_a-s_matherr.o)
 .ARM.attributes
                0x00000e29       0x29 c:/nxp/lpcxpresso_4.3.0_1023/lpcxpresso/tools/bin/../lib/gcc/arm-none-eabi/4.5.1/../../../../arm-none-eabi/lib/thumb2\libm.a(lib_a-s_nan.o)
 .ARM.attributes
                0x00000e52       0x29 c:/nxp/lpcxpresso_4.3.0_1023/lpcxpresso/tools/bin/../lib/gcc/arm-none-eabi/4.5.1/../../../../arm-none-eabi/lib/thumb2\libm.a(lib_a-s_rint.o)
 .ARM.attributes
                0x00000e7b       0x29 c:/nxp/lpcxpresso_4.3.0_1023/lpcxpresso/tools/bin/../lib/gcc/arm-none-eabi/4.5.1/../../../../arm-none-eabi/lib/thumb2\libm.a(lib_a-s_scalbn.o)
 .ARM.attributes
                0x00000ea4       0x29 c:/nxp/lpcxpresso_4.3.0_1023/lpcxpresso/tools/bin/../lib/gcc/arm-none-eabi/4.5.1/../../../../arm-none-eabi/lib/thumb2\libm.a(lib_a-sf_fpclassify.o)
 .ARM.attributes
                0x00000ecd       0x29 c:/nxp/lpcxpresso_4.3.0_1023/lpcxpresso/tools/bin/../lib/gcc/arm-none-eabi/4.5.1/../../../../arm-none-eabi/lib/thumb2\libm.a(lib_a-s_copysign.o)
 .ARM.attributes
                0x00000ef6       0x31 c:/nxp/lpcxpresso_4.3.0_1023/lpcxpresso/tools/bin/../lib/gcc/arm-none-eabi/4.5.1/../../../../arm-none-eabi/lib/thumb2\libcr_newlib_semihost.a(_cr_sbrk.o)
 .ARM.attributes
                0x00000f27       0x31 c:/nxp/lpcxpresso_4.3.0_1023/lpcxpresso/tools/bin/../lib/gcc/arm-none-eabi/4.5.1/../../../../arm-none-eabi/lib/thumb2\libcr_newlib_semihost.a(syscalls.o)
 .ARM.attributes
                0x00000f58       0x31 c:/nxp/lpcxpresso_4.3.0_1023/lpcxpresso/tools/bin/../lib/gcc/arm-none-eabi/4.5.1/../../../../arm-none-eabi/lib/thumb2\libcr_newlib_semihost.a(_cr_check_heap.o)
 .ARM.attributes
                0x00000f89       0x1b c:/nxp/lpcxpresso_4.3.0_1023/lpcxpresso/tools/bin/../lib/gcc/arm-none-eabi/4.5.1/thumb2\libgcc.a(_arm_cmpdf2.o)
 .ARM.attributes
                0x00000fa4       0x1b c:/nxp/lpcxpresso_4.3.0_1023/lpcxpresso/tools/bin/../lib/gcc/arm-none-eabi/4.5.1/thumb2\libgcc.a(_arm_fixdfsi.o)
 .ARM.attributes
                0x00000fbf       0x29 c:/nxp/lpcxpresso_4.3.0_1023/lpcxpresso/tools/bin/../lib/gcc/arm-none-eabi/4.5.1/../../../../arm-none-eabi/lib/thumb2\libc.a(lib_a-errno.o)

.debug_frame    0x00000000     0x2a24
 .debug_frame   0x00000000      0x1cc ./src/cc2520-mac.o
 .debug_frame   0x000001cc       0xbc ./src/cc2520.o
 .debug_frame   0x00000288       0xf0 ./src/cr_startup_lpc176x.o
 .debug_frame   0x00000378       0x34 ./src/fijo.o
 .debug_frame   0x000003ac       0xa8 ./src/hiduser.o
 .debug_frame   0x00000454      0x150 ./src/main.o
 .debug_frame   0x000005a4       0xbc ./src/movil.o
 .debug_frame   0x00000660       0xdc ./src/rssi.o
 .debug_frame   0x0000073c      0x11c ./src/usbcore.o
 .debug_frame   0x00000858      0x3b8 ./src/usbhw.o
 .debug_frame   0x00000c10      0x1f8 ./src/usbuser.o
 .debug_frame   0x00000e08       0xa0 C:\Users\Joaquin\Documents\Joaquin\Facu\Materias\Sistemas Embebidos\Proyecto\Repositorio\WSN-LSE\CMSISv2p00_LPC17xx\Debug\libCMSISv2p00_LPC17xx.a(lpc17xx_clkpwr.o)
 .debug_frame   0x00000ea8      0x270 C:\Users\Joaquin\Documents\Joaquin\Facu\Materias\Sistemas Embebidos\Proyecto\Repositorio\WSN-LSE\CMSISv2p00_LPC17xx\Debug\libCMSISv2p00_LPC17xx.a(lpc17xx_gpio.o)
 .debug_frame   0x00001118       0x4c C:\Users\Joaquin\Documents\Joaquin\Facu\Materias\Sistemas Embebidos\Proyecto\Repositorio\WSN-LSE\CMSISv2p00_LPC17xx\Debug\libCMSISv2p00_LPC17xx.a(lpc17xx_pinsel.o)
 .debug_frame   0x00001164      0x1e0 C:\Users\Joaquin\Documents\Joaquin\Facu\Materias\Sistemas Embebidos\Proyecto\Repositorio\WSN-LSE\CMSISv2p00_LPC17xx\Debug\libCMSISv2p00_LPC17xx.a(lpc17xx_ssp.o)
 .debug_frame   0x00001344       0x98 C:\Users\Joaquin\Documents\Joaquin\Facu\Materias\Sistemas Embebidos\Proyecto\Repositorio\WSN-LSE\CMSISv2p00_LPC17xx\Debug\libCMSISv2p00_LPC17xx.a(lpc17xx_systick.o)
 .debug_frame   0x000013dc      0x168 C:\Users\Joaquin\Documents\Joaquin\Facu\Materias\Sistemas Embebidos\Proyecto\Repositorio\WSN-LSE\CMSISv2p00_LPC17xx\Debug\libCMSISv2p00_LPC17xx.a(lpc17xx_timer.o)
 .debug_frame   0x00001544       0x3c C:\Users\Joaquin\Documents\Joaquin\Facu\Materias\Sistemas Embebidos\Proyecto\Repositorio\WSN-LSE\CMSISv2p00_LPC17xx\Debug\libCMSISv2p00_LPC17xx.a(system_LPC17xx.o)
 .debug_frame   0x00001580       0x20 C:\Users\Joaquin\Documents\Joaquin\Facu\Materias\Sistemas Embebidos\Proyecto\Repositorio\WSN-LSE\CMSISv2p00_LPC17xx\Debug\libCMSISv2p00_LPC17xx.a(lpc17xx_libcfg_default.o)
 .debug_frame   0x000015a0       0x3c C:\Users\Joaquin\Documents\Joaquin\Facu\Materias\Sistemas Embebidos\Proyecto\Repositorio\WSN-LSE\CMSISv2p10_DSPLIB_CM3\lib\libCMSISv2p10_DSPLIB_CM3.a(arm_mat_inverse_f32.o)
 .debug_frame   0x000015dc       0x3c C:\Users\Joaquin\Documents\Joaquin\Facu\Materias\Sistemas Embebidos\Proyecto\Repositorio\WSN-LSE\CMSISv2p10_DSPLIB_CM3\lib\libCMSISv2p10_DSPLIB_CM3.a(arm_mat_mult_f32.o)
 .debug_frame   0x00001618       0x38 C:\Users\Joaquin\Documents\Joaquin\Facu\Materias\Sistemas Embebidos\Proyecto\Repositorio\WSN-LSE\CMSISv2p10_DSPLIB_CM3\lib\libCMSISv2p10_DSPLIB_CM3.a(arm_mat_trans_f32.o)
 .debug_frame   0x00001650       0x50 c:/nxp/lpcxpresso_4.3.0_1023/lpcxpresso/tools/bin/../lib/gcc/arm-none-eabi/4.5.1/thumb2\libgcc.a(bpabi.o)
 .debug_frame   0x000016a0       0x3c c:/nxp/lpcxpresso_4.3.0_1023/lpcxpresso/tools/bin/../lib/gcc/arm-none-eabi/4.5.1/thumb2\libgcc.a(_divdi3.o)
 .debug_frame   0x000016dc       0x3c c:/nxp/lpcxpresso_4.3.0_1023/lpcxpresso/tools/bin/../lib/gcc/arm-none-eabi/4.5.1/thumb2\libgcc.a(_udivdi3.o)
 .debug_frame   0x00001718       0x20 c:/nxp/lpcxpresso_4.3.0_1023/lpcxpresso/tools/bin/../lib/gcc/arm-none-eabi/4.5.1/thumb2\libgcc.a(_udivsi3.o)
 .debug_frame   0x00001738       0x30 c:/nxp/lpcxpresso_4.3.0_1023/lpcxpresso/tools/bin/../lib/gcc/arm-none-eabi/4.5.1/../../../../arm-none-eabi/lib/thumb2\libc.a(lib_a-memcpy.o)
 .debug_frame   0x00001768       0x5c c:/nxp/lpcxpresso_4.3.0_1023/lpcxpresso/tools/bin/../lib/gcc/arm-none-eabi/4.5.1/../../../../arm-none-eabi/lib/thumb2\libc.a(lib_a-printf.o)
 .debug_frame   0x000017c4       0x58 c:/nxp/lpcxpresso_4.3.0_1023/lpcxpresso/tools/bin/../lib/gcc/arm-none-eabi/4.5.1/../../../../arm-none-eabi/lib/thumb2\libc.a(lib_a-vfprintf.o)
 .debug_frame   0x0000181c       0x2c c:/nxp/lpcxpresso_4.3.0_1023/lpcxpresso/tools/bin/../lib/gcc/arm-none-eabi/4.5.1/../../../../arm-none-eabi/lib/thumb2\libc.a(lib_a-wsetup.o)
 .debug_frame   0x00001848       0x68 c:/nxp/lpcxpresso_4.3.0_1023/lpcxpresso/tools/bin/../lib/gcc/arm-none-eabi/4.5.1/../../../../arm-none-eabi/lib/thumb2\libc.a(lib_a-dtoa.o)
 .debug_frame   0x000018b0       0x40 c:/nxp/lpcxpresso_4.3.0_1023/lpcxpresso/tools/bin/../lib/gcc/arm-none-eabi/4.5.1/../../../../arm-none-eabi/lib/thumb2\libc.a(lib_a-fflush.o)
 .debug_frame   0x000018f0      0x114 c:/nxp/lpcxpresso_4.3.0_1023/lpcxpresso/tools/bin/../lib/gcc/arm-none-eabi/4.5.1/../../../../arm-none-eabi/lib/thumb2\libc.a(lib_a-findfp.o)
 .debug_frame   0x00001a04       0x50 c:/nxp/lpcxpresso_4.3.0_1023/lpcxpresso/tools/bin/../lib/gcc/arm-none-eabi/4.5.1/../../../../arm-none-eabi/lib/thumb2\libc.a(lib_a-freer.o)
 .debug_frame   0x00001a54       0x54 c:/nxp/lpcxpresso_4.3.0_1023/lpcxpresso/tools/bin/../lib/gcc/arm-none-eabi/4.5.1/../../../../arm-none-eabi/lib/thumb2\libc.a(lib_a-fwalk.o)
 .debug_frame   0x00001aa8       0x98 c:/nxp/lpcxpresso_4.3.0_1023/lpcxpresso/tools/bin/../lib/gcc/arm-none-eabi/4.5.1/../../../../arm-none-eabi/lib/thumb2\libc.a(lib_a-locale.o)
 .debug_frame   0x00001b40       0x34 c:/nxp/lpcxpresso_4.3.0_1023/lpcxpresso/tools/bin/../lib/gcc/arm-none-eabi/4.5.1/../../../../arm-none-eabi/lib/thumb2\libc.a(lib_a-makebuf.o)
 .debug_frame   0x00001b74       0x30 c:/nxp/lpcxpresso_4.3.0_1023/lpcxpresso/tools/bin/../lib/gcc/arm-none-eabi/4.5.1/../../../../arm-none-eabi/lib/thumb2\libc.a(lib_a-malloc.o)
 .debug_frame   0x00001ba4       0x3c c:/nxp/lpcxpresso_4.3.0_1023/lpcxpresso/tools/bin/../lib/gcc/arm-none-eabi/4.5.1/../../../../arm-none-eabi/lib/thumb2\libc.a(lib_a-mallocr.o)
 .debug_frame   0x00001be0       0x2c c:/nxp/lpcxpresso_4.3.0_1023/lpcxpresso/tools/bin/../lib/gcc/arm-none-eabi/4.5.1/../../../../arm-none-eabi/lib/thumb2\libc.a(lib_a-memchr.o)
 .debug_frame   0x00001c0c       0x2c c:/nxp/lpcxpresso_4.3.0_1023/lpcxpresso/tools/bin/../lib/gcc/arm-none-eabi/4.5.1/../../../../arm-none-eabi/lib/thumb2\libc.a(lib_a-memset.o)
 .debug_frame   0x00001c38       0x30 c:/nxp/lpcxpresso_4.3.0_1023/lpcxpresso/tools/bin/../lib/gcc/arm-none-eabi/4.5.1/../../../../arm-none-eabi/lib/thumb2\libc.a(lib_a-mlock.o)
 .debug_frame   0x00001c68      0x244 c:/nxp/lpcxpresso_4.3.0_1023/lpcxpresso/tools/bin/../lib/gcc/arm-none-eabi/4.5.1/../../../../arm-none-eabi/lib/thumb2\libc.a(lib_a-mprec.o)
 .debug_frame   0x00001eac       0x28 c:/nxp/lpcxpresso_4.3.0_1023/lpcxpresso/tools/bin/../lib/gcc/arm-none-eabi/4.5.1/../../../../arm-none-eabi/lib/thumb2\libc.a(lib_a-s_fpclassify.o)
 .debug_frame   0x00001ed4       0x2c c:/nxp/lpcxpresso_4.3.0_1023/lpcxpresso/tools/bin/../lib/gcc/arm-none-eabi/4.5.1/../../../../arm-none-eabi/lib/thumb2\libc.a(lib_a-sbrkr.o)
 .debug_frame   0x00001f00       0x80 c:/nxp/lpcxpresso_4.3.0_1023/lpcxpresso/tools/bin/../lib/gcc/arm-none-eabi/4.5.1/../../../../arm-none-eabi/lib/thumb2\libc.a(lib_a-stdio.o)
 .debug_frame   0x00001f80       0x30 c:/nxp/lpcxpresso_4.3.0_1023/lpcxpresso/tools/bin/../lib/gcc/arm-none-eabi/4.5.1/../../../../arm-none-eabi/lib/thumb2\libc.a(lib_a-strcmp.o)
 .debug_frame   0x00001fb0       0x20 c:/nxp/lpcxpresso_4.3.0_1023/lpcxpresso/tools/bin/../lib/gcc/arm-none-eabi/4.5.1/../../../../arm-none-eabi/lib/thumb2\libc.a(lib_a-strlen.o)
 .debug_frame   0x00001fd0       0x7c c:/nxp/lpcxpresso_4.3.0_1023/lpcxpresso/tools/bin/../lib/gcc/arm-none-eabi/4.5.1/../../../../arm-none-eabi/lib/thumb2\libc.a(lib_a-vfiprintf.o)
 .debug_frame   0x0000204c       0x2c c:/nxp/lpcxpresso_4.3.0_1023/lpcxpresso/tools/bin/../lib/gcc/arm-none-eabi/4.5.1/../../../../arm-none-eabi/lib/thumb2\libc.a(lib_a-writer.o)
 .debug_frame   0x00002078       0x2c c:/nxp/lpcxpresso_4.3.0_1023/lpcxpresso/tools/bin/../lib/gcc/arm-none-eabi/4.5.1/../../../../arm-none-eabi/lib/thumb2\libc.a(lib_a-callocr.o)
 .debug_frame   0x000020a4       0x2c c:/nxp/lpcxpresso_4.3.0_1023/lpcxpresso/tools/bin/../lib/gcc/arm-none-eabi/4.5.1/../../../../arm-none-eabi/lib/thumb2\libc.a(lib_a-closer.o)
 .debug_frame   0x000020d0       0x3c c:/nxp/lpcxpresso_4.3.0_1023/lpcxpresso/tools/bin/../lib/gcc/arm-none-eabi/4.5.1/../../../../arm-none-eabi/lib/thumb2\libc.a(lib_a-fclose.o)
 .debug_frame   0x0000210c       0x54 c:/nxp/lpcxpresso_4.3.0_1023/lpcxpresso/tools/bin/../lib/gcc/arm-none-eabi/4.5.1/../../../../arm-none-eabi/lib/thumb2\libc.a(lib_a-fputwc.o)
 .debug_frame   0x00002160       0x2c c:/nxp/lpcxpresso_4.3.0_1023/lpcxpresso/tools/bin/../lib/gcc/arm-none-eabi/4.5.1/../../../../arm-none-eabi/lib/thumb2\libc.a(lib_a-fstatr.o)
 .debug_frame   0x0000218c       0x3c c:/nxp/lpcxpresso_4.3.0_1023/lpcxpresso/tools/bin/../lib/gcc/arm-none-eabi/4.5.1/../../../../arm-none-eabi/lib/thumb2\libc.a(lib_a-fvwrite.o)
 .debug_frame   0x000021c8       0x2c c:/nxp/lpcxpresso_4.3.0_1023/lpcxpresso/tools/bin/../lib/gcc/arm-none-eabi/4.5.1/../../../../arm-none-eabi/lib/thumb2\libc.a(lib_a-isattyr.o)