Archive member included because of file (symbol)

/home/joaquin/Documentos/Embebidos/Repositorio/WSN-LSE/CMSISv2p00_LPC17xx/Debug/libCMSISv2p00_LPC17xx.a(lpc17xx_gpio.o)
                              ./src/cc2520.o (GPIO_SetDir)
/home/joaquin/Documentos/Embebidos/Repositorio/WSN-LSE/CMSISv2p00_LPC17xx/Debug/libCMSISv2p00_LPC17xx.a(lpc17xx_pinsel.o)
                              ./src/cc2520.o (PINSEL_ConfigPin)
/home/joaquin/Documentos/Embebidos/Repositorio/WSN-LSE/CMSISv2p00_LPC17xx/Debug/libCMSISv2p00_LPC17xx.a(lpc17xx_ssp.o)
                              ./src/cc2520.o (SSP_Init)
/home/joaquin/Documentos/Embebidos/Repositorio/WSN-LSE/CMSISv2p00_LPC17xx/Debug/libCMSISv2p00_LPC17xx.a(system_LPC17xx.o)
                              ./src/cr_startup_lpc176x.o (SystemInit)
/home/joaquin/Documentos/Embebidos/Repositorio/WSN-LSE/CMSISv2p00_LPC17xx/Debug/libCMSISv2p00_LPC17xx.a(lpc17xx_clkpwr.o)
                              /home/joaquin/Documentos/Embebidos/Repositorio/WSN-LSE/CMSISv2p00_LPC17xx/Debug/libCMSISv2p00_LPC17xx.a(lpc17xx_ssp.o) (CLKPWR_GetPCLK)
/home/joaquin/Documentos/Embebidos/Repositorio/WSN-LSE/CMSISv2p00_LPC17xx/Debug/libCMSISv2p00_LPC17xx.a(lpc17xx_libcfg_default.o)
                              /home/joaquin/Documentos/Embebidos/Repositorio/WSN-LSE/CMSISv2p00_LPC17xx/Debug/libCMSISv2p00_LPC17xx.a(lpc17xx_ssp.o) (check_failed)
/home/joaquin/Documentos/Embebidos/Repositorio/WSN-LSE/CMSISv2p10_DSPLIB_CM3/lib/libCMSISv2p10_DSPLIB_CM3.a(arm_mat_inverse_f32.o)
                              ./src/movil.o (arm_mat_inverse_f32)
/home/joaquin/Documentos/Embebidos/Repositorio/WSN-LSE/CMSISv2p10_DSPLIB_CM3/lib/libCMSISv2p10_DSPLIB_CM3.a(arm_mat_mult_f32.o)
                              ./src/movil.o (arm_mat_mult_f32)
/home/joaquin/Documentos/Embebidos/Repositorio/WSN-LSE/CMSISv2p10_DSPLIB_CM3/lib/libCMSISv2p10_DSPLIB_CM3.a(arm_mat_trans_f32.o)
                              ./src/movil.o (arm_mat_trans_f32)
/usr/local/lpcxpresso_4.2.3_255/lpcxpresso/tools/bin/../lib/gcc/arm-none-eabi/4.5.1/thumb2/libgcc.a(_arm_addsubdf3.o)
                              ./src/rssi.o (__aeabi_dadd)
/usr/local/lpcxpresso_4.2.3_255/lpcxpresso/tools/bin/../lib/gcc/arm-none-eabi/4.5.1/thumb2/libgcc.a(_arm_muldivdf3.o)
                              ./src/rssi.o (__aeabi_dmul)
/usr/local/lpcxpresso_4.2.3_255/lpcxpresso/tools/bin/../lib/gcc/arm-none-eabi/4.5.1/thumb2/libgcc.a(_arm_truncdfsf2.o)
                              ./src/rssi.o (__aeabi_d2f)
/usr/local/lpcxpresso_4.2.3_255/lpcxpresso/tools/bin/../lib/gcc/arm-none-eabi/4.5.1/thumb2/libgcc.a(_arm_addsubsf3.o)
                              ./src/movil.o (__aeabi_fsub)
/usr/local/lpcxpresso_4.2.3_255/lpcxpresso/tools/bin/../lib/gcc/arm-none-eabi/4.5.1/thumb2/libgcc.a(_arm_muldivsf3.o)
                              ./src/movil.o (__aeabi_fmul)
/usr/local/lpcxpresso_4.2.3_255/lpcxpresso/tools/bin/../lib/gcc/arm-none-eabi/4.5.1/thumb2/libgcc.a(_arm_cmpsf2.o)
                              /home/joaquin/Documentos/Embebidos/Repositorio/WSN-LSE/CMSISv2p10_DSPLIB_CM3/lib/libCMSISv2p10_DSPLIB_CM3.a(arm_mat_inverse_f32.o) (__aeabi_fcmpeq)
/usr/local/lpcxpresso_4.2.3_255/lpcxpresso/tools/bin/../lib/gcc/arm-none-eabi/4.5.1/thumb2/libgcc.a(_aeabi_uldivmod.o)
                              /home/joaquin/Documentos/Embebidos/Repositorio/WSN-LSE/CMSISv2p00_LPC17xx/Debug/libCMSISv2p00_LPC17xx.a(system_LPC17xx.o) (__aeabi_uldivmod)
/usr/local/lpcxpresso_4.2.3_255/lpcxpresso/tools/bin/../lib/gcc/arm-none-eabi/4.5.1/thumb2/libgcc.a(bpabi.o)
                              /usr/local/lpcxpresso_4.2.3_255/lpcxpresso/tools/bin/../lib/gcc/arm-none-eabi/4.5.1/thumb2/libgcc.a(_aeabi_uldivmod.o) (__gnu_uldivmod_helper)
/usr/local/lpcxpresso_4.2.3_255/lpcxpresso/tools/bin/../lib/gcc/arm-none-eabi/4.5.1/thumb2/libgcc.a(_dvmd_tls.o)
                              /usr/local/lpcxpresso_4.2.3_255/lpcxpresso/tools/bin/../lib/gcc/arm-none-eabi/4.5.1/thumb2/libgcc.a(_aeabi_uldivmod.o) (__aeabi_ldiv0)
/usr/local/lpcxpresso_4.2.3_255/lpcxpresso/tools/bin/../lib/gcc/arm-none-eabi/4.5.1/thumb2/libgcc.a(_divdi3.o)
                              /usr/local/lpcxpresso_4.2.3_255/lpcxpresso/tools/bin/../lib/gcc/arm-none-eabi/4.5.1/thumb2/libgcc.a(bpabi.o) (__divdi3)
/usr/local/lpcxpresso_4.2.3_255/lpcxpresso/tools/bin/../lib/gcc/arm-none-eabi/4.5.1/thumb2/libgcc.a(_udivdi3.o)
                              /usr/local/lpcxpresso_4.2.3_255/lpcxpresso/tools/bin/../lib/gcc/arm-none-eabi/4.5.1/thumb2/libgcc.a(bpabi.o) (__udivdi3)
/usr/local/lpcxpresso_4.2.3_255/lpcxpresso/tools/bin/../lib/gcc/arm-none-eabi/4.5.1/thumb2/libgcc.a(_udivsi3.o)
                              /usr/local/lpcxpresso_4.2.3_255/lpcxpresso/tools/bin/../lib/gcc/arm-none-eabi/4.5.1/thumb2/libgcc.a(_divdi3.o) (__aeabi_uidiv)
/usr/local/lpcxpresso_4.2.3_255/lpcxpresso/tools/bin/../lib/gcc/arm-none-eabi/4.5.1/../../../../arm-none-eabi/lib/thumb2/libc.a(lib_a-memcpy.o)
                              ./src/cc2520-mac.o (memcpy)
[...]
Memory Configuration

Name             Origin             Length             Attributes
MFlash512        0x00000000         0x00080000         xr
RamLoc32         0x10000000         0x00008000         xrw
RamAHB32         0x2007c000         0x00008000         xrw
*default*        0x00000000         0xffffffff

Linker script and memory map

LOAD ./src/cc2520-mac.o
LOAD ./src/cc2520.o
LOAD ./src/cr_startup_lpc176x.o
LOAD ./src/fijo.o
LOAD ./src/main.o
LOAD ./src/movil.o
LOAD ./src/rssi.o
LOAD /home/joaquin/Documentos/Embebidos/Repositorio/WSN-LSE/CMSISv2p00_LPC17xx/Debug/libCMSISv2p00_LPC17xx.a
LOAD /home/joaquin/Documentos/Embebidos/Repositorio/WSN-LSE/CMSISv2p10_DSPLIB_CM3/lib/libCMSISv2p10_DSPLIB_CM3.a
START GROUP
LOAD /usr/local/lpcxpresso_4.2.3_255/lpcxpresso/tools/bin/../lib/gcc/arm-none-eabi/4.5.1/thumb2/libgcc.a
LOAD /usr/local/lpcxpresso_4.2.3_255/lpcxpresso/tools/bin/../lib/gcc/arm-none-eabi/4.5.1/../../../../arm-none-eabi/lib/thumb2/libc.a
LOAD /usr/local/lpcxpresso_4.2.3_255/lpcxpresso/tools/bin/../lib/gcc/arm-none-eabi/4.5.1/../../../../arm-none-eabi/lib/thumb2/libm.a
LOAD /usr/local/lpcxpresso_4.2.3_255/lpcxpresso/tools/bin/../lib/gcc/arm-none-eabi/4.5.1/../../../../arm-none-eabi/lib/thumb2/libcr_newlib_semihost.a
END GROUP
                0x00080000                __top_MFlash512 = 0x80000
                0x10008000                __top_RamLoc32 = 0x10008000
                0x20084000                __top_RamAHB32 = 0x20084000

.text           0x00000000     0xa1e4
 FILL mask 0xff
 *(.isr_vector)
 .isr_vector    0x00000000       0xcc ./src/cr_startup_lpc176x.o
                0x00000000                g_pfnVectors
                0x000000cc                . = ALIGN (0x4)
                0x000000cc                __section_table_start = .
                0x000000cc                __data_section_table = .
                0x000000cc        0x4 LONG 0xa1ec LOADADDR (.data)
                0x000000d0        0x4 LONG 0x10000000 ADDR (.data)
                0x000000d4        0x4 LONG 0x58c SIZEOF (.data)
                0x000000d8        0x4 LONG 0xa1ec LOADADDR (.data_RAM2)
                0x000000dc        0x4 LONG 0x2007c000 ADDR (.data_RAM2)
                0x000000e0        0x4 LONG 0x0 SIZEOF (.data_RAM2)
                0x000000e4                __data_section_table_end = .
                0x000000e4                __bss_section_table = .
                0x000000e4        0x4 LONG 0x1000058c ADDR (.bss)
                0x000000e8        0x4 LONG 0xd64 SIZEOF (.bss)
                0x000000ec        0x4 LONG 0x2007c000 ADDR (.bss_RAM2)
                0x000000f0        0x4 LONG 0x0 SIZEOF (.bss_RAM2)
                0x000000f4                __bss_section_table_end = .
                0x000000f4                __section_table_end = .
 *(.after_vectors*)
 .after_vectors
                0x000000f4       0x78 ./src/cr_startup_lpc176x.o
                0x000000f4                NMI_Handler
                0x000000f6                HardFault_Handler
                0x000000f8                MemManage_Handler
                0x000000fa                BusFault_Handler
                0x000000fc                UsageFault_Handler
                0x000000fe                SVC_Handler
                0x00000100                DebugMon_Handler
                0x00000102                PendSV_Handler
                0x00000106                data_init
                0x00000118                bss_init
                0x00000128                ResetISR
                0x00000168                TIMER2_IRQHandler
                0x00000168                RIT_IRQHandler
                0x00000168                I2C0_IRQHandler
                0x00000168                USBActivity_IRQHandler
                0x00000168                PWM1_IRQHandler
                0x00000168                I2C1_IRQHandler
                0x00000168                EINT2_IRQHandler
                0x00000168                UART1_IRQHandler
                0x00000168                CANActivity_IRQHandler
                0x00000168                TIMER3_IRQHandler
                0x00000168                UART0_IRQHandler
                0x00000168                IntDefaultHandler
                0x00000168                PLL0_IRQHandler
                0x00000168                CAN_IRQHandler
                0x00000168                PLL1_IRQHandler
                0x00000168                SSP0_IRQHandler
                0x00000168                I2S_IRQHandler
                0x00000168                I2C2_IRQHandler
                0x00000168                RTC_IRQHandler
                0x00000168                TIMER0_IRQHandler
                0x00000168                SPI_IRQHandler
                0x00000168                EINT1_IRQHandler
                0x00000168                TIMER1_IRQHandler
                0x00000168                UART2_IRQHandler
                0x00000168                ADC_IRQHandler
                0x00000168                SSP1_IRQHandler
                0x00000168                USB_IRQHandler
                0x00000168                BOD_IRQHandler
                0x00000168                WDT_IRQHandler
                0x00000168                QEI_IRQHandler
                0x00000168                EINT0_IRQHandler
                0x00000168                DMA_IRQHandler
                0x00000168                UART3_IRQHandler
                0x00000168                MCPWM_IRQHandler
                0x00000168                ENET_IRQHandler
 *(.text*)
 .text.memorycpy
                0x0000016c       0x40 ./src/cc2520-mac.o
                0x0000016c                memorycpy
 .text.ccSetLocalShortAddr
                0x000001ac       0x2c ./src/cc2520-mac.o
                0x000001ac                ccSetLocalShortAddr
 .text.ccSetLocalPANID
                0x000001d8       0x2c ./src/cc2520-mac.o
                0x000001d8                ccSetLocalPANID
 .text.ccSetLocalExtAddr
                0x00000204       0x28 ./src/cc2520-mac.o
                0x00000204                ccSetLocalExtAddr
 .text.ccFrameRx
                0x0000022c      0x30c ./src/cc2520-mac.o
                0x0000022c                ccFrameRx
 .text.ccCmd    0x00000538      0x4a4 ./src/cc2520.o
                0x00000538                ccCmd
 .text.ccRegRd  0x000009dc       0x50 ./src/cc2520.o
                0x000009dc                ccRegRd
 .text.ccRegWr  0x00000a2c       0x50 ./src/cc2520.o
                0x00000a2c                ccRegWr
 .text.ccConfig
                0x00000a7c      0x144 ./src/cc2520.o
                0x00000a7c                ccConfig
 .text.ccInit   0x00000bc0      0x1e0 ./src/cc2520.o
                0x00000bc0                ccInit
 .text.NVIC_EnableIRQ
                0x00000da0       0x38 ./src/main.o
 .text.NVIC_SetPriority
                0x00000dd8       0x5c ./src/main.o
 .text.SysTick_Config
                0x00000e34       0x64 ./src/main.o
 .text.SysTick_Handler
                0x00000e98       0x6c ./src/main.o
                0x00000e98                SysTick_Handler
 .text.main     0x00000f04       0xa4 ./src/main.o
                0x00000f04                main
 .text.rutina_movil
                0x00000fa8       0x84 ./src/movil.o
                0x00000fa8                rutina_movil
 .text.EINT3_IRQHandler
                0x0000102c       0x34 ./src/movil.o
                0x0000102c                EINT3_IRQHandler
 .text.calc_tabla
                0x00001060      0x1d0 ./src/rssi.o
                0x00001060                calc_tabla
 .text.GPIO_GetPointer
                0x00001230       0x14 /home/joaquin/Documentos/Embebidos/Repositorio/WSN-LSE/CMSISv2p00_LPC17xx/Debug/libCMSISv2p00_LPC17xx.a(lpc17xx_gpio.o)
 .text.GPIO_SetDir
                0x00001244       0x20 /home/joaquin/Documentos/Embebidos/Repositorio/WSN-LSE/CMSISv2p00_LPC17xx/Debug/libCMSISv2p00_LPC17xx.a(lpc17xx_gpio.o)
                0x00001244                GPIO_SetDir
 .text.GPIO_SetValue
                0x00001264        0xe /home/joaquin/Documentos/Embebidos/Repositorio/WSN-LSE/CMSISv2p00_LPC17xx/Debug/libCMSISv2p00_LPC17xx.a(lpc17xx_gpio.o)
                0x00001264                GPIO_SetValue
 .text.GPIO_ClearValue
                0x00001272        0xe /home/joaquin/Documentos/Embebidos/Repositorio/WSN-LSE/CMSISv2p00_LPC17xx/Debug/libCMSISv2p00_LPC17xx.a(lpc17xx_gpio.o)
                0x00001272                GPIO_ClearValue
 .text.GPIO_ReadValue
                0x00001280        0xc /home/joaquin/Documentos/Embebidos/Repositorio/WSN-LSE/CMSISv2p00_LPC17xx/Debug/libCMSISv2p00_LPC17xx.a(lpc17xx_gpio.o)
                0x00001280                GPIO_ReadValue
 .text.GPIO_IntCmd
                0x0000128c       0x30 /home/joaquin/Documentos/Embebidos/Repositorio/WSN-LSE/CMSISv2p00_LPC17xx/Debug/libCMSISv2p00_LPC17xx.a(lpc17xx_gpio.o)
                0x0000128c                GPIO_IntCmd
 .text.GPIO_ClearInt
                0x000012bc       0x18 /home/joaquin/Documentos/Embebidos/Repositorio/WSN-LSE/CMSISv2p00_LPC17xx/Debug/libCMSISv2p00_LPC17xx.a(lpc17xx_gpio.o)
                0x000012bc                GPIO_ClearInt
 .text.PINSEL_ConfigPin
                0x000012d4       0x94 /home/joaquin/Documentos/Embebidos/Repositorio/WSN-LSE/CMSISv2p00_LPC17xx/Debug/libCMSISv2p00_LPC17xx.a(lpc17xx_pinsel.o)
                0x000012d4                PINSEL_ConfigPin
 .text.SSP_Init
                0x00001368       0xcc /home/joaquin/Documentos/Embebidos/Repositorio/WSN-LSE/CMSISv2p00_LPC17xx/Debug/libCMSISv2p00_LPC17xx.a(lpc17xx_ssp.o)
                0x00001368                SSP_Init
 .text.SSP_GetDataSize
                0x00001434       0x2c /home/joaquin/Documentos/Embebidos/Repositorio/WSN-LSE/CMSISv2p00_LPC17xx/Debug/libCMSISv2p00_LPC17xx.a(lpc17xx_ssp.o)
                0x00001434                SSP_GetDataSize
 .text.SSP_Cmd  0x00001460       0x48 /home/joaquin/Documentos/Embebidos/Repositorio/WSN-LSE/CMSISv2p00_LPC17xx/Debug/libCMSISv2p00_LPC17xx.a(lpc17xx_ssp.o)
                0x00001460                SSP_Cmd
 .text.SSP_SendData
                0x000014a8       0x2c /home/joaquin/Documentos/Embebidos/Repositorio/WSN-LSE/CMSISv2p00_LPC17xx/Debug/libCMSISv2p00_LPC17xx.a(lpc17xx_ssp.o)
                0x000014a8                SSP_SendData
 .text.SSP_ReceiveData
                0x000014d4       0x2c /home/joaquin/Documentos/Embebidos/Repositorio/WSN-LSE/CMSISv2p00_LPC17xx/Debug/libCMSISv2p00_LPC17xx.a(lpc17xx_ssp.o)
                0x000014d4                SSP_ReceiveData
 .text.SSP_ReadWrite
                0x00001500      0x1b2 /home/joaquin/Documentos/Embebidos/Repositorio/WSN-LSE/CMSISv2p00_LPC17xx/Debug/libCMSISv2p00_LPC17xx.a(lpc17xx_ssp.o)
                0x00001500                SSP_ReadWrite
 *fill*         0x000016b2        0x2 00
 .text.SystemInit
                0x000016b4       0xe4 /home/joaquin/Documentos/Embebidos/Repositorio/WSN-LSE/CMSISv2p00_LPC17xx/Debug/libCMSISv2p00_LPC17xx.a(system_LPC17xx.o)
                0x000016b4                SystemInit
 .text.CLKPWR_GetPCLKSEL
                0x00001798       0x20 /home/joaquin/Documentos/Embebidos/Repositorio/WSN-LSE/CMSISv2p00_LPC17xx/Debug/libCMSISv2p00_LPC17xx.a(lpc17xx_clkpwr.o)
                0x00001798                CLKPWR_GetPCLKSEL
 .text.CLKPWR_GetPCLK
                0x000017b8       0x20 /home/joaquin/Documentos/Embebidos/Repositorio/WSN-LSE/CMSISv2p00_LPC17xx/Debug/libCMSISv2p00_LPC17xx.a(lpc17xx_clkpwr.o)
                0x000017b8                CLKPWR_GetPCLK
 .text.CLKPWR_ConfigPPWR
                0x000017d8       0x38 /home/joaquin/Documentos/Embebidos/Repositorio/WSN-LSE/CMSISv2p00_LPC17xx/Debug/libCMSISv2p00_LPC17xx.a(lpc17xx_clkpwr.o)
                0x000017d8                CLKPWR_ConfigPPWR
 .text.check_failed
                0x00001810        0x2 /home/joaquin/Documentos/Embebidos/Repositorio/WSN-LSE/CMSISv2p00_LPC17xx/Debug/libCMSISv2p00_LPC17xx.a(lpc17xx_libcfg_default.o)
                0x00001810                check_failed
 *fill*         0x00001812        0x2 00
 .text          0x00001814      0x370 /usr/local/lpcxpresso_4.2.3_255/lpcxpresso/tools/bin/../lib/gcc/arm-none-eabi/4.5.1/thumb2/libgcc.a(_arm_addsubdf3.o)
                0x00001814                __aeabi_drsub
                0x0000181c                __aeabi_dsub
                0x0000181c                __subdf3
                0x00001820                __adddf3
                0x00001820                __aeabi_dadd
                0x00001a98                __aeabi_ui2d
                0x00001a98                __floatunsidf
                0x00001ab8                __floatsidf
                0x00001ab8                __aeabi_i2d
                0x00001adc                __extendsfdf2
                0x00001adc                __aeabi_f2d
                0x00001b18                __aeabi_ul2d
                0x00001b18                __floatundidf
                0x00001b28                __floatdidf
                0x00001b28                __aeabi_l2d
 .text          0x00001b84      0x424 /usr/local/lpcxpresso_4.2.3_255/lpcxpresso/tools/bin/../lib/gcc/arm-none-eabi/4.5.1/thumb2/libgcc.a(_arm_muldivdf3.o)
                0x00001b84                __aeabi_dmul
                0x00001b84                __muldf3
                0x00001dd8                __aeabi_ddiv
                0x00001dd8                __divdf3
 .text          0x00001fa8       0xa0 /usr/local/lpcxpresso_4.2.3_255/lpcxpresso/tools/bin/../lib/gcc/arm-none-eabi/4.5.1/thumb2/libgcc.a(_arm_truncdfsf2.o)
                0x00001fa8                __aeabi_d2f
                0x00001fa8                __truncdfsf2
 .text          0x00002048      0x21c /usr/local/lpcxpresso_4.2.3_255/lpcxpresso/tools/bin/../lib/gcc/arm-none-eabi/4.5.1/thumb2/libgcc.a(_arm_addsubsf3.o)
                0x00002048                __aeabi_frsub
                0x00002050                __subsf3
                0x00002050                __aeabi_fsub
                0x00002054                __aeabi_fadd
                0x00002054                __addsf3
                0x000021b4                __aeabi_ui2f
                0x000021b4                __floatunsisf
                0x000021bc                __aeabi_i2f
                0x000021bc                __floatsisf
                0x000021d8                __floatundisf
                0x000021d8                __aeabi_ul2f
                0x000021e8                __floatdisf
                0x000021e8                __aeabi_l2f
 .text          0x00002264      0x2a0 /usr/local/lpcxpresso_4.2.3_255/lpcxpresso/tools/bin/../lib/gcc/arm-none-eabi/4.5.1/thumb2/libgcc.a(_arm_muldivsf3.o)
                0x00002264                __mulsf3
                0x00002264                __aeabi_fmul
                0x000023cc                __divsf3
                0x000023cc                __aeabi_fdiv
 .text          0x00002504       0x2c /usr/local/lpcxpresso_4.2.3_255/lpcxpresso/tools/bin/../lib/gcc/arm-none-eabi/4.5.1/thumb2/libgcc.a(_aeabi_uldivmod.o)
                0x00002504                __aeabi_uldivmod
 .text          0x00002530       0x60 /usr/local/lpcxpresso_4.2.3_255/lpcxpresso/tools/bin/../lib/gcc/arm-none-eabi/4.5.1/thumb2/libgcc.a(bpabi.o)
                0x00002530                __gnu_ldivmod_helper
                0x00002560                __gnu_uldivmod_helper
 .text          0x00002590        0x4 /usr/local/lpcxpresso_4.2.3_255/lpcxpresso/tools/bin/../lib/gcc/arm-none-eabi/4.5.1/thumb2/libgcc.a(_dvmd_tls.o)
                0x00002590                __aeabi_ldiv0
                0x00002590                __aeabi_idiv0
 .text          0x00002594      0x364 /usr/local/lpcxpresso_4.2.3_255/lpcxpresso/tools/bin/../lib/gcc/arm-none-eabi/4.5.1/thumb2/libgcc.a(_divdi3.o)
                0x00002594                __divdi3
 .text          0x000028f8      0x314 /usr/local/lpcxpresso_4.2.3_255/lpcxpresso/tools/bin/../lib/gcc/arm-none-eabi/4.5.1/thumb2/libgcc.a(_udivdi3.o)
                0x000028f8                __udivdi3
 *fill*         0x00002c0c        0x4 00
 .text          0x00002c10      0x278 /usr/local/lpcxpresso_4.2.3_255/lpcxpresso/tools/bin/../lib/gcc/arm-none-eabi/4.5.1/thumb2/libgcc.a(_udivsi3.o)
                0x00002c10                __udivsi3
                0x00002c10                __aeabi_uidiv
                0x00002e6c                __aeabi_uidivmod
 .text          0x00002e88      0x150 /usr/local/lpcxpresso_4.2.3_255/lpcxpresso/tools/bin/../lib/gcc/arm-none-eabi/4.5.1/../../../../arm-none-eabi/lib/thumb2/libc.a(lib_a-memcpy.o)
                0x00002e88                memcpy
 .text          0x00002fd8       0x64 /usr/local/lpcxpresso_4.2.3_255/lpcxpresso/tools/bin/../lib/gcc/arm-none-eabi/4.5.1/../../../../arm-none-eabi/lib/thumb2/libc.a(lib_a-printf.o)
                0x00002fd8                _printf_r
                0x00003004                printf
 .text          0x0000303c     0x1998 /usr/local/lpcxpresso_4.2.3_255/lpcxpresso/tools/bin/../lib/gcc/arm-none-eabi/4.5.1/../../../../arm-none-eabi/lib/thumb2/libc.a(lib_a-vfprintf.o)
                0x0000303c                _vfprintf_r
                0x000049b8                vfprintf
 .text          0x000049d4      0x104 /usr/local/lpcxpresso_4.2.3_255/lpcxpresso/tools/bin/../lib/gcc/arm-none-eabi/4.5.1/../../../../arm-none-eabi/lib/thumb2/libc.a(lib_a-wsetup.o)
                0x000049d4                __swsetup_r
 .text          0x00004ad8     0x1000 /usr/local/lpcxpresso_4.2.3_255/lpcxpresso/tools/bin/../lib/gcc/arm-none-eabi/4.5.1/../../../../arm-none-eabi/lib/thumb2/libc.a(lib_a-dtoa.o)
                0x00004c04                _dtoa_r
 .text          0x00005ad8      0x1f4 /usr/local/lpcxpresso_4.2.3_255/lpcxpresso/tools/bin/../lib/gcc/arm-none-eabi/4.5.1/../../../../arm-none-eabi/lib/thumb2/libc.a(lib_a-fflush.o)
                0x00005ad8                _fflush_r
                0x00005ca4                fflush
 .text          0x00005ccc      0x220 /usr/local/lpcxpresso_4.2.3_255/lpcxpresso/tools/bin/../lib/gcc/arm-none-eabi/4.5.1/../../../../arm-none-eabi/lib/thumb2/libc.a(lib_a-findfp.o)
                0x00005cd4                _cleanup_r
                0x00005ce0                __sfmoreglue
                0x00005d10                _cleanup
                0x00005d1c                __sinit
                0x00005e24                __sfp
                0x00005eac                __sfp_lock_acquire
                0x00005eb0                __sfp_lock_release
                0x00005eb4                __sinit_lock_acquire
                0x00005eb8                __sinit_lock_release
                0x00005ebc                __fp_lock_all
                0x00005ed4                __fp_unlock_all
 .text          0x00005eec      0x240 /usr/local/lpcxpresso_4.2.3_255/lpcxpresso/tools/bin/../lib/gcc/arm-none-eabi/4.5.1/../../../../arm-none-eabi/lib/thumb2/libc.a(lib_a-freer.o)
                0x00005eec                _malloc_trim_r
                0x00005f94                _free_r
 .text          0x0000612c       0xa0 /usr/local/lpcxpresso_4.2.3_255/lpcxpresso/tools/bin/../lib/gcc/arm-none-eabi/4.5.1/../../../../arm-none-eabi/lib/thumb2/libc.a(lib_a-fwalk.o)
                0x0000612c                _fwalk
                0x00006178                _fwalk_reent
 .text          0x000061cc       0xa0 /usr/local/lpcxpresso_4.2.3_255/lpcxpresso/tools/bin/../lib/gcc/arm-none-eabi/4.5.1/../../../../arm-none-eabi/lib/thumb2/libc.a(lib_a-locale.o)
                0x000061cc                _setlocale_r
                0x00006228                __locale_charset
                0x00006234                __locale_mb_cur_max
                0x00006240                __locale_msgcharset
                0x00006248                __locale_cjk_lang
                0x0000624c                _localeconv_r
                0x00006254                setlocale
                0x00006264                localeconv
 .text          0x0000626c       0xec /usr/local/lpcxpresso_4.2.3_255/lpcxpresso/tools/bin/../lib/gcc/arm-none-eabi/4.5.1/../../../../arm-none-eabi/lib/thumb2/libc.a(lib_a-makebuf.o)
                0x0000626c                __smakebuf_r
 .text          0x00006358       0x20 /usr/local/lpcxpresso_4.2.3_255/lpcxpresso/tools/bin/../lib/gcc/arm-none-eabi/4.5.1/../../../../arm-none-eabi/lib/thumb2/libc.a(lib_a-malloc.o)
                0x00006358                malloc
                0x00006368                free
 .text          0x00006378      0x57c /usr/local/lpcxpresso_4.2.3_255/lpcxpresso/tools/bin/../lib/gcc/arm-none-eabi/4.5.1/../../../../arm-none-eabi/lib/thumb2/libc.a(lib_a-mallocr.o)
                0x00006378                _malloc_r
 .text          0x000068f4       0x88 /usr/local/lpcxpresso_4.2.3_255/lpcxpresso/tools/bin/../lib/gcc/arm-none-eabi/4.5.1/../../../../arm-none-eabi/lib/thumb2/libc.a(lib_a-memchr.o)
                0x000068f4                memchr
 .text          0x0000697c       0xb4 /usr/local/lpcxpresso_4.2.3_255/lpcxpresso/tools/bin/../lib/gcc/arm-none-eabi/4.5.1/../../../../arm-none-eabi/lib/thumb2/libc.a(lib_a-memset.o)
                0x0000697c                memset
 .text          0x00006a30        0x8 /usr/local/lpcxpresso_4.2.3_255/lpcxpresso/tools/bin/../lib/gcc/arm-none-eabi/4.5.1/../../../../arm-none-eabi/lib/thumb2/libc.a(lib_a-mlock.o)
                0x00006a30                __malloc_lock
                0x00006a34                __malloc_unlock
 .text          0x00006a38      0x920 /usr/local/lpcxpresso_4.2.3_255/lpcxpresso/tools/bin/../lib/gcc/arm-none-eabi/4.5.1/../../../../arm-none-eabi/lib/thumb2/libc.a(lib_a-mprec.o)
                0x00006a38                _Balloc
                0x00006aa0                _Bfree
                0x00006ad8                __multadd
                0x00006b5c                __s2b
                0x00006bf0                __hi0bits
                0x00006c30                __lo0bits
                0x00006c94                __i2b
                0x00006ca8                __multiply
                0x00006dd0                __pow5mult
                0x00006e74                __lshift
                0x00006f20                __mcmp
                0x00006f5c                __mdiff
                0x00007054                __ulp
                0x0000709c                __b2d
                0x00007148                __d2b
                0x00007210                __ratio
                0x00007280                _mprec_log10
                0x000072b4                __copybits
                0x000072fc                __any_on
 .text          0x00007358       0x90 /usr/local/lpcxpresso_4.2.3_255/lpcxpresso/tools/bin/../lib/gcc/arm-none-eabi/4.5.1/../../../../arm-none-eabi/lib/thumb2/libc.a(lib_a-s_fpclassify.o)
                0x00007358                __fpclassifyd
 .text          0x000073e8       0x28 /usr/local/lpcxpresso_4.2.3_255/lpcxpresso/tools/bin/../lib/gcc/arm-none-eabi/4.5.1/../../../../arm-none-eabi/lib/thumb2/libc.a(lib_a-sbrkr.o)
                0x000073e8                _sbrk_r
 .text          0x00007410       0x94 /usr/local/lpcxpresso_4.2.3_255/lpcxpresso/tools/bin/../lib/gcc/arm-none-eabi/4.5.1/../../../../arm-none-eabi/lib/thumb2/libc.a(lib_a-stdio.o)
                0x00007410                __sread
                0x00007434                __seofread
                0x00007438                __swrite
                0x00007474                __sseek
                0x0000749c                __sclose
 .text          0x000074a4      0x1dc /usr/local/lpcxpresso_4.2.3_255/lpcxpresso/tools/bin/../lib/gcc/arm-none-eabi/4.5.1/../../../../arm-none-eabi/lib/thumb2/libc.a(lib_a-strcmp.o)
                0x000074a4                strcmp
 .text          0x00007680       0x60 /usr/local/lpcxpresso_4.2.3_255/lpcxpresso/tools/bin/../lib/gcc/arm-none-eabi/4.5.1/../../../../arm-none-eabi/lib/thumb2/libc.a(lib_a-strlen.o)
                0x00007680                strlen
 .text          0x000076e0      0xdc0 /usr/local/lpcxpresso_4.2.3_255/lpcxpresso/tools/bin/../lib/gcc/arm-none-eabi/4.5.1/../../../../arm-none-eabi/lib/thumb2/libc.a(lib_a-vfiprintf.o)
                0x000076e0                __sprint_r
                0x00007764                _vfiprintf_r
                0x00008484                vfiprintf
 .text          0x000084a0       0x2c /usr/local/lpcxpresso_4.2.3_255/lpcxpresso/tools/bin/../lib/gcc/arm-none-eabi/4.5.1/../../../../arm-none-eabi/lib/thumb2/libc.a(lib_a-writer.o)
                0x000084a0                _write_r
 .text          0x000084cc       0x5c /usr/local/lpcxpresso_4.2.3_255/lpcxpresso/tools/bin/../lib/gcc/arm-none-eabi/4.5.1/../../../../arm-none-eabi/lib/thumb2/libc.a(lib_a-callocr.o)
                0x000084cc                _calloc_r
 .text          0x00008528       0x28 /usr/local/lpcxpresso_4.2.3_255/lpcxpresso/tools/bin/../lib/gcc/arm-none-eabi/4.5.1/../../../../arm-none-eabi/lib/thumb2/libc.a(lib_a-closer.o)
                0x00008528                _close_r
 .text          0x00008550       0xc4 /usr/local/lpcxpresso_4.2.3_255/lpcxpresso/tools/bin/../lib/gcc/arm-none-eabi/4.5.1/../../../../arm-none-eabi/lib/thumb2/libc.a(lib_a-fclose.o)
                0x00008550                _fclose_r
                0x00008604                fclose
 .text          0x00008614      0x140 /usr/local/lpcxpresso_4.2.3_255/lpcxpresso/tools/bin/../lib/gcc/arm-none-eabi/4.5.1/../../../../arm-none-eabi/lib/thumb2/libc.a(lib_a-fputwc.o)
                0x00008614                _fputwc_r
                0x000086fc                fputwc
 .text          0x00008754       0x2c /usr/local/lpcxpresso_4.2.3_255/lpcxpresso/tools/bin/../lib/gcc/arm-none-eabi/4.5.1/../../../../arm-none-eabi/lib/thumb2/libc.a(lib_a-fstatr.o)
                0x00008754                _fstat_r
 .text          0x00008780      0x338 /usr/local/lpcxpresso_4.2.3_255/lpcxpresso/tools/bin/../lib/gcc/arm-none-eabi/4.5.1/../../../../arm-none-eabi/lib/thumb2/libc.a(lib_a-fvwrite.o)
                0x00008780                __sfvwrite_r
 .text          0x00008ab8       0x28 /usr/local/lpcxpresso_4.2.3_255/lpcxpresso/tools/bin/../lib/gcc/arm-none-eabi/4.5.1/../../../../arm-none-eabi/lib/thumb2/libc.a(lib_a-isattyr.o)
                0x00008ab8                _isatty_r
 .text          0x00008ae0       0x2c /usr/local/lpcxpresso_4.2.3_255/lpcxpresso/tools/bin/../lib/gcc/arm-none-eabi/4.5.1/../../../../arm-none-eabi/lib/thumb2/libc.a(lib_a-lseekr.o)
                0x00008ae0                _lseek_r
 .text          0x00008b0c       0xa0 /usr/local/lpcxpresso_4.2.3_255/lpcxpresso/tools/bin/../lib/gcc/arm-none-eabi/4.5.1/../../../../arm-none-eabi/lib/thumb2/libc.a(lib_a-memmove.o)
                0x00008b0c                memmove
 .text          0x00008bac       0x2c /usr/local/lpcxpresso_4.2.3_255/lpcxpresso/tools/bin/../lib/gcc/arm-none-eabi/4.5.1/../../../../arm-none-eabi/lib/thumb2/libc.a(lib_a-readr.o)
                0x00008bac                _read_r
 .text          0x00008bd8      0x41c /usr/local/lpcxpresso_4.2.3_255/lpcxpresso/tools/bin/../lib/gcc/arm-none-eabi/4.5.1/../../../../arm-none-eabi/lib/thumb2/libc.a(lib_a-reallocr.o)
                0x00008bd8                _realloc_r
 .text          0x00008ff4       0xfc /usr/local/lpcxpresso_4.2.3_255/lpcxpresso/tools/bin/../lib/gcc/arm-none-eabi/4.5.1/../../../../arm-none-eabi/lib/thumb2/libc.a(lib_a-wbuf.o)
                0x00008ff4                __swbuf_r
                0x000090e0                __swbuf
 .text          0x000090f0       0xd0 /usr/local/lpcxpresso_4.2.3_255/lpcxpresso/tools/bin/../lib/gcc/arm-none-eabi/4.5.1/../../../../arm-none-eabi/lib/thumb2/libc.a(lib_a-wcrtomb.o)
                0x000090f0                _wcrtomb_r
                0x0000914c                wcrtomb
 .text          0x000091c0       0x4c /usr/local/lpcxpresso_4.2.3_255/lpcxpresso/tools/bin/../lib/gcc/arm-none-eabi/4.5.1/../../../../arm-none-eabi/lib/thumb2/libc.a(lib_a-wctomb_r.o)
                0x000091c0                __ascii_wctomb
                0x000091dc                _wctomb_r
 *fill*         0x0000920c        0x4 00
 .text          0x00009210      0x100 /usr/local/lpcxpresso_4.2.3_255/lpcxpresso/tools/bin/../lib/gcc/arm-none-eabi/4.5.1/../../../../arm-none-eabi/lib/thumb2/libm.a(lib_a-w_exp.o)
                0x00009210                exp
 .text          0x00009310       0xac /usr/local/lpcxpresso_4.2.3_255/lpcxpresso/tools/bin/../lib/gcc/arm-none-eabi/4.5.1/../../../../arm-none-eabi/lib/thumb2/libm.a(lib_a-w_sqrt.o)
                0x00009310                sqrt
 *fill*         0x000093bc        0x4 00
 .text          0x000093c0      0x310 /usr/local/lpcxpresso_4.2.3_255/lpcxpresso/tools/bin/../lib/gcc/arm-none-eabi/4.5.1/../../../../arm-none-eabi/lib/thumb2/libm.a(lib_a-e_exp.o)
                0x000093c0                __ieee754_exp
 .text          0x000096d0      0x1c0 /usr/local/lpcxpresso_4.2.3_255/lpcxpresso/tools/bin/../lib/gcc/arm-none-eabi/4.5.1/../../../../arm-none-eabi/lib/thumb2/libm.a(lib_a-e_sqrt.o)
                0x000096d0                __ieee754_sqrt
 .text          0x00009890       0x10 /usr/local/lpcxpresso_4.2.3_255/lpcxpresso/tools/bin/../lib/gcc/arm-none-eabi/4.5.1/../../../../arm-none-eabi/lib/thumb2/libm.a(lib_a-s_finite.o)
                0x00009890                finite
 .text          0x000098a0        0x4 /usr/local/lpcxpresso_4.2.3_255/lpcxpresso/tools/bin/../lib/gcc/arm-none-eabi/4.5.1/../../../../arm-none-eabi/lib/thumb2/libm.a(lib_a-s_matherr.o)
                0x000098a0                matherr
 .text._sbrk    0x000098a4       0x3c /usr/local/lpcxpresso_4.2.3_255/lpcxpresso/tools/bin/../lib/gcc/arm-none-eabi/4.5.1/../../../../arm-none-eabi/lib/thumb2/libcr_newlib_semihost.a(_cr_sbrk.o)
                0x000098a4                _sbrk
 .text.do_AngelSWI
                0x000098e0       0x12 /usr/local/lpcxpresso_4.2.3_255/lpcxpresso/tools/bin/../lib/gcc/arm-none-eabi/4.5.1/../../../../arm-none-eabi/lib/thumb2/libcr_newlib_semihost.a(syscalls.o)
 *fill*         0x000098f2        0x2 00
 .text.initialise_monitor_handles
                0x000098f4       0x9c /usr/local/lpcxpresso_4.2.3_255/lpcxpresso/tools/bin/../lib/gcc/arm-none-eabi/4.5.1/../../../../arm-none-eabi/lib/thumb2/libcr_newlib_semihost.a(syscalls.o)
 .text.findslot
                0x00009990       0x2c /usr/local/lpcxpresso_4.2.3_255/lpcxpresso/tools/bin/../lib/gcc/arm-none-eabi/4.5.1/../../../../arm-none-eabi/lib/thumb2/libcr_newlib_semihost.a(syscalls.o)
 .text.error    0x000099bc       0x18 /usr/local/lpcxpresso_4.2.3_255/lpcxpresso/tools/bin/../lib/gcc/arm-none-eabi/4.5.1/../../../../arm-none-eabi/lib/thumb2/libcr_newlib_semihost.a(syscalls.o)
 .text.checkerror
                0x000099d4        0xc /usr/local/lpcxpresso_4.2.3_255/lpcxpresso/tools/bin/../lib/gcc/arm-none-eabi/4.5.1/../../../../arm-none-eabi/lib/thumb2/libcr_newlib_semihost.a(syscalls.o)
 .text._swiread
                0x000099e0       0x18 /usr/local/lpcxpresso_4.2.3_255/lpcxpresso/tools/bin/../lib/gcc/arm-none-eabi/4.5.1/../../../../arm-none-eabi/lib/thumb2/libcr_newlib_semihost.a(syscalls.o)
                0x000099e0                _swiread
 .text._read    0x000099f8       0x36 /usr/local/lpcxpresso_4.2.3_255/lpcxpresso/tools/bin/../lib/gcc/arm-none-eabi/4.5.1/../../../../arm-none-eabi/lib/thumb2/libcr_newlib_semihost.a(syscalls.o)
                0x000099f8                _read
 .text._swilseek
                0x00009a2e       0x76 /usr/local/lpcxpresso_4.2.3_255/lpcxpresso/tools/bin/../lib/gcc/arm-none-eabi/4.5.1/../../../../arm-none-eabi/lib/thumb2/libcr_newlib_semihost.a(syscalls.o)
                0x00009a2e                _swilseek
 .text._lseek   0x00009aa4        0x4 /usr/local/lpcxpresso_4.2.3_255/lpcxpresso/tools/bin/../lib/gcc/arm-none-eabi/4.5.1/../../../../arm-none-eabi/lib/thumb2/libcr_newlib_semihost.a(syscalls.o)
                0x00009aa4                _lseek
 .text._swiwrite
                0x00009aa8       0x18 /usr/local/lpcxpresso_4.2.3_255/lpcxpresso/tools/bin/../lib/gcc/arm-none-eabi/4.5.1/../../../../arm-none-eabi/lib/thumb2/libcr_newlib_semihost.a(syscalls.o)
                0x00009aa8                _swiwrite
 .text._write   0x00009ac0       0x46 /usr/local/lpcxpresso_4.2.3_255/lpcxpresso/tools/bin/../lib/gcc/arm-none-eabi/4.5.1/../../../../arm-none-eabi/lib/thumb2/libcr_newlib_semihost.a(syscalls.o)
                0x00009ac0                _write
 .text._swiclose
                0x00009b06       0x14 /usr/local/lpcxpresso_4.2.3_255/lpcxpresso/tools/bin/../lib/gcc/arm-none-eabi/4.5.1/../../../../arm-none-eabi/lib/thumb2/libcr_newlib_semihost.a(syscalls.o)
                0x00009b06                _swiclose
 *fill*         0x00009b1a        0x2 00
 .text._close   0x00009b1c       0x48 /usr/local/lpcxpresso_4.2.3_255/lpcxpresso/tools/bin/../lib/gcc/arm-none-eabi/4.5.1/../../../../arm-none-eabi/lib/thumb2/libcr_newlib_semihost.a(syscalls.o)
                0x00009b1c                _close
 .text._swistat
                0x00009b64       0x3e /usr/local/lpcxpresso_4.2.3_255/lpcxpresso/tools/bin/../lib/gcc/arm-none-eabi/4.5.1/../../../../arm-none-eabi/lib/thumb2/libcr_newlib_semihost.a(syscalls.o)
                0x00009b64                _swistat
 .text._fstat   0x00009ba2       0x1c /usr/local/lpcxpresso_4.2.3_255/lpcxpresso/tools/bin/../lib/gcc/arm-none-eabi/4.5.1/../../../../arm-none-eabi/lib/thumb2/libcr_newlib_semihost.a(syscalls.o)
                0x00009ba2                _fstat
 .text._isatty  0x00009bbe       0x26 /usr/local/lpcxpresso_4.2.3_255/lpcxpresso/tools/bin/../lib/gcc/arm-none-eabi/4.5.1/../../../../arm-none-eabi/lib/thumb2/libcr_newlib_semihost.a(syscalls.o)
                0x00009bbe                _isatty
 .text.__check_heap_overflow
                0x00009be4       0x2c /usr/local/lpcxpresso_4.2.3_255/lpcxpresso/tools/bin/../lib/gcc/arm-none-eabi/4.5.1/../../../../arm-none-eabi/lib/thumb2/libcr_newlib_semihost.a(_cr_check_heap.o)
                0x00009be4                __check_heap_overflow
 .text          0x00009c10      0x110 /usr/local/lpcxpresso_4.2.3_255/lpcxpresso/tools/bin/../lib/gcc/arm-none-eabi/4.5.1/thumb2/libgcc.a(_arm_cmpdf2.o)
                0x00009c10                __gtdf2
                0x00009c10                __gedf2
                0x00009c18                __ltdf2
                0x00009c18                __ledf2
                0x00009c20                __cmpdf2
                0x00009c20                __eqdf2
                0x00009c20                __nedf2
                0x00009c9c                __aeabi_cdrcmple
                0x00009cac                __aeabi_cdcmple
                0x00009cac                __aeabi_cdcmpeq
                0x00009cbc                __aeabi_dcmpeq
                0x00009cd0                __aeabi_dcmplt
                0x00009ce4                __aeabi_dcmple
                0x00009cf8                __aeabi_dcmpge
                0x00009d0c                __aeabi_dcmpgt
 .text          0x00009d20       0x50 /usr/local/lpcxpresso_4.2.3_255/lpcxpresso/tools/bin/../lib/gcc/arm-none-eabi/4.5.1/thumb2/libgcc.a(_arm_fixdfsi.o)
                0x00009d20                __fixdfsi
                0x00009d20                __aeabi_d2iz
 .text          0x00009d70        0xc /usr/local/lpcxpresso_4.2.3_255/lpcxpresso/tools/bin/../lib/gcc/arm-none-eabi/4.5.1/../../../../arm-none-eabi/lib/thumb2/libc.a(lib_a-errno.o)
                0x00009d70                __errno
 *(.rodata .rodata.*)
 .rodata        0x00009d7c       0x10 ./src/movil.o
 .rodata.C.0.6684
                0x00009d8c       0xdc ./src/rssi.o
 .rodata.C.1.6685
                0x00009e68       0xdc ./src/rssi.o
 .rodata.CSWTCH.6
                0x00009f44       0x14 /home/joaquin/Documentos/Embebidos/Repositorio/WSN-LSE/CMSISv2p00_LPC17xx/Debug/libCMSISv2p00_LPC17xx.a(lpc17xx_gpio.o)
 .rodata.str1.1
                0x00009f58       0x15 /home/joaquin/Documentos/Embebidos/Repositorio/WSN-LSE/CMSISv2p00_LPC17xx/Debug/libCMSISv2p00_LPC17xx.a(lpc17xx_ssp.o)
 *fill*         0x00009f6d        0x3 00
 .rodata        0x00009f70       0x20 /usr/local/lpcxpresso_4.2.3_255/lpcxpresso/tools/bin/../lib/gcc/arm-none-eabi/4.5.1/../../../../arm-none-eabi/lib/thumb2/libc.a(lib_a-vfprintf.o)
 .rodata.str1.4
                0x00009f90       0x42 /usr/local/lpcxpresso_4.2.3_255/lpcxpresso/tools/bin/../lib/gcc/arm-none-eabi/4.5.1/../../../../arm-none-eabi/lib/thumb2/libc.a(lib_a-vfprintf.o)
                                 0x44 (size before relaxing)
 *fill*         0x00009fd2        0x2 00
 .rodata.str1.4
                0x00009fd4       0x10 /usr/local/lpcxpresso_4.2.3_255/lpcxpresso/tools/bin/../lib/gcc/arm-none-eabi/4.5.1/../../../../arm-none-eabi/lib/thumb2/libc.a(lib_a-dtoa.o)
                                 0x14 (size before relaxing)
 .rodata        0x00009fe4       0x60 /usr/local/lpcxpresso_4.2.3_255/lpcxpresso/tools/bin/../lib/gcc/arm-none-eabi/4.5.1/../../../../arm-none-eabi/lib/thumb2/libc.a(lib_a-findfp.o)
                0x00009fe4                __sf_fake_stdin
                0x0000a004                __sf_fake_stdout
                0x0000a024                __sf_fake_stderr
 .rodata        0x0000a044        0x4 /usr/local/lpcxpresso_4.2.3_255/lpcxpresso/tools/bin/../lib/gcc/arm-none-eabi/4.5.1/../../../../arm-none-eabi/lib/thumb2/libc.a(lib_a-impure.o)
                0x0000a044                _global_impure_ptr
 .rodata.str1.4
                0x0000a048        0x2 /usr/local/lpcxpresso_4.2.3_255/lpcxpresso/tools/bin/../lib/gcc/arm-none-eabi/4.5.1/../../../../arm-none-eabi/lib/thumb2/libc.a(lib_a-impure.o)
                                  0x4 (size before relaxing)
 *fill*         0x0000a04a        0x2 00
 .rodata.str1.4
                0x0000a04c        0xa /usr/local/lpcxpresso_4.2.3_255/lpcxpresso/tools/bin/../lib/gcc/arm-none-eabi/4.5.1/../../../../arm-none-eabi/lib/thumb2/libc.a(lib_a-locale.o)
                                 0x14 (size before relaxing)
 *fill*         0x0000a056        0x2 00
 .rodata        0x0000a058      0x128 /usr/local/lpcxpresso_4.2.3_255/lpcxpresso/tools/bin/../lib/gcc/arm-none-eabi/4.5.1/../../../../arm-none-eabi/lib/thumb2/libc.a(lib_a-mprec.o)
                0x0000a068                __mprec_tens
                0x0000a130                __mprec_bigtens
                0x0000a158                __mprec_tinytens
 .rodata        0x0000a180       0x20 /usr/local/lpcxpresso_4.2.3_255/lpcxpresso/tools/bin/../lib/gcc/arm-none-eabi/4.5.1/../../../../arm-none-eabi/lib/thumb2/libc.a(lib_a-vfiprintf.o)
 .rodata.str1.4
                0x00000000       0x30 /usr/local/lpcxpresso_4.2.3_255/lpcxpresso/tools/bin/../lib/gcc/arm-none-eabi/4.5.1/../../../../arm-none-eabi/lib/thumb2/libc.a(lib_a-vfiprintf.o)
 .rodata.str1.4
                0x0000a1a0        0x4 /usr/local/lpcxpresso_4.2.3_255/lpcxpresso/tools/bin/../lib/gcc/arm-none-eabi/4.5.1/../../../../arm-none-eabi/lib/thumb2/libm.a(lib_a-w_exp.o)
 .rodata.str1.4
                0x0000a1a4        0x8 /usr/local/lpcxpresso_4.2.3_255/lpcxpresso/tools/bin/../lib/gcc/arm-none-eabi/4.5.1/../../../../arm-none-eabi/lib/thumb2/libm.a(lib_a-w_sqrt.o)
 *fill*         0x0000a1ac        0x4 00
 .rodata        0x0000a1b0       0x30 /usr/local/lpcxpresso_4.2.3_255/lpcxpresso/tools/bin/../lib/gcc/arm-none-eabi/4.5.1/../../../../arm-none-eabi/lib/thumb2/libm.a(lib_a-e_exp.o)
 .rodata.str1.1
                0x0000a1e0        0x4 /usr/local/lpcxpresso_4.2.3_255/lpcxpresso/tools/bin/../lib/gcc/arm-none-eabi/4.5.1/../../../../arm-none-eabi/lib/thumb2/libcr_newlib_semihost.a(syscalls.o)
                0x0000a1e4                . = ALIGN (0x4)

.glue_7         0x0000a1e4        0x0
 .glue_7        0x00000000        0x0 linker stubs

.glue_7t        0x0000a1e4        0x0
 .glue_7t       0x00000000        0x0 linker stubs

.vfp11_veneer   0x0000a1e4        0x0
 .vfp11_veneer  0x00000000        0x0 linker stubs

.v4_bx          0x0000a1e4        0x0
 .v4_bx         0x00000000        0x0 linker stubs

.ARM.extab
 *(.ARM.extab* .gnu.linkonce.armextab.*)
                0x0000a1e4                __exidx_start = .

.ARM.exidx      0x0000a1e4        0x8
 *(.ARM.exidx* .gnu.linkonce.armexidx.*)
 .ARM.exidx     0x0000a1e4        0x8 /usr/local/lpcxpresso_4.2.3_255/lpcxpresso/tools/bin/../lib/gcc/arm-none-eabi/4.5.1/thumb2/libgcc.a(_divdi3.o)
 .ARM.exidx     0x0000a1ec        0x0 /usr/local/lpcxpresso_4.2.3_255/lpcxpresso/tools/bin/../lib/gcc/arm-none-eabi/4.5.1/thumb2/libgcc.a(_udivdi3.o)
                                  0x8 (size before relaxing)
                0x0000a1ec                __exidx_end = .
                0x0000a1ec                _etext = .

.data_RAM2      0x2007c000        0x0 load address 0x0000a1ec
 FILL mask 0xff
 *(.data.$RAM2*)
 *(.data.$RamAHB32*)
                0x2007c000                . = ALIGN (0x4)

.uninit_RESERVED
 *(.bss.$RESERVED*)

.data           0x10000000      0x58c load address 0x0000a1ec
 FILL mask 0xff
                0x10000000                _data = .
 *(vtable)
 *(.data*)
 .data.SystemCoreClock
                0x10000000        0x4 /home/joaquin/Documentos/Embebidos/Repositorio/WSN-LSE/CMSISv2p00_LPC17xx/Debug/libCMSISv2p00_LPC17xx.a(system_LPC17xx.o)
                0x10000000                SystemCoreClock
 .data          0x10000004       0xf4 /usr/local/lpcxpresso_4.2.3_255/lpcxpresso/tools/bin/../lib/gcc/arm-none-eabi/4.5.1/../../../../arm-none-eabi/lib/thumb2/libc.a(lib_a-impure.o)
                0x10000004                _impure_ptr
 .data          0x100000f8       0x7c /usr/local/lpcxpresso_4.2.3_255/lpcxpresso/tools/bin/../lib/gcc/arm-none-eabi/4.5.1/../../../../arm-none-eabi/lib/thumb2/libc.a(lib_a-locale.o)
                0x10000118                __mb_cur_max
 .data          0x10000174      0x410 /usr/local/lpcxpresso_4.2.3_255/lpcxpresso/tools/bin/../lib/gcc/arm-none-eabi/4.5.1/../../../../arm-none-eabi/lib/thumb2/libc.a(lib_a-mallocr.o)
                0x10000174                __malloc_av_
                0x1000057c                __malloc_sbrk_base
                0x10000580                __malloc_trim_threshold
 .data          0x10000584        0x4 /usr/local/lpcxpresso_4.2.3_255/lpcxpresso/tools/bin/../lib/gcc/arm-none-eabi/4.5.1/../../../../arm-none-eabi/lib/thumb2/libc.a(lib_a-wctomb_r.o)
                0x10000584                __wctomb
 .data          0x10000588        0x1 /usr/local/lpcxpresso_4.2.3_255/lpcxpresso/tools/bin/../lib/gcc/arm-none-eabi/4.5.1/../../../../arm-none-eabi/lib/thumb2/libm.a(lib_a-s_lib_ver.o)
                0x10000588                __fdlib_version
                0x1000058c                . = ALIGN (0x4)
 *fill*         0x10000589        0x3 ff
                0x1000058c                _edata = .

.bss_RAM2       0x2007c000        0x0
 *(.bss.$RAM2*)
 *(.bss.$RamAHB32*)
                0x2007c000                . = ALIGN (0x4)

.bss            0x1000058c      0xd64
                0x1000058c                _bss = .
 *(.bss*)
 .bss           0x1000058c       0x34 /usr/local/lpcxpresso_4.2.3_255/lpcxpresso/tools/bin/../lib/gcc/arm-none-eabi/4.5.1/../../../../arm-none-eabi/lib/thumb2/libc.a(lib_a-mallocr.o)
                0x1000058c                __malloc_top_pad
                0x10000590                __malloc_current_mallinfo
                0x100005b8                __malloc_max_sbrked_mem
                0x100005bc                __malloc_max_total_mem
 .bss.monitor_stdout
                0x100005c0        0x4 /usr/local/lpcxpresso_4.2.3_255/lpcxpresso/tools/bin/../lib/gcc/arm-none-eabi/4.5.1/../../../../arm-none-eabi/lib/thumb2/libcr_newlib_semihost.a(syscalls.o)
 .bss.monitor_stdin
                0x100005c4        0x4 /usr/local/lpcxpresso_4.2.3_255/lpcxpresso/tools/bin/../lib/gcc/arm-none-eabi/4.5.1/../../../../arm-none-eabi/lib/thumb2/libcr_newlib_semihost.a(syscalls.o)
 .bss.initialized.2429
                0x100005c8        0x4 /usr/local/lpcxpresso_4.2.3_255/lpcxpresso/tools/bin/../lib/gcc/arm-none-eabi/4.5.1/../../../../arm-none-eabi/lib/thumb2/libcr_newlib_semihost.a(syscalls.o)
 .bss.monitor_stderr
                0x100005cc        0x4 /usr/local/lpcxpresso_4.2.3_255/lpcxpresso/tools/bin/../lib/gcc/arm-none-eabi/4.5.1/../../../../arm-none-eabi/lib/thumb2/libcr_newlib_semihost.a(syscalls.o)
 .bss.openfiles
                0x100005d0       0x28 /usr/local/lpcxpresso_4.2.3_255/lpcxpresso/tools/bin/../lib/gcc/arm-none-eabi/4.5.1/../../../../arm-none-eabi/lib/thumb2/libcr_newlib_semihost.a(syscalls.o)
 *(COMMON)
 COMMON         0x100005f8      0xce8 ./src/cc2520-mac.o
                0x100005f8                sec_num
                0x100005f9                mje_nuevo
                0x100005fc                tabla
 COMMON         0x100012e0        0x8 ./src/main.o
                0x100012e0                pausecont
                0x100012e4                ledcont
 COMMON         0x100012e8        0x4 /usr/local/lpcxpresso_4.2.3_255/lpcxpresso/tools/bin/../lib/gcc/arm-none-eabi/4.5.1/../../../../arm-none-eabi/lib/thumb2/libc.a(lib_a-reent.o)
                0x100012e8                errno
 COMMON         0x100012ec        0x4 /usr/local/lpcxpresso_4.2.3_255/lpcxpresso/tools/bin/../lib/gcc/arm-none-eabi/4.5.1/../../../../arm-none-eabi/lib/thumb2/libcr_newlib_semihost.a(_cr_sbrk.o)
                0x100012ec                __end_of_heap
                0x100012f0                . = ALIGN (0x4)
                0x100012f0                _ebss = .
                0x100012f0                PROVIDE (end, .)
                0x100012f0                PROVIDE (_pvHeapStart, .)
                0x10008000                PROVIDE (_vStackTop, (__top_RamLoc32 - 0x0))
OUTPUT(WSN-Embebidos.axf elf32-littlearm)

.debug_abbrev   0x00000000     0x19fa
 .debug_abbrev  0x00000000      0x176 ./src/cc2520-mac.o
 .debug_abbrev  0x00000176      0x1b0 ./src/cc2520.o
 .debug_abbrev  0x00000326      0x10f ./src/cr_startup_lpc176x.o
 .debug_abbrev  0x00000435      0x162 ./src/fijo.o
 .debug_abbrev  0x00000597      0x1bd ./src/main.o
 .debug_abbrev  0x00000754      0x235 ./src/movil.o
 .debug_abbrev  0x00000989      0x112 ./src/rssi.o
 .debug_abbrev  0x00000a9b      0x237 /home/joaquin/Documentos/Embebidos/Repositorio/WSN-LSE/CMSISv2p00_LPC17xx/Debug/libCMSISv2p00_LPC17xx.a(lpc17xx_gpio.o)
 .debug_abbrev  0x00000cd2      0x1a0 /home/joaquin/Documentos/Embebidos/Repositorio/WSN-LSE/CMSISv2p00_LPC17xx/Debug/libCMSISv2p00_LPC17xx.a(lpc17xx_pinsel.o)
 .debug_abbrev  0x00000e72      0x201 /home/joaquin/Documentos/Embebidos/Repositorio/WSN-LSE/CMSISv2p00_LPC17xx/Debug/libCMSISv2p00_LPC17xx.a(lpc17xx_ssp.o)
 .debug_abbrev  0x00001073       0xe3 /home/joaquin/Documentos/Embebidos/Repositorio/WSN-LSE/CMSISv2p00_LPC17xx/Debug/libCMSISv2p00_LPC17xx.a(system_LPC17xx.o)
 .debug_abbrev  0x00001156      0x1b0 /home/joaquin/Documentos/Embebidos/Repositorio/WSN-LSE/CMSISv2p00_LPC17xx/Debug/libCMSISv2p00_LPC17xx.a(lpc17xx_clkpwr.o)
 .debug_abbrev  0x00001306       0x6a /home/joaquin/Documentos/Embebidos/Repositorio/WSN-LSE/CMSISv2p00_LPC17xx/Debug/libCMSISv2p00_LPC17xx.a(lpc17xx_libcfg_default.o)
 .debug_abbrev  0x00001370       0xdd /home/joaquin/Documentos/Embebidos/Repositorio/WSN-LSE/CMSISv2p10_DSPLIB_CM3/lib/libCMSISv2p10_DSPLIB_CM3.a(arm_mat_inverse_f32.o)
 .debug_abbrev  0x0000144d      0x117 /home/joaquin/Documentos/Embebidos/Repositorio/WSN-LSE/CMSISv2p10_DSPLIB_CM3/lib/libCMSISv2p10_DSPLIB_CM3.a(arm_mat_mult_f32.o)
 .debug_abbrev  0x00001564       0xfd /home/joaquin/Documentos/Embebidos/Repositorio/WSN-LSE/CMSISv2p10_DSPLIB_CM3/lib/libCMSISv2p10_DSPLIB_CM3.a(arm_mat_trans_f32.o)
 .debug_abbrev  0x00001661       0xa8 /usr/local/lpcxpresso_4.2.3_255/lpcxpresso/tools/bin/../lib/gcc/arm-none-eabi/4.5.1/../../../../arm-none-eabi/lib/thumb2/libcr_newlib_semihost.a(_cr_sbrk.o)
 .debug_abbrev  0x00001709      0x27f /usr/local/lpcxpresso_4.2.3_255/lpcxpresso/tools/bin/../lib/gcc/arm-none-eabi/4.5.1/../../../../arm-none-eabi/lib/thumb2/libcr_newlib_semihost.a(syscalls.o)
 .debug_abbrev  0x00001988       0x72 /usr/local/lpcxpresso_4.2.3_255/lpcxpresso/tools/bin/../lib/gcc/arm-none-eabi/4.5.1/../../../../arm-none-eabi/lib/thumb2/libcr_newlib_semihost.a(_cr_check_heap.o)

.debug_info     0x00000000     0x628f
 .debug_info    0x00000000      0x6b3 ./src/cc2520-mac.o
 .debug_info    0x000006b3      0x892 ./src/cc2520.o
 .debug_info    0x00000f45      0x2e3 ./src/cr_startup_lpc176x.o
 .debug_info    0x00001228      0x390 ./src/fijo.o
 .debug_info    0x000015b8      0x6fe ./src/main.o
 .debug_info    0x00001cb6      0x719 ./src/movil.o
 .debug_info    0x000023cf      0x3c8 ./src/rssi.o
 .debug_info    0x00002797      0xe30 /home/joaquin/Documentos/Embebidos/Repositorio/WSN-LSE/CMSISv2p00_LPC17xx/Debug/libCMSISv2p00_LPC17xx.a(lpc17xx_gpio.o)
 .debug_info    0x000035c7      0x544 /home/joaquin/Documentos/Embebidos/Repositorio/WSN-LSE/CMSISv2p00_LPC17xx/Debug/libCMSISv2p00_LPC17xx.a(lpc17xx_pinsel.o)
 .debug_info    0x00003b0b      0x7d7 /home/joaquin/Documentos/Embebidos/Repositorio/WSN-LSE/CMSISv2p00_LPC17xx/Debug/libCMSISv2p00_LPC17xx.a(lpc17xx_ssp.o)
 .debug_info    0x000042e2      0x38f /home/joaquin/Documentos/Embebidos/Repositorio/WSN-LSE/CMSISv2p00_LPC17xx/Debug/libCMSISv2p00_LPC17xx.a(system_LPC17xx.o)
 .debug_info    0x00004671      0x6dc /home/joaquin/Documentos/Embebidos/Repositorio/WSN-LSE/CMSISv2p00_LPC17xx/Debug/libCMSISv2p00_LPC17xx.a(lpc17xx_clkpwr.o)
 .debug_info    0x00004d4d       0xca /home/joaquin/Documentos/Embebidos/Repositorio/WSN-LSE/CMSISv2p00_LPC17xx/Debug/libCMSISv2p00_LPC17xx.a(lpc17xx_libcfg_default.o)
 .debug_info    0x00004e17      0x2ab /home/joaquin/Documentos/Embebidos/Repositorio/WSN-LSE/CMSISv2p10_DSPLIB_CM3/lib/libCMSISv2p10_DSPLIB_CM3.a(arm_mat_inverse_f32.o)
 .debug_info    0x000050c2      0x242 /home/joaquin/Documentos/Embebidos/Repositorio/WSN-LSE/CMSISv2p10_DSPLIB_CM3/lib/libCMSISv2p10_DSPLIB_CM3.a(arm_mat_mult_f32.o)
 .debug_info    0x00005304      0x1e4 /home/joaquin/Documentos/Embebidos/Repositorio/WSN-LSE/CMSISv2p10_DSPLIB_CM3/lib/libCMSISv2p10_DSPLIB_CM3.a(arm_mat_trans_f32.o)
 .debug_info    0x000054e8      0x106 /usr/local/lpcxpresso_4.2.3_255/lpcxpresso/tools/bin/../lib/gcc/arm-none-eabi/4.5.1/../../../../arm-none-eabi/lib/thumb2/libcr_newlib_semihost.a(_cr_sbrk.o)
 .debug_info    0x000055ee      0xbec /usr/local/lpcxpresso_4.2.3_255/lpcxpresso/tools/bin/../lib/gcc/arm-none-eabi/4.5.1/../../../../arm-none-eabi/lib/thumb2/libcr_newlib_semihost.a(syscalls.o)
 .debug_info    0x000061da       0xb5 /usr/local/lpcxpresso_4.2.3_255/lpcxpresso/tools/bin/../lib/gcc/arm-none-eabi/4.5.1/../../../../arm-none-eabi/lib/thumb2/libcr_newlib_semihost.a(_cr_check_heap.o)

.debug_line     0x00000000     0x6f8f
 .debug_line    0x00000000      0xa45 ./src/cc2520-mac.o
 .debug_line    0x00000a45      0xa09 ./src/cc2520.o
 .debug_line    0x0000144e      0x2fa ./src/cr_startup_lpc176x.o
 .debug_line    0x00001748      0x8db ./src/fijo.o
 .debug_line    0x00002023      0x93c ./src/main.o
 .debug_line    0x0000295f      0x95c ./src/movil.o
 .debug_line    0x000032bb      0x982 ./src/rssi.o
 .debug_line    0x00003c3d      0x61f /home/joaquin/Documentos/Embebidos/Repositorio/WSN-LSE/CMSISv2p00_LPC17xx/Debug/libCMSISv2p00_LPC17xx.a(lpc17xx_gpio.o)
 .debug_line    0x0000425c      0x3f9 /home/joaquin/Documentos/Embebidos/Repositorio/WSN-LSE/CMSISv2p00_LPC17xx/Debug/libCMSISv2p00_LPC17xx.a(lpc17xx_pinsel.o)
 .debug_line    0x00004655      0x740 /home/joaquin/Documentos/Embebidos/Repositorio/WSN-LSE/CMSISv2p00_LPC17xx/Debug/libCMSISv2p00_LPC17xx.a(lpc17xx_ssp.o)
 .debug_line    0x00004d95      0x3e7 /home/joaquin/Documentos/Embebidos/Repositorio/WSN-LSE/CMSISv2p00_LPC17xx/Debug/libCMSISv2p00_LPC17xx.a(system_LPC17xx.o)
 .debug_line    0x0000517c      0x493 /home/joaquin/Documentos/Embebidos/Repositorio/WSN-LSE/CMSISv2p00_LPC17xx/Debug/libCMSISv2p00_LPC17xx.a(lpc17xx_clkpwr.o)
 .debug_line    0x0000560f      0x35b /home/joaquin/Documentos/Embebidos/Repositorio/WSN-LSE/CMSISv2p00_LPC17xx/Debug/libCMSISv2p00_LPC17xx.a(lpc17xx_libcfg_default.o)
 .debug_line    0x0000596a      0x65c /home/joaquin/Documentos/Embebidos/Repositorio/WSN-LSE/CMSISv2p10_DSPLIB_CM3/lib/libCMSISv2p10_DSPLIB_CM3.a(arm_mat_inverse_f32.o)
 .debug_line    0x00005fc6      0x531 /home/joaquin/Documentos/Embebidos/Repositorio/WSN-LSE/CMSISv2p10_DSPLIB_CM3/lib/libCMSISv2p10_DSPLIB_CM3.a(arm_mat_mult_f32.o)
 .debug_line    0x000064f7      0x535 /home/joaquin/Documentos/Embebidos/Repositorio/WSN-LSE/CMSISv2p10_DSPLIB_CM3/lib/libCMSISv2p10_DSPLIB_CM3.a(arm_mat_trans_f32.o)
 .debug_line    0x00006a2c       0xc0 /usr/local/lpcxpresso_4.2.3_255/lpcxpresso/tools/bin/../lib/gcc/arm-none-eabi/4.5.1/../../../../arm-none-eabi/lib/thumb2/libcr_newlib_semihost.a(_cr_sbrk.o)
 .debug_line    0x00006aec      0x44f /usr/local/lpcxpresso_4.2.3_255/lpcxpresso/tools/bin/../lib/gcc/arm-none-eabi/4.5.1/../../../../arm-none-eabi/lib/thumb2/libcr_newlib_semihost.a(syscalls.o)
 .debug_line    0x00006f3b       0x54 /usr/local/lpcxpresso_4.2.3_255/lpcxpresso/tools/bin/../lib/gcc/arm-none-eabi/4.5.1/../../../../arm-none-eabi/lib/thumb2/libcr_newlib_semihost.a(_cr_check_heap.o)

.debug_macinfo  0x00000000    0x85fce
 .debug_macinfo
                0x00000000     0xca7a ./src/cc2520-mac.o
 .debug_macinfo
                0x0000ca7a     0xca7a ./src/cc2520.o
 .debug_macinfo
                0x000194f4     0x204f ./src/cr_startup_lpc176x.o
 .debug_macinfo
                0x0001b543     0xca82 ./src/fijo.o
 .debug_macinfo
                0x00027fc5     0xca7a ./src/main.o
 .debug_macinfo
                0x00034a3f     0xca7e ./src/movil.o
 .debug_macinfo
                0x000414bd     0xcb1f ./src/rssi.o
 .debug_macinfo
                0x0004dfdc     0x7be6 /home/joaquin/Documentos/Embebidos/Repositorio/WSN-LSE/CMSISv2p00_LPC17xx/Debug/libCMSISv2p00_LPC17xx.a(lpc17xx_gpio.o)
 .debug_macinfo
                0x00055bc2     0x7d04 /home/joaquin/Documentos/Embebidos/Repositorio/WSN-LSE/CMSISv2p00_LPC17xx/Debug/libCMSISv2p00_LPC17xx.a(lpc17xx_pinsel.o)
 .debug_macinfo
                0x0005d8c6     0x9df1 /home/joaquin/Documentos/Embebidos/Repositorio/WSN-LSE/CMSISv2p00_LPC17xx/Debug/libCMSISv2p00_LPC17xx.a(lpc17xx_ssp.o)
 .debug_macinfo
                0x000676b7     0x792b /home/joaquin/Documentos/Embebidos/Repositorio/WSN-LSE/CMSISv2p00_LPC17xx/Debug/libCMSISv2p00_LPC17xx.a(system_LPC17xx.o)
 .debug_macinfo
                0x0006efe2     0x8b29 /home/joaquin/Documentos/Embebidos/Repositorio/WSN-LSE/CMSISv2p00_LPC17xx/Debug/libCMSISv2p00_LPC17xx.a(lpc17xx_clkpwr.o)
 .debug_macinfo
                0x00077b0b     0x3417 /home/joaquin/Documentos/Embebidos/Repositorio/WSN-LSE/CMSISv2p00_LPC17xx/Debug/libCMSISv2p00_LPC17xx.a(lpc17xx_libcfg_default.o)
 .debug_macinfo
                0x0007af22     0x3ae4 /home/joaquin/Documentos/Embebidos/Repositorio/WSN-LSE/CMSISv2p10_DSPLIB_CM3/lib/libCMSISv2p10_DSPLIB_CM3.a(arm_mat_inverse_f32.o)
 .debug_macinfo
                0x0007ea06     0x3ae4 /home/joaquin/Documentos/Embebidos/Repositorio/WSN-LSE/CMSISv2p10_DSPLIB_CM3/lib/libCMSISv2p10_DSPLIB_CM3.a(arm_mat_mult_f32.o)
 .debug_macinfo
                0x000824ea     0x3ae4 /home/joaquin/Documentos/Embebidos/Repositorio/WSN-LSE/CMSISv2p10_DSPLIB_CM3/lib/libCMSISv2p10_DSPLIB_CM3.a(arm_mat_trans_f32.o)

.debug_loc      0x00000000     0x3025
 .debug_loc     0x00000000      0x320 ./src/cc2520-mac.o
 .debug_loc     0x00000320      0x11c ./src/cc2520.o
 .debug_loc     0x0000043c      0x1b8 ./src/cr_startup_lpc176x.o
 .debug_loc     0x000005f4       0x3a ./src/fijo.o
 .debug_loc     0x0000062e      0x17c ./src/main.o
 .debug_loc     0x000007aa      0x14a ./src/movil.o
 .debug_loc     0x000008f4      0x154 ./src/rssi.o
 .debug_loc     0x00000a48      0x695 /home/joaquin/Documentos/Embebidos/Repositorio/WSN-LSE/CMSISv2p00_LPC17xx/Debug/libCMSISv2p00_LPC17xx.a(lpc17xx_gpio.o)
 .debug_loc     0x000010dd      0x17d /home/joaquin/Documentos/Embebidos/Repositorio/WSN-LSE/CMSISv2p00_LPC17xx/Debug/libCMSISv2p00_LPC17xx.a(lpc17xx_pinsel.o)
 .debug_loc     0x0000125a      0x858 /home/joaquin/Documentos/Embebidos/Repositorio/WSN-LSE/CMSISv2p00_LPC17xx/Debug/libCMSISv2p00_LPC17xx.a(lpc17xx_ssp.o)
 .debug_loc     0x00001ab2       0x20 /home/joaquin/Documentos/Embebidos/Repositorio/WSN-LSE/CMSISv2p00_LPC17xx/Debug/libCMSISv2p00_LPC17xx.a(system_LPC17xx.o)
 .debug_loc     0x00001ad2      0x1a9 /home/joaquin/Documentos/Embebidos/Repositorio/WSN-LSE/CMSISv2p00_LPC17xx/Debug/libCMSISv2p00_LPC17xx.a(lpc17xx_clkpwr.o)
 .debug_loc     0x00001c7b      0x4a3 /home/joaquin/Documentos/Embebidos/Repositorio/WSN-LSE/CMSISv2p10_DSPLIB_CM3/lib/libCMSISv2p10_DSPLIB_CM3.a(arm_mat_inverse_f32.o)
 .debug_loc     0x0000211e      0x26e /home/joaquin/Documentos/Embebidos/Repositorio/WSN-LSE/CMSISv2p10_DSPLIB_CM3/lib/libCMSISv2p10_DSPLIB_CM3.a(arm_mat_mult_f32.o)
 .debug_loc     0x0000238c      0x1b7 /home/joaquin/Documentos/Embebidos/Repositorio/WSN-LSE/CMSISv2p10_DSPLIB_CM3/lib/libCMSISv2p10_DSPLIB_CM3.a(arm_mat_trans_f32.o)
 .debug_loc     0x00002543       0x55 /usr/local/lpcxpresso_4.2.3_255/lpcxpresso/tools/bin/../lib/gcc/arm-none-eabi/4.5.1/../../../../arm-none-eabi/lib/thumb2/libcr_newlib_semihost.a(_cr_sbrk.o)
 .debug_loc     0x00002598      0xa64 /usr/local/lpcxpresso_4.2.3_255/lpcxpresso/tools/bin/../lib/gcc/arm-none-eabi/4.5.1/../../../../arm-none-eabi/lib/thumb2/libcr_newlib_semihost.a(syscalls.o)
 .debug_loc     0x00002ffc       0x29 /usr/local/lpcxpresso_4.2.3_255/lpcxpresso/tools/bin/../lib/gcc/arm-none-eabi/4.5.1/../../../../arm-none-eabi/lib/thumb2/libcr_newlib_semihost.a(_cr_check_heap.o)

.debug_pubnames
                0x00000000      0xbb1
 .debug_pubnames
                0x00000000      0x149 ./src/cc2520-mac.o
 .debug_pubnames
                0x00000149       0x70 ./src/cc2520.o
 .debug_pubnames
                0x000001b9      0x115 ./src/cr_startup_lpc176x.o
 .debug_pubnames
                0x000002ce       0x46 ./src/fijo.o
 .debug_pubnames
                0x00000314       0x86 ./src/main.o
 .debug_pubnames
                0x0000039a       0x8d ./src/movil.o
 .debug_pubnames
                0x00000427       0x9b ./src/rssi.o
 .debug_pubnames
                0x000004c2      0x203 /home/joaquin/Documentos/Embebidos/Repositorio/WSN-LSE/CMSISv2p00_LPC17xx/Debug/libCMSISv2p00_LPC17xx.a(lpc17xx_gpio.o)
 .debug_pubnames
                0x000006c5       0x59 /home/joaquin/Documentos/Embebidos/Repositorio/WSN-LSE/CMSISv2p00_LPC17xx/Debug/libCMSISv2p00_LPC17xx.a(lpc17xx_pinsel.o)
 .debug_pubnames
                0x0000071e      0x15c /home/joaquin/Documentos/Embebidos/Repositorio/WSN-LSE/CMSISv2p00_LPC17xx/Debug/libCMSISv2p00_LPC17xx.a(lpc17xx_ssp.o)
 .debug_pubnames
                0x0000087a       0x4f /home/joaquin/Documentos/Embebidos/Repositorio/WSN-LSE/CMSISv2p00_LPC17xx/Debug/libCMSISv2p00_LPC17xx.a(system_LPC17xx.o)
 .debug_pubnames
                0x000008c9       0xbb /home/joaquin/Documentos/Embebidos/Repositorio/WSN-LSE/CMSISv2p00_LPC17xx/Debug/libCMSISv2p00_LPC17xx.a(lpc17xx_clkpwr.o)
 .debug_pubnames
                0x00000984       0x23 /home/joaquin/Documentos/Embebidos/Repositorio/WSN-LSE/CMSISv2p00_LPC17xx/Debug/libCMSISv2p00_LPC17xx.a(lpc17xx_libcfg_default.o)
 .debug_pubnames
                0x000009a7       0x2a /home/joaquin/Documentos/Embebidos/Repositorio/WSN-LSE/CMSISv2p10_DSPLIB_CM3/lib/libCMSISv2p10_DSPLIB_CM3.a(arm_mat_inverse_f32.o)
 .debug_pubnames
                0x000009d1       0x27 /home/joaquin/Documentos/Embebidos/Repositorio/WSN-LSE/CMSISv2p10_DSPLIB_CM3/lib/libCMSISv2p10_DSPLIB_CM3.a(arm_mat_mult_f32.o)
 .debug_pubnames
                0x000009f8       0x28 /home/joaquin/Documentos/Embebidos/Repositorio/WSN-LSE/CMSISv2p10_DSPLIB_CM3/lib/libCMSISv2p10_DSPLIB_CM3.a(arm_mat_trans_f32.o)
 .debug_pubnames
                0x00000a20       0x2e /usr/local/lpcxpresso_4.2.3_255/lpcxpresso/tools/bin/../lib/gcc/arm-none-eabi/4.5.1/../../../../arm-none-eabi/lib/thumb2/libcr_newlib_semihost.a(_cr_sbrk.o)
 .debug_pubnames
                0x00000a4e      0x129 /usr/local/lpcxpresso_4.2.3_255/lpcxpresso/tools/bin/../lib/gcc/arm-none-eabi/4.5.1/../../../../arm-none-eabi/lib/thumb2/libcr_newlib_semihost.a(syscalls.o)
 .debug_pubnames
                0x00000b77       0x3a /usr/local/lpcxpresso_4.2.3_255/lpcxpresso/tools/bin/../lib/gcc/arm-none-eabi/4.5.1/../../../../arm-none-eabi/lib/thumb2/libcr_newlib_semihost.a(_cr_check_heap.o)

.debug_pubtypes
                0x00000000      0x943
 .debug_pubtypes
                0x00000000       0xe0 ./src/cc2520-mac.o
 .debug_pubtypes
                0x000000e0       0xee ./src/cc2520.o
 .debug_pubtypes
                0x000001ce       0x12 ./src/cr_startup_lpc176x.o
 .debug_pubtypes
                0x000001e0       0xa6 ./src/fijo.o
 .debug_pubtypes
                0x00000286       0x93 ./src/main.o
 .debug_pubtypes
                0x00000319       0xee ./src/movil.o
 .debug_pubtypes
                0x00000407       0x5e ./src/rssi.o
 .debug_pubtypes
                0x00000465       0xb5 /home/joaquin/Documentos/Embebidos/Repositorio/WSN-LSE/CMSISv2p00_LPC17xx/Debug/libCMSISv2p00_LPC17xx.a(lpc17xx_gpio.o)
 .debug_pubtypes
                0x0000051a       0x76 /home/joaquin/Documentos/Embebidos/Repositorio/WSN-LSE/CMSISv2p00_LPC17xx/Debug/libCMSISv2p00_LPC17xx.a(lpc17xx_pinsel.o)
 .debug_pubtypes
                0x00000590       0xc8 /home/joaquin/Documentos/Embebidos/Repositorio/WSN-LSE/CMSISv2p00_LPC17xx/Debug/libCMSISv2p00_LPC17xx.a(lpc17xx_ssp.o)
 .debug_pubtypes
                0x00000658       0x3e /home/joaquin/Documentos/Embebidos/Repositorio/WSN-LSE/CMSISv2p00_LPC17xx/Debug/libCMSISv2p00_LPC17xx.a(system_LPC17xx.o)
 .debug_pubtypes
                0x00000696       0x6b /home/joaquin/Documentos/Embebidos/Repositorio/WSN-LSE/CMSISv2p00_LPC17xx/Debug/libCMSISv2p00_LPC17xx.a(lpc17xx_clkpwr.o)
 .debug_pubtypes
                0x00000701       0x2b /home/joaquin/Documentos/Embebidos/Repositorio/WSN-LSE/CMSISv2p00_LPC17xx/Debug/libCMSISv2p00_LPC17xx.a(lpc17xx_libcfg_default.o)
 .debug_pubtypes
                0x0000072c       0x65 /home/joaquin/Documentos/Embebidos/Repositorio/WSN-LSE/CMSISv2p10_DSPLIB_CM3/lib/libCMSISv2p10_DSPLIB_CM3.a(arm_mat_inverse_f32.o)
 .debug_pubtypes
                0x00000791       0x58 /home/joaquin/Documentos/Embebidos/Repositorio/WSN-LSE/CMSISv2p10_DSPLIB_CM3/lib/libCMSISv2p10_DSPLIB_CM3.a(arm_mat_mult_f32.o)
 .debug_pubtypes
                0x000007e9       0x58 /home/joaquin/Documentos/Embebidos/Repositorio/WSN-LSE/CMSISv2p10_DSPLIB_CM3/lib/libCMSISv2p10_DSPLIB_CM3.a(arm_mat_trans_f32.o)
 .debug_pubtypes
                0x00000841       0x1d /usr/local/lpcxpresso_4.2.3_255/lpcxpresso/tools/bin/../lib/gcc/arm-none-eabi/4.5.1/../../../../arm-none-eabi/lib/thumb2/libcr_newlib_semihost.a(_cr_sbrk.o)
 .debug_pubtypes
                0x0000085e       0xe5 /usr/local/lpcxpresso_4.2.3_255/lpcxpresso/tools/bin/../lib/gcc/arm-none-eabi/4.5.1/../../../../arm-none-eabi/lib/thumb2/libcr_newlib_semihost.a(syscalls.o)

.debug_aranges  0x00000000      0x640
 .debug_aranges
                0x00000000       0x88 ./src/cc2520-mac.o
 .debug_aranges
                0x00000088       0x40 ./src/cc2520.o
 .debug_aranges
                0x000000c8       0x80 ./src/cr_startup_lpc176x.o
 .debug_aranges
                0x00000148       0x20 ./src/fijo.o
 .debug_aranges
                0x00000168       0x50 ./src/main.o
 .debug_aranges
                0x000001b8       0x48 ./src/movil.o
 .debug_aranges
                0x00000200       0x48 ./src/rssi.o
 .debug_aranges
                0x00000248       0xf8 /home/joaquin/Documentos/Embebidos/Repositorio/WSN-LSE/CMSISv2p00_LPC17xx/Debug/libCMSISv2p00_LPC17xx.a(lpc17xx_gpio.o)
 .debug_aranges
                0x00000340       0x30 /home/joaquin/Documentos/Embebidos/Repositorio/WSN-LSE/CMSISv2p00_LPC17xx/Debug/libCMSISv2p00_LPC17xx.a(lpc17xx_pinsel.o)
 .debug_aranges
                0x00000370       0xa0 /home/joaquin/Documentos/Embebidos/Repositorio/WSN-LSE/CMSISv2p00_LPC17xx/Debug/libCMSISv2p00_LPC17xx.a(lpc17xx_ssp.o)
 .debug_aranges
                0x00000410       0x28 /home/joaquin/Documentos/Embebidos/Repositorio/WSN-LSE/CMSISv2p00_LPC17xx/Debug/libCMSISv2p00_LPC17xx.a(system_LPC17xx.o)
 .debug_aranges
                0x00000438       0x58 /home/joaquin/Documentos/Embebidos/Repositorio/WSN-LSE/CMSISv2p00_LPC17xx/Debug/libCMSISv2p00_LPC17xx.a(lpc17xx_clkpwr.o)
 .debug_aranges
                0x00000490       0x20 /home/joaquin/Documentos/Embebidos/Repositorio/WSN-LSE/CMSISv2p00_LPC17xx/Debug/libCMSISv2p00_LPC17xx.a(lpc17xx_libcfg_default.o)
 .debug_aranges
                0x000004b0       0x20 /home/joaquin/Documentos/Embebidos/Repositorio/WSN-LSE/CMSISv2p10_DSPLIB_CM3/lib/libCMSISv2p10_DSPLIB_CM3.a(arm_mat_inverse_f32.o)
 .debug_aranges
                0x000004d0       0x20 /home/joaquin/Documentos/Embebidos/Repositorio/WSN-LSE/CMSISv2p10_DSPLIB_CM3/lib/libCMSISv2p10_DSPLIB_CM3.a(arm_mat_mult_f32.o)
 .debug_aranges
                0x000004f0       0x20 /home/joaquin/Documentos/Embebidos/Repositorio/WSN-LSE/CMSISv2p10_DSPLIB_CM3/lib/libCMSISv2p10_DSPLIB_CM3.a(arm_mat_trans_f32.o)
 .debug_aranges
                0x00000510       0x20 /usr/local/lpcxpresso_4.2.3_255/lpcxpresso/tools/bin/../lib/gcc/arm-none-eabi/4.5.1/../../../../arm-none-eabi/lib/thumb2/libcr_newlib_semihost.a(_cr_sbrk.o)
 .debug_aranges
                0x00000530       0xf0 /usr/local/lpcxpresso_4.2.3_255/lpcxpresso/tools/bin/../lib/gcc/arm-none-eabi/4.5.1/../../../../arm-none-eabi/lib/thumb2/libcr_newlib_semihost.a(syscalls.o)
 .debug_aranges
                0x00000620       0x20 /usr/local/lpcxpresso_4.2.3_255/lpcxpresso/tools/bin/../lib/gcc/arm-none-eabi/4.5.1/../../../../arm-none-eabi/lib/thumb2/libcr_newlib_semihost.a(_cr_check_heap.o)

.debug_ranges   0x00000000      0x610
 .debug_ranges  0x00000000       0x78 ./src/cc2520-mac.o
 .debug_ranges  0x00000078       0x30 ./src/cc2520.o
 .debug_ranges  0x000000a8       0x70 ./src/cr_startup_lpc176x.o
 .debug_ranges  0x00000118       0x10 ./src/fijo.o
 .debug_ranges  0x00000128       0x40 ./src/main.o
 .debug_ranges  0x00000168       0x38 ./src/movil.o
 .debug_ranges  0x000001a0       0x38 ./src/rssi.o
 .debug_ranges  0x000001d8       0xe8 /home/joaquin/Documentos/Embebidos/Repositorio/WSN-LSE/CMSISv2p00_LPC17xx/Debug/libCMSISv2p00_LPC17xx.a(lpc17xx_gpio.o)
 .debug_ranges  0x000002c0       0x80 /home/joaquin/Documentos/Embebidos/Repositorio/WSN-LSE/CMSISv2p00_LPC17xx/Debug/libCMSISv2p00_LPC17xx.a(lpc17xx_pinsel.o)
 .debug_ranges  0x00000340       0xd0 /home/joaquin/Documentos/Embebidos/Repositorio/WSN-LSE/CMSISv2p00_LPC17xx/Debug/libCMSISv2p00_LPC17xx.a(lpc17xx_ssp.o)
 .debug_ranges  0x00000410       0x18 /home/joaquin/Documentos/Embebidos/Repositorio/WSN-LSE/CMSISv2p00_LPC17xx/Debug/libCMSISv2p00_LPC17xx.a(system_LPC17xx.o)
 .debug_ranges  0x00000428       0x48 /home/joaquin/Documentos/Embebidos/Repositorio/WSN-LSE/CMSISv2p00_LPC17xx/Debug/libCMSISv2p00_LPC17xx.a(lpc17xx_clkpwr.o)
 .debug_ranges  0x00000470       0x10 /home/joaquin/Documentos/Embebidos/Repositorio/WSN-LSE/CMSISv2p00_LPC17xx/Debug/libCMSISv2p00_LPC17xx.a(lpc17xx_libcfg_default.o)
 .debug_ranges  0x00000480       0x10 /home/joaquin/Documentos/Embebidos/Repositorio/WSN-LSE/CMSISv2p10_DSPLIB_CM3/lib/libCMSISv2p10_DSPLIB_CM3.a(arm_mat_inverse_f32.o)
 .debug_ranges  0x00000490       0x10 /home/joaquin/Documentos/Embebidos/Repositorio/WSN-LSE/CMSISv2p10_DSPLIB_CM3/lib/libCMSISv2p10_DSPLIB_CM3.a(arm_mat_mult_f32.o)
 .debug_ranges  0x000004a0       0x10 /home/joaquin/Documentos/Embebidos/Repositorio/WSN-LSE/CMSISv2p10_DSPLIB_CM3/lib/libCMSISv2p10_DSPLIB_CM3.a(arm_mat_trans_f32.o)
 .debug_ranges  0x000004b0       0x10 /usr/local/lpcxpresso_4.2.3_255/lpcxpresso/tools/bin/../lib/gcc/arm-none-eabi/4.5.1/../../../../arm-none-eabi/lib/thumb2/libcr_newlib_semihost.a(_cr_sbrk.o)
 .debug_ranges  0x000004c0      0x140 /usr/local/lpcxpresso_4.2.3_255/lpcxpresso/tools/bin/../lib/gcc/arm-none-eabi/4.5.1/../../../../arm-none-eabi/lib/thumb2/libcr_newlib_semihost.a(syscalls.o)
 .debug_ranges  0x00000600       0x10 /usr/local/lpcxpresso_4.2.3_255/lpcxpresso/tools/bin/../lib/gcc/arm-none-eabi/4.5.1/../../../../arm-none-eabi/lib/thumb2/libcr_newlib_semihost.a(_cr_check_heap.o)

.debug_str      0x00000000     0x1d81
 .debug_str     0x00000000      0x422 ./src/cc2520-mac.o
                                0x48b (size before relaxing)
 .debug_str     0x00000422      0x292 ./src/cc2520.o
                                0x421 (size before relaxing)
 .debug_str     0x000006b4      0x177 ./src/cr_startup_lpc176x.o
                                0x258 (size before relaxing)
 .debug_str     0x0000082b       0x40 ./src/fijo.o
                                0x30c (size before relaxing)
 .debug_str     0x0000086b      0x33a ./src/main.o
                                0x4af (size before relaxing)
 .debug_str     0x00000ba5      0x1e0 ./src/movil.o
                                0x4ce (size before relaxing)
 .debug_str     0x00000d85       0xb1 ./src/rssi.o
                                0x209 (size before relaxing)
 .debug_str     0x00000e36      0x359 /home/joaquin/Documentos/Embebidos/Repositorio/WSN-LSE/CMSISv2p00_LPC17xx/Debug/libCMSISv2p00_LPC17xx.a(lpc17xx_gpio.o)
                                0x560 (size before relaxing)
 .debug_str     0x0000118f      0x212 /home/joaquin/Documentos/Embebidos/Repositorio/WSN-LSE/CMSISv2p00_LPC17xx/Debug/libCMSISv2p00_LPC17xx.a(lpc17xx_pinsel.o)
                                0x374 (size before relaxing)
 .debug_str     0x000013a1      0x1ef /home/joaquin/Documentos/Embebidos/Repositorio/WSN-LSE/CMSISv2p00_LPC17xx/Debug/libCMSISv2p00_LPC17xx.a(lpc17xx_ssp.o)
                                0x402 (size before relaxing)
 .debug_str     0x00001590      0x151 /home/joaquin/Documentos/Embebidos/Repositorio/WSN-LSE/CMSISv2p00_LPC17xx/Debug/libCMSISv2p00_LPC17xx.a(system_LPC17xx.o)
                                0x286 (size before relaxing)
 .debug_str     0x000016e1       0xcb /home/joaquin/Documentos/Embebidos/Repositorio/WSN-LSE/CMSISv2p00_LPC17xx/Debug/libCMSISv2p00_LPC17xx.a(lpc17xx_clkpwr.o)
                                0x39b (size before relaxing)
 .debug_str     0x000017ac       0x37 /home/joaquin/Documentos/Embebidos/Repositorio/WSN-LSE/CMSISv2p00_LPC17xx/Debug/libCMSISv2p00_LPC17xx.a(lpc17xx_libcfg_default.o)
                                0x122 (size before relaxing)
 .debug_str     0x000017e3       0xe8 /home/joaquin/Documentos/Embebidos/Repositorio/WSN-LSE/CMSISv2p10_DSPLIB_CM3/lib/libCMSISv2p10_DSPLIB_CM3.a(arm_mat_inverse_f32.o)
                                0x267 (size before relaxing)
 .debug_str     0x000018cb       0x80 /home/joaquin/Documentos/Embebidos/Repositorio/WSN-LSE/CMSISv2p10_DSPLIB_CM3/lib/libCMSISv2p10_DSPLIB_CM3.a(arm_mat_mult_f32.o)
                                0x234 (size before relaxing)
 .debug_str     0x0000194b       0x5b /home/joaquin/Documentos/Embebidos/Repositorio/WSN-LSE/CMSISv2p10_DSPLIB_CM3/lib/libCMSISv2p10_DSPLIB_CM3.a(arm_mat_trans_f32.o)
                                0x214 (size before relaxing)
 .debug_str     0x000019a6       0xb0 /usr/local/lpcxpresso_4.2.3_255/lpcxpresso/tools/bin/../lib/gcc/arm-none-eabi/4.5.1/../../../../arm-none-eabi/lib/thumb2/libcr_newlib_semihost.a(_cr_sbrk.o)
                                0x145 (size before relaxing)
 .debug_str     0x00001a56      0x2f0 /usr/local/lpcxpresso_4.2.3_255/lpcxpresso/tools/bin/../lib/gcc/arm-none-eabi/4.5.1/../../../../arm-none-eabi/lib/thumb2/libcr_newlib_semihost.a(syscalls.o)
                                0x40b (size before relaxing)
 .debug_str     0x00001d46       0x3b /usr/local/lpcxpresso_4.2.3_255/lpcxpresso/tools/bin/../lib/gcc/arm-none-eabi/4.5.1/../../../../arm-none-eabi/lib/thumb2/libcr_newlib_semihost.a(_cr_check_heap.o)
                                 0xd1 (size before relaxing)

.comment        0x00000000       0x2a
 .comment       0x00000000       0x2a ./src/cc2520-mac.o
                                 0x2b (size before relaxing)
 .comment       0x00000000       0x2b ./src/cc2520.o
 .comment       0x00000000       0x2b ./src/cr_startup_lpc176x.o
 .comment       0x00000000       0x2b ./src/fijo.o
 .comment       0x00000000       0x2b ./src/main.o
 .comment       0x00000000       0x2b ./src/movil.o
 .comment       0x00000000       0x2b ./src/rssi.o
 .comment       0x00000000       0x2b /home/joaquin/Documentos/Embebidos/Repositorio/WSN-LSE/CMSISv2p00_LPC17xx/Debug/libCMSISv2p00_LPC17xx.a(lpc17xx_gpio.o)
 .comment       0x00000000       0x2b /home/joaquin/Documentos/Embebidos/Repositorio/WSN-LSE/CMSISv2p00_LPC17xx/Debug/libCMSISv2p00_LPC17xx.a(lpc17xx_pinsel.o)
 .comment       0x00000000       0x2b /home/joaquin/Documentos/Embebidos/Repositorio/WSN-LSE/CMSISv2p00_LPC17xx/Debug/libCMSISv2p00_LPC17xx.a(lpc17xx_ssp.o)
 .comment       0x00000000       0x2b /home/joaquin/Documentos/Embebidos/Repositorio/WSN-LSE/CMSISv2p00_LPC17xx/Debug/libCMSISv2p00_LPC17xx.a(system_LPC17xx.o)
 .comment       0x00000000       0x2b /home/joaquin/Documentos/Embebidos/Repositorio/WSN-LSE/CMSISv2p00_LPC17xx/Debug/libCMSISv2p00_LPC17xx.a(lpc17xx_clkpwr.o)
 .comment       0x00000000       0x2b /home/joaquin/Documentos/Embebidos/Repositorio/WSN-LSE/CMSISv2p00_LPC17xx/Debug/libCMSISv2p00_LPC17xx.a(lpc17xx_libcfg_default.o)
 .comment       0x00000000       0x2b /home/joaquin/Documentos/Embebidos/Repositorio/WSN-LSE/CMSISv2p10_DSPLIB_CM3/lib/libCMSISv2p10_DSPLIB_CM3.a(arm_mat_inverse_f32.o)
 .comment       0x00000000       0x2b /home/joaquin/Documentos/Embebidos/Repositorio/WSN-LSE/CMSISv2p10_DSPLIB_CM3/lib/libCMSISv2p10_DSPLIB_CM3.a(arm_mat_mult_f32.o)
 .comment       0x00000000       0x2b /home/joaquin/Documentos/Embebidos/Repositorio/WSN-LSE/CMSISv2p10_DSPLIB_CM3/lib/libCMSISv2p10_DSPLIB_CM3.a(arm_mat_trans_f32.o)
 .comment       0x00000000       0x2b /usr/local/lpcxpresso_4.2.3_255/lpcxpresso/tools/bin/../lib/gcc/arm-none-eabi/4.5.1/../../../../arm-none-eabi/lib/thumb2/libcr_newlib_semihost.a(_cr_sbrk.o)
 .comment       0x00000000       0x2b /usr/local/lpcxpresso_4.2.3_255/lpcxpresso/tools/bin/../lib/gcc/arm-none-eabi/4.5.1/../../../../arm-none-eabi/lib/thumb2/libcr_newlib_semihost.a(syscalls.o)
 .comment       0x00000000       0x2b /usr/local/lpcxpresso_4.2.3_255/lpcxpresso/tools/bin/../lib/gcc/arm-none-eabi/4.5.1/../../../../arm-none-eabi/lib/thumb2/libcr_newlib_semihost.a(_cr_check_heap.o)

.ARM.attributes
                0x00000000       0x31
 .ARM.attributes
                0x00000000       0x31 ./src/cc2520-mac.o
 .ARM.attributes
                0x00000031       0x31 ./src/cc2520.o
 .ARM.attributes
                0x00000062       0x31 ./src/cr_startup_lpc176x.o
 .ARM.attributes
                0x00000093       0x31 ./src/fijo.o
 .ARM.attributes
                0x000000c4       0x31 ./src/main.o
 .ARM.attributes
                0x000000f5       0x31 ./src/movil.o
 .ARM.attributes
                0x00000126       0x31 ./src/rssi.o
 .ARM.attributes
                0x00000157       0x31 /home/joaquin/Documentos/Embebidos/Repositorio/WSN-LSE/CMSISv2p00_LPC17xx/Debug/libCMSISv2p00_LPC17xx.a(lpc17xx_gpio.o)
 .ARM.attributes
                0x00000188       0x31 /home/joaquin/Documentos/Embebidos/Repositorio/WSN-LSE/CMSISv2p00_LPC17xx/Debug/libCMSISv2p00_LPC17xx.a(lpc17xx_pinsel.o)
 .ARM.attributes
                0x000001b9       0x31 /home/joaquin/Documentos/Embebidos/Repositorio/WSN-LSE/CMSISv2p00_LPC17xx/Debug/libCMSISv2p00_LPC17xx.a(lpc17xx_ssp.o)
 .ARM.attributes
                0x000001ea       0x31 /home/joaquin/Documentos/Embebidos/Repositorio/WSN-LSE/CMSISv2p00_LPC17xx/Debug/libCMSISv2p00_LPC17xx.a(system_LPC17xx.o)
 .ARM.attributes
                0x0000021b       0x31 /home/joaquin/Documentos/Embebidos/Repositorio/WSN-LSE/CMSISv2p00_LPC17xx/Debug/libCMSISv2p00_LPC17xx.a(lpc17xx_clkpwr.o)
 .ARM.attributes
                0x0000024c       0x31 /home/joaquin/Documentos/Embebidos/Repositorio/WSN-LSE/CMSISv2p00_LPC17xx/Debug/libCMSISv2p00_LPC17xx.a(lpc17xx_libcfg_default.o)
 .ARM.attributes
                0x0000027d       0x31 /home/joaquin/Documentos/Embebidos/Repositorio/WSN-LSE/CMSISv2p10_DSPLIB_CM3/lib/libCMSISv2p10_DSPLIB_CM3.a(arm_mat_inverse_f32.o)
 .ARM.attributes
                0x000002ae       0x31 /home/joaquin/Documentos/Embebidos/Repositorio/WSN-LSE/CMSISv2p10_DSPLIB_CM3/lib/libCMSISv2p10_DSPLIB_CM3.a(arm_mat_mult_f32.o)
 .ARM.attributes
                0x000002df       0x31 /home/joaquin/Documentos/Embebidos/Repositorio/WSN-LSE/CMSISv2p10_DSPLIB_CM3/lib/libCMSISv2p10_DSPLIB_CM3.a(arm_mat_trans_f32.o)
 .ARM.attributes
                0x00000310       0x1b /usr/local/lpcxpresso_4.2.3_255/lpcxpresso/tools/bin/../lib/gcc/arm-none-eabi/4.5.1/thumb2/libgcc.a(_arm_addsubdf3.o)
 .ARM.attributes
                0x0000032b       0x1b /usr/local/lpcxpresso_4.2.3_255/lpcxpresso/tools/bin/../lib/gcc/arm-none-eabi/4.5.1/thumb2/libgcc.a(_arm_muldivdf3.o)
 .ARM.attributes
                0x00000346       0x1b /usr/local/lpcxpresso_4.2.3_255/lpcxpresso/tools/bin/../lib/gcc/arm-none-eabi/4.5.1/thumb2/libgcc.a(_arm_truncdfsf2.o)
 .ARM.attributes
                0x00000361       0x1b /usr/local/lpcxpresso_4.2.3_255/lpcxpresso/tools/bin/../lib/gcc/arm-none-eabi/4.5.1/thumb2/libgcc.a(_arm_addsubsf3.o)
 .ARM.attributes
                0x0000037c       0x1b /usr/local/lpcxpresso_4.2.3_255/lpcxpresso/tools/bin/../lib/gcc/arm-none-eabi/4.5.1/thumb2/libgcc.a(_arm_muldivsf3.o)
 .ARM.attributes
                0x00000397       0x1b /usr/local/lpcxpresso_4.2.3_255/lpcxpresso/tools/bin/../lib/gcc/arm-none-eabi/4.5.1/thumb2/libgcc.a(_arm_cmpsf2.o)
 .ARM.attributes
                0x000003b2       0x1b /usr/local/lpcxpresso_4.2.3_255/lpcxpresso/tools/bin/../lib/gcc/arm-none-eabi/4.5.1/thumb2/libgcc.a(_aeabi_uldivmod.o)
 .ARM.attributes
                0x000003cd       0x29 /usr/local/lpcxpresso_4.2.3_255/lpcxpresso/tools/bin/../lib/gcc/arm-none-eabi/4.5.1/thumb2/libgcc.a(bpabi.o)
 .ARM.attributes
                0x000003f6       0x1b /usr/local/lpcxpresso_4.2.3_255/lpcxpresso/tools/bin/../lib/gcc/arm-none-eabi/4.5.1/thumb2/libgcc.a(_dvmd_tls.o)
 .ARM.attributes
                0x00000411       0x29 /usr/local/lpcxpresso_4.2.3_255/lpcxpresso/tools/bin/../lib/gcc/arm-none-eabi/4.5.1/thumb2/libgcc.a(_divdi3.o)
 .ARM.attributes
                0x0000043a       0x29 /usr/local/lpcxpresso_4.2.3_255/lpcxpresso/tools/bin/../lib/gcc/arm-none-eabi/4.5.1/thumb2/libgcc.a(_udivdi3.o)
 .ARM.attributes
                0x00000463       0x1b /usr/local/lpcxpresso_4.2.3_255/lpcxpresso/tools/bin/../lib/gcc/arm-none-eabi/4.5.1/thumb2/libgcc.a(_udivsi3.o)
 .ARM.attributes
                0x0000047e       0x29 /usr/local/lpcxpresso_4.2.3_255/lpcxpresso/tools/bin/../lib/gcc/arm-none-eabi/4.5.1/../../../../arm-none-eabi/lib/thumb2/libc.a(lib_a-memcpy.o)
 .ARM.attributes
                0x000004a7       0x29 /usr/local/lpcxpresso_4.2.3_255/lpcxpresso/tools/bin/../lib/gcc/arm-none-eabi/4.5.1/../../../../arm-none-eabi/lib/thumb2/libc.a(lib_a-printf.o)
 .ARM.attributes
                0x000004d0       0x29 /usr/local/lpcxpresso_4.2.3_255/lpcxpresso/tools/bin/../lib/gcc/arm-none-eabi/4.5.1/../../../../arm-none-eabi/lib/thumb2/libc.a(lib_a-vfprintf.o)
 .ARM.attributes
                0x000004f9       0x29 /usr/local/lpcxpresso_4.2.3_255/lpcxpresso/tools/bin/../lib/gcc/arm-none-eabi/4.5.1/../../../../arm-none-eabi/lib/thumb2/libc.a(lib_a-wsetup.o)
 .ARM.attributes
                0x00000522       0x29 /usr/local/lpcxpresso_4.2.3_255/lpcxpresso/tools/bin/../lib/gcc/arm-none-eabi/4.5.1/../../../../arm-none-eabi/lib/thumb2/libc.a(lib_a-dtoa.o)
 .ARM.attributes
                0x0000054b       0x29 /usr/local/lpcxpresso_4.2.3_255/lpcxpresso/tools/bin/../lib/gcc/arm-none-eabi/4.5.1/../../../../arm-none-eabi/lib/thumb2/libc.a(lib_a-fflush.o)
 .ARM.attributes
                0x00000574       0x29 /usr/local/lpcxpresso_4.2.3_255/lpcxpresso/tools/bin/../lib/gcc/arm-none-eabi/4.5.1/../../../../arm-none-eabi/lib/thumb2/libc.a(lib_a-findfp.o)
 .ARM.attributes
                0x0000059d       0x29 /usr/local/lpcxpresso_4.2.3_255/lpcxpresso/tools/bin/../lib/gcc/arm-none-eabi/4.5.1/../../../../arm-none-eabi/lib/thumb2/libc.a(lib_a-freer.o)
 .ARM.attributes
                0x000005c6       0x29 /usr/local/lpcxpresso_4.2.3_255/lpcxpresso/tools/bin/../lib/gcc/arm-none-eabi/4.5.1/../../../../arm-none-eabi/lib/thumb2/libc.a(lib_a-fwalk.o)
 .ARM.attributes
                0x000005ef       0x29 /usr/local/lpcxpresso_4.2.3_255/lpcxpresso/tools/bin/../lib/gcc/arm-none-eabi/4.5.1/../../../../arm-none-eabi/lib/thumb2/libc.a(lib_a-impure.o)
 .ARM.attributes
                0x00000618       0x29 /usr/local/lpcxpresso_4.2.3_255/lpcxpresso/tools/bin/../lib/gcc/arm-none-eabi/4.5.1/../../../../arm-none-eabi/lib/thumb2/libc.a(lib_a-locale.o)
 .ARM.attributes
                0x00000641       0x29 /usr/local/lpcxpresso_4.2.3_255/lpcxpresso/tools/bin/../lib/gcc/arm-none-eabi/4.5.1/../../../../arm-none-eabi/lib/thumb2/libc.a(lib_a-makebuf.o)
 .ARM.attributes
                0x0000066a       0x29 /usr/local/lpcxpresso_4.2.3_255/lpcxpresso/tools/bin/../lib/gcc/arm-none-eabi/4.5.1/../../../../arm-none-eabi/lib/thumb2/libc.a(lib_a-malloc.o)
 .ARM.attributes
                0x00000693       0x29 /usr/local/lpcxpresso_4.2.3_255/lpcxpresso/tools/bin/../lib/gcc/arm-none-eabi/4.5.1/../../../../arm-none-eabi/lib/thumb2/libc.a(lib_a-mallocr.o)
 .ARM.attributes
                0x000006bc       0x29 /usr/local/lpcxpresso_4.2.3_255/lpcxpresso/tools/bin/../lib/gcc/arm-none-eabi/4.5.1/../../../../arm-none-eabi/lib/thumb2/libc.a(lib_a-memchr.o)
 .ARM.attributes
                0x000006e5       0x29 /usr/local/lpcxpresso_4.2.3_255/lpcxpresso/tools/bin/../lib/gcc/arm-none-eabi/4.5.1/../../../../arm-none-eabi/lib/thumb2/libc.a(lib_a-memset.o)
 .ARM.attributes
                0x0000070e       0x29 /usr/local/lpcxpresso_4.2.3_255/lpcxpresso/tools/bin/../lib/gcc/arm-none-eabi/4.5.1/../../../../arm-none-eabi/lib/thumb2/libc.a(lib_a-mlock.o)
 .ARM.attributes
                0x00000737       0x29 /usr/local/lpcxpresso_4.2.3_255/lpcxpresso/tools/bin/../lib/gcc/arm-none-eabi/4.5.1/../../../../arm-none-eabi/lib/thumb2/libc.a(lib_a-mprec.o)
 .ARM.attributes
                0x00000760       0x29 /usr/local/lpcxpresso_4.2.3_255/lpcxpresso/tools/bin/../lib/gcc/arm-none-eabi/4.5.1/../../../../arm-none-eabi/lib/thumb2/libc.a(lib_a-s_fpclassify.o)
 .ARM.attributes
                0x00000789       0x29 /usr/local/lpcxpresso_4.2.3_255/lpcxpresso/tools/bin/../lib/gcc/arm-none-eabi/4.5.1/../../../../arm-none-eabi/lib/thumb2/libc.a(lib_a-sbrkr.o)
 .ARM.attributes
                0x000007b2       0x29 /usr/local/lpcxpresso_4.2.3_255/lpcxpresso/tools/bin/../lib/gcc/arm-none-eabi/4.5.1/../../../../arm-none-eabi/lib/thumb2/libc.a(lib_a-stdio.o)
 .ARM.attributes
                0x000007db       0x29 /usr/local/lpcxpresso_4.2.3_255/lpcxpresso/tools/bin/../lib/gcc/arm-none-eabi/4.5.1/../../../../arm-none-eabi/lib/thumb2/libc.a(lib_a-strcmp.o)
 .ARM.attributes
                0x00000804       0x29 /usr/local/lpcxpresso_4.2.3_255/lpcxpresso/tools/bin/../lib/gcc/arm-none-eabi/4.5.1/../../../../arm-none-eabi/lib/thumb2/libc.a(lib_a-strlen.o)
 .ARM.attributes
                0x0000082d       0x29 /usr/local/lpcxpresso_4.2.3_255/lpcxpresso/tools/bin/../lib/gcc/arm-none-eabi/4.5.1/../../../../arm-none-eabi/lib/thumb2/libc.a(lib_a-vfiprintf.o)
 .ARM.attributes
                0x00000856       0x29 /usr/local/lpcxpresso_4.2.3_255/lpcxpresso/tools/bin/../lib/gcc/arm-none-eabi/4.5.1/../../../../arm-none-eabi/lib/thumb2/libc.a(lib_a-writer.o)
 .ARM.attributes
                0x0000087f       0x29 /usr/local/lpcxpresso_4.2.3_255/lpcxpresso/tools/bin/../lib/gcc/arm-none-eabi/4.5.1/../../../../arm-none-eabi/lib/thumb2/libc.a(lib_a-callocr.o)
 .ARM.attributes
                0x000008a8       0x29 /usr/local/lpcxpresso_4.2.3_255/lpcxpresso/tools/bin/../lib/gcc/arm-none-eabi/4.5.1/../../../../arm-none-eabi/lib/thumb2/libc.a(lib_a-closer.o)
 .ARM.attributes
                0x000008d1       0x29 /usr/local/lpcxpresso_4.2.3_255/lpcxpresso/tools/bin/../lib/gcc/arm-none-eabi/4.5.1/../../../../arm-none-eabi/lib/thumb2/libc.a(lib_a-fclose.o)
 .ARM.attributes
                0x000008fa       0x29 /usr/local/lpcxpresso_4.2.3_255/lpcxpresso/tools/bin/../lib/gcc/arm-none-eabi/4.5.1/../../../../arm-none-eabi/lib/thumb2/libc.a(lib_a-fputwc.o)
 .ARM.attributes
                0x00000923       0x29 /usr/local/lpcxpresso_4.2.3_255/lpcxpresso/tools/bin/../lib/gcc/arm-none-eabi/4.5.1/../../../../arm-none-eabi/lib/thumb2/libc.a(lib_a-fstatr.o)
 .ARM.attributes
                0x0000094c       0x29 /usr/local/lpcxpresso_4.2.3_255/lpcxpresso/tools/bin/../lib/gcc/arm-none-eabi/4.5.1/../../../../arm-none-eabi/lib/thumb2/libc.a(lib_a-fvwrite.o)
 .ARM.attributes
                0x00000975       0x29 /usr/local/lpcxpresso_4.2.3_255/lpcxpresso/tools/bin/../lib/gcc/arm-none-eabi/4.5.1/../../../../arm-none-eabi/lib/thumb2/libc.a(lib_a-isattyr.o)
 .ARM.attributes
                0x0000099e       0x29 /usr/local/lpcxpresso_4.2.3_255/lpcxpresso/tools/bin/../lib/gcc/arm-none-eabi/4.5.1/../../../../arm-none-eabi/lib/thumb2/libc.a(lib_a-lseekr.o)
 .ARM.attributes
                0x000009c7       0x29 /usr/local/lpcxpresso_4.2.3_255/lpcxpresso/tools/bin/../lib/gcc/arm-none-eabi/4.5.1/../../../../arm-none-eabi/lib/thumb2/libc.a(lib_a-memmove.o)
 .ARM.attributes
                0x000009f0       0x29 /usr/local/lpcxpresso_4.2.3_255/lpcxpresso/tools/bin/../lib/gcc/arm-none-eabi/4.5.1/../../../../arm-none-eabi/lib/thumb2/libc.a(lib_a-readr.o)
 .ARM.attributes
                0x00000a19       0x29 /usr/local/lpcxpresso_4.2.3_255/lpcxpresso/tools/bin/../lib/gcc/arm-none-eabi/4.5.1/../../../../arm-none-eabi/lib/thumb2/libc.a(lib_a-reallocr.o)
 .ARM.attributes
                0x00000a42       0x29 /usr/local/lpcxpresso_4.2.3_255/lpcxpresso/tools/bin/../lib/gcc/arm-none-eabi/4.5.1/../../../../arm-none-eabi/lib/thumb2/libc.a(lib_a-reent.o)
 .ARM.attributes
                0x00000a6b       0x29 /usr/local/lpcxpresso_4.2.3_255/lpcxpresso/tools/bin/../lib/gcc/arm-none-eabi/4.5.1/../../../../arm-none-eabi/lib/thumb2/libc.a(lib_a-wbuf.o)
 .ARM.attributes
                0x00000a94       0x29 /usr/local/lpcxpresso_4.2.3_255/lpcxpresso/tools/bin/../lib/gcc/arm-none-eabi/4.5.1/../../../../arm-none-eabi/lib/thumb2/libc.a(lib_a-wcrtomb.o)
 .ARM.attributes
                0x00000abd       0x29 /usr/local/lpcxpresso_4.2.3_255/lpcxpresso/tools/bin/../lib/gcc/arm-none-eabi/4.5.1/../../../../arm-none-eabi/lib/thumb2/libc.a(lib_a-wctomb_r.o)
 .ARM.attributes
                0x00000ae6       0x29 /usr/local/lpcxpresso_4.2.3_255/lpcxpresso/tools/bin/../lib/gcc/arm-none-eabi/4.5.1/../../../../arm-none-eabi/lib/thumb2/libm.a(lib_a-w_exp.o)
 .ARM.attributes
                0x00000b0f       0x29 /usr/local/lpcxpresso_4.2.3_255/lpcxpresso/tools/bin/../lib/gcc/arm-none-eabi/4.5.1/../../../../arm-none-eabi/lib/thumb2/libm.a(lib_a-w_pow.o)
 .ARM.attributes
                0x00000b38       0x29 /usr/local/lpcxpresso_4.2.3_255/lpcxpresso/tools/bin/../lib/gcc/arm-none-eabi/4.5.1/../../../../arm-none-eabi/lib/thumb2/libm.a(lib_a-w_sqrt.o)
 .ARM.attributes
                0x00000b61       0x29 /usr/local/lpcxpresso_4.2.3_255/lpcxpresso/tools/bin/../lib/gcc/arm-none-eabi/4.5.1/../../../../arm-none-eabi/lib/thumb2/libm.a(lib_a-wf_sqrt.o)
 .ARM.attributes
                0x00000b8a       0x29 /usr/local/lpcxpresso_4.2.3_255/lpcxpresso/tools/bin/../lib/gcc/arm-none-eabi/4.5.1/../../../../arm-none-eabi/lib/thumb2/libm.a(lib_a-e_exp.o)
 .ARM.attributes
                0x00000bb3       0x29 /usr/local/lpcxpresso_4.2.3_255/lpcxpresso/tools/bin/../lib/gcc/arm-none-eabi/4.5.1/../../../../arm-none-eabi/lib/thumb2/libm.a(lib_a-e_pow.o)
 .ARM.attributes
                0x00000bdc       0x29 /usr/local/lpcxpresso_4.2.3_255/lpcxpresso/tools/bin/../lib/gcc/arm-none-eabi/4.5.1/../../../../arm-none-eabi/lib/thumb2/libm.a(lib_a-e_sqrt.o)
 .ARM.attributes
                0x00000c05       0x29 /usr/local/lpcxpresso_4.2.3_255/lpcxpresso/tools/bin/../lib/gcc/arm-none-eabi/4.5.1/../../../../arm-none-eabi/lib/thumb2/libm.a(lib_a-ef_sqrt.o)
 .ARM.attributes
                0x00000c2e       0x29 /usr/local/lpcxpresso_4.2.3_255/lpcxpresso/tools/bin/../lib/gcc/arm-none-eabi/4.5.1/../../../../arm-none-eabi/lib/thumb2/libm.a(lib_a-s_fabs.o)
 .ARM.attributes
                0x00000c57       0x29 /usr/local/lpcxpresso_4.2.3_255/lpcxpresso/tools/bin/../lib/gcc/arm-none-eabi/4.5.1/../../../../arm-none-eabi/lib/thumb2/libm.a(lib_a-s_finite.o)
 .ARM.attributes
                0x00000c80       0x29 /usr/local/lpcxpresso_4.2.3_255/lpcxpresso/tools/bin/../lib/gcc/arm-none-eabi/4.5.1/../../../../arm-none-eabi/lib/thumb2/libm.a(lib_a-s_lib_ver.o)
 .ARM.attributes
                0x00000ca9       0x29 /usr/local/lpcxpresso_4.2.3_255/lpcxpresso/tools/bin/../lib/gcc/arm-none-eabi/4.5.1/../../../../arm-none-eabi/lib/thumb2/libm.a(lib_a-s_matherr.o)
 .ARM.attributes
                0x00000cd2       0x29 /usr/local/lpcxpresso_4.2.3_255/lpcxpresso/tools/bin/../lib/gcc/arm-none-eabi/4.5.1/../../../../arm-none-eabi/lib/thumb2/libm.a(lib_a-s_nan.o)
 .ARM.attributes
                0x00000cfb       0x29 /usr/local/lpcxpresso_4.2.3_255/lpcxpresso/tools/bin/../lib/gcc/arm-none-eabi/4.5.1/../../../../arm-none-eabi/lib/thumb2/libm.a(lib_a-s_rint.o)
 .ARM.attributes
                0x00000d24       0x29 /usr/local/lpcxpresso_4.2.3_255/lpcxpresso/tools/bin/../lib/gcc/arm-none-eabi/4.5.1/../../../../arm-none-eabi/lib/thumb2/libm.a(lib_a-s_scalbn.o)
 .ARM.attributes
                0x00000d4d       0x29 /usr/local/lpcxpresso_4.2.3_255/lpcxpresso/tools/bin/../lib/gcc/arm-none-eabi/4.5.1/../../../../arm-none-eabi/lib/thumb2/libm.a(lib_a-sf_fpclassify.o)
 .ARM.attributes
                0x00000d76       0x29 /usr/local/lpcxpresso_4.2.3_255/lpcxpresso/tools/bin/../lib/gcc/arm-none-eabi/4.5.1/../../../../arm-none-eabi/lib/thumb2/libm.a(lib_a-s_copysign.o)
 .ARM.attributes
                0x00000d9f       0x31 /usr/local/lpcxpresso_4.2.3_255/lpcxpresso/tools/bin/../lib/gcc/arm-none-eabi/4.5.1/../../../../arm-none-eabi/lib/thumb2/libcr_newlib_semihost.a(_cr_sbrk.o)
 .ARM.attributes
                0x00000dd0       0x31 /usr/local/lpcxpresso_4.2.3_255/lpcxpresso/tools/bin/../lib/gcc/arm-none-eabi/4.5.1/../../../../arm-none-eabi/lib/thumb2/libcr_newlib_semihost.a(syscalls.o)
 .ARM.attributes
                0x00000e01       0x31 /usr/local/lpcxpresso_4.2.3_255/lpcxpresso/tools/bin/../lib/gcc/arm-none-eabi/4.5.1/../../../../arm-none-eabi/lib/thumb2/libcr_newlib_semihost.a(_cr_check_heap.o)
 .ARM.attributes
                0x00000e32       0x1b /usr/local/lpcxpresso_4.2.3_255/lpcxpresso/tools/bin/../lib/gcc/arm-none-eabi/4.5.1/thumb2/libgcc.a(_arm_cmpdf2.o)
 .ARM.attributes
                0x00000e4d       0x1b /usr/local/lpcxpresso_4.2.3_255/lpcxpresso/tools/bin/../lib/gcc/arm-none-eabi/4.5.1/thumb2/libgcc.a(_arm_fixdfsi.o)
 .ARM.attributes
                0x00000e68       0x29 /usr/local/lpcxpresso_4.2.3_255/lpcxpresso/tools/bin/../lib/gcc/arm-none-eabi/4.5.1/../../../../arm-none-eabi/lib/thumb2/libc.a(lib_a-errno.o)

.debug_frame    0x00000000     0x2050
 .debug_frame   0x00000000      0x1cc ./src/cc2520-mac.o
 .debug_frame   0x000001cc       0xbc ./src/cc2520.o
 .debug_frame   0x00000288       0xf0 ./src/cr_startup_lpc176x.o
 .debug_frame   0x00000378       0x34 ./src/fijo.o
 .debug_frame   0x000003ac       0xe0 ./src/main.o
 .debug_frame   0x0000048c       0xcc ./src/movil.o
 .debug_frame   0x00000558       0xdc ./src/rssi.o
 .debug_frame   0x00000634      0x270 /home/joaquin/Documentos/Embebidos/Repositorio/WSN-LSE/CMSISv2p00_LPC17xx/Debug/libCMSISv2p00_LPC17xx.a(lpc17xx_gpio.o)
 .debug_frame   0x000008a4       0x4c /home/joaquin/Documentos/Embebidos/Repositorio/WSN-LSE/CMSISv2p00_LPC17xx/Debug/libCMSISv2p00_LPC17xx.a(lpc17xx_pinsel.o)
 .debug_frame   0x000008f0      0x1e0 /home/joaquin/Documentos/Embebidos/Repositorio/WSN-LSE/CMSISv2p00_LPC17xx/Debug/libCMSISv2p00_LPC17xx.a(lpc17xx_ssp.o)
 .debug_frame   0x00000ad0       0x3c /home/joaquin/Documentos/Embebidos/Repositorio/WSN-LSE/CMSISv2p00_LPC17xx/Debug/libCMSISv2p00_LPC17xx.a(system_LPC17xx.o)
 .debug_frame   0x00000b0c       0xa0 /home/joaquin/Documentos/Embebidos/Repositorio/WSN-LSE/CMSISv2p00_LPC17xx/Debug/libCMSISv2p00_LPC17xx.a(lpc17xx_clkpwr.o)
 .debug_frame   0x00000bac       0x20 /home/joaquin/Documentos/Embebidos/Repositorio/WSN-LSE/CMSISv2p00_LPC17xx/Debug/libCMSISv2p00_LPC17xx.a(lpc17xx_libcfg_default.o)
 .debug_frame   0x00000bcc       0x3c /home/joaquin/Documentos/Embebidos/Repositorio/WSN-LSE/CMSISv2p10_DSPLIB_CM3/lib/libCMSISv2p10_DSPLIB_CM3.a(arm_mat_inverse_f32.o)
 .debug_frame   0x00000c08       0x3c /home/joaquin/Documentos/Embebidos/Repositorio/WSN-LSE/CMSISv2p10_DSPLIB_CM3/lib/libCMSISv2p10_DSPLIB_CM3.a(arm_mat_mult_f32.o)
 .debug_frame   0x00000c44       0x38 /home/joaquin/Documentos/Embebidos/Repositorio/WSN-LSE/CMSISv2p10_DSPLIB_CM3/lib/libCMSISv2p10_DSPLIB_CM3.a(arm_mat_trans_f32.o)
 .debug_frame   0x00000c7c       0x50 /usr/local/lpcxpresso_4.2.3_255/lpcxpresso/tools/bin/../lib/gcc/arm-none-eabi/4.5.1/thumb2/libgcc.a(bpabi.o)
 .debug_frame   0x00000ccc       0x3c /usr/local/lpcxpresso_4.2.3_255/lpcxpresso/tools/bin/../lib/gcc/arm-none-eabi/4.5.1/thumb2/libgcc.a(_divdi3.o)
 .debug_frame   0x00000d08       0x3c /usr/local/lpcxpresso_4.2.3_255/lpcxpresso/tools/bin/../lib/gcc/arm-none-eabi/4.5.1/thumb2/libgcc.a(_udivdi3.o)
 .debug_frame   0x00000d44       0x20 /usr/local/lpcxpresso_4.2.3_255/lpcxpresso/tools/bin/../lib/gcc/arm-none-eabi/4.5.1/thumb2/libgcc.a(_udivsi3.o)
 .debug_frame   0x00000d64       0x30 /usr/local/lpcxpresso_4.2.3_255/lpcxpresso/tools/bin/../lib/gcc/arm-none-eabi/4.5.1/../../../../arm-none-eabi/lib/thumb2/libc.a(lib_a-memcpy.o)
 .debug_frame   0x00000d94       0x5c /usr/local/lpcxpresso_4.2.3_255/lpcxpresso/tools/bin/../lib/gcc/arm-none-eabi/4.5.1/../../../../arm-none-eabi/lib/thumb2/libc.a(lib_a-printf.o)
 .debug_frame   0x00000df0       0x58 /usr/local/lpcxpresso_4.2.3_255/lpcxpresso/tools/bin/../lib/gcc/arm-none-eabi/4.5.1/../../../../arm-none-eabi/lib/thumb2/libc.a(lib_a-vfprintf.o)
 .debug_frame   0x00000e48       0x2c /usr/local/lpcxpresso_4.2.3_255/lpcxpresso/tools/bin/../lib/gcc/arm-none-eabi/4.5.1/../../../../arm-none-eabi/lib/thumb2/libc.a(lib_a-wsetup.o)
 .debug_frame   0x00000e74       0x68 /usr/local/lpcxpresso_4.2.3_255/lpcxpresso/tools/bin/../lib/gcc/arm-none-eabi/4.5.1/../../../../arm-none-eabi/lib/thumb2/libc.a(lib_a-dtoa.o)
 .debug_frame   0x00000edc       0x40 /usr/local/lpcxpresso_4.2.3_255/lpcxpresso/tools/bin/../lib/gcc/arm-none-eabi/4.5.1/../../../../arm-none-eabi/lib/thumb2/libc.a(lib_a-fflush.o)