Archive member included because of file (symbol)

/home/joaquin/Documentos/Embebidos/Repositorio/WSN-LSE/CMSISv2p00_LPC17xx/Debug/libCMSISv2p00_LPC17xx.a(lpc17xx_clkpwr.o)
                              ./src/fijo.o (CLKPWR_Sleep)
/home/joaquin/Documentos/Embebidos/Repositorio/WSN-LSE/CMSISv2p00_LPC17xx/Debug/libCMSISv2p00_LPC17xx.a(lpc17xx_gpio.o)
                              ./src/cc2520.o (GPIO_SetDir)
/home/joaquin/Documentos/Embebidos/Repositorio/WSN-LSE/CMSISv2p00_LPC17xx/Debug/libCMSISv2p00_LPC17xx.a(lpc17xx_pinsel.o)
                              ./src/cc2520.o (PINSEL_ConfigPin)
/home/joaquin/Documentos/Embebidos/Repositorio/WSN-LSE/CMSISv2p00_LPC17xx/Debug/libCMSISv2p00_LPC17xx.a(lpc17xx_ssp.o)
                              ./src/cc2520.o (SSP_Init)
/home/joaquin/Documentos/Embebidos/Repositorio/WSN-LSE/CMSISv2p00_LPC17xx/Debug/libCMSISv2p00_LPC17xx.a(lpc17xx_systick.o)
                              ./src/fijo.o (SYSTICK_Cmd)
/home/joaquin/Documentos/Embebidos/Repositorio/WSN-LSE/CMSISv2p00_LPC17xx/Debug/libCMSISv2p00_LPC17xx.a(lpc17xx_timer.o)
                              ./src/main.o (TIM_GetIntStatus)
/home/joaquin/Documentos/Embebidos/Repositorio/WSN-LSE/CMSISv2p00_LPC17xx/Debug/libCMSISv2p00_LPC17xx.a(system_LPC17xx.o)
                              ./src/cr_startup_lpc176x.o (SystemInit)
/home/joaquin/Documentos/Embebidos/Repositorio/WSN-LSE/CMSISv2p00_LPC17xx/Debug/libCMSISv2p00_LPC17xx.a(lpc17xx_libcfg_default.o)
                              /home/joaquin/Documentos/Embebidos/Repositorio/WSN-LSE/CMSISv2p00_LPC17xx/Debug/libCMSISv2p00_LPC17xx.a(lpc17xx_ssp.o) (check_failed)
/home/joaquin/Documentos/Embebidos/Repositorio/WSN-LSE/CMSISv2p10_DSPLIB_CM3/lib/libCMSISv2p10_DSPLIB_CM3.a(arm_mat_inverse_f32.o)
                              ./src/movil.o (arm_mat_inverse_f32)
/home/joaquin/Documentos/Embebidos/Repositorio/WSN-LSE/CMSISv2p10_DSPLIB_CM3/lib/libCMSISv2p10_DSPLIB_CM3.a(arm_mat_mult_f32.o)
                              ./src/movil.o (arm_mat_mult_f32)
/home/joaquin/Documentos/Embebidos/Repositorio/WSN-LSE/CMSISv2p10_DSPLIB_CM3/lib/libCMSISv2p10_DSPLIB_CM3.a(arm_mat_trans_f32.o)
                              ./src/movil.o (arm_mat_trans_f32)
/usr/local/lpcxpresso_4.2.3_255/lpcxpresso/tools/bin/../lib/gcc/arm-none-eabi/4.5.1/thumb2/libgcc.a(_arm_addsubdf3.o)
                              ./src/rssi.o (__aeabi_dadd)
/usr/local/lpcxpresso_4.2.3_255/lpcxpresso/tools/bin/../lib/gcc/arm-none-eabi/4.5.1/thumb2/libgcc.a(_arm_muldivdf3.o)
                              ./src/rssi.o (__aeabi_dmul)
/usr/local/lpcxpresso_4.2.3_255/lpcxpresso/tools/bin/../lib/gcc/arm-none-eabi/4.5.1/thumb2/libgcc.a(_arm_truncdfsf2.o)
                              ./src/movil.o (__aeabi_d2f)
/usr/local/lpcxpresso_4.2.3_255/lpcxpresso/tools/bin/../lib/gcc/arm-none-eabi/4.5.1/thumb2/libgcc.a(_arm_addsubsf3.o)
                              ./src/movil.o (__aeabi_fsub)
/usr/local/lpcxpresso_4.2.3_255/lpcxpresso/tools/bin/../lib/gcc/arm-none-eabi/4.5.1/thumb2/libgcc.a(_arm_muldivsf3.o)
                              ./src/movil.o (__aeabi_fmul)
/usr/local/lpcxpresso_4.2.3_255/lpcxpresso/tools/bin/../lib/gcc/arm-none-eabi/4.5.1/thumb2/libgcc.a(_arm_cmpsf2.o)
                              /home/joaquin/Documentos/Embebidos/Repositorio/WSN-LSE/CMSISv2p10_DSPLIB_CM3/lib/libCMSISv2p10_DSPLIB_CM3.a(arm_mat_inverse_f32.o) (__aeabi_fcmpeq)
/usr/local/lpcxpresso_4.2.3_255/lpcxpresso/tools/bin/../lib/gcc/arm-none-eabi/4.5.1/thumb2/libgcc.a(_aeabi_uldivmod.o)
                              /home/joaquin/Documentos/Embebidos/Repositorio/WSN-LSE/CMSISv2p00_LPC17xx/Debug/libCMSISv2p00_LPC17xx.a(lpc17xx_timer.o) (__aeabi_uldivmod)
/usr/local/lpcxpresso_4.2.3_255/lpcxpresso/tools/bin/../lib/gcc/arm-none-eabi/4.5.1/thumb2/libgcc.a(bpabi.o)
                              /usr/local/lpcxpresso_4.2.3_255/lpcxpresso/tools/bin/../lib/gcc/arm-none-eabi/4.5.1/thumb2/libgcc.a(_aeabi_uldivmod.o) (__gnu_uldivmod_helper)
/usr/local/lpcxpresso_4.2.3_255/lpcxpresso/tools/bin/../lib/gcc/arm-none-eabi/4.5.1/thumb2/libgcc.a(_dvmd_tls.o)
                              /usr/local/lpcxpresso_4.2.3_255/lpcxpresso/tools/bin/../lib/gcc/arm-none-eabi/4.5.1/thumb2/libgcc.a(_aeabi_uldivmod.o) (__aeabi_ldiv0)
/usr/local/lpcxpresso_4.2.3_255/lpcxpresso/tools/bin/../lib/gcc/arm-none-eabi/4.5.1/thumb2/libgcc.a(_divdi3.o)
                              /usr/local/lpcxpresso_4.2.3_255/lpcxpresso/tools/bin/../lib/gcc/arm-none-eabi/4.5.1/thumb2/libgcc.a(bpabi.o) (__divdi3)
/usr/local/lpcxpresso_4.2.3_255/lpcxpresso/tools/bin/../lib/gcc/arm-none-eabi/4.5.1/thumb2/libgcc.a(_udivdi3.o)
                              /usr/local/lpcxpresso_4.2.3_255/lpcxpresso/tools/bin/../lib/gcc/arm-none-eabi/4.5.1/thumb2/libgcc.a(bpabi.o) (__udivdi3)
/usr/local/lpcxpresso_4.2.3_255/lpcxpresso/tools/bin/../lib/gcc/arm-none-eabi/4.5.1/thumb2/libgcc.a(_udivsi3.o)
[...]
Memory Configuration

Name             Origin             Length             Attributes
MFlash512        0x00000000         0x00080000         xr
RamLoc32         0x10000000         0x00008000         xrw
RamAHB32         0x2007c000         0x00008000         xrw
*default*        0x00000000         0xffffffff

Linker script and memory map

LOAD ./src/cc2520-mac.o
LOAD ./src/cc2520.o
LOAD ./src/cr_startup_lpc176x.o
LOAD ./src/fijo.o
LOAD ./src/main.o
LOAD ./src/movil.o
LOAD ./src/rssi.o
LOAD /home/joaquin/Documentos/Embebidos/Repositorio/WSN-LSE/CMSISv2p00_LPC17xx/Debug/libCMSISv2p00_LPC17xx.a
LOAD /home/joaquin/Documentos/Embebidos/Repositorio/WSN-LSE/CMSISv2p10_DSPLIB_CM3/lib/libCMSISv2p10_DSPLIB_CM3.a
START GROUP
LOAD /usr/local/lpcxpresso_4.2.3_255/lpcxpresso/tools/bin/../lib/gcc/arm-none-eabi/4.5.1/thumb2/libgcc.a
LOAD /usr/local/lpcxpresso_4.2.3_255/lpcxpresso/tools/bin/../lib/gcc/arm-none-eabi/4.5.1/../../../../arm-none-eabi/lib/thumb2/libc.a
LOAD /usr/local/lpcxpresso_4.2.3_255/lpcxpresso/tools/bin/../lib/gcc/arm-none-eabi/4.5.1/../../../../arm-none-eabi/lib/thumb2/libm.a
LOAD /usr/local/lpcxpresso_4.2.3_255/lpcxpresso/tools/bin/../lib/gcc/arm-none-eabi/4.5.1/../../../../arm-none-eabi/lib/thumb2/libcr_newlib_semihost.a
END GROUP
                0x00080000                __top_MFlash512 = 0x80000
                0x10008000                __top_RamLoc32 = 0x10008000
                0x20084000                __top_RamAHB32 = 0x20084000

.text           0x00000000     0x2e74
 FILL mask 0xff
 *(.isr_vector)
 .isr_vector    0x00000000       0xcc ./src/cr_startup_lpc176x.o
                0x00000000                g_pfnVectors
                0x000000cc                . = ALIGN (0x4)
                0x000000cc                __section_table_start = .
                0x000000cc                __data_section_table = .
                0x000000cc        0x4 LONG 0x2e7c LOADADDR (.data)
                0x000000d0        0x4 LONG 0x10000000 ADDR (.data)
                0x000000d4        0x4 LONG 0x4 SIZEOF (.data)
                0x000000d8        0x4 LONG 0x2e7c LOADADDR (.data_RAM2)
                0x000000dc        0x4 LONG 0x2007c000 ADDR (.data_RAM2)
                0x000000e0        0x4 LONG 0x0 SIZEOF (.data_RAM2)
                0x000000e4                __data_section_table_end = .
                0x000000e4                __bss_section_table = .
                0x000000e4        0x4 LONG 0x10000008 ADDR (.bss)
                0x000000e8        0x4 LONG 0xe60 SIZEOF (.bss)
                0x000000ec        0x4 LONG 0x2007c000 ADDR (.bss_RAM2)
                0x000000f0        0x4 LONG 0x0 SIZEOF (.bss_RAM2)
                0x000000f4                __bss_section_table_end = .
                0x000000f4                __section_table_end = .
 *(.after_vectors*)
 .after_vectors
                0x000000f4       0x78 ./src/cr_startup_lpc176x.o
                0x000000f4                NMI_Handler
                0x000000f6                HardFault_Handler
                0x000000f8                MemManage_Handler
                0x000000fa                BusFault_Handler
                0x000000fc                UsageFault_Handler
                0x000000fe                SVC_Handler
                0x00000100                DebugMon_Handler
                0x00000102                PendSV_Handler
                0x00000106                data_init
                0x00000118                bss_init
                0x00000128                ResetISR
                0x00000168                TIMER2_IRQHandler
                0x00000168                RIT_IRQHandler
                0x00000168                I2C0_IRQHandler
                0x00000168                USBActivity_IRQHandler
                0x00000168                PWM1_IRQHandler
                0x00000168                I2C1_IRQHandler
                0x00000168                EINT2_IRQHandler
                0x00000168                UART1_IRQHandler
                0x00000168                CANActivity_IRQHandler
                0x00000168                TIMER3_IRQHandler
                0x00000168                UART0_IRQHandler
                0x00000168                IntDefaultHandler
                0x00000168                PLL0_IRQHandler
                0x00000168                CAN_IRQHandler
                0x00000168                PLL1_IRQHandler
                0x00000168                SSP0_IRQHandler
                0x00000168                I2S_IRQHandler
                0x00000168                I2C2_IRQHandler
                0x00000168                RTC_IRQHandler
                0x00000168                SPI_IRQHandler
                0x00000168                EINT1_IRQHandler
                0x00000168                TIMER1_IRQHandler
                0x00000168                UART2_IRQHandler
                0x00000168                ADC_IRQHandler
                0x00000168                SSP1_IRQHandler
                0x00000168                USB_IRQHandler
                0x00000168                BOD_IRQHandler
                0x00000168                WDT_IRQHandler
                0x00000168                QEI_IRQHandler
                0x00000168                EINT0_IRQHandler
                0x00000168                DMA_IRQHandler
                0x00000168                UART3_IRQHandler
                0x00000168                MCPWM_IRQHandler
                0x00000168                ENET_IRQHandler
 *(.text*)
 .text.memorycpy
                0x0000016c       0x40 ./src/cc2520-mac.o
                0x0000016c                memorycpy
 .text.ccSetLocalShortAddr
                0x000001ac       0x2c ./src/cc2520-mac.o
                0x000001ac                ccSetLocalShortAddr
 .text.ccSetLocalPANID
                0x000001d8       0x2c ./src/cc2520-mac.o
                0x000001d8                ccSetLocalPANID
 .text.ccSetLocalExtAddr
                0x00000204       0x28 ./src/cc2520-mac.o
                0x00000204                ccSetLocalExtAddr
 .text.ccWrapperFCF
                0x0000022c       0xd0 ./src/cc2520-mac.o
                0x0000022c                ccWrapperFCF
 .text.ccFrameTx
                0x000002fc      0x404 ./src/cc2520-mac.o
                0x000002fc                ccFrameTx
 .text.ccFrameRx
                0x00000700      0x30c ./src/cc2520-mac.o
                0x00000700                ccFrameRx
 .text.ccCmd    0x00000a0c      0x4a4 ./src/cc2520.o
                0x00000a0c                ccCmd
 .text.ccRegRd  0x00000eb0       0x50 ./src/cc2520.o
                0x00000eb0                ccRegRd
 .text.ccRegWr  0x00000f00       0x50 ./src/cc2520.o
                0x00000f00                ccRegWr
 .text.ccConfig
                0x00000f50      0x144 ./src/cc2520.o
                0x00000f50                ccConfig
 .text.ccInit   0x00001094      0x1e0 ./src/cc2520.o
                0x00001094                ccInit
 .text.rutina_fijo
                0x00001274      0x3ec ./src/fijo.o
                0x00001274                rutina_fijo
 .text.NVIC_EnableIRQ
                0x00001660       0x38 ./src/main.o
 .text.NVIC_SetPriority
                0x00001698       0x5c ./src/main.o
 .text.SysTick_Config
                0x000016f4       0x64 ./src/main.o
 .text.SysTick_Handler
                0x00001758       0x6c ./src/main.o
                0x00001758                SysTick_Handler
 .text.main     0x000017c4       0xf4 ./src/main.o
                0x000017c4                main
 .text.EINT3_IRQHandler
                0x000018b8       0x34 ./src/main.o
                0x000018b8                EINT3_IRQHandler
 .text.TIMER0_IRQHandler
                0x000018ec       0xb0 ./src/main.o
                0x000018ec                TIMER0_IRQHandler
 .text.CLKPWR_SetPCLKDiv
                0x0000199c       0x4c /home/joaquin/Documentos/Embebidos/Repositorio/WSN-LSE/CMSISv2p00_LPC17xx/Debug/libCMSISv2p00_LPC17xx.a(lpc17xx_clkpwr.o)
                0x0000199c                CLKPWR_SetPCLKDiv
 .text.CLKPWR_GetPCLKSEL
                0x000019e8       0x20 /home/joaquin/Documentos/Embebidos/Repositorio/WSN-LSE/CMSISv2p00_LPC17xx/Debug/libCMSISv2p00_LPC17xx.a(lpc17xx_clkpwr.o)
                0x000019e8                CLKPWR_GetPCLKSEL
 .text.CLKPWR_GetPCLK
                0x00001a08       0x20 /home/joaquin/Documentos/Embebidos/Repositorio/WSN-LSE/CMSISv2p00_LPC17xx/Debug/libCMSISv2p00_LPC17xx.a(lpc17xx_clkpwr.o)
                0x00001a08                CLKPWR_GetPCLK
 .text.CLKPWR_ConfigPPWR
                0x00001a28       0x38 /home/joaquin/Documentos/Embebidos/Repositorio/WSN-LSE/CMSISv2p00_LPC17xx/Debug/libCMSISv2p00_LPC17xx.a(lpc17xx_clkpwr.o)
                0x00001a28                CLKPWR_ConfigPPWR
 .text.CLKPWR_Sleep
                0x00001a60       0x10 /home/joaquin/Documentos/Embebidos/Repositorio/WSN-LSE/CMSISv2p00_LPC17xx/Debug/libCMSISv2p00_LPC17xx.a(lpc17xx_clkpwr.o)
                0x00001a60                CLKPWR_Sleep
 .text.GPIO_GetPointer
                0x00001a70       0x14 /home/joaquin/Documentos/Embebidos/Repositorio/WSN-LSE/CMSISv2p00_LPC17xx/Debug/libCMSISv2p00_LPC17xx.a(lpc17xx_gpio.o)
 .text.GPIO_SetDir
                0x00001a84       0x20 /home/joaquin/Documentos/Embebidos/Repositorio/WSN-LSE/CMSISv2p00_LPC17xx/Debug/libCMSISv2p00_LPC17xx.a(lpc17xx_gpio.o)
                0x00001a84                GPIO_SetDir
 .text.GPIO_SetValue
                0x00001aa4        0xe /home/joaquin/Documentos/Embebidos/Repositorio/WSN-LSE/CMSISv2p00_LPC17xx/Debug/libCMSISv2p00_LPC17xx.a(lpc17xx_gpio.o)
                0x00001aa4                GPIO_SetValue
 .text.GPIO_ClearValue
                0x00001ab2        0xe /home/joaquin/Documentos/Embebidos/Repositorio/WSN-LSE/CMSISv2p00_LPC17xx/Debug/libCMSISv2p00_LPC17xx.a(lpc17xx_gpio.o)
                0x00001ab2                GPIO_ClearValue
 .text.GPIO_IntCmd
                0x00001ac0       0x30 /home/joaquin/Documentos/Embebidos/Repositorio/WSN-LSE/CMSISv2p00_LPC17xx/Debug/libCMSISv2p00_LPC17xx.a(lpc17xx_gpio.o)
                0x00001ac0                GPIO_IntCmd
 .text.GPIO_ClearInt
                0x00001af0       0x18 /home/joaquin/Documentos/Embebidos/Repositorio/WSN-LSE/CMSISv2p00_LPC17xx/Debug/libCMSISv2p00_LPC17xx.a(lpc17xx_gpio.o)
                0x00001af0                GPIO_ClearInt
 .text.PINSEL_ConfigPin
                0x00001b08       0x94 /home/joaquin/Documentos/Embebidos/Repositorio/WSN-LSE/CMSISv2p00_LPC17xx/Debug/libCMSISv2p00_LPC17xx.a(lpc17xx_pinsel.o)
                0x00001b08                PINSEL_ConfigPin
 .text.SSP_Init
                0x00001b9c       0xcc /home/joaquin/Documentos/Embebidos/Repositorio/WSN-LSE/CMSISv2p00_LPC17xx/Debug/libCMSISv2p00_LPC17xx.a(lpc17xx_ssp.o)
                0x00001b9c                SSP_Init
 .text.SSP_GetDataSize
                0x00001c68       0x2c /home/joaquin/Documentos/Embebidos/Repositorio/WSN-LSE/CMSISv2p00_LPC17xx/Debug/libCMSISv2p00_LPC17xx.a(lpc17xx_ssp.o)
                0x00001c68                SSP_GetDataSize
 .text.SSP_Cmd  0x00001c94       0x48 /home/joaquin/Documentos/Embebidos/Repositorio/WSN-LSE/CMSISv2p00_LPC17xx/Debug/libCMSISv2p00_LPC17xx.a(lpc17xx_ssp.o)
                0x00001c94                SSP_Cmd
 .text.SSP_SendData
                0x00001cdc       0x2c /home/joaquin/Documentos/Embebidos/Repositorio/WSN-LSE/CMSISv2p00_LPC17xx/Debug/libCMSISv2p00_LPC17xx.a(lpc17xx_ssp.o)
                0x00001cdc                SSP_SendData
 .text.SSP_ReceiveData
                0x00001d08       0x2c /home/joaquin/Documentos/Embebidos/Repositorio/WSN-LSE/CMSISv2p00_LPC17xx/Debug/libCMSISv2p00_LPC17xx.a(lpc17xx_ssp.o)
                0x00001d08                SSP_ReceiveData
 .text.SSP_ReadWrite
                0x00001d34      0x1b2 /home/joaquin/Documentos/Embebidos/Repositorio/WSN-LSE/CMSISv2p00_LPC17xx/Debug/libCMSISv2p00_LPC17xx.a(lpc17xx_ssp.o)
                0x00001d34                SSP_ReadWrite
 *fill*         0x00001ee6        0x2 00
 .text.SYSTICK_Cmd
                0x00001ee8       0x30 /home/joaquin/Documentos/Embebidos/Repositorio/WSN-LSE/CMSISv2p00_LPC17xx/Debug/libCMSISv2p00_LPC17xx.a(lpc17xx_systick.o)
                0x00001ee8                SYSTICK_Cmd
 .text.TIM_GetIntStatus
                0x00001f18       0x5c /home/joaquin/Documentos/Embebidos/Repositorio/WSN-LSE/CMSISv2p00_LPC17xx/Debug/libCMSISv2p00_LPC17xx.a(lpc17xx_timer.o)
                0x00001f18                TIM_GetIntStatus
 .text.TIM_ClearIntPending
                0x00001f74       0x50 /home/joaquin/Documentos/Embebidos/Repositorio/WSN-LSE/CMSISv2p00_LPC17xx/Debug/libCMSISv2p00_LPC17xx.a(lpc17xx_timer.o)
                0x00001f74                TIM_ClearIntPending
 .text.TIM_Init
                0x00001fc4      0x150 /home/joaquin/Documentos/Embebidos/Repositorio/WSN-LSE/CMSISv2p00_LPC17xx/Debug/libCMSISv2p00_LPC17xx.a(lpc17xx_timer.o)
                0x00001fc4                TIM_Init
 .text.TIM_Cmd  0x00002114       0x50 /home/joaquin/Documentos/Embebidos/Repositorio/WSN-LSE/CMSISv2p00_LPC17xx/Debug/libCMSISv2p00_LPC17xx.a(lpc17xx_timer.o)
                0x00002114                TIM_Cmd
 .text.TIM_ConfigMatch
                0x00002164       0xfc /home/joaquin/Documentos/Embebidos/Repositorio/WSN-LSE/CMSISv2p00_LPC17xx/Debug/libCMSISv2p00_LPC17xx.a(lpc17xx_timer.o)
                0x00002164                TIM_ConfigMatch
 .text.SystemInit
                0x00002260       0xe4 /home/joaquin/Documentos/Embebidos/Repositorio/WSN-LSE/CMSISv2p00_LPC17xx/Debug/libCMSISv2p00_LPC17xx.a(system_LPC17xx.o)
                0x00002260                SystemInit
 .text.check_failed
                0x00002344        0x2 /home/joaquin/Documentos/Embebidos/Repositorio/WSN-LSE/CMSISv2p00_LPC17xx/Debug/libCMSISv2p00_LPC17xx.a(lpc17xx_libcfg_default.o)
                0x00002344                check_failed
 *fill*         0x00002346        0x2 00
 .text          0x00002348       0x2c /usr/local/lpcxpresso_4.2.3_255/lpcxpresso/tools/bin/../lib/gcc/arm-none-eabi/4.5.1/thumb2/libgcc.a(_aeabi_uldivmod.o)
                0x00002348                __aeabi_uldivmod
 .text          0x00002374       0x60 /usr/local/lpcxpresso_4.2.3_255/lpcxpresso/tools/bin/../lib/gcc/arm-none-eabi/4.5.1/thumb2/libgcc.a(bpabi.o)
                0x00002374                __gnu_ldivmod_helper
                0x000023a4                __gnu_uldivmod_helper
 .text          0x000023d4        0x4 /usr/local/lpcxpresso_4.2.3_255/lpcxpresso/tools/bin/../lib/gcc/arm-none-eabi/4.5.1/thumb2/libgcc.a(_dvmd_tls.o)
                0x000023d4                __aeabi_ldiv0
                0x000023d4                __aeabi_idiv0
 .text          0x000023d8      0x364 /usr/local/lpcxpresso_4.2.3_255/lpcxpresso/tools/bin/../lib/gcc/arm-none-eabi/4.5.1/thumb2/libgcc.a(_divdi3.o)
                0x000023d8                __divdi3
 .text          0x0000273c      0x314 /usr/local/lpcxpresso_4.2.3_255/lpcxpresso/tools/bin/../lib/gcc/arm-none-eabi/4.5.1/thumb2/libgcc.a(_udivdi3.o)
                0x0000273c                __udivdi3
 .text          0x00002a50      0x278 /usr/local/lpcxpresso_4.2.3_255/lpcxpresso/tools/bin/../lib/gcc/arm-none-eabi/4.5.1/thumb2/libgcc.a(_udivsi3.o)
                0x00002a50                __udivsi3
                0x00002a50                __aeabi_uidiv
                0x00002cac                __aeabi_uidivmod
 .text          0x00002cc8      0x150 /usr/local/lpcxpresso_4.2.3_255/lpcxpresso/tools/bin/../lib/gcc/arm-none-eabi/4.5.1/../../../../arm-none-eabi/lib/thumb2/libc.a(lib_a-memcpy.o)
                0x00002cc8                memcpy
 *(.rodata .rodata.*)
 .rodata.CSWTCH.6
                0x00002e18       0x14 /home/joaquin/Documentos/Embebidos/Repositorio/WSN-LSE/CMSISv2p00_LPC17xx/Debug/libCMSISv2p00_LPC17xx.a(lpc17xx_gpio.o)
 .rodata.str1.1
                0x00002e2c       0x15 /home/joaquin/Documentos/Embebidos/Repositorio/WSN-LSE/CMSISv2p00_LPC17xx/Debug/libCMSISv2p00_LPC17xx.a(lpc17xx_ssp.o)
 .rodata.str1.1
                0x00002e41       0x19 /home/joaquin/Documentos/Embebidos/Repositorio/WSN-LSE/CMSISv2p00_LPC17xx/Debug/libCMSISv2p00_LPC17xx.a(lpc17xx_systick.o)
 .rodata.str1.1
                0x00002e5a       0x17 /home/joaquin/Documentos/Embebidos/Repositorio/WSN-LSE/CMSISv2p00_LPC17xx/Debug/libCMSISv2p00_LPC17xx.a(lpc17xx_timer.o)
                0x00002e74                . = ALIGN (0x4)
 *fill*         0x00002e71        0x3 ff

.glue_7         0x00002e74        0x0
 .glue_7        0x00000000        0x0 linker stubs

.glue_7t        0x00002e74        0x0
 .glue_7t       0x00000000        0x0 linker stubs

.vfp11_veneer   0x00002e74        0x0
 .vfp11_veneer  0x00000000        0x0 linker stubs

.v4_bx          0x00002e74        0x0
 .v4_bx         0x00000000        0x0 linker stubs

.ARM.extab
 *(.ARM.extab* .gnu.linkonce.armextab.*)
                0x00002e74                __exidx_start = .

.ARM.exidx      0x00002e74        0x8
 *(.ARM.exidx* .gnu.linkonce.armexidx.*)
 .ARM.exidx     0x00002e74        0x8 /usr/local/lpcxpresso_4.2.3_255/lpcxpresso/tools/bin/../lib/gcc/arm-none-eabi/4.5.1/thumb2/libgcc.a(_divdi3.o)
 .ARM.exidx     0x00002e7c        0x0 /usr/local/lpcxpresso_4.2.3_255/lpcxpresso/tools/bin/../lib/gcc/arm-none-eabi/4.5.1/thumb2/libgcc.a(_udivdi3.o)
                                  0x8 (size before relaxing)
                0x00002e7c                __exidx_end = .
                0x00002e7c                _etext = .

.data_RAM2      0x2007c000        0x0 load address 0x00002e7c
 FILL mask 0xff
 *(.data.$RAM2*)
 *(.data.$RamAHB32*)
                0x2007c000                . = ALIGN (0x4)

.uninit_RESERVED
 *(.bss.$RESERVED*)

.data           0x10000000        0x4 load address 0x00002e7c
 FILL mask 0xff
                0x10000000                _data = .
 *(vtable)
 *(.data*)
 .data.SystemCoreClock
                0x10000000        0x4 /home/joaquin/Documentos/Embebidos/Repositorio/WSN-LSE/CMSISv2p00_LPC17xx/Debug/libCMSISv2p00_LPC17xx.a(system_LPC17xx.o)
                0x10000000                SystemCoreClock
                0x10000004                . = ALIGN (0x4)
                0x10000004                _edata = .

.bss_RAM2       0x2007c000        0x0
 *(.bss.$RAM2*)
 *(.bss.$RamAHB32*)
                0x2007c000                . = ALIGN (0x4)

.bss            0x10000008      0xe60
                0x10000008                _bss = .
 *(.bss*)
 *(COMMON)
 COMMON         0x10000008      0xe58 ./src/cc2520-mac.o
                0x10000008                sec_num
                0x10000010                d_rx
                0x100000c0                mje_nuevo
                0x100000c8                d_tx
                0x10000178                mje_simulado
                0x1000017c                tabla
 COMMON         0x10000e60        0x8 ./src/main.o
                0x10000e60                pausecont
                0x10000e64                ledcont
                0x10000e68                . = ALIGN (0x4)
                0x10000e68                _ebss = .
                0x10000e68                PROVIDE (end, .)
                0x10000e68                PROVIDE (_pvHeapStart, .)
                0x10008000                PROVIDE (_vStackTop, (__top_RamLoc32 - 0x0))
OUTPUT(WSN-Embebidos.axf elf32-littlearm)

.debug_abbrev   0x00000000     0x1e0c
 .debug_abbrev  0x00000000      0x176 ./src/cc2520-mac.o
 .debug_abbrev  0x00000176      0x1ce ./src/cc2520.o
 .debug_abbrev  0x00000344      0x10f ./src/cr_startup_lpc176x.o
 .debug_abbrev  0x00000453      0x17b ./src/fijo.o
 .debug_abbrev  0x000005ce      0x209 ./src/main.o
 .debug_abbrev  0x000007d7      0x211 ./src/movil.o
 .debug_abbrev  0x000009e8      0x173 ./src/rssi.o
 .debug_abbrev  0x00000b5b      0x1b0 /home/joaquin/Documentos/Embebidos/Repositorio/WSN-LSE/CMSISv2p00_LPC17xx/Debug/libCMSISv2p00_LPC17xx.a(lpc17xx_clkpwr.o)
 .debug_abbrev  0x00000d0b      0x237 /home/joaquin/Documentos/Embebidos/Repositorio/WSN-LSE/CMSISv2p00_LPC17xx/Debug/libCMSISv2p00_LPC17xx.a(lpc17xx_gpio.o)
 .debug_abbrev  0x00000f42      0x1a0 /home/joaquin/Documentos/Embebidos/Repositorio/WSN-LSE/CMSISv2p00_LPC17xx/Debug/libCMSISv2p00_LPC17xx.a(lpc17xx_pinsel.o)
 .debug_abbrev  0x000010e2      0x201 /home/joaquin/Documentos/Embebidos/Repositorio/WSN-LSE/CMSISv2p00_LPC17xx/Debug/libCMSISv2p00_LPC17xx.a(lpc17xx_ssp.o)
 .debug_abbrev  0x000012e3      0x118 /home/joaquin/Documentos/Embebidos/Repositorio/WSN-LSE/CMSISv2p00_LPC17xx/Debug/libCMSISv2p00_LPC17xx.a(lpc17xx_systick.o)
 .debug_abbrev  0x000013fb      0x23a /home/joaquin/Documentos/Embebidos/Repositorio/WSN-LSE/CMSISv2p00_LPC17xx/Debug/libCMSISv2p00_LPC17xx.a(lpc17xx_timer.o)
 .debug_abbrev  0x00001635       0xe3 /home/joaquin/Documentos/Embebidos/Repositorio/WSN-LSE/CMSISv2p00_LPC17xx/Debug/libCMSISv2p00_LPC17xx.a(system_LPC17xx.o)
 .debug_abbrev  0x00001718       0x6a /home/joaquin/Documentos/Embebidos/Repositorio/WSN-LSE/CMSISv2p00_LPC17xx/Debug/libCMSISv2p00_LPC17xx.a(lpc17xx_libcfg_default.o)
 .debug_abbrev  0x00001782       0xdd /home/joaquin/Documentos/Embebidos/Repositorio/WSN-LSE/CMSISv2p10_DSPLIB_CM3/lib/libCMSISv2p10_DSPLIB_CM3.a(arm_mat_inverse_f32.o)
 .debug_abbrev  0x0000185f      0x117 /home/joaquin/Documentos/Embebidos/Repositorio/WSN-LSE/CMSISv2p10_DSPLIB_CM3/lib/libCMSISv2p10_DSPLIB_CM3.a(arm_mat_mult_f32.o)
 .debug_abbrev  0x00001976       0xfd /home/joaquin/Documentos/Embebidos/Repositorio/WSN-LSE/CMSISv2p10_DSPLIB_CM3/lib/libCMSISv2p10_DSPLIB_CM3.a(arm_mat_trans_f32.o)
 .debug_abbrev  0x00001a73       0xa8 /usr/local/lpcxpresso_4.2.3_255/lpcxpresso/tools/bin/../lib/gcc/arm-none-eabi/4.5.1/../../../../arm-none-eabi/lib/thumb2/libcr_newlib_semihost.a(_cr_sbrk.o)
 .debug_abbrev  0x00001b1b      0x27f /usr/local/lpcxpresso_4.2.3_255/lpcxpresso/tools/bin/../lib/gcc/arm-none-eabi/4.5.1/../../../../arm-none-eabi/lib/thumb2/libcr_newlib_semihost.a(syscalls.o)
 .debug_abbrev  0x00001d9a       0x72 /usr/local/lpcxpresso_4.2.3_255/lpcxpresso/tools/bin/../lib/gcc/arm-none-eabi/4.5.1/../../../../arm-none-eabi/lib/thumb2/libcr_newlib_semihost.a(_cr_check_heap.o)

.debug_info     0x00000000     0x7757
 .debug_info    0x00000000      0x6e9 ./src/cc2520-mac.o
 .debug_info    0x000006e9      0x9d4 ./src/cc2520.o
 .debug_info    0x000010bd      0x2e3 ./src/cr_startup_lpc176x.o
 .debug_info    0x000013a0      0x4f0 ./src/fijo.o
 .debug_info    0x00001890      0xbb3 ./src/main.o
 .debug_info    0x00002443      0x778 ./src/movil.o
 .debug_info    0x00002bbb      0x54a ./src/rssi.o
 .debug_info    0x00003105      0x6dc /home/joaquin/Documentos/Embebidos/Repositorio/WSN-LSE/CMSISv2p00_LPC17xx/Debug/libCMSISv2p00_LPC17xx.a(lpc17xx_clkpwr.o)
 .debug_info    0x000037e1      0xe30 /home/joaquin/Documentos/Embebidos/Repositorio/WSN-LSE/CMSISv2p00_LPC17xx/Debug/libCMSISv2p00_LPC17xx.a(lpc17xx_gpio.o)
 .debug_info    0x00004611      0x544 /home/joaquin/Documentos/Embebidos/Repositorio/WSN-LSE/CMSISv2p00_LPC17xx/Debug/libCMSISv2p00_LPC17xx.a(lpc17xx_pinsel.o)
 .debug_info    0x00004b55      0x7d7 /home/joaquin/Documentos/Embebidos/Repositorio/WSN-LSE/CMSISv2p00_LPC17xx/Debug/libCMSISv2p00_LPC17xx.a(lpc17xx_ssp.o)
 .debug_info    0x0000532c      0x25a /home/joaquin/Documentos/Embebidos/Repositorio/WSN-LSE/CMSISv2p00_LPC17xx/Debug/libCMSISv2p00_LPC17xx.a(lpc17xx_systick.o)
 .debug_info    0x00005586      0x900 /home/joaquin/Documentos/Embebidos/Repositorio/WSN-LSE/CMSISv2p00_LPC17xx/Debug/libCMSISv2p00_LPC17xx.a(lpc17xx_timer.o)
 .debug_info    0x00005e86      0x38f /home/joaquin/Documentos/Embebidos/Repositorio/WSN-LSE/CMSISv2p00_LPC17xx/Debug/libCMSISv2p00_LPC17xx.a(system_LPC17xx.o)
 .debug_info    0x00006215       0xca /home/joaquin/Documentos/Embebidos/Repositorio/WSN-LSE/CMSISv2p00_LPC17xx/Debug/libCMSISv2p00_LPC17xx.a(lpc17xx_libcfg_default.o)
 .debug_info    0x000062df      0x2ab /home/joaquin/Documentos/Embebidos/Repositorio/WSN-LSE/CMSISv2p10_DSPLIB_CM3/lib/libCMSISv2p10_DSPLIB_CM3.a(arm_mat_inverse_f32.o)
 .debug_info    0x0000658a      0x242 /home/joaquin/Documentos/Embebidos/Repositorio/WSN-LSE/CMSISv2p10_DSPLIB_CM3/lib/libCMSISv2p10_DSPLIB_CM3.a(arm_mat_mult_f32.o)
 .debug_info    0x000067cc      0x1e4 /home/joaquin/Documentos/Embebidos/Repositorio/WSN-LSE/CMSISv2p10_DSPLIB_CM3/lib/libCMSISv2p10_DSPLIB_CM3.a(arm_mat_trans_f32.o)
 .debug_info    0x000069b0      0x106 /usr/local/lpcxpresso_4.2.3_255/lpcxpresso/tools/bin/../lib/gcc/arm-none-eabi/4.5.1/../../../../arm-none-eabi/lib/thumb2/libcr_newlib_semihost.a(_cr_sbrk.o)
 .debug_info    0x00006ab6      0xbec /usr/local/lpcxpresso_4.2.3_255/lpcxpresso/tools/bin/../lib/gcc/arm-none-eabi/4.5.1/../../../../arm-none-eabi/lib/thumb2/libcr_newlib_semihost.a(syscalls.o)
 .debug_info    0x000076a2       0xb5 /usr/local/lpcxpresso_4.2.3_255/lpcxpresso/tools/bin/../lib/gcc/arm-none-eabi/4.5.1/../../../../arm-none-eabi/lib/thumb2/libcr_newlib_semihost.a(_cr_check_heap.o)

.debug_line     0x00000000     0x7cd3
 .debug_line    0x00000000      0xa81 ./src/cc2520-mac.o
 .debug_line    0x00000a81      0xa45 ./src/cc2520.o
 .debug_line    0x000014c6      0x2fa ./src/cr_startup_lpc176x.o
 .debug_line    0x000017c0      0x952 ./src/fijo.o
 .debug_line    0x00002112      0x9b3 ./src/main.o
 .debug_line    0x00002ac5      0x9f2 ./src/movil.o
 .debug_line    0x000034b7      0x9be ./src/rssi.o
 .debug_line    0x00003e75      0x493 /home/joaquin/Documentos/Embebidos/Repositorio/WSN-LSE/CMSISv2p00_LPC17xx/Debug/libCMSISv2p00_LPC17xx.a(lpc17xx_clkpwr.o)
 .debug_line    0x00004308      0x61f /home/joaquin/Documentos/Embebidos/Repositorio/WSN-LSE/CMSISv2p00_LPC17xx/Debug/libCMSISv2p00_LPC17xx.a(lpc17xx_gpio.o)
 .debug_line    0x00004927      0x3f9 /home/joaquin/Documentos/Embebidos/Repositorio/WSN-LSE/CMSISv2p00_LPC17xx/Debug/libCMSISv2p00_LPC17xx.a(lpc17xx_pinsel.o)
 .debug_line    0x00004d20      0x740 /home/joaquin/Documentos/Embebidos/Repositorio/WSN-LSE/CMSISv2p00_LPC17xx/Debug/libCMSISv2p00_LPC17xx.a(lpc17xx_ssp.o)
 .debug_line    0x00005460      0x46c /home/joaquin/Documentos/Embebidos/Repositorio/WSN-LSE/CMSISv2p00_LPC17xx/Debug/libCMSISv2p00_LPC17xx.a(lpc17xx_systick.o)
 .debug_line    0x000058cc      0x6a0 /home/joaquin/Documentos/Embebidos/Repositorio/WSN-LSE/CMSISv2p00_LPC17xx/Debug/libCMSISv2p00_LPC17xx.a(lpc17xx_timer.o)
 .debug_line    0x00005f6c      0x3e7 /home/joaquin/Documentos/Embebidos/Repositorio/WSN-LSE/CMSISv2p00_LPC17xx/Debug/libCMSISv2p00_LPC17xx.a(system_LPC17xx.o)
 .debug_line    0x00006353      0x35b /home/joaquin/Documentos/Embebidos/Repositorio/WSN-LSE/CMSISv2p00_LPC17xx/Debug/libCMSISv2p00_LPC17xx.a(lpc17xx_libcfg_default.o)
 .debug_line    0x000066ae      0x65c /home/joaquin/Documentos/Embebidos/Repositorio/WSN-LSE/CMSISv2p10_DSPLIB_CM3/lib/libCMSISv2p10_DSPLIB_CM3.a(arm_mat_inverse_f32.o)
 .debug_line    0x00006d0a      0x531 /home/joaquin/Documentos/Embebidos/Repositorio/WSN-LSE/CMSISv2p10_DSPLIB_CM3/lib/libCMSISv2p10_DSPLIB_CM3.a(arm_mat_mult_f32.o)
 .debug_line    0x0000723b      0x535 /home/joaquin/Documentos/Embebidos/Repositorio/WSN-LSE/CMSISv2p10_DSPLIB_CM3/lib/libCMSISv2p10_DSPLIB_CM3.a(arm_mat_trans_f32.o)
 .debug_line    0x00007770       0xc0 /usr/local/lpcxpresso_4.2.3_255/lpcxpresso/tools/bin/../lib/gcc/arm-none-eabi/4.5.1/../../../../arm-none-eabi/lib/thumb2/libcr_newlib_semihost.a(_cr_sbrk.o)
 .debug_line    0x00007830      0x44f /usr/local/lpcxpresso_4.2.3_255/lpcxpresso/tools/bin/../lib/gcc/arm-none-eabi/4.5.1/../../../../arm-none-eabi/lib/thumb2/libcr_newlib_semihost.a(syscalls.o)
 .debug_line    0x00007c7f       0x54 /usr/local/lpcxpresso_4.2.3_255/lpcxpresso/tools/bin/../lib/gcc/arm-none-eabi/4.5.1/../../../../arm-none-eabi/lib/thumb2/libcr_newlib_semihost.a(_cr_check_heap.o)

.debug_macinfo  0x00000000    0xa375f
 .debug_macinfo
                0x00000000     0xe7a2 ./src/cc2520-mac.o
 .debug_macinfo
                0x0000e7a2     0xe7a2 ./src/cc2520.o
 .debug_macinfo
                0x0001cf44     0x204f ./src/cr_startup_lpc176x.o
 .debug_macinfo
                0x0001ef93     0xe7aa ./src/fijo.o
 .debug_macinfo
                0x0002d73d     0xe7a2 ./src/main.o
 .debug_macinfo
                0x0003bedf     0xe7a6 ./src/movil.o
 .debug_macinfo
                0x0004a685     0xe847 ./src/rssi.o
 .debug_macinfo
                0x00058ecc     0x8b29 /home/joaquin/Documentos/Embebidos/Repositorio/WSN-LSE/CMSISv2p00_LPC17xx/Debug/libCMSISv2p00_LPC17xx.a(lpc17xx_clkpwr.o)
 .debug_macinfo
                0x000619f5     0x7be6 /home/joaquin/Documentos/Embebidos/Repositorio/WSN-LSE/CMSISv2p00_LPC17xx/Debug/libCMSISv2p00_LPC17xx.a(lpc17xx_gpio.o)
 .debug_macinfo
                0x000695db     0x7d04 /home/joaquin/Documentos/Embebidos/Repositorio/WSN-LSE/CMSISv2p00_LPC17xx/Debug/libCMSISv2p00_LPC17xx.a(lpc17xx_pinsel.o)
 .debug_macinfo
                0x000712df     0x9df1 /home/joaquin/Documentos/Embebidos/Repositorio/WSN-LSE/CMSISv2p00_LPC17xx/Debug/libCMSISv2p00_LPC17xx.a(lpc17xx_ssp.o)
 .debug_macinfo
                0x0007b0d0     0x8ea1 /home/joaquin/Documentos/Embebidos/Repositorio/WSN-LSE/CMSISv2p00_LPC17xx/Debug/libCMSISv2p00_LPC17xx.a(lpc17xx_systick.o)
 .debug_macinfo
                0x00083f71     0x9a00 /home/joaquin/Documentos/Embebidos/Repositorio/WSN-LSE/CMSISv2p00_LPC17xx/Debug/libCMSISv2p00_LPC17xx.a(lpc17xx_timer.o)
 .debug_macinfo
                0x0008d971     0x792b /home/joaquin/Documentos/Embebidos/Repositorio/WSN-LSE/CMSISv2p00_LPC17xx/Debug/libCMSISv2p00_LPC17xx.a(system_LPC17xx.o)
 .debug_macinfo
                0x0009529c     0x3417 /home/joaquin/Documentos/Embebidos/Repositorio/WSN-LSE/CMSISv2p00_LPC17xx/Debug/libCMSISv2p00_LPC17xx.a(lpc17xx_libcfg_default.o)
 .debug_macinfo
                0x000986b3     0x3ae4 /home/joaquin/Documentos/Embebidos/Repositorio/WSN-LSE/CMSISv2p10_DSPLIB_CM3/lib/libCMSISv2p10_DSPLIB_CM3.a(arm_mat_inverse_f32.o)
 .debug_macinfo
                0x0009c197     0x3ae4 /home/joaquin/Documentos/Embebidos/Repositorio/WSN-LSE/CMSISv2p10_DSPLIB_CM3/lib/libCMSISv2p10_DSPLIB_CM3.a(arm_mat_mult_f32.o)
 .debug_macinfo
                0x0009fc7b     0x3ae4 /home/joaquin/Documentos/Embebidos/Repositorio/WSN-LSE/CMSISv2p10_DSPLIB_CM3/lib/libCMSISv2p10_DSPLIB_CM3.a(arm_mat_trans_f32.o)

.debug_loc      0x00000000     0x3647
 .debug_loc     0x00000000      0x320 ./src/cc2520-mac.o
 .debug_loc     0x00000320      0x11c ./src/cc2520.o
 .debug_loc     0x0000043c      0x1b8 ./src/cr_startup_lpc176x.o
 .debug_loc     0x000005f4       0x3a ./src/fijo.o
 .debug_loc     0x0000062e      0x1d4 ./src/main.o
 .debug_loc     0x00000802      0x12b ./src/movil.o
 .debug_loc     0x0000092d      0x154 ./src/rssi.o
 .debug_loc     0x00000a81      0x1a9 /home/joaquin/Documentos/Embebidos/Repositorio/WSN-LSE/CMSISv2p00_LPC17xx/Debug/libCMSISv2p00_LPC17xx.a(lpc17xx_clkpwr.o)
 .debug_loc     0x00000c2a      0x695 /home/joaquin/Documentos/Embebidos/Repositorio/WSN-LSE/CMSISv2p00_LPC17xx/Debug/libCMSISv2p00_LPC17xx.a(lpc17xx_gpio.o)
 .debug_loc     0x000012bf      0x17d /home/joaquin/Documentos/Embebidos/Repositorio/WSN-LSE/CMSISv2p00_LPC17xx/Debug/libCMSISv2p00_LPC17xx.a(lpc17xx_pinsel.o)
 .debug_loc     0x0000143c      0x858 /home/joaquin/Documentos/Embebidos/Repositorio/WSN-LSE/CMSISv2p00_LPC17xx/Debug/libCMSISv2p00_LPC17xx.a(lpc17xx_ssp.o)
 .debug_loc     0x00001c94      0x10b /home/joaquin/Documentos/Embebidos/Repositorio/WSN-LSE/CMSISv2p00_LPC17xx/Debug/libCMSISv2p00_LPC17xx.a(lpc17xx_systick.o)
 .debug_loc     0x00001d9f      0x4de /home/joaquin/Documentos/Embebidos/Repositorio/WSN-LSE/CMSISv2p00_LPC17xx/Debug/libCMSISv2p00_LPC17xx.a(lpc17xx_timer.o)
 .debug_loc     0x0000227d       0x20 /home/joaquin/Documentos/Embebidos/Repositorio/WSN-LSE/CMSISv2p00_LPC17xx/Debug/libCMSISv2p00_LPC17xx.a(system_LPC17xx.o)
 .debug_loc     0x0000229d      0x4a3 /home/joaquin/Documentos/Embebidos/Repositorio/WSN-LSE/CMSISv2p10_DSPLIB_CM3/lib/libCMSISv2p10_DSPLIB_CM3.a(arm_mat_inverse_f32.o)
 .debug_loc     0x00002740      0x26e /home/joaquin/Documentos/Embebidos/Repositorio/WSN-LSE/CMSISv2p10_DSPLIB_CM3/lib/libCMSISv2p10_DSPLIB_CM3.a(arm_mat_mult_f32.o)
 .debug_loc     0x000029ae      0x1b7 /home/joaquin/Documentos/Embebidos/Repositorio/WSN-LSE/CMSISv2p10_DSPLIB_CM3/lib/libCMSISv2p10_DSPLIB_CM3.a(arm_mat_trans_f32.o)
 .debug_loc     0x00002b65       0x55 /usr/local/lpcxpresso_4.2.3_255/lpcxpresso/tools/bin/../lib/gcc/arm-none-eabi/4.5.1/../../../../arm-none-eabi/lib/thumb2/libcr_newlib_semihost.a(_cr_sbrk.o)
 .debug_loc     0x00002bba      0xa64 /usr/local/lpcxpresso_4.2.3_255/lpcxpresso/tools/bin/../lib/gcc/arm-none-eabi/4.5.1/../../../../arm-none-eabi/lib/thumb2/libcr_newlib_semihost.a(syscalls.o)
 .debug_loc     0x0000361e       0x29 /usr/local/lpcxpresso_4.2.3_255/lpcxpresso/tools/bin/../lib/gcc/arm-none-eabi/4.5.1/../../../../arm-none-eabi/lib/thumb2/libcr_newlib_semihost.a(_cr_check_heap.o)

.debug_pubnames
                0x00000000      0xe64
 .debug_pubnames
                0x00000000      0x16c ./src/cc2520-mac.o
 .debug_pubnames
                0x0000016c       0x93 ./src/cc2520.o
 .debug_pubnames
                0x000001ff      0x115 ./src/cr_startup_lpc176x.o
 .debug_pubnames
                0x00000314       0x69 ./src/fijo.o
 .debug_pubnames
                0x0000037d       0xd4 ./src/main.o
 .debug_pubnames
                0x00000451       0x9b ./src/movil.o
 .debug_pubnames
                0x000004ec       0xbe ./src/rssi.o
 .debug_pubnames
                0x000005aa       0xbb /home/joaquin/Documentos/Embebidos/Repositorio/WSN-LSE/CMSISv2p00_LPC17xx/Debug/libCMSISv2p00_LPC17xx.a(lpc17xx_clkpwr.o)
 .debug_pubnames
                0x00000665      0x203 /home/joaquin/Documentos/Embebidos/Repositorio/WSN-LSE/CMSISv2p00_LPC17xx/Debug/libCMSISv2p00_LPC17xx.a(lpc17xx_gpio.o)
 .debug_pubnames
                0x00000868       0x59 /home/joaquin/Documentos/Embebidos/Repositorio/WSN-LSE/CMSISv2p00_LPC17xx/Debug/libCMSISv2p00_LPC17xx.a(lpc17xx_pinsel.o)
 .debug_pubnames
                0x000008c1      0x15c /home/joaquin/Documentos/Embebidos/Repositorio/WSN-LSE/CMSISv2p00_LPC17xx/Debug/libCMSISv2p00_LPC17xx.a(lpc17xx_ssp.o)
 .debug_pubnames
                0x00000a1d       0xa0 /home/joaquin/Documentos/Embebidos/Repositorio/WSN-LSE/CMSISv2p00_LPC17xx/Debug/libCMSISv2p00_LPC17xx.a(lpc17xx_systick.o)
 .debug_pubnames
                0x00000abd      0x12b /home/joaquin/Documentos/Embebidos/Repositorio/WSN-LSE/CMSISv2p00_LPC17xx/Debug/libCMSISv2p00_LPC17xx.a(lpc17xx_timer.o)
 .debug_pubnames
                0x00000be8       0x4f /home/joaquin/Documentos/Embebidos/Repositorio/WSN-LSE/CMSISv2p00_LPC17xx/Debug/libCMSISv2p00_LPC17xx.a(system_LPC17xx.o)
 .debug_pubnames
                0x00000c37       0x23 /home/joaquin/Documentos/Embebidos/Repositorio/WSN-LSE/CMSISv2p00_LPC17xx/Debug/libCMSISv2p00_LPC17xx.a(lpc17xx_libcfg_default.o)
 .debug_pubnames
                0x00000c5a       0x2a /home/joaquin/Documentos/Embebidos/Repositorio/WSN-LSE/CMSISv2p10_DSPLIB_CM3/lib/libCMSISv2p10_DSPLIB_CM3.a(arm_mat_inverse_f32.o)
 .debug_pubnames
                0x00000c84       0x27 /home/joaquin/Documentos/Embebidos/Repositorio/WSN-LSE/CMSISv2p10_DSPLIB_CM3/lib/libCMSISv2p10_DSPLIB_CM3.a(arm_mat_mult_f32.o)
 .debug_pubnames
                0x00000cab       0x28 /home/joaquin/Documentos/Embebidos/Repositorio/WSN-LSE/CMSISv2p10_DSPLIB_CM3/lib/libCMSISv2p10_DSPLIB_CM3.a(arm_mat_trans_f32.o)
 .debug_pubnames
                0x00000cd3       0x2e /usr/local/lpcxpresso_4.2.3_255/lpcxpresso/tools/bin/../lib/gcc/arm-none-eabi/4.5.1/../../../../arm-none-eabi/lib/thumb2/libcr_newlib_semihost.a(_cr_sbrk.o)
 .debug_pubnames
                0x00000d01      0x129 /usr/local/lpcxpresso_4.2.3_255/lpcxpresso/tools/bin/../lib/gcc/arm-none-eabi/4.5.1/../../../../arm-none-eabi/lib/thumb2/libcr_newlib_semihost.a(syscalls.o)
 .debug_pubnames
                0x00000e2a       0x3a /usr/local/lpcxpresso_4.2.3_255/lpcxpresso/tools/bin/../lib/gcc/arm-none-eabi/4.5.1/../../../../arm-none-eabi/lib/thumb2/libcr_newlib_semihost.a(_cr_check_heap.o)

.debug_pubtypes
                0x00000000      0xc04
 .debug_pubtypes
                0x00000000       0xe0 ./src/cc2520-mac.o
 .debug_pubtypes
                0x000000e0      0x119 ./src/cc2520.o
 .debug_pubtypes
                0x000001f9       0x12 ./src/cr_startup_lpc176x.o
 .debug_pubtypes
                0x0000020b       0xc7 ./src/fijo.o
 .debug_pubtypes
                0x000002d2      0x136 ./src/main.o
 .debug_pubtypes
                0x00000408       0xee ./src/movil.o
 .debug_pubtypes
                0x000004f6       0xc1 ./src/rssi.o
 .debug_pubtypes
                0x000005b7       0x6b /home/joaquin/Documentos/Embebidos/Repositorio/WSN-LSE/CMSISv2p00_LPC17xx/Debug/libCMSISv2p00_LPC17xx.a(lpc17xx_clkpwr.o)
 .debug_pubtypes
                0x00000622       0xb5 /home/joaquin/Documentos/Embebidos/Repositorio/WSN-LSE/CMSISv2p00_LPC17xx/Debug/libCMSISv2p00_LPC17xx.a(lpc17xx_gpio.o)
 .debug_pubtypes
                0x000006d7       0x76 /home/joaquin/Documentos/Embebidos/Repositorio/WSN-LSE/CMSISv2p00_LPC17xx/Debug/libCMSISv2p00_LPC17xx.a(lpc17xx_pinsel.o)
 .debug_pubtypes
                0x0000074d       0xc8 /home/joaquin/Documentos/Embebidos/Repositorio/WSN-LSE/CMSISv2p00_LPC17xx/Debug/libCMSISv2p00_LPC17xx.a(lpc17xx_ssp.o)
 .debug_pubtypes
                0x00000815       0x5c /home/joaquin/Documentos/Embebidos/Repositorio/WSN-LSE/CMSISv2p00_LPC17xx/Debug/libCMSISv2p00_LPC17xx.a(lpc17xx_systick.o)
 .debug_pubtypes
                0x00000871      0x113 /home/joaquin/Documentos/Embebidos/Repositorio/WSN-LSE/CMSISv2p00_LPC17xx/Debug/libCMSISv2p00_LPC17xx.a(lpc17xx_timer.o)
 .debug_pubtypes
                0x00000984       0x3e /home/joaquin/Documentos/Embebidos/Repositorio/WSN-LSE/CMSISv2p00_LPC17xx/Debug/libCMSISv2p00_LPC17xx.a(system_LPC17xx.o)
 .debug_pubtypes
                0x000009c2       0x2b /home/joaquin/Documentos/Embebidos/Repositorio/WSN-LSE/CMSISv2p00_LPC17xx/Debug/libCMSISv2p00_LPC17xx.a(lpc17xx_libcfg_default.o)
 .debug_pubtypes
                0x000009ed       0x65 /home/joaquin/Documentos/Embebidos/Repositorio/WSN-LSE/CMSISv2p10_DSPLIB_CM3/lib/libCMSISv2p10_DSPLIB_CM3.a(arm_mat_inverse_f32.o)
 .debug_pubtypes
                0x00000a52       0x58 /home/joaquin/Documentos/Embebidos/Repositorio/WSN-LSE/CMSISv2p10_DSPLIB_CM3/lib/libCMSISv2p10_DSPLIB_CM3.a(arm_mat_mult_f32.o)
 .debug_pubtypes
                0x00000aaa       0x58 /home/joaquin/Documentos/Embebidos/Repositorio/WSN-LSE/CMSISv2p10_DSPLIB_CM3/lib/libCMSISv2p10_DSPLIB_CM3.a(arm_mat_trans_f32.o)
 .debug_pubtypes
                0x00000b02       0x1d /usr/local/lpcxpresso_4.2.3_255/lpcxpresso/tools/bin/../lib/gcc/arm-none-eabi/4.5.1/../../../../arm-none-eabi/lib/thumb2/libcr_newlib_semihost.a(_cr_sbrk.o)
 .debug_pubtypes
                0x00000b1f       0xe5 /usr/local/lpcxpresso_4.2.3_255/lpcxpresso/tools/bin/../lib/gcc/arm-none-eabi/4.5.1/../../../../arm-none-eabi/lib/thumb2/libcr_newlib_semihost.a(syscalls.o)

.debug_aranges  0x00000000      0x710
 .debug_aranges
                0x00000000       0x88 ./src/cc2520-mac.o
 .debug_aranges
                0x00000088       0x40 ./src/cc2520.o
 .debug_aranges
                0x000000c8       0x80 ./src/cr_startup_lpc176x.o
 .debug_aranges
                0x00000148       0x20 ./src/fijo.o
 .debug_aranges
                0x00000168       0x60 ./src/main.o
 .debug_aranges
                0x000001c8       0x40 ./src/movil.o
 .debug_aranges
                0x00000208       0x48 ./src/rssi.o
 .debug_aranges
                0x00000250       0x58 /home/joaquin/Documentos/Embebidos/Repositorio/WSN-LSE/CMSISv2p00_LPC17xx/Debug/libCMSISv2p00_LPC17xx.a(lpc17xx_clkpwr.o)
 .debug_aranges
                0x000002a8       0xf8 /home/joaquin/Documentos/Embebidos/Repositorio/WSN-LSE/CMSISv2p00_LPC17xx/Debug/libCMSISv2p00_LPC17xx.a(lpc17xx_gpio.o)
 .debug_aranges
                0x000003a0       0x30 /home/joaquin/Documentos/Embebidos/Repositorio/WSN-LSE/CMSISv2p00_LPC17xx/Debug/libCMSISv2p00_LPC17xx.a(lpc17xx_pinsel.o)
 .debug_aranges
                0x000003d0       0xa0 /home/joaquin/Documentos/Embebidos/Repositorio/WSN-LSE/CMSISv2p00_LPC17xx/Debug/libCMSISv2p00_LPC17xx.a(lpc17xx_ssp.o)
 .debug_aranges
                0x00000470       0x48 /home/joaquin/Documentos/Embebidos/Repositorio/WSN-LSE/CMSISv2p00_LPC17xx/Debug/libCMSISv2p00_LPC17xx.a(lpc17xx_systick.o)
 .debug_aranges
                0x000004b8       0x80 /home/joaquin/Documentos/Embebidos/Repositorio/WSN-LSE/CMSISv2p00_LPC17xx/Debug/libCMSISv2p00_LPC17xx.a(lpc17xx_timer.o)
 .debug_aranges
                0x00000538       0x28 /home/joaquin/Documentos/Embebidos/Repositorio/WSN-LSE/CMSISv2p00_LPC17xx/Debug/libCMSISv2p00_LPC17xx.a(system_LPC17xx.o)
 .debug_aranges
                0x00000560       0x20 /home/joaquin/Documentos/Embebidos/Repositorio/WSN-LSE/CMSISv2p00_LPC17xx/Debug/libCMSISv2p00_LPC17xx.a(lpc17xx_libcfg_default.o)
 .debug_aranges
                0x00000580       0x20 /home/joaquin/Documentos/Embebidos/Repositorio/WSN-LSE/CMSISv2p10_DSPLIB_CM3/lib/libCMSISv2p10_DSPLIB_CM3.a(arm_mat_inverse_f32.o)
 .debug_aranges
                0x000005a0       0x20 /home/joaquin/Documentos/Embebidos/Repositorio/WSN-LSE/CMSISv2p10_DSPLIB_CM3/lib/libCMSISv2p10_DSPLIB_CM3.a(arm_mat_mult_f32.o)
 .debug_aranges
                0x000005c0       0x20 /home/joaquin/Documentos/Embebidos/Repositorio/WSN-LSE/CMSISv2p10_DSPLIB_CM3/lib/libCMSISv2p10_DSPLIB_CM3.a(arm_mat_trans_f32.o)
 .debug_aranges
                0x000005e0       0x20 /usr/local/lpcxpresso_4.2.3_255/lpcxpresso/tools/bin/../lib/gcc/arm-none-eabi/4.5.1/../../../../arm-none-eabi/lib/thumb2/libcr_newlib_semihost.a(_cr_sbrk.o)
 .debug_aranges
                0x00000600       0xf0 /usr/local/lpcxpresso_4.2.3_255/lpcxpresso/tools/bin/../lib/gcc/arm-none-eabi/4.5.1/../../../../arm-none-eabi/lib/thumb2/libcr_newlib_semihost.a(syscalls.o)
 .debug_aranges
                0x000006f0       0x20 /usr/local/lpcxpresso_4.2.3_255/lpcxpresso/tools/bin/../lib/gcc/arm-none-eabi/4.5.1/../../../../arm-none-eabi/lib/thumb2/libcr_newlib_semihost.a(_cr_check_heap.o)

.debug_ranges   0x00000000      0x6c0
 .debug_ranges  0x00000000       0x78 ./src/cc2520-mac.o
 .debug_ranges  0x00000078       0x30 ./src/cc2520.o
 .debug_ranges  0x000000a8       0x70 ./src/cr_startup_lpc176x.o
 .debug_ranges  0x00000118       0x10 ./src/fijo.o
 .debug_ranges  0x00000128       0x50 ./src/main.o
 .debug_ranges  0x00000178       0x30 ./src/movil.o
 .debug_ranges  0x000001a8       0x38 ./src/rssi.o
 .debug_ranges  0x000001e0       0x48 /home/joaquin/Documentos/Embebidos/Repositorio/WSN-LSE/CMSISv2p00_LPC17xx/Debug/libCMSISv2p00_LPC17xx.a(lpc17xx_clkpwr.o)
 .debug_ranges  0x00000228       0xe8 /home/joaquin/Documentos/Embebidos/Repositorio/WSN-LSE/CMSISv2p00_LPC17xx/Debug/libCMSISv2p00_LPC17xx.a(lpc17xx_gpio.o)
 .debug_ranges  0x00000310       0x80 /home/joaquin/Documentos/Embebidos/Repositorio/WSN-LSE/CMSISv2p00_LPC17xx/Debug/libCMSISv2p00_LPC17xx.a(lpc17xx_pinsel.o)
 .debug_ranges  0x00000390       0xd0 /home/joaquin/Documentos/Embebidos/Repositorio/WSN-LSE/CMSISv2p00_LPC17xx/Debug/libCMSISv2p00_LPC17xx.a(lpc17xx_ssp.o)
 .debug_ranges  0x00000460       0x38 /home/joaquin/Documentos/Embebidos/Repositorio/WSN-LSE/CMSISv2p00_LPC17xx/Debug/libCMSISv2p00_LPC17xx.a(lpc17xx_systick.o)
 .debug_ranges  0x00000498       0x70 /home/joaquin/Documentos/Embebidos/Repositorio/WSN-LSE/CMSISv2p00_LPC17xx/Debug/libCMSISv2p00_LPC17xx.a(lpc17xx_timer.o)
 .debug_ranges  0x00000508       0x18 /home/joaquin/Documentos/Embebidos/Repositorio/WSN-LSE/CMSISv2p00_LPC17xx/Debug/libCMSISv2p00_LPC17xx.a(system_LPC17xx.o)
 .debug_ranges  0x00000520       0x10 /home/joaquin/Documentos/Embebidos/Repositorio/WSN-LSE/CMSISv2p00_LPC17xx/Debug/libCMSISv2p00_LPC17xx.a(lpc17xx_libcfg_default.o)
 .debug_ranges  0x00000530       0x10 /home/joaquin/Documentos/Embebidos/Repositorio/WSN-LSE/CMSISv2p10_DSPLIB_CM3/lib/libCMSISv2p10_DSPLIB_CM3.a(arm_mat_inverse_f32.o)
 .debug_ranges  0x00000540       0x10 /home/joaquin/Documentos/Embebidos/Repositorio/WSN-LSE/CMSISv2p10_DSPLIB_CM3/lib/libCMSISv2p10_DSPLIB_CM3.a(arm_mat_mult_f32.o)
 .debug_ranges  0x00000550       0x10 /home/joaquin/Documentos/Embebidos/Repositorio/WSN-LSE/CMSISv2p10_DSPLIB_CM3/lib/libCMSISv2p10_DSPLIB_CM3.a(arm_mat_trans_f32.o)
 .debug_ranges  0x00000560       0x10 /usr/local/lpcxpresso_4.2.3_255/lpcxpresso/tools/bin/../lib/gcc/arm-none-eabi/4.5.1/../../../../arm-none-eabi/lib/thumb2/libcr_newlib_semihost.a(_cr_sbrk.o)
 .debug_ranges  0x00000570      0x140 /usr/local/lpcxpresso_4.2.3_255/lpcxpresso/tools/bin/../lib/gcc/arm-none-eabi/4.5.1/../../../../arm-none-eabi/lib/thumb2/libcr_newlib_semihost.a(syscalls.o)
 .debug_ranges  0x000006b0       0x10 /usr/local/lpcxpresso_4.2.3_255/lpcxpresso/tools/bin/../lib/gcc/arm-none-eabi/4.5.1/../../../../arm-none-eabi/lib/thumb2/libcr_newlib_semihost.a(_cr_check_heap.o)

.debug_str      0x00000000     0x2283
 .debug_str     0x00000000      0x439 ./src/cc2520-mac.o
                                0x4a2 (size before relaxing)
 .debug_str     0x00000439      0x292 ./src/cc2520.o
                                0x47c (size before relaxing)
 .debug_str     0x000006cb      0x177 ./src/cr_startup_lpc176x.o
                                0x258 (size before relaxing)
 .debug_str     0x00000842       0x4c ./src/fijo.o
                                0x351 (size before relaxing)
 .debug_str     0x0000088e      0x53d ./src/main.o
                                0x819 (size before relaxing)
 .debug_str     0x00000dcb      0x1cf ./src/movil.o
                                0x4e3 (size before relaxing)
 .debug_str     0x00000f9a       0xb1 ./src/rssi.o
                                0x293 (size before relaxing)
 .debug_str     0x0000104b      0x242 /home/joaquin/Documentos/Embebidos/Repositorio/WSN-LSE/CMSISv2p00_LPC17xx/Debug/libCMSISv2p00_LPC17xx.a(lpc17xx_clkpwr.o)
                                0x39b (size before relaxing)
 .debug_str     0x0000128d      0x2f9 /home/joaquin/Documentos/Embebidos/Repositorio/WSN-LSE/CMSISv2p00_LPC17xx/Debug/libCMSISv2p00_LPC17xx.a(lpc17xx_gpio.o)
                                0x560 (size before relaxing)
 .debug_str     0x00001586      0x209 /home/joaquin/Documentos/Embebidos/Repositorio/WSN-LSE/CMSISv2p00_LPC17xx/Debug/libCMSISv2p00_LPC17xx.a(lpc17xx_pinsel.o)
                                0x374 (size before relaxing)
 .debug_str     0x0000178f      0x1e9 /home/joaquin/Documentos/Embebidos/Repositorio/WSN-LSE/CMSISv2p00_LPC17xx/Debug/libCMSISv2p00_LPC17xx.a(lpc17xx_ssp.o)
                                0x402 (size before relaxing)
 .debug_str     0x00001978       0xa1 /home/joaquin/Documentos/Embebidos/Repositorio/WSN-LSE/CMSISv2p00_LPC17xx/Debug/libCMSISv2p00_LPC17xx.a(lpc17xx_systick.o)
                                0x201 (size before relaxing)
 .debug_str     0x00001a19      0x25c /home/joaquin/Documentos/Embebidos/Repositorio/WSN-LSE/CMSISv2p00_LPC17xx/Debug/libCMSISv2p00_LPC17xx.a(lpc17xx_timer.o)
                                0x5a2 (size before relaxing)
 .debug_str     0x00001c75       0x39 /home/joaquin/Documentos/Embebidos/Repositorio/WSN-LSE/CMSISv2p00_LPC17xx/Debug/libCMSISv2p00_LPC17xx.a(system_LPC17xx.o)
                                0x286 (size before relaxing)
 .debug_str     0x00001cae       0x37 /home/joaquin/Documentos/Embebidos/Repositorio/WSN-LSE/CMSISv2p00_LPC17xx/Debug/libCMSISv2p00_LPC17xx.a(lpc17xx_libcfg_default.o)
                                0x122 (size before relaxing)
 .debug_str     0x00001ce5       0xe8 /home/joaquin/Documentos/Embebidos/Repositorio/WSN-LSE/CMSISv2p10_DSPLIB_CM3/lib/libCMSISv2p10_DSPLIB_CM3.a(arm_mat_inverse_f32.o)
                                0x267 (size before relaxing)
 .debug_str     0x00001dcd       0x80 /home/joaquin/Documentos/Embebidos/Repositorio/WSN-LSE/CMSISv2p10_DSPLIB_CM3/lib/libCMSISv2p10_DSPLIB_CM3.a(arm_mat_mult_f32.o)
                                0x234 (size before relaxing)
 .debug_str     0x00001e4d       0x5b /home/joaquin/Documentos/Embebidos/Repositorio/WSN-LSE/CMSISv2p10_DSPLIB_CM3/lib/libCMSISv2p10_DSPLIB_CM3.a(arm_mat_trans_f32.o)
                                0x214 (size before relaxing)
 .debug_str     0x00001ea8       0xb0 /usr/local/lpcxpresso_4.2.3_255/lpcxpresso/tools/bin/../lib/gcc/arm-none-eabi/4.5.1/../../../../arm-none-eabi/lib/thumb2/libcr_newlib_semihost.a(_cr_sbrk.o)
                                0x145 (size before relaxing)
 .debug_str     0x00001f58      0x2f0 /usr/local/lpcxpresso_4.2.3_255/lpcxpresso/tools/bin/../lib/gcc/arm-none-eabi/4.5.1/../../../../arm-none-eabi/lib/thumb2/libcr_newlib_semihost.a(syscalls.o)
                                0x40b (size before relaxing)
 .debug_str     0x00002248       0x3b /usr/local/lpcxpresso_4.2.3_255/lpcxpresso/tools/bin/../lib/gcc/arm-none-eabi/4.5.1/../../../../arm-none-eabi/lib/thumb2/libcr_newlib_semihost.a(_cr_check_heap.o)
                                 0xd1 (size before relaxing)

.comment        0x00000000       0x2a
 .comment       0x00000000       0x2a ./src/cc2520-mac.o
                                 0x2b (size before relaxing)
 .comment       0x00000000       0x2b ./src/cc2520.o
 .comment       0x00000000       0x2b ./src/cr_startup_lpc176x.o
 .comment       0x00000000       0x2b ./src/fijo.o
 .comment       0x00000000       0x2b ./src/main.o
 .comment       0x00000000       0x2b ./src/movil.o
 .comment       0x00000000       0x2b ./src/rssi.o
 .comment       0x00000000       0x2b /home/joaquin/Documentos/Embebidos/Repositorio/WSN-LSE/CMSISv2p00_LPC17xx/Debug/libCMSISv2p00_LPC17xx.a(lpc17xx_clkpwr.o)
 .comment       0x00000000       0x2b /home/joaquin/Documentos/Embebidos/Repositorio/WSN-LSE/CMSISv2p00_LPC17xx/Debug/libCMSISv2p00_LPC17xx.a(lpc17xx_gpio.o)
 .comment       0x00000000       0x2b /home/joaquin/Documentos/Embebidos/Repositorio/WSN-LSE/CMSISv2p00_LPC17xx/Debug/libCMSISv2p00_LPC17xx.a(lpc17xx_pinsel.o)
 .comment       0x00000000       0x2b /home/joaquin/Documentos/Embebidos/Repositorio/WSN-LSE/CMSISv2p00_LPC17xx/Debug/libCMSISv2p00_LPC17xx.a(lpc17xx_ssp.o)
 .comment       0x00000000       0x2b /home/joaquin/Documentos/Embebidos/Repositorio/WSN-LSE/CMSISv2p00_LPC17xx/Debug/libCMSISv2p00_LPC17xx.a(lpc17xx_systick.o)
 .comment       0x00000000       0x2b /home/joaquin/Documentos/Embebidos/Repositorio/WSN-LSE/CMSISv2p00_LPC17xx/Debug/libCMSISv2p00_LPC17xx.a(lpc17xx_timer.o)
 .comment       0x00000000       0x2b /home/joaquin/Documentos/Embebidos/Repositorio/WSN-LSE/CMSISv2p00_LPC17xx/Debug/libCMSISv2p00_LPC17xx.a(system_LPC17xx.o)
 .comment       0x00000000       0x2b /home/joaquin/Documentos/Embebidos/Repositorio/WSN-LSE/CMSISv2p00_LPC17xx/Debug/libCMSISv2p00_LPC17xx.a(lpc17xx_libcfg_default.o)
 .comment       0x00000000       0x2b /home/joaquin/Documentos/Embebidos/Repositorio/WSN-LSE/CMSISv2p10_DSPLIB_CM3/lib/libCMSISv2p10_DSPLIB_CM3.a(arm_mat_inverse_f32.o)
 .comment       0x00000000       0x2b /home/joaquin/Documentos/Embebidos/Repositorio/WSN-LSE/CMSISv2p10_DSPLIB_CM3/lib/libCMSISv2p10_DSPLIB_CM3.a(arm_mat_mult_f32.o)
 .comment       0x00000000       0x2b /home/joaquin/Documentos/Embebidos/Repositorio/WSN-LSE/CMSISv2p10_DSPLIB_CM3/lib/libCMSISv2p10_DSPLIB_CM3.a(arm_mat_trans_f32.o)
 .comment       0x00000000       0x2b /usr/local/lpcxpresso_4.2.3_255/lpcxpresso/tools/bin/../lib/gcc/arm-none-eabi/4.5.1/../../../../arm-none-eabi/lib/thumb2/libcr_newlib_semihost.a(_cr_sbrk.o)
 .comment       0x00000000       0x2b /usr/local/lpcxpresso_4.2.3_255/lpcxpresso/tools/bin/../lib/gcc/arm-none-eabi/4.5.1/../../../../arm-none-eabi/lib/thumb2/libcr_newlib_semihost.a(syscalls.o)
 .comment       0x00000000       0x2b /usr/local/lpcxpresso_4.2.3_255/lpcxpresso/tools/bin/../lib/gcc/arm-none-eabi/4.5.1/../../../../arm-none-eabi/lib/thumb2/libcr_newlib_semihost.a(_cr_check_heap.o)

.ARM.attributes
                0x00000000       0x31
 .ARM.attributes
                0x00000000       0x31 ./src/cc2520-mac.o
 .ARM.attributes
                0x00000031       0x31 ./src/cc2520.o
 .ARM.attributes
                0x00000062       0x31 ./src/cr_startup_lpc176x.o
 .ARM.attributes
                0x00000093       0x31 ./src/fijo.o
 .ARM.attributes
                0x000000c4       0x31 ./src/main.o
 .ARM.attributes
                0x000000f5       0x31 ./src/movil.o
 .ARM.attributes
                0x00000126       0x31 ./src/rssi.o
 .ARM.attributes
                0x00000157       0x31 /home/joaquin/Documentos/Embebidos/Repositorio/WSN-LSE/CMSISv2p00_LPC17xx/Debug/libCMSISv2p00_LPC17xx.a(lpc17xx_clkpwr.o)
 .ARM.attributes
                0x00000188       0x31 /home/joaquin/Documentos/Embebidos/Repositorio/WSN-LSE/CMSISv2p00_LPC17xx/Debug/libCMSISv2p00_LPC17xx.a(lpc17xx_gpio.o)
 .ARM.attributes
                0x000001b9       0x31 /home/joaquin/Documentos/Embebidos/Repositorio/WSN-LSE/CMSISv2p00_LPC17xx/Debug/libCMSISv2p00_LPC17xx.a(lpc17xx_pinsel.o)
 .ARM.attributes
                0x000001ea       0x31 /home/joaquin/Documentos/Embebidos/Repositorio/WSN-LSE/CMSISv2p00_LPC17xx/Debug/libCMSISv2p00_LPC17xx.a(lpc17xx_ssp.o)
 .ARM.attributes
                0x0000021b       0x31 /home/joaquin/Documentos/Embebidos/Repositorio/WSN-LSE/CMSISv2p00_LPC17xx/Debug/libCMSISv2p00_LPC17xx.a(lpc17xx_systick.o)
 .ARM.attributes
                0x0000024c       0x31 /home/joaquin/Documentos/Embebidos/Repositorio/WSN-LSE/CMSISv2p00_LPC17xx/Debug/libCMSISv2p00_LPC17xx.a(lpc17xx_timer.o)
 .ARM.attributes
                0x0000027d       0x31 /home/joaquin/Documentos/Embebidos/Repositorio/WSN-LSE/CMSISv2p00_LPC17xx/Debug/libCMSISv2p00_LPC17xx.a(system_LPC17xx.o)
 .ARM.attributes
                0x000002ae       0x31 /home/joaquin/Documentos/Embebidos/Repositorio/WSN-LSE/CMSISv2p00_LPC17xx/Debug/libCMSISv2p00_LPC17xx.a(lpc17xx_libcfg_default.o)
 .ARM.attributes
                0x000002df       0x31 /home/joaquin/Documentos/Embebidos/Repositorio/WSN-LSE/CMSISv2p10_DSPLIB_CM3/lib/libCMSISv2p10_DSPLIB_CM3.a(arm_mat_inverse_f32.o)
 .ARM.attributes
                0x00000310       0x31 /home/joaquin/Documentos/Embebidos/Repositorio/WSN-LSE/CMSISv2p10_DSPLIB_CM3/lib/libCMSISv2p10_DSPLIB_CM3.a(arm_mat_mult_f32.o)
 .ARM.attributes
                0x00000341       0x31 /home/joaquin/Documentos/Embebidos/Repositorio/WSN-LSE/CMSISv2p10_DSPLIB_CM3/lib/libCMSISv2p10_DSPLIB_CM3.a(arm_mat_trans_f32.o)
 .ARM.attributes
                0x00000372       0x1b /usr/local/lpcxpresso_4.2.3_255/lpcxpresso/tools/bin/../lib/gcc/arm-none-eabi/4.5.1/thumb2/libgcc.a(_arm_addsubdf3.o)
 .ARM.attributes
                0x0000038d       0x1b /usr/local/lpcxpresso_4.2.3_255/lpcxpresso/tools/bin/../lib/gcc/arm-none-eabi/4.5.1/thumb2/libgcc.a(_arm_muldivdf3.o)
 .ARM.attributes
                0x000003a8       0x1b /usr/local/lpcxpresso_4.2.3_255/lpcxpresso/tools/bin/../lib/gcc/arm-none-eabi/4.5.1/thumb2/libgcc.a(_arm_truncdfsf2.o)
 .ARM.attributes
                0x000003c3       0x1b /usr/local/lpcxpresso_4.2.3_255/lpcxpresso/tools/bin/../lib/gcc/arm-none-eabi/4.5.1/thumb2/libgcc.a(_arm_addsubsf3.o)
 .ARM.attributes
                0x000003de       0x1b /usr/local/lpcxpresso_4.2.3_255/lpcxpresso/tools/bin/../lib/gcc/arm-none-eabi/4.5.1/thumb2/libgcc.a(_arm_muldivsf3.o)
 .ARM.attributes
                0x000003f9       0x1b /usr/local/lpcxpresso_4.2.3_255/lpcxpresso/tools/bin/../lib/gcc/arm-none-eabi/4.5.1/thumb2/libgcc.a(_arm_cmpsf2.o)
 .ARM.attributes
                0x00000414       0x1b /usr/local/lpcxpresso_4.2.3_255/lpcxpresso/tools/bin/../lib/gcc/arm-none-eabi/4.5.1/thumb2/libgcc.a(_aeabi_uldivmod.o)
 .ARM.attributes
                0x0000042f       0x29 /usr/local/lpcxpresso_4.2.3_255/lpcxpresso/tools/bin/../lib/gcc/arm-none-eabi/4.5.1/thumb2/libgcc.a(bpabi.o)
 .ARM.attributes
                0x00000458       0x1b /usr/local/lpcxpresso_4.2.3_255/lpcxpresso/tools/bin/../lib/gcc/arm-none-eabi/4.5.1/thumb2/libgcc.a(_dvmd_tls.o)
 .ARM.attributes
                0x00000473       0x29 /usr/local/lpcxpresso_4.2.3_255/lpcxpresso/tools/bin/../lib/gcc/arm-none-eabi/4.5.1/thumb2/libgcc.a(_divdi3.o)
 .ARM.attributes
                0x0000049c       0x29 /usr/local/lpcxpresso_4.2.3_255/lpcxpresso/tools/bin/../lib/gcc/arm-none-eabi/4.5.1/thumb2/libgcc.a(_udivdi3.o)
 .ARM.attributes
                0x000004c5       0x1b /usr/local/lpcxpresso_4.2.3_255/lpcxpresso/tools/bin/../lib/gcc/arm-none-eabi/4.5.1/thumb2/libgcc.a(_udivsi3.o)
 .ARM.attributes
                0x000004e0       0x29 /usr/local/lpcxpresso_4.2.3_255/lpcxpresso/tools/bin/../lib/gcc/arm-none-eabi/4.5.1/../../../../arm-none-eabi/lib/thumb2/libc.a(lib_a-memcpy.o)
 .ARM.attributes
                0x00000509       0x29 /usr/local/lpcxpresso_4.2.3_255/lpcxpresso/tools/bin/../lib/gcc/arm-none-eabi/4.5.1/../../../../arm-none-eabi/lib/thumb2/libc.a(lib_a-printf.o)
 .ARM.attributes
                0x00000532       0x29 /usr/local/lpcxpresso_4.2.3_255/lpcxpresso/tools/bin/../lib/gcc/arm-none-eabi/4.5.1/../../../../arm-none-eabi/lib/thumb2/libc.a(lib_a-vfprintf.o)
 .ARM.attributes
                0x0000055b       0x29 /usr/local/lpcxpresso_4.2.3_255/lpcxpresso/tools/bin/../lib/gcc/arm-none-eabi/4.5.1/../../../../arm-none-eabi/lib/thumb2/libc.a(lib_a-wsetup.o)
 .ARM.attributes
                0x00000584       0x29 /usr/local/lpcxpresso_4.2.3_255/lpcxpresso/tools/bin/../lib/gcc/arm-none-eabi/4.5.1/../../../../arm-none-eabi/lib/thumb2/libc.a(lib_a-dtoa.o)
 .ARM.attributes
                0x000005ad       0x29 /usr/local/lpcxpresso_4.2.3_255/lpcxpresso/tools/bin/../lib/gcc/arm-none-eabi/4.5.1/../../../../arm-none-eabi/lib/thumb2/libc.a(lib_a-fflush.o)
 .ARM.attributes
                0x000005d6       0x29 /usr/local/lpcxpresso_4.2.3_255/lpcxpresso/tools/bin/../lib/gcc/arm-none-eabi/4.5.1/../../../../arm-none-eabi/lib/thumb2/libc.a(lib_a-findfp.o)
 .ARM.attributes
                0x000005ff       0x29 /usr/local/lpcxpresso_4.2.3_255/lpcxpresso/tools/bin/../lib/gcc/arm-none-eabi/4.5.1/../../../../arm-none-eabi/lib/thumb2/libc.a(lib_a-freer.o)
 .ARM.attributes
                0x00000628       0x29 /usr/local/lpcxpresso_4.2.3_255/lpcxpresso/tools/bin/../lib/gcc/arm-none-eabi/4.5.1/../../../../arm-none-eabi/lib/thumb2/libc.a(lib_a-fwalk.o)
 .ARM.attributes
                0x00000651       0x29 /usr/local/lpcxpresso_4.2.3_255/lpcxpresso/tools/bin/../lib/gcc/arm-none-eabi/4.5.1/../../../../arm-none-eabi/lib/thumb2/libc.a(lib_a-impure.o)
 .ARM.attributes
                0x0000067a       0x29 /usr/local/lpcxpresso_4.2.3_255/lpcxpresso/tools/bin/../lib/gcc/arm-none-eabi/4.5.1/../../../../arm-none-eabi/lib/thumb2/libc.a(lib_a-locale.o)
 .ARM.attributes
                0x000006a3       0x29 /usr/local/lpcxpresso_4.2.3_255/lpcxpresso/tools/bin/../lib/gcc/arm-none-eabi/4.5.1/../../../../arm-none-eabi/lib/thumb2/libc.a(lib_a-makebuf.o)
 .ARM.attributes
                0x000006cc       0x29 /usr/local/lpcxpresso_4.2.3_255/lpcxpresso/tools/bin/../lib/gcc/arm-none-eabi/4.5.1/../../../../arm-none-eabi/lib/thumb2/libc.a(lib_a-malloc.o)
 .ARM.attributes
                0x000006f5       0x29 /usr/local/lpcxpresso_4.2.3_255/lpcxpresso/tools/bin/../lib/gcc/arm-none-eabi/4.5.1/../../../../arm-none-eabi/lib/thumb2/libc.a(lib_a-mallocr.o)
 .ARM.attributes
                0x0000071e       0x29 /usr/local/lpcxpresso_4.2.3_255/lpcxpresso/tools/bin/../lib/gcc/arm-none-eabi/4.5.1/../../../../arm-none-eabi/lib/thumb2/libc.a(lib_a-memchr.o)
 .ARM.attributes
                0x00000747       0x29 /usr/local/lpcxpresso_4.2.3_255/lpcxpresso/tools/bin/../lib/gcc/arm-none-eabi/4.5.1/../../../../arm-none-eabi/lib/thumb2/libc.a(lib_a-memset.o)
 .ARM.attributes
                0x00000770       0x29 /usr/local/lpcxpresso_4.2.3_255/lpcxpresso/tools/bin/../lib/gcc/arm-none-eabi/4.5.1/../../../../arm-none-eabi/lib/thumb2/libc.a(lib_a-mlock.o)
 .ARM.attributes
                0x00000799       0x29 /usr/local/lpcxpresso_4.2.3_255/lpcxpresso/tools/bin/../lib/gcc/arm-none-eabi/4.5.1/../../../../arm-none-eabi/lib/thumb2/libc.a(lib_a-mprec.o)
 .ARM.attributes
                0x000007c2       0x29 /usr/local/lpcxpresso_4.2.3_255/lpcxpresso/tools/bin/../lib/gcc/arm-none-eabi/4.5.1/../../../../arm-none-eabi/lib/thumb2/libc.a(lib_a-s_fpclassify.o)
 .ARM.attributes
                0x000007eb       0x29 /usr/local/lpcxpresso_4.2.3_255/lpcxpresso/tools/bin/../lib/gcc/arm-none-eabi/4.5.1/../../../../arm-none-eabi/lib/thumb2/libc.a(lib_a-sbrkr.o)
 .ARM.attributes
                0x00000814       0x29 /usr/local/lpcxpresso_4.2.3_255/lpcxpresso/tools/bin/../lib/gcc/arm-none-eabi/4.5.1/../../../../arm-none-eabi/lib/thumb2/libc.a(lib_a-stdio.o)
 .ARM.attributes
                0x0000083d       0x29 /usr/local/lpcxpresso_4.2.3_255/lpcxpresso/tools/bin/../lib/gcc/arm-none-eabi/4.5.1/../../../../arm-none-eabi/lib/thumb2/libc.a(lib_a-strcmp.o)
 .ARM.attributes
                0x00000866       0x29 /usr/local/lpcxpresso_4.2.3_255/lpcxpresso/tools/bin/../lib/gcc/arm-none-eabi/4.5.1/../../../../arm-none-eabi/lib/thumb2/libc.a(lib_a-strlen.o)
 .ARM.attributes
                0x0000088f       0x29 /usr/local/lpcxpresso_4.2.3_255/lpcxpresso/tools/bin/../lib/gcc/arm-none-eabi/4.5.1/../../../../arm-none-eabi/lib/thumb2/libc.a(lib_a-vfiprintf.o)
 .ARM.attributes
                0x000008b8       0x29 /usr/local/lpcxpresso_4.2.3_255/lpcxpresso/tools/bin/../lib/gcc/arm-none-eabi/4.5.1/../../../../arm-none-eabi/lib/thumb2/libc.a(lib_a-writer.o)
 .ARM.attributes
                0x000008e1       0x29 /usr/local/lpcxpresso_4.2.3_255/lpcxpresso/tools/bin/../lib/gcc/arm-none-eabi/4.5.1/../../../../arm-none-eabi/lib/thumb2/libc.a(lib_a-callocr.o)
 .ARM.attributes
                0x0000090a       0x29 /usr/local/lpcxpresso_4.2.3_255/lpcxpresso/tools/bin/../lib/gcc/arm-none-eabi/4.5.1/../../../../arm-none-eabi/lib/thumb2/libc.a(lib_a-closer.o)
 .ARM.attributes
                0x00000933       0x29 /usr/local/lpcxpresso_4.2.3_255/lpcxpresso/tools/bin/../lib/gcc/arm-none-eabi/4.5.1/../../../../arm-none-eabi/lib/thumb2/libc.a(lib_a-fclose.o)
 .ARM.attributes
                0x0000095c       0x29 /usr/local/lpcxpresso_4.2.3_255/lpcxpresso/tools/bin/../lib/gcc/arm-none-eabi/4.5.1/../../../../arm-none-eabi/lib/thumb2/libc.a(lib_a-fputwc.o)
 .ARM.attributes
                0x00000985       0x29 /usr/local/lpcxpresso_4.2.3_255/lpcxpresso/tools/bin/../lib/gcc/arm-none-eabi/4.5.1/../../../../arm-none-eabi/lib/thumb2/libc.a(lib_a-fstatr.o)
 .ARM.attributes
                0x000009ae       0x29 /usr/local/lpcxpresso_4.2.3_255/lpcxpresso/tools/bin/../lib/gcc/arm-none-eabi/4.5.1/../../../../arm-none-eabi/lib/thumb2/libc.a(lib_a-fvwrite.o)
 .ARM.attributes
                0x000009d7       0x29 /usr/local/lpcxpresso_4.2.3_255/lpcxpresso/tools/bin/../lib/gcc/arm-none-eabi/4.5.1/../../../../arm-none-eabi/lib/thumb2/libc.a(lib_a-isattyr.o)
 .ARM.attributes
                0x00000a00       0x29 /usr/local/lpcxpresso_4.2.3_255/lpcxpresso/tools/bin/../lib/gcc/arm-none-eabi/4.5.1/../../../../arm-none-eabi/lib/thumb2/libc.a(lib_a-lseekr.o)
 .ARM.attributes
                0x00000a29       0x29 /usr/local/lpcxpresso_4.2.3_255/lpcxpresso/tools/bin/../lib/gcc/arm-none-eabi/4.5.1/../../../../arm-none-eabi/lib/thumb2/libc.a(lib_a-memmove.o)
 .ARM.attributes
                0x00000a52       0x29 /usr/local/lpcxpresso_4.2.3_255/lpcxpresso/tools/bin/../lib/gcc/arm-none-eabi/4.5.1/../../../../arm-none-eabi/lib/thumb2/libc.a(lib_a-readr.o)
 .ARM.attributes
                0x00000a7b       0x29 /usr/local/lpcxpresso_4.2.3_255/lpcxpresso/tools/bin/../lib/gcc/arm-none-eabi/4.5.1/../../../../arm-none-eabi/lib/thumb2/libc.a(lib_a-reallocr.o)
 .ARM.attributes
                0x00000aa4       0x29 /usr/local/lpcxpresso_4.2.3_255/lpcxpresso/tools/bin/../lib/gcc/arm-none-eabi/4.5.1/../../../../arm-none-eabi/lib/thumb2/libc.a(lib_a-reent.o)
 .ARM.attributes
                0x00000acd       0x29 /usr/local/lpcxpresso_4.2.3_255/lpcxpresso/tools/bin/../lib/gcc/arm-none-eabi/4.5.1/../../../../arm-none-eabi/lib/thumb2/libc.a(lib_a-wbuf.o)
 .ARM.attributes
                0x00000af6       0x29 /usr/local/lpcxpresso_4.2.3_255/lpcxpresso/tools/bin/../lib/gcc/arm-none-eabi/4.5.1/../../../../arm-none-eabi/lib/thumb2/libc.a(lib_a-wcrtomb.o)
 .ARM.attributes
                0x00000b1f       0x29 /usr/local/lpcxpresso_4.2.3_255/lpcxpresso/tools/bin/../lib/gcc/arm-none-eabi/4.5.1/../../../../arm-none-eabi/lib/thumb2/libc.a(lib_a-wctomb_r.o)
 .ARM.attributes
                0x00000b48       0x29 /usr/local/lpcxpresso_4.2.3_255/lpcxpresso/tools/bin/../lib/gcc/arm-none-eabi/4.5.1/../../../../arm-none-eabi/lib/thumb2/libm.a(lib_a-w_exp.o)
 .ARM.attributes
                0x00000b71       0x29 /usr/local/lpcxpresso_4.2.3_255/lpcxpresso/tools/bin/../lib/gcc/arm-none-eabi/4.5.1/../../../../arm-none-eabi/lib/thumb2/libm.a(lib_a-w_pow.o)
 .ARM.attributes
                0x00000b9a       0x29 /usr/local/lpcxpresso_4.2.3_255/lpcxpresso/tools/bin/../lib/gcc/arm-none-eabi/4.5.1/../../../../arm-none-eabi/lib/thumb2/libm.a(lib_a-w_sqrt.o)
 .ARM.attributes
                0x00000bc3       0x29 /usr/local/lpcxpresso_4.2.3_255/lpcxpresso/tools/bin/../lib/gcc/arm-none-eabi/4.5.1/../../../../arm-none-eabi/lib/thumb2/libm.a(lib_a-wf_sqrt.o)
 .ARM.attributes
                0x00000bec       0x29 /usr/local/lpcxpresso_4.2.3_255/lpcxpresso/tools/bin/../lib/gcc/arm-none-eabi/4.5.1/../../../../arm-none-eabi/lib/thumb2/libm.a(lib_a-e_exp.o)
 .ARM.attributes
                0x00000c15       0x29 /usr/local/lpcxpresso_4.2.3_255/lpcxpresso/tools/bin/../lib/gcc/arm-none-eabi/4.5.1/../../../../arm-none-eabi/lib/thumb2/libm.a(lib_a-e_pow.o)
 .ARM.attributes
                0x00000c3e       0x29 /usr/local/lpcxpresso_4.2.3_255/lpcxpresso/tools/bin/../lib/gcc/arm-none-eabi/4.5.1/../../../../arm-none-eabi/lib/thumb2/libm.a(lib_a-e_sqrt.o)
 .ARM.attributes
                0x00000c67       0x29 /usr/local/lpcxpresso_4.2.3_255/lpcxpresso/tools/bin/../lib/gcc/arm-none-eabi/4.5.1/../../../../arm-none-eabi/lib/thumb2/libm.a(lib_a-ef_sqrt.o)
 .ARM.attributes
                0x00000c90       0x29 /usr/local/lpcxpresso_4.2.3_255/lpcxpresso/tools/bin/../lib/gcc/arm-none-eabi/4.5.1/../../../../arm-none-eabi/lib/thumb2/libm.a(lib_a-s_fabs.o)
 .ARM.attributes
                0x00000cb9       0x29 /usr/local/lpcxpresso_4.2.3_255/lpcxpresso/tools/bin/../lib/gcc/arm-none-eabi/4.5.1/../../../../arm-none-eabi/lib/thumb2/libm.a(lib_a-s_finite.o)
 .ARM.attributes
                0x00000ce2       0x29 /usr/local/lpcxpresso_4.2.3_255/lpcxpresso/tools/bin/../lib/gcc/arm-none-eabi/4.5.1/../../../../arm-none-eabi/lib/thumb2/libm.a(lib_a-s_lib_ver.o)
 .ARM.attributes
                0x00000d0b       0x29 /usr/local/lpcxpresso_4.2.3_255/lpcxpresso/tools/bin/../lib/gcc/arm-none-eabi/4.5.1/../../../../arm-none-eabi/lib/thumb2/libm.a(lib_a-s_matherr.o)
 .ARM.attributes
                0x00000d34       0x29 /usr/local/lpcxpresso_4.2.3_255/lpcxpresso/tools/bin/../lib/gcc/arm-none-eabi/4.5.1/../../../../arm-none-eabi/lib/thumb2/libm.a(lib_a-s_nan.o)
 .ARM.attributes
                0x00000d5d       0x29 /usr/local/lpcxpresso_4.2.3_255/lpcxpresso/tools/bin/../lib/gcc/arm-none-eabi/4.5.1/../../../../arm-none-eabi/lib/thumb2/libm.a(lib_a-s_rint.o)
 .ARM.attributes
                0x00000d86       0x29 /usr/local/lpcxpresso_4.2.3_255/lpcxpresso/tools/bin/../lib/gcc/arm-none-eabi/4.5.1/../../../../arm-none-eabi/lib/thumb2/libm.a(lib_a-s_scalbn.o)
 .ARM.attributes
                0x00000daf       0x29 /usr/local/lpcxpresso_4.2.3_255/lpcxpresso/tools/bin/../lib/gcc/arm-none-eabi/4.5.1/../../../../arm-none-eabi/lib/thumb2/libm.a(lib_a-sf_fpclassify.o)
 .ARM.attributes
                0x00000dd8       0x29 /usr/local/lpcxpresso_4.2.3_255/lpcxpresso/tools/bin/../lib/gcc/arm-none-eabi/4.5.1/../../../../arm-none-eabi/lib/thumb2/libm.a(lib_a-s_copysign.o)
 .ARM.attributes
                0x00000e01       0x31 /usr/local/lpcxpresso_4.2.3_255/lpcxpresso/tools/bin/../lib/gcc/arm-none-eabi/4.5.1/../../../../arm-none-eabi/lib/thumb2/libcr_newlib_semihost.a(_cr_sbrk.o)
 .ARM.attributes
                0x00000e32       0x31 /usr/local/lpcxpresso_4.2.3_255/lpcxpresso/tools/bin/../lib/gcc/arm-none-eabi/4.5.1/../../../../arm-none-eabi/lib/thumb2/libcr_newlib_semihost.a(syscalls.o)
 .ARM.attributes
                0x00000e63       0x31 /usr/local/lpcxpresso_4.2.3_255/lpcxpresso/tools/bin/../lib/gcc/arm-none-eabi/4.5.1/../../../../arm-none-eabi/lib/thumb2/libcr_newlib_semihost.a(_cr_check_heap.o)
 .ARM.attributes
                0x00000e94       0x1b /usr/local/lpcxpresso_4.2.3_255/lpcxpresso/tools/bin/../lib/gcc/arm-none-eabi/4.5.1/thumb2/libgcc.a(_arm_cmpdf2.o)
 .ARM.attributes
                0x00000eaf       0x1b /usr/local/lpcxpresso_4.2.3_255/lpcxpresso/tools/bin/../lib/gcc/arm-none-eabi/4.5.1/thumb2/libgcc.a(_arm_fixdfsi.o)
 .ARM.attributes
                0x00000eca       0x29 /usr/local/lpcxpresso_4.2.3_255/lpcxpresso/tools/bin/../lib/gcc/arm-none-eabi/4.5.1/../../../../arm-none-eabi/lib/thumb2/libc.a(lib_a-errno.o)

.debug_frame    0x00000000     0x2278
 .debug_frame   0x00000000      0x1cc ./src/cc2520-mac.o
 .debug_frame   0x000001cc       0xbc ./src/cc2520.o
 .debug_frame   0x00000288       0xf0 ./src/cr_startup_lpc176x.o
 .debug_frame   0x00000378       0x34 ./src/fijo.o
 .debug_frame   0x000003ac      0x118 ./src/main.o
 .debug_frame   0x000004c4       0xbc ./src/movil.o
 .debug_frame   0x00000580       0xdc ./src/rssi.o
 .debug_frame   0x0000065c       0xa0 /home/joaquin/Documentos/Embebidos/Repositorio/WSN-LSE/CMSISv2p00_LPC17xx/Debug/libCMSISv2p00_LPC17xx.a(lpc17xx_clkpwr.o)
 .debug_frame   0x000006fc      0x270 /home/joaquin/Documentos/Embebidos/Repositorio/WSN-LSE/CMSISv2p00_LPC17xx/Debug/libCMSISv2p00_LPC17xx.a(lpc17xx_gpio.o)
 .debug_frame   0x0000096c       0x4c /home/joaquin/Documentos/Embebidos/Repositorio/WSN-LSE/CMSISv2p00_LPC17xx/Debug/libCMSISv2p00_LPC17xx.a(lpc17xx_pinsel.o)
 .debug_frame   0x000009b8      0x1e0 /home/joaquin/Documentos/Embebidos/Repositorio/WSN-LSE/CMSISv2p00_LPC17xx/Debug/libCMSISv2p00_LPC17xx.a(lpc17xx_ssp.o)
 .debug_frame   0x00000b98       0x98 /home/joaquin/Documentos/Embebidos/Repositorio/WSN-LSE/CMSISv2p00_LPC17xx/Debug/libCMSISv2p00_LPC17xx.a(lpc17xx_systick.o)
 .debug_frame   0x00000c30      0x168 /home/joaquin/Documentos/Embebidos/Repositorio/WSN-LSE/CMSISv2p00_LPC17xx/Debug/libCMSISv2p00_LPC17xx.a(lpc17xx_timer.o)
 .debug_frame   0x00000d98       0x3c /home/joaquin/Documentos/Embebidos/Repositorio/WSN-LSE/CMSISv2p00_LPC17xx/Debug/libCMSISv2p00_LPC17xx.a(system_LPC17xx.o)
 .debug_frame   0x00000dd4       0x20 /home/joaquin/Documentos/Embebidos/Repositorio/WSN-LSE/CMSISv2p00_LPC17xx/Debug/libCMSISv2p00_LPC17xx.a(lpc17xx_libcfg_default.o)
 .debug_frame   0x00000df4       0x3c /home/joaquin/Documentos/Embebidos/Repositorio/WSN-LSE/CMSISv2p10_DSPLIB_CM3/lib/libCMSISv2p10_DSPLIB_CM3.a(arm_mat_inverse_f32.o)
 .debug_frame   0x00000e30       0x3c /home/joaquin/Documentos/Embebidos/Repositorio/WSN-LSE/CMSISv2p10_DSPLIB_CM3/lib/libCMSISv2p10_DSPLIB_CM3.a(arm_mat_mult_f32.o)
 .debug_frame   0x00000e6c       0x38 /home/joaquin/Documentos/Embebidos/Repositorio/WSN-LSE/CMSISv2p10_DSPLIB_CM3/lib/libCMSISv2p10_DSPLIB_CM3.a(arm_mat_trans_f32.o)
 .debug_frame   0x00000ea4       0x50 /usr/local/lpcxpresso_4.2.3_255/lpcxpresso/tools/bin/../lib/gcc/arm-none-eabi/4.5.1/thumb2/libgcc.a(bpabi.o)
 .debug_frame   0x00000ef4       0x3c /usr/local/lpcxpresso_4.2.3_255/lpcxpresso/tools/bin/../lib/gcc/arm-none-eabi/4.5.1/thumb2/libgcc.a(_divdi3.o)
 .debug_frame   0x00000f30       0x3c /usr/local/lpcxpresso_4.2.3_255/lpcxpresso/tools/bin/../lib/gcc/arm-none-eabi/4.5.1/thumb2/libgcc.a(_udivdi3.o)
 .debug_frame   0x00000f6c       0x20 /usr/local/lpcxpresso_4.2.3_255/lpcxpresso/tools/bin/../lib/gcc/arm-none-eabi/4.5.1/thumb2/libgcc.a(_udivsi3.o)
 .debug_frame   0x00000f8c       0x30 /usr/local/lpcxpresso_4.2.3_255/lpcxpresso/tools/bin/../lib/gcc/arm-none-eabi/4.5.1/../../../../arm-none-eabi/lib/thumb2/libc.a(lib_a-memcpy.o)
 .debug_frame   0x00000fbc       0x5c /usr/local/lpcxpresso_4.2.3_255/lpcxpresso/tools/bin/../lib/gcc/arm-none-eabi/4.5.1/../../../../arm-none-eabi/lib/thumb2/libc.a(lib_a-printf.o)
 .debug_frame   0x00001018       0x58 /usr/local/lpcxpresso_4.2.3_255/lpcxpresso/tools/bin/../lib/gcc/arm-none-eabi/4.5.1/../../../../arm-none-eabi/lib/thumb2/libc.a(lib_a-vfprintf.o)
 .debug_frame   0x00001070       0x2c /usr/local/lpcxpresso_4.2.3_255/lpcxpresso/tools/bin/../lib/gcc/arm-none-eabi/4.5.1/../../../../arm-none-eabi/lib/thumb2/libc.a(lib_a-wsetup.o)
 .debug_frame   0x0000109c       0x68 /usr/local/lpcxpresso_4.2.3_255/lpcxpresso/tools/bin/../lib/gcc/arm-none-eabi/4.5.1/../../../../arm-none-eabi/lib/thumb2/libc.a(lib_a-dtoa.o)
 .debug_frame   0x00001104       0x40 /usr/local/lpcxpresso_4.2.3_255/lpcxpresso/tools/bin/../lib/gcc/arm-none-eabi/4.5.1/../../../../arm-none-eabi/lib/thumb2/libc.a(lib_a-fflush.o)
 .debug_frame   0x00001144      0x114 /usr/local/lpcxpresso_4.2.3_255/lpcxpresso/tools/bin/../lib/gcc/arm-none-eabi/4.5.1/../../../../arm-none-eabi/lib/thumb2/libc.a(lib_a-findfp.o)
 .debug_frame   0x00001258       0x50 /usr/local/lpcxpresso_4.2.3_255/lpcxpresso/tools/bin/../lib/gcc/arm-none-eabi/4.5.1/../../../../arm-none-eabi/lib/thumb2/libc.a(lib_a-freer.o)
 .debug_frame   0x000012a8       0x54 /usr/local/lpcxpresso_4.2.3_255/lpcxpresso/tools/bin/../lib/gcc/arm-none-eabi/4.5.1/../../../../arm-none-eabi/lib/thumb2/libc.a(lib_a-fwalk.o)
 .debug_frame   0x000012fc       0x98 /usr/local/lpcxpresso_4.2.3_255/lpcxpresso/tools/bin/../lib/gcc/arm-none-eabi/4.5.1/../../../../arm-none-eabi/lib/thumb2/libc.a(lib_a-locale.o)
 .debug_frame   0x00001394       0x34 /usr/local/lpcxpresso_4.2.3_255/lpcxpresso/tools/bin/../lib/gcc/arm-none-eabi/4.5.1/../../../../arm-none-eabi/lib/thumb2/libc.a(lib_a-makebuf.o)
 .debug_frame   0x000013c8       0x30 /usr/local/lpcxpresso_4.2.3_255/lpcxpresso/tools/bin/../lib/gcc/arm-none-eabi/4.5.1/../../../../arm-none-eabi/lib/thumb2/libc.a(lib_a-malloc.o)
 .debug_frame   0x000013f8       0x3c /usr/local/lpcxpresso_4.2.3_255/lpcxpresso/tools/bin/../lib/gcc/arm-none-eabi/4.5.1/../../../../arm-none-eabi/lib/thumb2/libc.a(lib_a-mallocr.o)
 .debug_frame   0x00001434       0x2c /usr/local/lpcxpresso_4.2.3_255/lpcxpresso/tools/bin/../lib/gcc/arm-none-eabi/4.5.1/../../../../arm-none-eabi/lib/thumb2/libc.a(lib_a-memchr.o)
 .debug_frame   0x00001460       0x2c /usr/local/lpcxpresso_4.2.3_255/lpcxpresso/tools/bin/../lib/gcc/arm-none-eabi/4.5.1/../../../../arm-none-eabi/lib/thumb2/libc.a(lib_a-memset.o)
 .debug_frame   0x0000148c       0x30 /usr/local/lpcxpresso_4.2.3_255/lpcxpresso/tools/bin/../lib/gcc/arm-none-eabi/4.5.1/../../../../arm-none-eabi/lib/thumb2/libc.a(lib_a-mlock.o)
 .debug_frame   0x000014bc      0x244 /usr/local/lpcxpresso_4.2.3_255/lpcxpresso/tools/bin/../lib/gcc/arm-none-eabi/4.5.1/../../../../arm-none-eabi/lib/thumb2/libc.a(lib_a-mprec.o)
 .debug_frame   0x00001700       0x28 /usr/local/lpcxpresso_4.2.3_255/lpcxpresso/tools/bin/../lib/gcc/arm-none-eabi/4.5.1/../../../../arm-none-eabi/lib/thumb2/libc.a(lib_a-s_fpclassify.o)
 .debug_frame   0x00001728       0x2c /usr/local/lpcxpresso_4.2.3_255/lpcxpresso/tools/bin/../lib/gcc/arm-none-eabi/4.5.1/../../../../arm-none-eabi/lib/thumb2/libc.a(lib_a-sbrkr.o)
 .debug_frame   0x00001754       0x80 /usr/local/lpcxpresso_4.2.3_255/lpcxpresso/tools/bin/../lib/gcc/arm-none-eabi/4.5.1/../../../../arm-none-eabi/lib/thumb2/libc.a(lib_a-stdio.o)
 .debug_frame   0x000017d4       0x30 /usr/local/lpcxpresso_4.2.3_255/lpcxpresso/tools/bin/../lib/gcc/arm-none-eabi/4.5.1/../../../../arm-none-eabi/lib/thumb2/libc.a(lib_a-strcmp.o)
 .debug_frame   0x00001804       0x20 /usr/local/lpcxpresso_4.2.3_255/lpcxpresso/tools/bin/../lib/gcc/arm-none-eabi/4.5.1/../../../../arm-none-eabi/lib/thumb2/libc.a(lib_a-strlen.o)
 .debug_frame   0x00001824       0x7c /usr/local/lpcxpresso_4.2.3_255/lpcxpresso/tools/bin/../lib/gcc/arm-none-eabi/4.5.1/../../../../arm-none-eabi/lib/thumb2/libc.a(lib_a-vfiprintf.o)
 .debug_frame   0x000018a0       0x2c /usr/local/lpcxpresso_4.2.3_255/lpcxpresso/tools/bin/../lib/gcc/arm-none-eabi/4.5.1/../../../../arm-none-eabi/lib/thumb2/libc.a(lib_a-writer.o)
 .debug_frame   0x000018cc       0x2c /usr/local/lpcxpresso_4.2.3_255/lpcxpresso/tools/bin/../lib/gcc/arm-none-eabi/4.5.1/../../../../arm-none-eabi/lib/thumb2/libc.a(lib_a-callocr.o)
 .debug_frame   0x000018f8       0x2c /usr/local/lpcxpresso_4.2.3_255/lpcxpresso/tools/bin/../lib/gcc/arm-none-eabi/4.5.1/../../../../arm-none-eabi/lib/thumb2/libc.a(lib_a-closer.o)
 .debug_frame   0x00001924       0x3c /usr/local/lpcxpresso_4.2.3_255/lpcxpresso/tools/bin/../lib/gcc/arm-none-eabi/4.5.1/../../../../arm-none-eabi/lib/thumb2/libc.a(lib_a-fclose.o)
 .debug_frame   0x00001960       0x54 /usr/local/lpcxpresso_4.2.3_255/lpcxpresso/tools/bin/../lib/gcc/arm-none-eabi/4.5.1/../../../../arm-none-eabi/lib/thumb2/libc.a(lib_a-fputwc.o)
 .debug_frame   0x000019b4       0x2c /usr/local/lpcxpresso_4.2.3_255/lpcxpresso/tools/bin/../lib/gcc/arm-none-eabi/4.5.1/../../../../arm-none-eabi/lib/thumb2/libc.a(lib_a-fstatr.o)
 .debug_frame   0x000019e0       0x3c /usr/local/lpcxpresso_4.2.3_255/lpcxpresso/tools/bin/../lib/gcc/arm-none-eabi/4.5.1/../../../../arm-none-eabi/lib/thumb2/libc.a(lib_a-fvwrite.o)
 .debug_frame   0x00001a1c       0x2c /usr/local/lpcxpresso_4.2.3_255/lpcxpresso/tools/bin/../lib/gcc/arm-none-eabi/4.5.1/../../../../arm-none-eabi/lib/thumb2/libc.a(lib_a-isattyr.o)
 .debug_frame   0x00001a48       0x2c /usr/local/lpcxpresso_4.2.3_255/lpcxpresso/tools/bin/../lib/gcc/arm-none-eabi/4.5.1/../../../../arm-none-eabi/lib/thumb2/libc.a(lib_a-lseekr.o)
 .debug_frame   0x00001a74       0x2c /usr/local/lpcxpresso_4.2.3_255/lpcxpresso/tools/bin/../lib/gcc/arm-none-eabi/4.5.1/../../../../arm-none-eabi/lib/thumb2/libc.a(lib_a-memmove.o)
 .debug_frame   0x00001aa0       0x2c /usr/local/lpcxpresso_4.2.3_255/lpcxpresso/tools/bin/../lib/gcc/arm-none-eabi/4.5.1/../../../../arm-none-eabi/lib/thumb2/libc.a(lib_a-readr.o)
 .debug_frame   0x00001acc       0x3c /usr/local/lpcxpresso_4.2.3_255/lpcxpresso/tools/bin/../lib/gcc/arm-none-eabi/4.5.1/../../../../arm-none-eabi/lib/thumb2/libc.a(lib_a-reallocr.o)
 .debug_frame   0x00001b08       0x64 /usr/local/lpcxpresso_4.2.3_255/lpcxpresso/tools/bin/../lib/gcc/arm-none-eabi/4.5.1/../../../../arm-none-eabi/lib/thumb2/libc.a(lib_a-reent.o)
 .debug_frame   0x00001b6c       0x3c /usr/local/lpcxpresso_4.2.3_255/lpcxpresso/tools/bin/../lib/gcc/arm-none-eabi/4.5.1/../../../../arm-none-eabi/lib/thumb2/libc.a(lib_a-wbuf.o)
 .debug_frame   0x00001ba8       0x5c /usr/local/lpcxpresso_4.2.3_255/lpcxpresso/tools/bin/../lib/gcc/arm-none-eabi/4.5.1/../../../../arm-none-eabi/lib/thumb2/libc.a(lib_a-wcrtomb.o)
 .debug_frame   0x00001c04       0x44 /usr/local/lpcxpresso_4.2.3_255/lpcxpresso/tools/bin/../lib/gcc/arm-none-eabi/4.5.1/../../../../arm-none-eabi/lib/thumb2/libc.a(lib_a-wctomb_r.o)
 .debug_frame   0x00001c48       0x34 /usr/local/lpcxpresso_4.2.3_255/lpcxpresso/tools/bin/../lib/gcc/arm-none-eabi/4.5.1/../../../../arm-none-eabi/lib/thumb2/libm.a(lib_a-w_exp.o)
 .debug_frame   0x00001c7c       0x3c /usr/local/lpcxpresso_4.2.3_255/lpcxpresso/tools/bin/../lib/gcc/arm-none-eabi/4.5.1/../../../../arm-none-eabi/lib/thumb2/libm.a(lib_a-w_pow.o)
 .debug_frame   0x00001cb8       0x38 /usr/local/lpcxpresso_4.2.3_255/lpcxpresso/tools/bin/../lib/gcc/arm-none-eabi/4.5.1/../../../../arm-none-eabi/lib/thumb2/libm.a(lib_a-w_sqrt.o)
 .debug_frame   0x00001cf0       0x30 /usr/local/lpcxpresso_4.2.3_255/lpcxpresso/tools/bin/../lib/gcc/arm-none-eabi/4.5.1/../../../../arm-none-eabi/lib/thumb2/libm.a(lib_a-wf_sqrt.o)
 .debug_frame   0x00001d20       0x3c /usr/local/lpcxpresso_4.2.3_255/lpcxpresso/tools/bin/../lib/gcc/arm-none-eabi/4.5.1/../../../../arm-none-eabi/lib/thumb2/libm.a(lib_a-e_exp.o)
 .debug_frame   0x00001d5c       0x3c /usr/local/lpcxpresso_4.2.3_255/lpcxpresso/tools/bin/../lib/gcc/arm-none-eabi/4.5.1/../../../../arm-none-eabi/lib/thumb2/libm.a(lib_a-e_pow.o)
 .debug_frame   0x00001d98       0x34 /usr/local/lpcxpresso_4.2.3_255/lpcxpresso/tools/bin/../lib/gcc/arm-none-eabi/4.5.1/../../../../arm-none-eabi/lib/thumb2/libm.a(lib_a-e_sqrt.o)
 .debug_frame   0x00001dcc       0x2c /usr/local/lpcxpresso_4.2.3_255/lpcxpresso/tools/bin/../lib/gcc/arm-none-eabi/4.5.1/../../../../arm-none-eabi/lib/thumb2/libm.a(lib_a-ef_sqrt.o)
 .debug_frame   0x00001df8       0x20 /usr/local/lpcxpresso_4.2.3_255/lpcxpresso/tools/bin/../lib/gcc/arm-none-eabi/4.5.1/../../../../arm-none-eabi/lib/thumb2/libm.a(lib_a-s_fabs.o)
 .debug_frame   0x00001e18       0x20 /usr/local/lpcxpresso_4.2.3_255/lpcxpresso/tools/bin/../lib/gcc/arm-none-eabi/4.5.1/../../../../arm-none-eabi/lib/thumb2/libm.a(lib_a-s_finite.o)
 .debug_frame   0x00001e38       0x20 /usr/local/lpcxpresso_4.2.3_255/lpcxpresso/tools/bin/../lib/gcc/arm-none-eabi/4.5.1/../../../../arm-none-eabi/lib/thumb2/libm.a(lib_a-s_matherr.o)
 .debug_frame   0x00001e58       0x20 /usr/local/lpcxpresso_4.2.3_255/lpcxpresso/tools/bin/../lib/gcc/arm-none-eabi/4.5.1/../../../../arm-none-eabi/lib/thumb2/libm.a(lib_a-s_nan.o)
 .debug_frame   0x00001e78       0x34 /usr/local/lpcxpresso_4.2.3_255/lpcxpresso/tools/bin/../lib/gcc/arm-none-eabi/4.5.1/../../../../arm-none-eabi/lib/thumb2/libm.a(lib_a-s_rint.o)
 .debug_frame   0x00001eac       0x30 /usr/local/lpcxpresso_4.2.3_255/lpcxpresso/tools/bin/../lib/gcc/arm-none-eabi/4.5.1/../../../../arm-none-eabi/lib/thumb2/libm.a(lib_a-s_scalbn.o)
 .debug_frame   0x00001edc       0x20 /usr/local/lpcxpresso_4.2.3_255/lpcxpresso/tools/bin/../lib/gcc/arm-none-eabi/4.5.1/../../../../arm-none-eabi/lib/thumb2/libm.a(lib_a-sf_fpclassify.o)
 .debug_frame   0x00001efc       0x28 /usr/local/lpcxpresso_4.2.3_255/lpcxpresso/tools/bin/../lib/gcc/arm-none-eabi/4.5.1/../../../../arm-none-eabi/lib/thumb2/libm.a(lib_a-s_copysign.o)
 .debug_frame   0x00001f24       0x2c /usr/local/lpcxpresso_4.2.3_255/lpcxpresso/tools/bin/../lib/gcc/arm-none-eabi/4.5.1/../../../../arm-none-eabi/lib/thumb2/libcr_newlib_semihost.a(_cr_sbrk.o)
 .debug_frame   0x00001f50      0x2e8 /usr/local/lpcxpresso_4.2.3_255/lpcxpresso/tools/bin/../lib/gcc/arm-none-eabi/4.5.1/../../../../arm-none-eabi/lib/thumb2/libcr_newlib_semihost.a(syscalls.o)
 .debug_frame   0x00002238       0x20 /usr/local/lpcxpresso_4.2.3_255/lpcxpresso/tools/bin/../lib/gcc/arm-none-eabi/4.5.1/../../../../arm-none-eabi/lib/thumb2/libcr_newlib_semihost.a(_cr_check_heap.o)
 .debug_frame   0x00002258       0x20 /usr/local/lpcxpresso_4.2.3_255/lpcxpresso/tools/bin/../lib/gcc/arm-none-eabi/4.5.1/../../../../arm-none-eabi/lib/thumb2/libc.a(lib_a-errno.o)
